07-06 21:28:07.311  6278  6278 W NotificationCenter: NotificationCenter$NotificationQueue.notifyPendingNotificationsOnExecutor():877 Heavy notify work detected on UI thread: [nfl->nvd, nfl->htn, nfl->nvd, nfl->iwh, nfl->htn, nfl->nvd] takes 46ms
07-06 21:28:07.311  6278  6278 I PkDeviceHelper: PkDeviceHelper.refreshDevices():87 refreshing devices
07-06 21:28:07.311  6278  6278 I PkDeviceHelper: PkDeviceHelper.addDevice():125 device qwerty2 added
07-06 21:28:07.318   637   657 W Looper  : Drained
07-06 21:28:07.338  1081  1431 V WindowManagerShell: onTransitionReady(transaction=2735894183829)
07-06 21:28:07.338  1081  1209 V WindowManagerShell: onTransitionReady (#232) android.os.BinderProxy@6a924c6: {id=232 t=OPEN f=0x0 trk=0 r=[0@Point(0, 0)] c=[
07-06 21:28:07.338  1081  1209 V WindowManagerShell:         {m=OPEN f=MOVE_TO_TOP|FLAG_CHANGED_INTERACTIVE leash=Surface(name=Task=91#2307)/@0x2ad565a sb=Rect(0, 0 - 1080, 2424) eb=Rect(0, 0 - 1080, 2424) epz=Point(1080, 2424) d=0 taskParent=-1 winMode=1 userId=0},
07-06 21:28:07.338  1081  1209 V WindowManagerShell:         {m=TO_BACK f=FLAG_CHANGED_INTERACTIVE leash=Surface(name=Task=15#505)/@0x7b9608b sb=Rect(0, 0 - 1080, 2424) eb=Rect(0, 0 - 1080, 2424) epz=Point(1080, 2424) d=0 taskParent=-1 winMode=1 userId=0}
07-06 21:28:07.338  1081  1209 V WindowManagerShell:     ]}
07-06 21:28:07.343  1081  1209 V WindowManagerShell: Playing animation for (#232) android.os.BinderProxy@6a924c6@0
07-06 21:28:07.343  1081  1209 D ShellSplitScreen: startAnimation: transition=232 isSplitActive=false
07-06 21:28:07.343  1081  1209 V ShellRecents: RecentsTransitionHandler.startAnimation: no controller found
07-06 21:28:07.344  1081  1209 V ShellDesktopMode: DesktopMixedTransitionHandler: No pending desktop transition
07-06 21:28:07.344  1081  1209 V WindowManagerShell: Transition doesn't have explicit remote, search filters for match for {id=232 t=OPEN f=0x0 trk=0 r=[0@Point(0, 0)] c=[{m=OPEN f=MOVE_TO_TOP|FLAG_CHANGED_INTERACTIVE leash=Surface(name=Task=91#2307)/@0x2ad565a sb=Rect(0, 0 - 1080, 2424) eb=Rect(0, 0 - 1080, 2424) epz=Point(1080, 2424) d=0 taskParent=-1 winMode=1 userId=0},{m=TO_BACK f=FLAG_CHANGED_INTERACTIVE leash=Surface(name=Task=15#505)/@0x7b9608b sb=Rect(0, 0 - 1080, 2424) eb=Rect(0, 0 - 1080, 2424) epz=Point(1080, 2424) d=0 taskParent=-1 winMode=1 userId=0}]}
07-06 21:28:07.344  1081  1209 V WindowManagerShell:  Checking filter Pair{{types=[] flags=0x0 notFlags=0x0 checks=[{atype=undefined independent=true modes=[CLOSE,TO_BACK] flags=IN_TASK_WITH_EMBEDDED_ACTIVITY mustBeTask=false order=ANY topActivity=null launchCookie=null taskFragmentToken=android.os.BinderProxy@4a2f7ab windowingMode=undefined isCrossDisplayMove=false}]} RemoteTransition { remoteTransition = android.window.IRemoteTransition$Stub$Proxy@a1bbe08, appThread = android.app.IApplicationThread$Stub$Proxy@3e689a1, debugName = overlayBackTransition, filter = {types=[] flags=0x0 notFlags=0x0 checks=[{atype=undefined independent=true modes=[CLOSE,TO_BACK] flags=IN_TASK_WITH_EMBEDDED_ACTIVITY mustBeTask=false order=ANY topActivity=null launchCookie=null taskFragmentToken=android.os.BinderProxy@4a2f7ab windowingMode=undefined isCrossDisplayMove=false}]} }}
07-06 21:28:07.345  1081  1209 V WindowManagerShell:  Checking filter Pair{{types=[] flags=0x0 notFlags=0x0 checks=[{atype=dream independent=true modes=[OPEN,TO_FRONT] flags=NONE mustBeTask=false order=ANY topActivity=null launchCookie=null windowingMode=undefined isCrossDisplayMove=false},{atype=home independent=true modes=[CLOSE,TO_BACK] flags=NONE mustBeTask=false order=ANY topActivity=null launchCookie=null windowingMode=undefined isCrossDisplayMove=false}]} RemoteTransition { remoteTransition = android.window.IRemoteTransition$Stub$Proxy@a9dd7c6, appThread = android.app.IApplicationThread$Stub$Proxy@6176387, debugName = LauncherToDream, filter = {types=[] flags=0x0 notFlags=0x0 checks=[{atype=dream independent=true modes=[OPEN,TO_FRONT] flags=NONE mustBeTask=false order=ANY topActivity=null launchCookie=null windowingMode=undefined isCrossDisplayMove=false},{atype=home independent=true modes=[CLOSE,TO_BACK] flags=NONE mustBeTask=false order=ANY topActivity=null launchCookie=null windowingMode=undefined isCrossDisplayMove=false}]} }}
07-06 21:28:07.345  1081  1209 V WindowManagerShell:  Checking filter Pair{{types=[] flags=0x0 notFlags=0x0 checks=[{atype=standard independent=false modes=[CHANGE] flags=NONE mustBeTask=true order=ANY topActivity=null launchCookie=null windowingMode=undefined isCrossDisplayMove=true}]} RemoteTransition { remoteTransition = android.window.IRemoteTransition$Stub$Proxy@9b2b2b4, appThread = android.app.IApplicationThread$Stub$Proxy@ec11edd, debugName = QuickstepDisplayMove, filter = {types=[] flags=0x0 notFlags=0x0 checks=[{atype=standard independent=false modes=[CHANGE] flags=NONE mustBeTask=true order=ANY topActivity=null launchCookie=null windowingMode=undefined isCrossDisplayMove=true}]} }}
07-06 21:28:07.346  1081  1209 V WindowManagerShell:  Checking filter Pair{{types=[] flags=0x0 notFlags=0x100 checks=[{atype=home independent=true modes=[OPEN,TO_FRONT] flags=NONE mustBeTask=false order=ANY topActivity=ComponentInfo{com.google.android.apps.nexuslauncher/com.google.android.apps.nexuslauncher.NexusLauncherActivity} launchCookie=null windowingMode=undefined isCrossDisplayMove=false},{atype=standard independent=true modes=[CLOSE,TO_BACK] flags=NONE mustBeTask=false order=ANY topActivity=null launchCookie=null windowingMode=undefined isCrossDisplayMove=false},{NOT atype=undefined independent=true modes=[] flags=NONE mustBeTask=true order=ANY topActivity=null launchCookie=null customAnim=true windowingMode=undefined isCrossDisplayMove=false}]} RemoteTransition { remoteTransition = android.window.IRemoteTransition$Stub$Proxy@b8faa52, appThread = android.app.IApplicationThread$Stub$Proxy@f7cb123, debugName = QuickstepLaunchHome, filter = {types=[] flags=0x0 notFlags=0x100 checks=[{atype=home independent=true modes=[OPEN,TO_FRONT] flags=NONE mustBeTask=false order=ANY topActivity=ComponentInfo{com.google.android.apps.nexuslauncher/com.google.android.apps.nexuslauncher.NexusLauncherActivity} launchCookie=null windowingMode=undefined isCrossDisplayMove=false},{atype=standard independent=true modes=[CLOSE,TO_BACK] flags=NONE mustBeTask=false order=ANY topActivity=null launchCookie=null windowingMode=undefined isCrossDisplayMove=false},{NOT atype=undefined independent=true modes=[] flags=NONE mustBeTask=true order=ANY topActivity=null launchCookie=null customAnim=true windowingMode=undefined isCrossDisplayMove=false}]} }}
07-06 21:28:07.346  1081  1209 V WindowManagerShell:  Checking filter Pair{{types=[OPEN,TO_FRONT] flags=0x0 notFlags=0x0 checks=[{atype=standard independent=true modes=[OPEN,TO_FRONT] flags=NONE mustBeTask=true order=ANY topActivity=null launchCookie=null windowingMode=freeform isCrossDisplayMove=false}]} RemoteTransition { remoteTransition = android.window.IRemoteTransition$Stub$Proxy@ef28abc, appThread = null, debugName = DesktopWindowLimitUnminimize, filter = {types=[OPEN,TO_FRONT] flags=0x0 notFlags=0x0 checks=[{atype=standard independent=true modes=[OPEN,TO_FRONT] flags=NONE mustBeTask=true order=ANY topActivity=null launchCookie=null windowingMode=freeform isCrossDisplayMove=false}]} }}
07-06 21:28:07.346  1081  1209 V WindowManagerShell:  Delegate animation for (#232) to null
07-06 21:28:07.346  1081  1209 V WindowManagerShell: start default transition animation, info = {id=232 t=OPEN f=0x0 trk=0 r=[0@Point(0, 0)] c=[{m=OPEN f=MOVE_TO_TOP|FLAG_CHANGED_INTERACTIVE leash=Surface(name=Task=91#2307)/@0x2ad565a sb=Rect(0, 0 - 1080, 2424) eb=Rect(0, 0 - 1080, 2424) epz=Point(1080, 2424) d=0 taskParent=-1 winMode=1 userId=0},{m=TO_BACK f=FLAG_CHANGED_INTERACTIVE leash=Surface(name=Task=15#505)/@0x7b9608b sb=Rect(0, 0 - 1080, 2424) eb=Rect(0, 0 - 1080, 2424) epz=Point(1080, 2424) d=0 taskParent=-1 winMode=1 userId=0}]}
07-06 21:28:07.347  1081  1209 V WindowManagerShell: loadAnimation: anim=android.view.animation.AnimationSet@ee4d81 animAttr=0x9 type=OPEN isEntrance=false
07-06 21:28:07.369   491   576 W skia    : AGTM parsing failed flags.readFromStream(s) at 159
07-06 21:28:07.370   491   576 W skia    : AGTM parsing failed flags.readFromStream(s) at 159
07-06 21:28:07.391   637   656 V WindowManager: Sent Transition (#232) createdAt=07-06 21:28:06.444 via request=TransitionRequestInfo { type = OPEN, triggerTask = TaskInfo{userId=0 taskId=91 effectiveUid=10235 displayId=0 isRunning=true baseIntent=Intent { act=android.intent.action.MAIN cat=[android.intent.category.LAUNCHER] flg=0x10200000 cmp=tech.pathfinder.unveil/.MainActivity } baseActivity=ComponentInfo{tech.pathfinder.unveil/tech.pathfinder.unveil.MainActivity} topActivity=ComponentInfo{tech.pathfinder.unveil/tech.pathfinder.unveil.MainActivity} origActivity=null realActivity=ComponentInfo{tech.pathfinder.unveil/tech.pathfinder.unveil.MainActivity} realActivityIsAppLockEnabled=false numActivities=1 lastActiveTime=438576781 supportsMultiWindow=true supportsMultiWindowWithoutConstraints=true resizeMode=1 isResizeable=true minWidth=-1 minHeight=-1 defaultMinSize=220 token=WCT{RemoteToken{ad73a44 Task{c0dbd02 #91 type=standard A=10235:tech.pathfinder.unveil}}} topActivityType=1 pictureInPictureParams=null shouldDockBigOverlays=false launchIntoPipHostTaskId=-1 lastParentTaskIdBeforePip=-1 displayCutoutSafeInsets=Rect(0, 142 - 0, 0) topActivityInfo=ActivityInfo{5fcb72d tech.pathfinder.unveil.MainActivity} launchCookies=[] positionInParent=Point(0, 0) parentTaskId=-1 isFocused=false isInteractive=false isVisible=false isVisibleRequested=false isTopActivityNoDisplay=false isSleeping=false locusId=null displayAreaFeatureId=1 isTopActivityTransparent=false isActivityStackTransparent=false lastNonFullscreenBounds=null leafTaskBoundsFromOptions= false capturedLink=null capturedLinkTimestamp=0 requestedVisibleTypes=503 topActivityRequestOpenInBrowserEducationTimestamp=0 appCompatTaskInfo=AppCompatTaskInfo { topActivityInSizeCompat=false isLeafTask= true eligibleForLetterboxEducation= false isLetterboxEducationEnabled= true isLetterboxDoubleTapEnabled= false eligibleForUserAspectRatioButton= false topActivityBoundsLetterboxed= false isFromLetterboxDoubleTap= false topActivityLetterboxVerticalPosition= -1 topActivityLetterboxHorizontalPosition= -1 topActivityLetterboxWidth=-1 topActivityLetterboxHeight=-1 topActivityAppBounds=Rect(0, 0 - 1080, 2424) isUserFullscreenOverrideEnabled=false isSystemFullscreenOverrideEnabled=false hasMinAspectRatioOverride=false topActivityLetterboxBounds=null topNonResizableActivityAspectRatio=-1.0} topActivityMainWindowFrame=null isAppBubble=false}, pipChange = null, remoteTransitionInfo = null, displayChanges = null, requestedLocation = null, userChange = null, windowingLayerChange = null, fullscreenRequestChange = null, flags = 0, debugId = 232 }
07-06 21:28:07.391   637   656 V WindowManager:     startWCT=WindowContainerTransaction { changes= {} hops= [] flags= 0 errorCallbackToken=null taskFragmentOrganizer=null }
07-06 21:28:07.391   637   656 V WindowManager:     info={id=232 t=OPEN f=0x0 trk=0 r=[0@Point(0, 0)] c=[
07-06 21:28:07.391   637   656 V WindowManager:         {WCT{RemoteToken{ad73a44 Task{c0dbd02 #91 type=standard A=10235:tech.pathfinder.unveil}}} m=OPEN f=MOVE_TO_TOP|FLAG_CHANGED_INTERACTIVE leash=Surface(name=Task=91#2307)/@0xe923cf1 sb=Rect(0, 0 - 1080, 2424) eb=Rect(0, 0 - 1080, 2424) epz=Point(1080, 2424) d=0 taskParent=-1 winMode=1 userId=0},
07-06 21:28:07.391   637   656 V WindowManager:         {WCT{RemoteToken{a185b61 Task{544c6b9 #15 type=standard A=10165:com.android.chrome}}} m=TO_BACK f=FLAG_CHANGED_INTERACTIVE leash=Surface(name=Task=15#505)/@0x1ad70dc sb=Rect(0, 0 - 1080, 2424) eb=Rect(0, 0 - 1080, 2424) epz=Point(1080, 2424) d=0 taskParent=-1 winMode=1 userId=0}
07-06 21:28:07.391   637   656 V WindowManager:     ]}
07-06 21:28:07.393 17843 17843 I Zygote  : Process 17843 created for tech.pathfinder.unveil
07-06 21:28:07.393 17843 17843 I thfinder.unveil: Using generational CollectorTypeCMC GC.
07-06 21:28:07.428   491   576 W skia    : AGTM parsing failed flags.readFromStream(s) at 159
07-06 21:28:07.429   491   576 W skia    : AGTM parsing failed flags.readFromStream(s) at 159
07-06 21:28:07.439  1081  1209 V WindowManagerShell: loadAnimation: anim=android.view.animation.AnimationSet@41b5603 animAttr=0x8 type=OPEN isEntrance=true
07-06 21:28:07.447  1081  1209 V WindowManagerShell:  animated by com.android.wm.shell.transition.DefaultTransitionHandler@107fa3e
07-06 21:28:07.448  1081  1209 V ShellTaskOrganizer: Task appeared taskId=91 listener=FullscreenTaskListener
07-06 21:28:07.448  1081  1209 V ShellTaskOrganizer: Fullscreen Task Appeared: #91
07-06 21:28:07.449  1081  1209 D ShellPackageUpdate: PackageUpdateController: Setting handlePackageUpdate for task: 91
07-06 21:28:07.450   637   659 V WindowManager: deferTransitionReady deferReadyDepth=1 stack=com.android.server.wm.WindowOrganizerController.applyTransaction:717 com.android.server.wm.WindowOrganizerController.applyTransaction:641 com.android.server.wm.WindowOrganizerController.lambda$startTransition$3:388 com.android.server.wm.WindowOrganizerController.$r8$lambda$PHnU0rj5Bcvaq0dL-Wi7kOJt8bo:0 com.android.server.wm.WindowOrganizerController$$ExternalSyntheticLambda5.onCollectStarted:0 
07-06 21:28:07.450   637   659 V WindowManager: continueTransitionReady deferReadyDepth=0 stack=com.android.server.wm.WindowOrganizerController.applyTransaction:864 com.android.server.wm.WindowOrganizerController.applyTransaction:641 com.android.server.wm.WindowOrganizerController.lambda$startTransition$3:388 com.android.server.wm.WindowOrganizerController.$r8$lambda$PHnU0rj5Bcvaq0dL-Wi7kOJt8bo:0 com.android.server.wm.WindowOrganizerController$$ExternalSyntheticLambda5.onCollectStarted:0 
07-06 21:28:07.451   637  2011 V WindowManager: deferTransitionReady deferReadyDepth=1 stack=com.android.server.wm.WindowOrganizerController.applyTransaction:717 com.android.server.wm.WindowOrganizerController.applyTransaction:256 android.window.IWindowOrganizerController$Stub.onTransact:219 com.android.server.wm.WindowOrganizerController.onTransact:239 android.os.Binder.execTransactInternal:1364 
07-06 21:28:07.452   637  2011 E TransitionChain: Mismatch between current collecting (TransitionRecord{b9c61ac id=233 type=CHANGE flags=0x0 parallelCollectType=NONE recentsDisplayId=-1 c=[
07-06 21:28:07.452   637  2011 E TransitionChain:    ChangeInfo{32e49f3 container=DefaultTaskDisplayArea@82498956 flags=0x0}
07-06 21:28:07.452   637  2011 E TransitionChain:    ChangeInfo{a2fb6b0 container=AppZoomOut:2:14@113959776 flags=0x0}
07-06 21:28:07.452   637  2011 E TransitionChain:    ChangeInfo{c1a9929 container=WindowedMagnification:0:31@115826012 flags=0x0}
07-06 21:28:07.452   637  2011 E TransitionChain:    ChangeInfo{b3e4ae container=Display{#0 state=ON size=1080x2424 ROTATION_0} flags=0x0}
07-06 21:28:07.452   637  2011 E TransitionChain: ]
07-06 21:28:07.452   637  2011 E TransitionChain: }) and chain (TransitionRecord{b9c61ac id=233 type=CHANGE flags=0x0 parallelCollectType=NONE recentsDisplayId=-1 c=[
07-06 21:28:07.452   637  2011 E TransitionChain:    ChangeInfo{32e49f3 container=DefaultTaskDisplayArea@82498956 flags=0x0}
07-06 21:28:07.452   637  2011 E TransitionChain:    ChangeInfo{a2fb6b0 container=AppZoomOut:2:14@113959776 flags=0x0}
07-06 21:28:07.452   637  2011 E TransitionChain:    ChangeInfo{c1a9929 container=WindowedMagnification:0:31@115826012 flags=0x0}
07-06 21:28:07.452   637  2011 E TransitionChain:    ChangeInfo{b3e4ae container=Display{#0 state=ON size=1080x2424 ROTATION_0} flags=0x0}
07-06 21:28:07.452   637  2011 E TransitionChain: ]
07-06 21:28:07.452   637  2011 E TransitionChain: })
07-06 21:28:07.452   637  2011 V WindowManager: continueTransitionReady deferReadyDepth=0 stack=com.android.server.wm.WindowOrganizerController.applyTransaction:864 com.android.server.wm.WindowOrganizerController.applyTransaction:256 android.window.IWindowOrganizerController$Stub.onTransact:219 com.android.server.wm.WindowOrganizerController.onTransact:239 android.os.Binder.execTransactInternal:1364 
07-06 21:28:07.453 17843 17843 D nativeloader: Load libframework-connectivity-tiramisu-jni.so using APEX ns com_android_tethering for caller /apex/com.android.tethering/javalib/framework-connectivity-t.jar: ok
07-06 21:28:07.455   637   656 V WindowManager: Sent Transition (#233) createdAt=07-06 21:28:07.169
07-06 21:28:07.455   637   656 V WindowManager:     startWCT=WindowContainerTransaction { changes= {RemoteToken{e3e5a11 DefaultTaskDisplayArea@82498956}={isTaskMoveAllowed:false,}} hops= [] flags= 0 errorCallbackToken=null taskFragmentOrganizer=null }
07-06 21:28:07.455   637   656 V WindowManager:     info={id=233 t=CHANGE f=0x0 trk=0 r=[] c=[]}
07-06 21:28:07.457  1081  2097 V WindowManagerShell: onTransitionReady(transaction=2735894183842)
07-06 21:28:07.458  1081  1209 V RecentTasksController: Notify recent tasks changed
07-06 21:28:07.490   453   453 I RanchuHwc: logCompositionFallbackIfChanged: layer 417 CompositionType fallback from 3 to 1
07-06 21:28:07.492   491   576 W skia    : AGTM parsing failed flags.readFromStream(s) at 159
07-06 21:28:07.492   491   576 W skia    : AGTM parsing failed flags.readFromStream(s) at 159
07-06 21:28:07.492   491   576 W skia    : AGTM parsing failed flags.readFromStream(s) at 159
07-06 21:28:07.493   491   576 W skia    : AGTM parsing failed flags.readFromStream(s) at 159
07-06 21:28:07.493   491   576 W skia    : AGTM parsing failed flags.readFromStream(s) at 159
07-06 21:28:07.493   491   576 W skia    : AGTM parsing failed flags.readFromStream(s) at 159
07-06 21:28:07.538  1385  1385 D RecentTasksList: invalidateLoadedTasks - previous requestLoadId: -1
07-06 21:28:07.539  1081  1209 V RecentTasksController: Notify recent tasks changed
07-06 21:28:07.539  1385  1385 D RecentTasksList: invalidateLoadedTasks - previous requestLoadId: -1
07-06 21:28:07.566  3040  3639 W AiAiEcho: LyftNotificationParser Ridesharing ETA not enabled
07-06 21:28:07.566  3040  3639 I AiAiEcho: SmartspaceNotificationPredictor no parser can handle this notification or notification is invalid
07-06 21:28:07.570   491   576 W skia    : AGTM parsing failed flags.readFromStream(s) at 159
07-06 21:28:07.570   491   576 W skia    : AGTM parsing failed flags.readFromStream(s) at 159
07-06 21:28:07.570   491   576 W skia    : AGTM parsing failed flags.readFromStream(s) at 159
07-06 21:28:07.570   491   576 W skia    : AGTM parsing failed flags.readFromStream(s) at 159
07-06 21:28:07.570   491   576 W skia    : AGTM parsing failed flags.readFromStream(s) at 159
07-06 21:28:07.571   491   576 W skia    : AGTM parsing failed flags.readFromStream(s) at 159
07-06 21:28:07.571   491   576 W skia    : AGTM parsing failed flags.readFromStream(s) at 159
07-06 21:28:07.602  1081  1209 V RecentTasksController: generateList(getRecentTasks)
07-06 21:28:07.603  1081  1209 V RecentTasksController: initializeDesksMap - allDeskIds: []
07-06 21:28:07.603  1081  1209 V RecentTasksController: Task 91 is not an active desktop task
07-06 21:28:07.603  1081  1209 V RecentTasksController: Added fullscreen task: 91
07-06 21:28:07.603  1081  1209 V RecentTasksController: Task 15 is not an active desktop task
07-06 21:28:07.603  1081  1209 V RecentTasksController: Added fullscreen task: 15
07-06 21:28:07.603  1081  1209 V RecentTasksController: Task 16 is not an active desktop task
07-06 21:28:07.603  1081  1209 V RecentTasksController: Added fullscreen task: 16
07-06 21:28:07.603  1081  1209 V RecentTasksController: generateList - complete
07-06 21:28:07.604  1081  1209 V WindowManagerShell: onTransitionReady (#233) android.os.BinderProxy@686c6f: {id=233 t=CHANGE f=0x0 trk=0 r=[] c=[]}
07-06 21:28:07.604  1081  1209 I ShellTransitions: Transition might be ready out-of-order 1 for (#233) android.os.BinderProxy@686c6f@0. This is ok if it's on a different track.
07-06 21:28:07.604  1081  1209 V WindowManagerShell: No transition roots in (#233) android.os.BinderProxy@686c6f@0 so abort
07-06 21:28:07.604  1081  1209 V WindowManagerShell: Transition was merged: (#233) android.os.BinderProxy@686c6f@0 into (#232) android.os.BinderProxy@6a924c6@0
07-06 21:28:07.618   637  1169 D CorePackageUpdate: Couldn't find a persistent state for task= 91
07-06 21:28:07.625  1385  1440 D PreloadThumbnailUseCase: Preloading thumbnails for task ids: [[id=16 windowingMode=1 user=0 lastActiveTime=5567218] null, [id=15 windowingMode=1 user=0 lastActiveTime=438576777] null, [id=91 windowingMode=1 user=0 lastActiveTime=438576781] null]
07-06 21:28:07.626   491   576 W skia    : AGTM parsing failed flags.readFromStream(s) at 159
07-06 21:28:07.626   491   576 W skia    : AGTM parsing failed flags.readFromStream(s) at 159
07-06 21:28:07.626   491   576 W skia    : AGTM parsing failed flags.readFromStream(s) at 159
07-06 21:28:07.626   491   576 W skia    : AGTM parsing failed flags.readFromStream(s) at 159
07-06 21:28:07.626   491   576 W skia    : AGTM parsing failed flags.readFromStream(s) at 159
07-06 21:28:07.626   491   576 W skia    : AGTM parsing failed flags.readFromStream(s) at 159
07-06 21:28:07.626   491   576 W skia    : AGTM parsing failed flags.readFromStream(s) at 159
07-06 21:28:07.629   491   619 I libbinder.BpBinder: onLastStrongRef automatically unlinking death recipients for binder (0xb4007c406405c030) with descriptor: '(not cached)'
07-06 21:28:07.655   491   576 W skia    : AGTM parsing failed flags.readFromStream(s) at 159
07-06 21:28:07.655   491   576 W skia    : AGTM parsing failed flags.readFromStream(s) at 159
07-06 21:28:07.655   491   576 W skia    : AGTM parsing failed flags.readFromStream(s) at 159
07-06 21:28:07.656   491   576 W skia    : AGTM parsing failed flags.readFromStream(s) at 159
07-06 21:28:07.656   491   576 W skia    : AGTM parsing failed flags.readFromStream(s) at 159
07-06 21:28:07.656   491   576 W skia    : AGTM parsing failed flags.readFromStream(s) at 159
07-06 21:28:07.656   491   576 W skia    : AGTM parsing failed flags.readFromStream(s) at 159
07-06 21:28:07.671   491   576 W skia    : AGTM parsing failed flags.readFromStream(s) at 159
07-06 21:28:07.698 17843 17843 D nativeloader: Configuring clns-9 for other apk /data/app/~~cASmdjusfoSAjp1t_m-7Bw==/tech.pathfinder.unveil-4zBvFOgLQO7nRQn5QwFnow==/base.apk. target_sdk_version=36, uses_libraries=, library_path=/data/app/~~cASmdjusfoSAjp1t_m-7Bw==/tech.pathfinder.unveil-4zBvFOgLQO7nRQn5QwFnow==/lib/arm64:/data/app/~~cASmdjusfoSAjp1t_m-7Bw==/tech.pathfinder.unveil-4zBvFOgLQO7nRQn5QwFnow==/base.apk!/lib/arm64-v8a, permitted_path=/data:/mnt/expand:/data/user/0/tech.pathfinder.unveil
07-06 21:28:07.698   491   576 W skia    : AGTM parsing failed flags.readFromStream(s) at 159
07-06 21:28:07.698   491   576 W skia    : AGTM parsing failed flags.readFromStream(s) at 159
07-06 21:28:07.698   491   576 W skia    : AGTM parsing failed flags.readFromStream(s) at 159
07-06 21:28:07.698   491   576 W skia    : AGTM parsing failed flags.readFromStream(s) at 159
07-06 21:28:07.698   491   576 W skia    : AGTM parsing failed flags.readFromStream(s) at 159
07-06 21:28:07.698   491   576 W skia    : AGTM parsing failed flags.readFromStream(s) at 159
07-06 21:28:07.698   491   576 W skia    : AGTM parsing failed flags.readFromStream(s) at 159
07-06 21:28:07.714   491   576 W skia    : AGTM parsing failed flags.readFromStream(s) at 159
07-06 21:28:07.714   491   576 W skia    : AGTM parsing failed flags.readFromStream(s) at 159
07-06 21:28:07.714   491   576 W skia    : AGTM parsing failed flags.readFromStream(s) at 159
07-06 21:28:07.716   491   576 W skia    : AGTM parsing failed flags.readFromStream(s) at 159
07-06 21:28:07.716   491   576 W skia    : AGTM parsing failed flags.readFromStream(s) at 159
07-06 21:28:07.716   491   576 W skia    : AGTM parsing failed flags.readFromStream(s) at 159
07-06 21:28:07.716   491   576 W skia    : AGTM parsing failed flags.readFromStream(s) at 159
07-06 21:28:07.739   491   576 W skia    : AGTM parsing failed flags.readFromStream(s) at 159
07-06 21:28:07.755   491   576 W skia    : AGTM parsing failed flags.readFromStream(s) at 159
07-06 21:28:07.755   491   576 W skia    : AGTM parsing failed flags.readFromStream(s) at 159
07-06 21:28:07.755   491   576 W skia    : AGTM parsing failed flags.readFromStream(s) at 159
07-06 21:28:07.755   491   576 W skia    : AGTM parsing failed flags.readFromStream(s) at 159
07-06 21:28:07.755   491   576 W skia    : AGTM parsing failed flags.readFromStream(s) at 159
07-06 21:28:07.755   491   576 W skia    : AGTM parsing failed flags.readFromStream(s) at 159
07-06 21:28:07.791   491   576 W skia    : AGTM parsing failed flags.readFromStream(s) at 159
07-06 21:28:07.792   491   576 W skia    : AGTM parsing failed flags.readFromStream(s) at 159
07-06 21:28:07.792   491   576 W skia    : AGTM parsing failed flags.readFromStream(s) at 159
07-06 21:28:07.792   491   576 W skia    : AGTM parsing failed flags.readFromStream(s) at 159
07-06 21:28:07.792   491   576 W skia    : AGTM parsing failed flags.readFromStream(s) at 159
07-06 21:28:07.809   491   576 W skia    : AGTM parsing failed flags.readFromStream(s) at 159
07-06 21:28:07.809   491   576 W skia    : AGTM parsing failed flags.readFromStream(s) at 159
07-06 21:28:07.809   491   576 W skia    : AGTM parsing failed flags.readFromStream(s) at 159
07-06 21:28:07.809   491   576 W skia    : AGTM parsing failed flags.readFromStream(s) at 159
07-06 21:28:07.809   491   576 W skia    : AGTM parsing failed flags.readFromStream(s) at 159
07-06 21:28:07.809 17843 17843 V GraphicsEnvironment: Currently set values for:
07-06 21:28:07.809 17843 17843 V GraphicsEnvironment:   angle_gl_driver_selection_pkgs=[]
07-06 21:28:07.809 17843 17843 V GraphicsEnvironment:   angle_gl_driver_selection_values=[]
07-06 21:28:07.809 17843 17843 V GraphicsEnvironment: tech.pathfinder.unveil is not listed in per-application setting
07-06 21:28:07.810 17843 17843 V GraphicsEnvironment: No special selections for ANGLE, returning default driver choice
07-06 21:28:07.836   491   576 W skia    : AGTM parsing failed flags.readFromStream(s) at 159
07-06 21:28:07.836   491   576 W skia    : AGTM parsing failed flags.readFromStream(s) at 159
07-06 21:28:07.836   491   576 W skia    : AGTM parsing failed flags.readFromStream(s) at 159
07-06 21:28:07.836   491   576 W skia    : AGTM parsing failed flags.readFromStream(s) at 159
07-06 21:28:07.836   491   576 W skia    : AGTM parsing failed flags.readFromStream(s) at 159
07-06 21:28:07.867   491   576 W skia    : AGTM parsing failed flags.readFromStream(s) at 159
07-06 21:28:07.868   491   576 W skia    : AGTM parsing failed flags.readFromStream(s) at 159
07-06 21:28:07.868   491   576 W skia    : AGTM parsing failed flags.readFromStream(s) at 159
07-06 21:28:07.868   491   576 W skia    : AGTM parsing failed flags.readFromStream(s) at 159
07-06 21:28:07.868   491   576 W skia    : AGTM parsing failed flags.readFromStream(s) at 159
07-06 21:28:07.872 17843 17843 V GraphicsEnvironment: Neither updatable production driver nor prerelease driver is supported.
07-06 21:28:07.918   491   576 W skia    : AGTM parsing failed flags.readFromStream(s) at 159
07-06 21:28:07.918   491   576 W skia    : AGTM parsing failed flags.readFromStream(s) at 159
07-06 21:28:07.918   491   576 W skia    : AGTM parsing failed flags.readFromStream(s) at 159
07-06 21:28:07.918   491   576 W skia    : AGTM parsing failed flags.readFromStream(s) at 159
07-06 21:28:07.918   491   576 W skia    : AGTM parsing failed flags.readFromStream(s) at 159
07-06 21:28:07.927 17843 17843 W FirebaseApp: Default FirebaseApp failed to initialize because no default options were found. This usually means that com.google.gms:google-services was not applied to your gradle project.
07-06 21:28:07.927 17843 17843 I FirebaseInitProvider: FirebaseApp initialization unsuccessful
07-06 21:28:07.954   491   576 W skia    : AGTM parsing failed flags.readFromStream(s) at 159
07-06 21:28:07.954   491   576 W skia    : AGTM parsing failed flags.readFromStream(s) at 159
07-06 21:28:07.954   491   576 W skia    : AGTM parsing failed flags.readFromStream(s) at 159
07-06 21:28:07.954   491   576 W skia    : AGTM parsing failed flags.readFromStream(s) at 159
07-06 21:28:07.954   491   576 W skia    : AGTM parsing failed flags.readFromStream(s) at 159
07-06 21:28:07.972  1081  1209 V WindowManagerShell: Transition animation finished (aborted=false), notifying core (#232) android.os.BinderProxy@6a924c6@0
07-06 21:28:07.975   637   656 V WindowManager: Finish Transition (#232): created at 07-06 21:28:06.444 collect-started=0.019ms request-sent=54.894ms started=143.522ms ready=837.1ms sent=874.575ms commit=135.354ms finished=1530.401ms
07-06 21:28:07.977   637   656 V WindowManager: Finish Transition (#233): created at 07-06 21:28:07.169 collect-started=223.814ms started=278.906ms ready=282.991ms sent=285.488ms finished=807.069ms
07-06 21:28:07.979  1081  1209 V WindowManagerShell: Track 0 became idle
07-06 21:28:07.980 17843 17857 I DisplayManager: Choreographer implicitly registered for the refresh rate.
07-06 21:28:07.983   491   576 W skia    : AGTM parsing failed flags.readFromStream(s) at 159
07-06 21:28:07.996  4559  4559 D VRI[ChromeTabbedActivity]: visibilityChanged oldVisibility=true newVisibility=false
07-06 21:28:08.036   637  1063 I Surface : Creating surface for consumer unnamed-637-90 with slotExpansion=1 for 64 slots
07-06 21:28:08.037   637  1063 I Surface : Creating surface for consumer ImageReader-864x1939f1m1-637-88 with slotExpansion=1 for 64 slots
07-06 21:28:08.037   637  1063 W ImageReader_JNI: Unable to acquire a buffer item, very likely client tried to acquire more than maxImages buffers
07-06 21:28:08.046  4559  4559 E cr_CompositorSurfaceMgr: surfaceDestroyed format : 4
07-06 21:28:08.050   491   576 W skia    : AGTM parsing failed flags.readFromStream(s) at 159
07-06 21:28:08.068 17843 17857 I GFXSTREAM: [eglDisplay.cpp(297)] Opening libGLESv1_CM_emulation.so
07-06 21:28:08.068 17843 17857 I GFXSTREAM: [eglDisplay.cpp(297)] Opening libGLESv2_emulation.so
07-06 21:28:08.104 17843 17857 W libc    : Access denied finding property "vendor.mesa.virtgpu.kumquat"
07-06 21:28:08.120   637  1063 E ConsumerBase: [ImageReader-864x1939f1m1-637-88] abandonLocked: ConsumerBase is abandoned!
07-06 21:28:08.121 17843 17843 D DesktopExperienceFlags: Toggle override initialized to: false
07-06 21:28:08.123 17843 17843 D AppCompatDelegate: Checking for metadata for AppLocalesMetadataHolderService : Service not found
07-06 21:28:08.124 17843 17857 W HWUI    : Failed to choose config with EGL_SWAP_BEHAVIOR_PRESERVED, retrying without...
07-06 21:28:08.124 17843 17857 W HWUI    : Failed to initialize 101010-2 format, error = EGL_SUCCESS
07-06 21:28:08.149 17843 17843 D CompatChangeReporter: Compat change id reported: 377864165; UID 10235; state: ENABLED
07-06 21:28:08.149   491   576 W skia    : AGTM parsing failed flags.readFromStream(s) at 159
07-06 21:28:08.162 17843 17843 I WebViewFactory: Loading com.google.android.webview version 149.0.7827.159 (code 782715903)
07-06 21:28:08.164 17843 17843 V ResourcesManager: The following library key has been added: ResourcesKey{ mHash=26ecd4d1 mResDir=null mSplitDirs=[] mOverlayDirs=[] mLibDirs=[/data/app/~~peUgpNZ9G1EEFWonXbGjZQ==/com.google.android.webview-_7C-lgmmp2YrolwBpS7b9w==/base.apk,/system/framework/android.test.base.jar,/system_ext/framework/androidx.window.extensions.jar] mDisplayId=0 mOverrideConfig=v37 mCompatInfo={420dpi always-compat} mLoaders=[]}
07-06 21:28:08.165 17843 17843 D ApplicationLoaders: Returning zygote-cached class loader: /system/framework/android.test.base.jar
07-06 21:28:08.165 17843 17843 D ApplicationLoaders: Returning zygote-cached class loader: /system_ext/framework/androidx.window.extensions.jar
07-06 21:28:08.168 17843 17843 D nativeloader: Configuring clns-10 for other apk /data/app/~~peUgpNZ9G1EEFWonXbGjZQ==/com.google.android.webview-_7C-lgmmp2YrolwBpS7b9w==/base.apk. target_sdk_version=36, uses_libraries=, library_path=/data/app/~~peUgpNZ9G1EEFWonXbGjZQ==/com.google.android.webview-_7C-lgmmp2YrolwBpS7b9w==/lib/arm64:/data/app/~~peUgpNZ9G1EEFWonXbGjZQ==/com.google.android.webview-_7C-lgmmp2YrolwBpS7b9w==/base.apk!/lib/arm64-v8a, permitted_path=/data:/mnt/expand
07-06 21:28:08.246 17843 17843 I cr_WVCFactoryProvider: version=149.0.7827.159 (782715903) minSdkVersion=29 multiprocess=true packageId=2 splits=<none>
07-06 21:28:08.250   491   576 W skia    : AGTM parsing failed flags.readFromStream(s) at 159
07-06 21:28:08.255 17843 17843 D nativeloader: Load /data/app/~~peUgpNZ9G1EEFWonXbGjZQ==/com.google.android.webview-_7C-lgmmp2YrolwBpS7b9w==/base.apk!/lib/arm64-v8a/libwebviewchromium.so using class loader ns clns-10 (caller=/data/app/~~peUgpNZ9G1EEFWonXbGjZQ==/com.google.android.webview-_7C-lgmmp2YrolwBpS7b9w==/base.apk): ok
07-06 21:28:08.260 17843 17843 D nativeloader: Load /system/lib64/libwebviewchromium_plat_support.so using class loader ns clns-10 (caller=/data/app/~~peUgpNZ9G1EEFWonXbGjZQ==/com.google.android.webview-_7C-lgmmp2YrolwBpS7b9w==/base.apk): ok
07-06 21:28:08.265 17843 17864 E chromium: [0706/212808.262651:ERROR:android_webview/browser/variations/variations_seed_loader.cc:39] Seed missing signature.
07-06 21:28:08.265 17843 17864 I chromium: [0706/212808.265143:INFO:android_webview/browser/variations/variations_seed_loader.cc:67] Failed to open file for reading.: No such file or directory (2)
07-06 21:28:08.276 17843 17843 I cr_LibraryLoader: Successfully loaded native library
07-06 21:28:08.281 17843 17843 I cr_CachingUmaRecorder: Flushed 47 samples from 22 histograms, 0 samples were dropped.
07-06 21:28:08.283 17843 17843 I cr_ChildProcLH: ScopedServiceBindingBatch.tryActivate: false
07-06 21:28:08.285 17843 17843 I cr_CombinedPProvider: #registerProvider() provider:WV.wk@94ca428 isPolicyCacheEnabled:false policyProvidersSize:0
07-06 21:28:08.285 17843 17843 I cr_PolicyProvider: #setManagerAndSource() 0
07-06 21:28:08.285 17843 17864 I cr_policy: registerReceiver succeeded after 0ms
07-06 21:28:08.286 17843 17843 I cr_DisplayManager: Is Display Topology available: false
07-06 21:28:08.288   637  2041 V GrammaticalInflectionUtils: AttributionSource: android.content.AttributionSource@13cf13a4 does not have READ_SYSTEM_GRAMMATICAL_GENDER permission.
07-06 21:28:08.307 17843 17843 I cr_CombinedPProvider: #linkNativeInternal() 1
07-06 21:28:08.307 17843 17843 I cr_AppResProvider: #getApplicationRestrictionsFromUserManager() Bundle[EMPTY_PARCEL]
07-06 21:28:08.307 17843 17843 I cr_PolicyProvider: #notifySettingsAvailable() 0
07-06 21:28:08.307 17843 17843 I cr_CombinedPProvider: #onSettingsAvailable() 0
07-06 21:28:08.307 17843 17843 I cr_CombinedPProvider: #flushPolicies()
07-06 21:28:08.310 22285 22285 D Zygote  : Forked child process 17867
07-06 21:28:08.313   637   666 I libprocessgroup: Created cgroup /sys/fs/cgroup/apps/uid_99098
07-06 21:28:08.315   637   666 I libprocessgroup: Created cgroup /sys/fs/cgroup/apps/uid_99098/pid_17867
07-06 21:28:08.318 17867 17867 E libc    : SetHeapTaggingLevel: re-enabling tagging after it was disabled is not supported
07-06 21:28:08.320 17867 17867 I Zygote  : Process 17867 created for com.google.android.webview:sandboxed_process0:org.chromium.content.app.SandboxedProcessService0:0
07-06 21:28:08.321 17867 17867 I ocessService0:0: Using generational CollectorTypeCMC GC.
07-06 21:28:08.330   637   666 I ActivityManager: Start proc 17867:com.google.android.webview:sandboxed_process0:org.chromium.content.app.SandboxedProcessService0:0/u0i98 for bound-service {tech.pathfinder.unveil/org.chromium.content.app.SandboxedProcessService0:0}
07-06 21:28:08.331 17867 17867 D nativeloader: Load libframework-connectivity-tiramisu-jni.so using APEX ns com_android_tethering for caller /apex/com.android.tethering/javalib/framework-connectivity-t.jar: ok
07-06 21:28:08.343 17867 17867 D ApplicationLoaders: Returning zygote-cached class loader: /system/framework/android.test.base.jar
07-06 21:28:08.343 17867 17867 D ApplicationLoaders: Returning zygote-cached class loader: /system_ext/framework/androidx.window.extensions.jar
07-06 21:28:08.345 17867 17867 E ActivityThread: ConnectivityService is null in handleBindApplication!
07-06 21:28:08.348 17867 17867 I cr_WebViewApkApp: version=149.0.7827.159 (782715903) minSdkVersion=29 processName=com.google.android.webview:sandboxed_process0:org.chromium.content.app.SandboxedProcessService0:0 splits=<none>
07-06 21:28:08.350 17867 17867 I cr_ChildProcessService: Creating new ChildProcessService pid=17867
07-06 21:28:08.363 17843 17843 W chromium: [WARNING:android_webview/browser/network_service/net_helpers.cc:137] HTTP Cache size is: 20971520
07-06 21:28:08.395   637  2009 D ActivityManager: sync unfroze 26917 com.google.android.gms for 6
07-06 21:28:08.399   637  2041 D ConnectivityService: requestNetwork for uid/pid:10235/17843 activeRequest: null callbackRequest: 45698 [NetworkRequest [ REQUEST id=45699, [ Capabilities: INTERNET&NOT_RESTRICTED&TRUSTED&NOT_VCN_MANAGED&NOT_BANDWIDTH_CONSTRAINED Uid: 10235 RequestorUid: 10235 RequestorPkg: tech.pathfinder.unveil UnderlyingNetworks: Null] ]] callback flags: 0 order: 2147483647 isUidTracked: false declaredMethods: AVAIL|LOST|NC|LP
07-06 21:28:08.400   637   988 D ConnectivityService: NetReassign [45699 : null → 103] [c 1] [a 0] [i 0]
07-06 21:28:08.402   637   982 D WifiNetworkFactory: got request NetworkRequest [ REQUEST id=45699, [ Capabilities: INTERNET&NOT_RESTRICTED&TRUSTED&NOT_VCN_MANAGED&NOT_BANDWIDTH_CONSTRAINED Uid: 10235 RequestorUid: 10235 RequestorPkg: tech.pathfinder.unveil UnderlyingNetworks: Null] ]
07-06 21:28:08.402   637   982 D UntrustedWifiNetworkFactory: got request NetworkRequest [ REQUEST id=45699, [ Capabilities: INTERNET&NOT_RESTRICTED&TRUSTED&NOT_VCN_MANAGED&NOT_BANDWIDTH_CONSTRAINED Uid: 10235 RequestorUid: 10235 RequestorPkg: tech.pathfinder.unveil UnderlyingNetworks: Null] ]
07-06 21:28:08.402   637   982 D OemPaidWifiNetworkFactory: got request NetworkRequest [ REQUEST id=45699, [ Capabilities: INTERNET&NOT_RESTRICTED&TRUSTED&NOT_VCN_MANAGED&NOT_BANDWIDTH_CONSTRAINED Uid: 10235 RequestorUid: 10235 RequestorPkg: tech.pathfinder.unveil UnderlyingNetworks: Null] ]
07-06 21:28:08.402   637   982 D MultiInternetWifiNetworkFactory: got request NetworkRequest [ REQUEST id=45699, [ Capabilities: INTERNET&NOT_RESTRICTED&TRUSTED&NOT_VCN_MANAGED&NOT_BANDWIDTH_CONSTRAINED Uid: 10235 RequestorUid: 10235 RequestorPkg: tech.pathfinder.unveil UnderlyingNetworks: Null] ]
07-06 21:28:08.405   637   988 D ConnectivityService: NetReassign [no changes] [c 0] [a 0] [i 1]
07-06 21:28:08.421 17843 17843 D Capacitor: Starting BridgeActivity
07-06 21:28:08.423 26917 26917 D BoundBrokerSvc: onBind: Intent { act=com.google.android.gms.safetynet.service.START xflg=0x4 pkg=com.google.android.gms }
07-06 21:28:08.423 26917 26917 D BoundBrokerSvc: Loading bound service for intent: Intent { act=com.google.android.gms.safetynet.service.START xflg=0x4 pkg=com.google.android.gms }
07-06 21:28:08.430 26917 26917 D BoundBrokerSvc: onBind: Intent { act=com.google.android.gms.safebrowsing.SafeBrowsingService.START dat=chimera-action:/... xflg=0x4 cmp=com.google.android.gms/.chimera.GmsBoundBrokerService }
07-06 21:28:08.430 26917 26917 D BoundBrokerSvc: Loading bound service for intent: Intent { act=com.google.android.gms.safebrowsing.SafeBrowsingService.START dat=chimera-action:/... xflg=0x4 cmp=com.google.android.gms/.chimera.GmsBoundBrokerService }
07-06 21:28:08.452 17843 17885 W cr_media: BLUETOOTH_CONNECT permission is missing.
07-06 21:28:08.453 17843 17885 W cr_media: getBluetoothAdapter() requires BLUETOOTH permission
07-06 21:28:08.453 17843 17885 W cr_media: registerBluetoothIntentsIfNeeded: Requires BLUETOOTH permission
07-06 21:28:08.456 17867 17889 I cr_LibraryLoader: Successfully loaded native library
07-06 21:28:08.457 17843 17885 D AudioSystem: onNewService: media.audio_policy service obtained 0xb4007f0ede0e87d0
07-06 21:28:08.458 17843 17898 W libc    : Access denied finding property "vendor.mesa.virtgpu.kumquat"
07-06 21:28:08.458 17843 17898 W libc    : Access denied finding property "vendor.mesa.log"
07-06 21:28:08.458 17843 17898 W libc    : Access denied finding property "vendor.mesa.log.level"
07-06 21:28:08.458 17843 17898 W libc    : Access denied finding property "vendor.mesa.log.prefix"
07-06 21:28:08.458 17843 17898 W libc    : Access denied finding property "vendor.mesa.gallium.print.options"
07-06 21:28:08.458 17843 17898 W libc    : Access denied finding property "vendor.mesa.log.file.auto"
07-06 21:28:08.458 17843 17898 W libc    : Access denied finding property "vendor.mesa.log.file"
07-06 21:28:08.458 17843 17898 E MESA    : Failed to open rendernode: No such file or directory
07-06 21:28:08.458 17843 17898 W libc    : Access denied finding property "vendor.mesa.virtgpu.kumquat"
07-06 21:28:08.458 17843 17898 E MESA    : Failed to open rendernode: No such file or directory
07-06 21:28:08.458 17843 17898 W libc    : Access denied finding property "vendor.mesa.virtgpu.kumquat"
07-06 21:28:08.459 17843 17885 D AudioSystem: getService: IAudioPolicyService retrieved: 0xb4007f0ede0e87d0  cached: 0xb4007f0ede0e87d0
07-06 21:28:08.459 17867 17889 I cr_CachingUmaRecorder: Flushed 2 samples from 2 histograms, 0 samples were dropped.
07-06 21:28:08.463 17867 17889 W chromium: [WARNING:content/app/android/content_main_android.cc:82] android_setCpu already initialized
07-06 21:28:08.470 17843 17843 W HWUI    : Unknown dataspace 0
07-06 21:28:08.471 17843 17898 W libc    : Access denied finding property "vendor.mesa.virtgpu.kumquat"
07-06 21:28:08.471 17843 17898 E MESA    : Failed to open rendernode: No such file or directory
07-06 21:28:08.474 17843 17898 D vulkan  : searching for layers in '/data/app/~~cASmdjusfoSAjp1t_m-7Bw==/tech.pathfinder.unveil-4zBvFOgLQO7nRQn5QwFnow==/lib/arm64'
07-06 21:28:08.474 17843 17898 D vulkan  : searching for layers in '/data/app/~~cASmdjusfoSAjp1t_m-7Bw==/tech.pathfinder.unveil-4zBvFOgLQO7nRQn5QwFnow==/base.apk!/lib/arm64-v8a'
07-06 21:28:08.474 17843 17898 W libc    : Access denied finding property "vendor.mesa.virtgpu.kumquat"
07-06 21:28:08.475 17843 17898 E MESA    : Failed to open rendernode: No such file or directory
07-06 21:28:08.475 17843 17898 W libc    : Access denied finding property "vendor.mesa.virtgpu.kumquat"
07-06 21:28:08.475 17843 17898 E MESA    : Failed to open rendernode: No such file or directory
07-06 21:28:08.475 17843 17898 W libc    : Access denied finding property "vendor.mesa.virtgpu.kumquat"
07-06 21:28:08.475 17843 17898 E MESA    : Failed to open rendernode: No such file or directory
07-06 21:28:08.475 17843 17898 W libc    : Access denied finding property "vendor.mesa.virtgpu.kumquat"
07-06 21:28:08.475 17843 17898 E MESA    : Failed to open rendernode: No such file or directory
07-06 21:28:08.475 17843 17898 W libc    : Access denied finding property "vendor.mesa.virtgpu.kumquat"
07-06 21:28:08.475 17843 17898 E MESA    : Failed to open rendernode: No such file or directory
07-06 21:28:08.475 17843 17898 W libc    : Access denied finding property "vendor.mesa.virtgpu.kumquat"
07-06 21:28:08.475 17843 17898 E MESA    : Failed to open rendernode: No such file or directory
07-06 21:28:08.475 17843 17898 W libc    : Access denied finding property "vendor.mesa.vk.trace"
07-06 21:28:08.475 17843 17898 W libc    : Access denied finding property "vendor.mesa.vk.trace.per.submit"
07-06 21:28:08.475 17843 17898 W libc    : Access denied finding property "vendor.mesa.vk.trace.frame"
07-06 21:28:08.475 17843 17898 W libc    : Access denied finding property "vendor.mesa.vk.trace.trigger"
07-06 21:28:08.476   637   724 W InputChannel-JNI: Channel already disposed.
07-06 21:28:08.478 17843 17905 W libc    : Access denied finding property "vendor.mesa.virtgpu.kumquat"
07-06 21:28:08.479 17843 17898 W libc    : Access denied finding property "vendor.mesa.vk.wsi.debug"
07-06 21:28:08.479 17843 17898 W libc    : Access denied finding property "vendor.mesa.virtgpu.kumquat"
07-06 21:28:08.479 17843 17898 E MESA    : Failed to open rendernode: No such file or directory
07-06 21:28:08.480 17843 17898 W libc    : Access denied finding property "vendor.mesa.virtgpu.kumquat"
07-06 21:28:08.480 17843 17898 E MESA    : Failed to open rendernode: No such file or directory
07-06 21:28:08.480 17867 17889 W chromium: [WARNING:content/child/runtime_features.cc:546] Fenced frames cannot be enabled in this configuration. Use --enable-features=FencedFrames instead.
07-06 21:28:08.480 17867 17889 W chromium: [WARNING:content/child/runtime_features.cc:571] Topics cannot be enabled in this configuration. Use --enable-features=BrowsingTopics in addition.
07-06 21:28:08.480 17867 17889 W chromium: [WARNING:content/child/runtime_features.cc:592] SharedStorage cannot be enabled in this configuration. Use --enable-features=SharedStorageAPI in addition.
07-06 21:28:08.481 17843 17898 W libc    : Access denied finding property "vendor.mesa.vk.wsi.present.mode"
07-06 21:28:08.481 17843 17898 W libc    : Access denied finding property "vendor.mesa.vk.wsi.headless.swapchain"
07-06 21:28:08.481 17843 17898 W libc    : Access denied finding property "vendor.mesa.virtgpu.kumquat"
07-06 21:28:08.481 17843 17898 E MESA    : Failed to open rendernode: No such file or directory
07-06 21:28:08.481 17843 17898 W libc    : Access denied finding property "vendor.mesa.virtgpu.kumquat"
07-06 21:28:08.481 17843 17898 E MESA    : Failed to open rendernode: No such file or directory
07-06 21:28:08.482 17843 17898 W libc    : Access denied finding property "vendor.mesa.virtgpu.kumquat"
07-06 21:28:08.489 17843 17911 I CameraManagerGlobal: Connecting to camera service
07-06 21:28:08.489   491   576 W skia    : AGTM parsing failed flags.readFromStream(s) at 159
07-06 21:28:08.496 17867 17908 I chromium: [INFO:third_party/skia/src/ports/SkFontMgr_android_parser.cpp:724] [SkFontMgr Android Parser] '/product/etc/fonts_customization.xml' could not be opened
07-06 21:28:08.496 17867 17908 I chromium: 
07-06 21:28:08.503 17843 17843 I cr_AppResProvider: #getApplicationRestrictionsFromUserManager() Bundle[EMPTY_PARCEL]
07-06 21:28:08.503 17843 17843 I cr_PolicyProvider: #notifySettingsAvailable() 0
07-06 21:28:08.503 17843 17843 I cr_CombinedPProvider: #onSettingsAvailable() 0
07-06 21:28:08.503 17843 17843 I cr_CombinedPProvider: #flushPolicies()
07-06 21:28:08.522 17843 17843 I Choreographer: Skipped 32 frames!  The application may be doing too much work on its main thread.
07-06 21:28:08.524 17843 17843 D WindowOnBackDispatcher: setTopOnBackInvokedCallback (unwrapped): android.app.Activity$$ExternalSyntheticLambda0@b114159
07-06 21:28:08.525 17843 17843 D WindowOnBackDispatcher: setTopOnBackInvokedCallback (unwrapped): androidx.activity.OnBackPressedDispatcher$Api34Impl$createOnBackAnimationCallback$1@b916dff
07-06 21:28:08.526 17843 17843 D VRI[MainActivity]: WindowInsets changed: 1080x2424 statusBars:[0,142,0,0] navigationBars:[0,0,0,63] mandatorySystemGestures:[0,174,0,84] 
07-06 21:28:08.529   637  2009 D WindowManager: setClientSurface Surface(name=VRI-tech.pathfinder.unveil/tech.pathfinder.unveil.MainActivity#2317)/@0x33055e7 for 7d0bcce tech.pathfinder.unveil/tech.pathfinder.unveil.MainActivity
07-06 21:28:08.532 17843 17843 I Surface : Creating surface for consumer unnamed-17843-0 with slotExpansion=1 for 64 slots
07-06 21:28:08.533 17843 17843 I Surface : Creating surface for consumer VRI[MainActivity]#0(BLAST Consumer)0 with slotExpansion=1 for 64 slots
07-06 21:28:08.535   637  1169 D CoreBackPreview: Window{7d0bcce u0 tech.pathfinder.unveil/tech.pathfinder.unveil.MainActivity}: Setting back callback OnBackInvokedCallbackInfo{mCallback=android.window.IOnBackInvokedCallback$Stub$Proxy@d82b39, mPriority=-1, mIsAnimationCallback=false, mOverrideBehavior=0}
07-06 21:28:08.535 13401 13411 I FontLog : (REDACTED) Received query %s, URI %s
07-06 21:28:08.535   637  1169 D CoreBackPreview: Window{7d0bcce u0 tech.pathfinder.unveil/tech.pathfinder.unveil.MainActivity}: Setting back callback OnBackInvokedCallbackInfo{mCallback=android.window.IOnBackInvokedCallback$Stub$Proxy@4bf57e, mPriority=0, mIsAnimationCallback=true, mOverrideBehavior=0}
07-06 21:28:08.551 13401 13411 I FontLog : (REDACTED) Query [%s] resolved to %s
07-06 21:28:08.561 13401 13411 I FontLog : (REDACTED) Font PFD returned from cache for %s
07-06 21:28:08.562 13401 13411 I FontLog : (REDACTED) Fetch %s end status %s
07-06 21:28:08.570 13401 13411 I FontLog : (REDACTED) Pulling font file for id = %d, cache size = %d
07-06 21:28:08.584 13401 13411 I FontLog : (REDACTED) Received query %s, URI %s
07-06 21:28:08.585 13401 13411 I FontLog : (REDACTED) Query [%s] resolved to %s
07-06 21:28:08.589 13401 13411 I FontLog : (REDACTED) Fetch %s end status %s
07-06 21:28:08.596   491   576 W skia    : AGTM parsing failed flags.readFromStream(s) at 159
07-06 21:28:08.608 13401 13439 I FontLog : (REDACTED) Pulling font file for id = %d, cache size = %d
07-06 21:28:08.618 13401 13439 I FontLog : (REDACTED) Received query %s, URI %s
07-06 21:28:08.618 13401 13439 I FontLog : (REDACTED) Query [%s] resolved to %s
07-06 21:28:08.618 13401 13439 I FontLog : (REDACTED) Font PFD returned from cache for %s
07-06 21:28:08.618 13401 13439 I FontLog : (REDACTED) Fetch %s end status %s
07-06 21:28:08.620 13401 13411 I FontLog : (REDACTED) Pulling font file for id = %d, cache size = %d
07-06 21:28:08.621 13401 13411 I FontLog : (REDACTED) Received query %s, URI %s
07-06 21:28:08.621 13401 13411 I FontLog : (REDACTED) Query [%s] resolved to %s
