--------- beginning of main
07-06 21:28:01.221 13401 13401 D BoundBrokerSvc: onRebind: Intent { act=com.google.android.gms.common.telemetry.service.START dat=chimera-action:/... xflg=0x4 cmp=com.google.android.gms/.chimera.PersistentApiService }
07-06 21:28:01.235   491   576 W skia    : AGTM parsing failed flags.readFromStream(s) at 159
07-06 21:28:01.242   491   576 W skia    : AGTM parsing failed flags.readFromStream(s) at 159
07-06 21:28:01.348   491   576 W skia    : AGTM parsing failed flags.readFromStream(s) at 159
07-06 21:28:01.348   491   576 W skia    : AGTM parsing failed flags.readFromStream(s) at 159
07-06 21:28:01.404   776   776 I artd    : GetBestInfo: odex next to the dex file (/data/app/~~RMhMkQ2OgjwCzJJGIh32CA==/com.google.android.gms-tQ7ypCsqn36EvzC7XD-Svg==/oat/arm64/base.odex) is kOatUpToDate with filter 'speed-profile' executable 'false'
07-06 21:28:01.414   776   776 I artd    : GetBestInfo: dm (/data/app/~~RMhMkQ2OgjwCzJJGIh32CA==/com.google.android.gms-tQ7ypCsqn36EvzC7XD-Svg==/split_AdsDynamite_installtime.dm) is kOatUpToDate with filter 'verify' executable 'false'
07-06 21:28:01.415   776   803 I artd    : GetBestInfo: odex next to the dex file (/data/app/~~RMhMkQ2OgjwCzJJGIh32CA==/com.google.android.gms-tQ7ypCsqn36EvzC7XD-Svg==/oat/arm64/split_CronetDynamite_installtime.odex) is kOatUpToDate with filter 'speed-profile' executable 'false'
07-06 21:28:01.439   776   803 I artd    : GetBestInfo: dm (/data/app/~~RMhMkQ2OgjwCzJJGIh32CA==/com.google.android.gms-tQ7ypCsqn36EvzC7XD-Svg==/split_DynamiteLoader_installtime.dm) is kOatUpToDate with filter 'verify' executable 'false'
07-06 21:28:01.444   491   576 W skia    : AGTM parsing failed flags.readFromStream(s) at 159
07-06 21:28:01.444   491   576 W skia    : AGTM parsing failed flags.readFromStream(s) at 159
07-06 21:28:01.446   776   776 I artd    : GetBestInfo: dm (/data/app/~~RMhMkQ2OgjwCzJJGIh32CA==/com.google.android.gms-tQ7ypCsqn36EvzC7XD-Svg==/split_DynamiteModulesA_installtime.dm) is kOatUpToDate with filter 'verify' executable 'false'
07-06 21:28:01.450   776   803 I artd    : GetBestInfo: dm (/data/app/~~RMhMkQ2OgjwCzJJGIh32CA==/com.google.android.gms-tQ7ypCsqn36EvzC7XD-Svg==/split_DynamiteModulesC_installtime.dm) is kOatUpToDate with filter 'verify' executable 'false'
07-06 21:28:01.451   776   782 I artd    : GetBestInfo: dm (/data/app/~~RMhMkQ2OgjwCzJJGIh32CA==/com.google.android.gms-tQ7ypCsqn36EvzC7XD-Svg==/split_GoogleCertificates_installtime.dm) is kOatUpToDate with filter 'verify' executable 'false'
07-06 21:28:01.458   776   782 I artd    : GetBestInfo: dm (/data/app/~~RMhMkQ2OgjwCzJJGIh32CA==/com.google.android.gms-tQ7ypCsqn36EvzC7XD-Svg==/split_MapsDynamite_installtime.dm) is kOatUpToDate with filter 'verify' executable 'false'
07-06 21:28:01.460   776   776 I artd    : GetBestInfo: dm (/data/app/~~RMhMkQ2OgjwCzJJGIh32CA==/com.google.android.gms-tQ7ypCsqn36EvzC7XD-Svg==/split_MeasurementDynamite_installtime.dm) is kOatUpToDate with filter 'verify' executable 'false'
07-06 21:28:01.464   776   782 I artd    : GetBestInfo: dm (/data/app/~~RMhMkQ2OgjwCzJJGIh32CA==/com.google.android.gms-tQ7ypCsqn36EvzC7XD-Svg==/split_all_locale_splits.dm) is kOatUpToDate with filter 'verify' executable 'false'
07-06 21:28:01.470   776   776 I artd    : GetBestInfo: /data/user_de/0/com.google.android.gms/app_chimera/m/00000013/dl-PlayCloudSearch.optional_262334100000.apk has no usable artifacts
07-06 21:28:01.470   776   782 I artd    : GetBestInfo: /data/user_de/0/com.google.android.gms/app_chimera/m/00000001/CronetDynamite.apk has no usable artifacts
07-06 21:28:01.477   776   803 I artd    : GetBestInfo: /data/user_de/0/com.google.android.gms/app_chimera/m/00000014/dl-IdentityCredentialsPlatform.optional_262334100400.apk has no usable artifacts
07-06 21:28:01.477   776   776 I artd    : GetBestInfo: /data/user_de/0/com.google.android.gms/app_chimera/m/00000002/DynamiteLoader.apk has no usable artifacts
07-06 21:28:01.477   776   782 I artd    : GetBestInfo: /data/user_de/0/com.google.android.gms/app_chimera/m/00000005/GoogleCertificates.apk has no usable artifacts
07-06 21:28:01.482   776   782 I artd    : GetBestInfo: /data/user_de/0/com.google.android.gms/app_chimera/m/0000000e/dl-VisionOcr.optional_261136100000.apk has no usable artifacts
07-06 21:28:01.505   776   776 I artd    : GetBestInfo: /data/user_de/0/com.google.android.gms/app_chimera/m/0000000b/dl-Appsearch.optional_261136100400.apk has no usable artifacts
07-06 21:28:01.509   776   782 I artd    : GetBestInfo: /data/user_de/0/com.google.android.gms/app_chimera/m/0000000a/dl-IdentityCredentialsPlatform.optional_261136100400.apk has no usable artifacts
07-06 21:28:01.511   776   782 I artd    : GetBestInfo: /data/user_de/0/com.google.android.gms/app_chimera/m/00000015/dl-VisionOcr.optional_262334100000.apk has no usable artifacts
07-06 21:28:01.520   776   776 I artd    : GetBestInfo: /data/user_de/0/com.google.android.gms/app_chimera/m/00000010/dl-MlkitOcrCommon.optional_262334100400.apk has no usable artifacts
07-06 21:28:01.522   776   782 I artd    : GetBestInfo: /data/user_de/0/com.google.android.gms/app_chimera/m/0000000d/dl-MlkitOcrCommon.optional_261136100400.apk has no usable artifacts
07-06 21:28:01.523   776   803 I artd    : GetBestInfo: /data/user_de/0/com.google.android.gms/app_chimera/m/00000012/dl-TfliteDynamiteDynamite.integ_252130102100400.apk has no usable artifacts
07-06 21:28:01.528   776   776 I artd    : GetBestInfo: vdex next to the dex file (/data/user/0/com.google.android.gms/app_dg_cache/574CF0A3144EB354068F133F674AB38CCBB02976/oat/arm64/the.vdex) is kOatUpToDate with filter 'verify' executable 'false'
07-06 21:28:01.529   776   803 I artd    : GetBestInfo: /data/user_de/0/com.google.android.gms/app_chimera/m/00000016/dl-Appsearch.optional_262334100400.apk has no usable artifacts
07-06 21:28:01.531   776   782 I artd    : GetBestInfo: /data/user_de/0/com.google.android.gms/app_chimera/m/00000011/dl-MlkitBarcodeUi.optional_262334100400.apk has no usable artifacts
07-06 21:28:01.598   776   776 I artd    : GetBestInfo: vdex next to the dex file (/data/user/0/com.google.android.gms/app_dg_cache/7C26F94942E0B3DC400FC8F3A2AF71B87FD5F04D/oat/arm64/the.vdex) is kOatUpToDate with filter 'verify' executable 'false'
07-06 21:28:01.599  1910  1910 I adbd    : adbd service requested 'shell,v2,TERM=xterm-256color,raw:am force-stop tech.pathfinder.unveil'
07-06 21:28:01.599   491   576 W skia    : AGTM parsing failed flags.readFromStream(s) at 159
07-06 21:28:01.600   491   576 W skia    : AGTM parsing failed flags.readFromStream(s) at 159
07-06 21:28:01.631   776   776 I artd    : GetBestInfo: /data/user_de/0/com.google.android.gms/app_chimera/m/00000007/MeasurementDynamite.apk has no usable artifacts
07-06 21:28:01.696   491   576 W skia    : AGTM parsing failed flags.readFromStream(s) at 159
07-06 21:28:01.696   491   576 W skia    : AGTM parsing failed flags.readFromStream(s) at 159
07-06 21:28:01.861   491   576 W skia    : AGTM parsing failed flags.readFromStream(s) at 159
07-06 21:28:01.862   491   576 W skia    : AGTM parsing failed flags.readFromStream(s) at 159
07-06 21:28:01.872  1215  1381 D SatelliteController: isInCarrierRoamingNbIotNtn: satellite is disabled
07-06 21:28:01.872  1215  1381 D SatelliteController: getCarrierRoamingNtnConnectType: Checking connect type from PLMN config for subId: 1
07-06 21:28:01.872  1215  1381 D TelephonyConfigUpdateInstallReceiver: getConfigParser: domain=satellite
07-06 21:28:01.872  1215  1381 V SatelliteController: satelliteConfigParser is not ready
07-06 21:28:01.872  1215  1381 D SatelliteController: isSatelliteAttachSupportedViaConfigupdater: return null (satelliteConfig is null)
07-06 21:28:01.874  1215  1381 D SatelliteController: getSatellitePerPlmnConfiguration: invalid subId or not supported via carrier.
07-06 21:28:01.874  1215  1381 D SatelliteController: getCarrierRoamingNtnConnectType: config: null
07-06 21:28:01.874  1215  1381 D TelephonyConfigUpdateInstallReceiver: getConfigParser: domain=satellite
07-06 21:28:01.874  1215  1381 V SatelliteController: satelliteConfigParser is not ready
07-06 21:28:01.874  1215  1381 D SatelliteController: getCarrierRoamingNtnConnectTypeViaConfigUpdater: return null (satelliteConfig is null)
07-06 21:28:01.874  1215  1381 D SatelliteController: getCarrierRoamingNtnConnectType: Falling back to global carrier config connect type: 0
07-06 21:28:01.874  1215  1381 D TelephonyConfigUpdateInstallReceiver: getConfigParser: domain=satellite
07-06 21:28:01.874  1215  1381 V SatelliteController: satelliteConfigParser is not ready
07-06 21:28:01.874  1215  1381 D SatelliteController: isSatelliteAttachSupportedViaConfigupdater: return null (satelliteConfig is null)
07-06 21:28:01.875  1215  1381 D SatelliteController: getCarrierRoamingNtnConnectType: Checking connect type from PLMN config for subId: 1
07-06 21:28:01.875  1215  1381 D TelephonyConfigUpdateInstallReceiver: getConfigParser: domain=satellite
07-06 21:28:01.875  1215  1381 V SatelliteController: satelliteConfigParser is not ready
07-06 21:28:01.875  1215  1381 D SatelliteController: isSatelliteAttachSupportedViaConfigupdater: return null (satelliteConfig is null)
07-06 21:28:01.875  1215  1381 D SatelliteController: getSatellitePerPlmnConfiguration: invalid subId or not supported via carrier.
07-06 21:28:01.875  1215  1381 D SatelliteController: getCarrierRoamingNtnConnectType: config: null
07-06 21:28:01.875  1215  1381 D TelephonyConfigUpdateInstallReceiver: getConfigParser: domain=satellite
07-06 21:28:01.875  1215  1381 V SatelliteController: satelliteConfigParser is not ready
07-06 21:28:01.875  1215  1381 D SatelliteController: getCarrierRoamingNtnConnectTypeViaConfigUpdater: return null (satelliteConfig is null)
07-06 21:28:01.875  1215  1381 D SatelliteController: getCarrierRoamingNtnConnectType: Falling back to global carrier config connect type: 0
07-06 21:28:01.875  1215  1381 D TelephonyConfigUpdateInstallReceiver: getConfigParser: domain=satellite
07-06 21:28:01.875  1215  1381 V SatelliteController: satelliteConfigParser is not ready
07-06 21:28:01.875  1215  1381 D SatelliteController: isSatelliteAttachSupportedViaConfigupdater: return null (satelliteConfig is null)
--------- beginning of system
07-06 21:28:01.919   637  2011 I ActivityManager: Force stopping tech.pathfinder.unveil appid=10235 user=0: from pid 17822
07-06 21:28:02.036   491   576 W skia    : AGTM parsing failed flags.readFromStream(s) at 159
07-06 21:28:02.036   491   576 W skia    : AGTM parsing failed flags.readFromStream(s) at 159
07-06 21:28:02.044   637  2011 I ActivityManager: Killing 16889:tech.pathfinder.unveil/u0a235 (adj 900): stop tech.pathfinder.unveil due to from pid 17822
07-06 21:28:02.108   491   576 W skia    : AGTM parsing failed flags.readFromStream(s) at 159
07-06 21:28:02.108   491   576 W skia    : AGTM parsing failed flags.readFromStream(s) at 159
07-06 21:28:02.139   637  2011 D ActivityManager: sync unfroze 16919 com.google.android.webview:sandboxed_process0:org.chromium.content.app.SandboxedProcessService0:0 for 5
07-06 21:28:02.179   637  2011 W ActivityTaskManager: Force removing ActivityRecord{209709531 u0 tech.pathfinder.unveil/.MainActivity t90 f}}: app died, no saved state
07-06 21:28:02.184   637  2011 E TransitionChain: Can't collect into a chain with no transition
07-06 21:28:02.184   637  2011 E TransitionChain: Can't collect into a chain with no transition
07-06 21:28:02.242   637   725 W UsageStatsService: Unexpected activity event reported! (tech.pathfinder.unveil/tech.pathfinder.unveil.MainActivity event : 23 instanceId : 160874321)
07-06 21:28:02.245   491   576 W skia    : AGTM parsing failed flags.readFromStream(s) at 159
07-06 21:28:02.245   491   576 W skia    : AGTM parsing failed flags.readFromStream(s) at 159
07-06 21:28:02.333 16919 16919 I cr_ChildProcessService: Destroying ChildProcessService pid=16919
07-06 21:28:02.348 16919 16919 I ocessService0:0: System.exit called, status: 0
07-06 21:28:02.349 16919 16919 I AndroidRuntime: VM exiting with result code 0, cleanup skipped.
07-06 21:28:02.351   491   576 W skia    : AGTM parsing failed flags.readFromStream(s) at 159
07-06 21:28:02.351   491   576 W skia    : AGTM parsing failed flags.readFromStream(s) at 159
07-06 21:28:02.416   637   988 W libbinder.IPCThreadState: Sending oneway calls to frozen process.
07-06 21:28:02.429   637   982 I HalDevMgr: bestIfaceCreationProposal is null, requestIface=STA, existingIface=[name=wlan0 type=STA]
07-06 21:28:02.430   637   988 W libbinder.IPCThreadState: Sending oneway calls to frozen process.
07-06 21:28:02.450   491   576 W skia    : AGTM parsing failed flags.readFromStream(s) at 159
07-06 21:28:02.450   491   576 W skia    : AGTM parsing failed flags.readFromStream(s) at 159
07-06 21:28:02.455   637  2011 I ActivityManager: Killing 16919:com.google.android.webview:sandboxed_process0:org.chromium.content.app.SandboxedProcessService0:0/u0a235i97 (adj 0): isolated not needed
07-06 21:28:02.653   637   988 W libbinder.IPCThreadState: Sending oneway calls to frozen process.
07-06 21:28:02.654   637   988 W libbinder.IPCThreadState: Sending oneway calls to frozen process.
07-06 21:28:02.654   637   988 W libbinder.IPCThreadState: Sending oneway calls to frozen process.
07-06 21:28:02.654   637   988 W libbinder.IPCThreadState: Sending oneway calls to frozen process.
07-06 21:28:02.655   637   988 W libbinder.IPCThreadState: Sending oneway calls to frozen process.
07-06 21:28:02.655   637   988 W libbinder.IPCThreadState: Sending oneway calls to frozen process.
07-06 21:28:02.656   637   988 W libbinder.IPCThreadState: Sending oneway calls to frozen process.
07-06 21:28:02.688   637  2011 I AppsFilter: interaction: PackageSetting{596f414 best.unveil.app/10231} -> PackageSetting{68cff82 tech.pathfinder.unveil/10235} BLOCKED
07-06 21:28:02.764  1385  1385 D RecentsView: onTaskRemoved: 90, not handling task stack changes
07-06 21:28:02.799   637  1012 I AdbWifiNetworkMonitor: Wi-Fi network available
07-06 21:28:02.799   491   576 W skia    : AGTM parsing failed flags.readFromStream(s) at 159
07-06 21:28:02.799   491   576 W skia    : AGTM parsing failed flags.readFromStream(s) at 159
07-06 21:28:02.815   637   988 D ConnectivityService: NetReassign [no changes] [c 1] [a 15] [i 0]
07-06 21:28:02.834   637  1012 I AdbWifiNetworkMonitor: Received the same Wi-Fi SSID. Ignoring.
07-06 21:28:02.862   491   576 W skia    : AGTM parsing failed flags.readFromStream(s) at 159
07-06 21:28:02.863   491   576 W skia    : AGTM parsing failed flags.readFromStream(s) at 159
07-06 21:28:02.866 13401 13525 I NearbyMediums: Wifi changed new SSID: "AndroidWifi"
07-06 21:28:02.866 13401 13525 I NearbyMediums: WifiLanConnectivityInfo is not changed, skip notify.
07-06 21:28:02.866  1910  1910 I adbd    : adbd service requested 'shell,v2,TERM=xterm-256color,raw:monkey -p tech.pathfinder.unveil -c android.intent.category.LAUNCHER 1'
07-06 21:28:02.736 13401 13411 I NullBinder: NullBinder for android.net.action.RECOMMEND_NETWORKS triggering remote TransactionTooLargeException due to Service without Chimera impl, calling uid: 1000, calling pid: 0
07-06 21:28:02.989   491   576 W skia    : AGTM parsing failed flags.readFromStream(s) at 159
07-06 21:28:02.989   491   576 W skia    : AGTM parsing failed flags.readFromStream(s) at 159
07-06 21:28:03.024  1081  1209 V ShellTaskOrganizer: Task vanished taskId=90
07-06 21:28:03.043  1385  1385 D RecentsView: onTaskRemoved: 90, not handling task stack changes
07-06 21:28:03.068  1215  1215 D CarrierSvcBindHelper: onHandleForceStop: [tech.pathfinder.unveil]
07-06 21:28:03.088  1215  1215 D CarrierSvcBindHelper: No carrier app for: 0
07-06 21:28:03.146  1081  1209 V ShellTaskOrganizer: Fullscreen Task Vanished: #90
07-06 21:28:03.186   491   576 W skia    : AGTM parsing failed flags.readFromStream(s) at 159
07-06 21:28:03.186   491   576 W skia    : AGTM parsing failed flags.readFromStream(s) at 159
07-06 21:28:03.403   637   656 W Looper  : Slow dispatch took 368ms android.fg app=system_server main=false group=FOREGROUND h=android.os.Handler c=com.android.server.am.SameProcessApplicationThread$$ExternalSyntheticLambda1@18f91ce m=0
07-06 21:28:03.404   637   656 W Looper  : Slow delivery took 374ms android.fg app=system_server main=false group=FOREGROUND h=android.os.Handler c=com.android.server.am.SameProcessApplicationThread$$ExternalSyntheticLambda1@5d0cffc m=0
07-06 21:28:03.430  1081  1209 V ShellDesktopMode: Task Vanished: #90 closed=true
07-06 21:28:03.486   491   576 W skia    : AGTM parsing failed flags.readFromStream(s) at 159
07-06 21:28:03.486   491   576 W skia    : AGTM parsing failed flags.readFromStream(s) at 159
07-06 21:28:03.554  1081  1209 D ShellPackageUpdate: PackageUpdateController: Removing handlePackageUpdate for task: 90
07-06 21:28:03.570   637  1169 E WindowOrganizerController: Attempting to externally change a non-organized container: Task{6197c78 #90 type=standard A=10235:tech.pathfinder.unveil}={handlePackageUpdate:false,} playercount=2 taskorg=android.window.ITaskOrganizer$Stub$Proxy@7837071
07-06 21:28:03.629   637   637 W Looper  : Slow delivery took 220ms main app=system_server main=true group=FOREGROUND h=android.app.ActivityThread$H c=android.app.LoadedApk$ReceiverDispatcher$Args$$ExternalSyntheticLambda0@1780ca6 m=0
07-06 21:28:03.695   491   576 W skia    : AGTM parsing failed flags.readFromStream(s) at 159
07-06 21:28:03.695   491   576 W skia    : AGTM parsing failed flags.readFromStream(s) at 159
07-06 21:28:03.695 13401 13411 W libbinder.Binder: Large reply transaction of 1056768 bytes, interface descriptor , function: UNKNOWN_FUNCTION_NAME, code: 1, flags: 17
07-06 21:28:03.723   491   576 W skia    : AGTM parsing failed flags.readFromStream(s) at 159
07-06 21:28:03.723   491   576 W skia    : AGTM parsing failed flags.readFromStream(s) at 159
07-06 21:28:03.774  1081  1209 V RecentTasksController: Notify recent tasks changed
07-06 21:28:03.812  1081  1209 D ShellDesktopMode: AppToWebRepository: Task 90 is vanishing. Removing task data from repository
07-06 21:28:03.822 13401 13525 I NearbySharing: Network state changed: NetworkState(isRestricted=false, isOnline=true, isCongested=false, isMetered=false, isWifiConnected=true)
07-06 21:28:03.833   491   576 W skia    : AGTM parsing failed flags.readFromStream(s) at 159
07-06 21:28:03.833   491   576 W skia    : AGTM parsing failed flags.readFromStream(s) at 159
07-06 21:28:03.848  1081  1209 V AppCompat: SingleSurfaceLetterboxController: []
07-06 21:28:03.848  1081  1209 V AppCompat: MultiSurfaceLetterboxController: []
07-06 21:28:03.848  1081  1209 V AppCompat: LetterboxInputController: []
07-06 21:28:03.848  1081  1209 V AppCompat: RoundedCornersLetterboxController: {}
07-06 21:28:03.905  1385  1385 D RecentTasksList: invalidateLoadedTasks - previous requestLoadId: -1
07-06 21:28:03.936   491   576 W skia    : AGTM parsing failed flags.readFromStream(s) at 159
07-06 21:28:03.936   491   576 W skia    : AGTM parsing failed flags.readFromStream(s) at 159
07-06 21:28:03.992   637   656 W Looper  : Drained
07-06 21:28:03.995 22285 22285 I Zygote  : Process 16919 exited cleanly (0)
07-06 21:28:04.025   637   709 V ActivityManager: Got obituary of 16889:tech.pathfinder.unveil
07-06 21:28:04.040   438   438 I Zygote  : Process 16889 exited due to signal 9 (Killed)
07-06 21:28:04.041   637   988 D ConnectivityService: releasing NetworkRequest [ REQUEST id=45564, [ Capabilities: INTERNET&NOT_RESTRICTED&TRUSTED&NOT_VCN_MANAGED&NOT_BANDWIDTH_CONSTRAINED Uid: 10235 RequestorUid: 10235 RequestorPkg: tech.pathfinder.unveil UnderlyingNetworks: Null] ] (release request)
07-06 21:28:04.046   491   576 W skia    : AGTM parsing failed flags.readFromStream(s) at 159
07-06 21:28:04.046   491   576 W skia    : AGTM parsing failed flags.readFromStream(s) at 159
07-06 21:28:04.062   637   667 I libprocessgroup: Removed cgroup /sys/fs/cgroup/apps/uid_10235/pid_16889
07-06 21:28:04.063   637   667 I libprocessgroup: Removed cgroup /sys/fs/cgroup/apps/uid_99097/pid_16919
07-06 21:28:04.065   637   667 I libprocessgroup: Removed cgroup /sys/fs/cgroup/apps/uid_99097
07-06 21:28:04.087   637   659 W ActivityManager: setHasOverlayUi called on unknown pid: 16889
07-06 21:28:04.185   637   675 D BatteryStatsImpl: Reading cpu stats took 173ms
07-06 21:28:04.219   491   576 W skia    : AGTM parsing failed flags.readFromStream(s) at 159
07-06 21:28:04.219   491   576 W skia    : AGTM parsing failed flags.readFromStream(s) at 159
07-06 21:28:04.334   491   576 W skia    : AGTM parsing failed flags.readFromStream(s) at 159
07-06 21:28:04.334   491   576 W skia    : AGTM parsing failed flags.readFromStream(s) at 159
07-06 21:28:04.432   491   576 W skia    : AGTM parsing failed flags.readFromStream(s) at 159
07-06 21:28:04.432   491   576 W skia    : AGTM parsing failed flags.readFromStream(s) at 159
07-06 21:28:04.594   491   576 W skia    : AGTM parsing failed flags.readFromStream(s) at 159
07-06 21:28:04.594   491   576 W skia    : AGTM parsing failed flags.readFromStream(s) at 159
07-06 21:28:04.613 17828 17828 D AndroidRuntime: >>>>>> START com.android.internal.os.RuntimeInit uid 2000 <<<<<<
07-06 21:28:04.642 17828 17828 I AndroidRuntime: Using default boot image
07-06 21:28:04.642 17828 17828 I AndroidRuntime: Leaving lock profiling enabled
07-06 21:28:04.651 17828 17828 I app_process: Core platform API enforcement enabled from the hiddenapi_platform_enforcement flag and the device API level
07-06 21:28:04.652 17828 17828 I app_process: Using generational CollectorTypeCMC GC.
07-06 21:28:04.709   491   576 W skia    : AGTM parsing failed flags.readFromStream(s) at 159
07-06 21:28:04.709   491   576 W skia    : AGTM parsing failed flags.readFromStream(s) at 159
07-06 21:28:04.804   491   576 W skia    : AGTM parsing failed flags.readFromStream(s) at 159
07-06 21:28:04.805   491   576 W skia    : AGTM parsing failed flags.readFromStream(s) at 159
07-06 21:28:04.959   491   576 W skia    : AGTM parsing failed flags.readFromStream(s) at 159
07-06 21:28:04.960   491   576 W skia    : AGTM parsing failed flags.readFromStream(s) at 159
07-06 21:28:05.093   491   576 W skia    : AGTM parsing failed flags.readFromStream(s) at 159
07-06 21:28:05.093   491   576 W skia    : AGTM parsing failed flags.readFromStream(s) at 159
07-06 21:28:05.138 17828 17828 D nativeloader: InitDefaultPublicLibraries for_preload=1: libandroid.so:libaaudio.so:libamidi.so:libbinder_ndk.so:libc.so:libcamera2ndk.so:libdl.so:libEGL.so:libGLESv1_CM.so:libGLESv2.so:libGLESv3.so:libicu.so:libicui18n.so:libicuuc.so:libjnigraphics.so:liblog.so:libmediandk.so:libm.so:libnativehelper.so:libnativewindow.so:libOpenMAXAL.so:libOpenSLES.so:libRS.so:libstdc++.so:libsync.so:libvulkan.so:libwebviewchromium_plat_support.so:libz.so
07-06 21:28:05.199   491   576 W skia    : AGTM parsing failed flags.readFromStream(s) at 159
07-06 21:28:05.199   491   576 W skia    : AGTM parsing failed flags.readFromStream(s) at 159
07-06 21:28:05.206 17828 17828 D nativeloader: Load libicu_jni.so using APEX ns com_android_art for caller /apex/com.android.art/javalib/core-oj.jar: ok
07-06 21:28:05.207 17828 17828 D app_process: u_setTimeZoneFilesDirectory("/apex/com.android.tzdata/etc/tz/versioned/10/icu") succeeded. 
07-06 21:28:05.208 17828 17828 D app_process: I18n APEX ICU file found: /apex/com.android.i18n/etc/icu/icudt78l.dat
07-06 21:28:05.210 17828 17828 D nativeloader: Load libjavacore.so using APEX ns com_android_art for caller /apex/com.android.art/javalib/core-oj.jar: ok
07-06 21:28:05.213 17828 17828 D nativeloader: Load libopenjdk.so using APEX ns com_android_art for caller /apex/com.android.art/javalib/core-oj.jar: ok
07-06 21:28:05.215 17828 17828 I app_process: Priority-to-niceness mapping: 19, 16, 13, 10, 0, -2, -4, -5, -6, -8
07-06 21:28:05.322   491   576 W skia    : AGTM parsing failed flags.readFromStream(s) at 159
07-06 21:28:05.323   491   576 W skia    : AGTM parsing failed flags.readFromStream(s) at 159
07-06 21:28:05.442   491   576 W skia    : AGTM parsing failed flags.readFromStream(s) at 159
07-06 21:28:05.442   491   576 W skia    : AGTM parsing failed flags.readFromStream(s) at 159
07-06 21:28:05.453 17828 17828 D nativeloader: Load libframework-connectivity-tiramisu-jni.so using APEX ns com_android_tethering for caller /apex/com.android.tethering/javalib/framework-connectivity-t.jar: ok
07-06 21:28:05.456 17828 17828 D AndroidRuntime: Calling main entry com.android.commands.monkey.Monkey
07-06 21:28:05.489 17828 17828 D nativeloader: Load /system/lib64/libmonkey_jni.so using ns default for caller /system/framework/monkey.jar in same partition (is_bridged=0): ok
07-06 21:28:05.514 17828 17828 W Monkey  : args: [-p, tech.pathfinder.unveil, -c, android.intent.category.LAUNCHER, 1]
07-06 21:28:05.519   637  3724 E TaskPersister: File error accessing recents directory (directory doesn't exist?).
07-06 21:28:05.536   491   576 W skia    : AGTM parsing failed flags.readFromStream(s) at 159
07-06 21:28:05.536   491   576 W skia    : AGTM parsing failed flags.readFromStream(s) at 159
07-06 21:28:05.578 17828 17828 I AconfigPackage: android.media.swcodec.flags is mapped to com.android.media.swcodec
07-06 21:28:05.580 17828 17828 I AconfigPackage: com.android.permission.flags is mapped to com.android.permission
07-06 21:28:05.580 17828 17828 I AconfigPackage: com.android.permissioncontroller.flags is mapped to com.android.permission
07-06 21:28:05.580 17828 17828 I AconfigPackage: com.google.android.widevine.flags is mapped to com.google.android.widevine
07-06 21:28:05.581 17828 17828 I AconfigPackage: com.android.icu is mapped to com.android.i18n
07-06 21:28:05.606 17828 17828 I AconfigPackage: com.android.appsearch.flags is mapped to com.android.appsearch
07-06 21:28:05.606 17828 17828 I AconfigPackage: com.android.uprobestats.flags is mapped to com.android.uprobestats
07-06 21:28:05.606 17828 17828 I AconfigPackage: android.uprobestats.mainline.flags is mapped to com.android.uprobestats
07-06 21:28:05.607 17828 17828 I AconfigPackage: com.android.crashrecovery.flags is mapped to com.android.crashrecovery
07-06 21:28:05.608 17828 17828 I AconfigPackage: android.provider.flags is mapped to com.android.configinfrastructure
07-06 21:28:05.608 17828 17828 I AconfigPackage: com.android.server.deviceconfig is mapped to com.android.configinfrastructure
07-06 21:28:05.609 17828 17828 I AconfigPackage: com.android.art.flags is mapped to com.android.art
07-06 21:28:05.609 17828 17828 I AconfigPackage: com.android.art.rw.flags is mapped to com.android.art
07-06 21:28:05.609 17828 17828 I AconfigPackage: com.android.libcore is mapped to com.android.art
07-06 21:28:05.613 17828 17828 I AconfigPackage: android.telecom.flags is mapped to com.android.telephonycore
07-06 21:28:05.613 17828 17828 I AconfigPackage: com.android.internal.telecom.flags is mapped to com.android.telephonycore
07-06 21:28:05.613 17828 17828 I AconfigPackage: com.android.telephony.flags is mapped to com.android.telephonycore
07-06 21:28:05.615 17828 17828 I AconfigPackage: com.android.media.extractor.flags is mapped to com.android.media
07-06 21:28:05.615 17828 17828 I AconfigPackage: com.android.media.metrics.flags is mapped to com.android.media
07-06 21:28:05.615 17828 17828 I AconfigPackage: com.android.media.mainline.flags is mapped to com.android.media
07-06 21:28:05.615 17828 17828 I AconfigPackage: com.android.wifi.flags is mapped to com.android.wifi
07-06 21:28:05.618 17828 17828 I AconfigPackage: com.android.org.conscrypt.flags is mapped to com.android.conscrypt
07-06 21:28:05.618 17828 17828 I AconfigPackage: com.android.org.conscrypt.net.flags is mapped to com.android.conscrypt
07-06 21:28:05.618 17828 17828 I AconfigPackage: com.android.healthfitness.flags is mapped to com.android.healthfitness
07-06 21:28:05.619 17828 17828 I AconfigPackage: com.android.ipsec.flags is mapped to com.android.ipsec
07-06 21:28:05.619   637   982 I HalDevMgr: bestIfaceCreationProposal is null, requestIface=STA, existingIface=[name=wlan0 type=STA]
07-06 21:28:05.619 17828 17828 I AconfigPackage: com.android.nfc.module.flags is mapped to com.android.nfcservices
07-06 21:28:05.619 17828 17828 I AconfigPackage: com.android.nfc.module.nonexported.flags is mapped to com.android.nfcservices
07-06 21:28:05.619 17828 17828 I AconfigPackage: com.android.adservices.ondevicepersonalization.flags is mapped to com.android.ondevicepersonalization
07-06 21:28:05.620 17828 17828 I AconfigPackage: com.android.adbd.flags is mapped to com.android.adbd
07-06 21:28:05.620 17828 17828 I AconfigPackage: com.android.bluetooth.beta.flags is mapped to com.android.bt
07-06 21:28:05.620 17828 17828 I AconfigPackage: com.android.bluetooth.flags is mapped to com.android.bt
07-06 21:28:05.621 17828 17828 I AconfigPackage: com.android.devicelock.flags is mapped to com.android.devicelock
07-06 21:28:05.622 17828 17828 I AconfigPackage: android.os.profiling is mapped to com.android.profiling
07-06 21:28:05.622 17828 17828 I AconfigPackage: android.os.profiling.anomaly.flags is mapped to com.android.profiling
07-06 21:28:05.623 17828 17828 I AconfigPackage: com.android.os.statsd.flags is mapped to com.android.os.statsd
07-06 21:28:05.624 17828 17828 I AconfigPackage: com.android.webapp.flags is mapped to com.android.webapp
07-06 21:28:05.624 17828 17828 I AconfigPackage: com.android.rkpd.flags is mapped to com.android.rkpd
07-06 21:28:05.624 17828 17828 I AconfigPackage: com.android.cellbroadcastreceiver.flags is mapped to com.android.cellbroadcast
07-06 21:28:05.624 17828 17828 I AconfigPackage: com.android.adservices.flags is mapped to com.android.adservices
07-06 21:28:05.624 17828 17828 I AconfigPackage: com.android.sdksandbox.flags is mapped to com.android.adservices
07-06 21:28:05.624 17828 17828 I AconfigPackage: android.app.sdksandbox.flags is mapped to com.android.adservices
07-06 21:28:05.682 17828 17828 I AconfigPackage: com.android.uwb.flags is mapped to com.android.uwb
07-06 21:28:05.682 17828 17828 I AconfigPackage: com.android.ranging.flags is mapped to com.android.uwb
07-06 21:28:05.684   491   576 W skia    : AGTM parsing failed flags.readFromStream(s) at 159
07-06 21:28:05.684   491   576 W skia    : AGTM parsing failed flags.readFromStream(s) at 159
07-06 21:28:05.687 17828 17828 I AconfigPackage: com.android.npumanager is mapped to com.android.npumanager
07-06 21:28:05.689 17828 17828 I AconfigPackage: android.graphics.pdf.flags is mapped to com.android.mediaprovider
07-06 21:28:05.689 17828 17828 I AconfigPackage: com.android.providers.media.flags is mapped to com.android.mediaprovider
07-06 21:28:05.689 17828 17828 I AconfigPackage: android.graphics.pdf.flags.readonly is mapped to com.android.mediaprovider
07-06 21:28:05.691 17828 17828 I AconfigPackage: com.android.tethering.mainline.beta is mapped to com.android.tethering
07-06 21:28:05.691 17828 17828 I AconfigPackage: android.net.http is mapped to com.android.tethering
07-06 21:28:05.691 17828 17828 I AconfigPackage: com.android.tethering.readonly.flags is mapped to com.android.tethering
07-06 21:28:05.691 17828 17828 I AconfigPackage: android.net.vcn is mapped to com.android.tethering
07-06 21:28:05.691 17828 17828 I AconfigPackage: com.android.net.flags is mapped to com.android.tethering
07-06 21:28:05.691 17828 17828 I AconfigPackage: com.android.tethering.flags is mapped to com.android.tethering
07-06 21:28:05.691 17828 17828 I AconfigPackage: com.android.tethering.beta.test is mapped to com.android.tethering
07-06 21:28:05.691 17828 17828 I AconfigPackage: com.android.nearby.flags is mapped to com.android.tethering
07-06 21:28:05.691 17828 17828 I AconfigPackage: com.android.net.thread.flags is mapped to com.android.tethering
07-06 21:28:05.691 17828 17828 I AconfigPackage: com.android.net.ct.flags is mapped to com.android.tethering
07-06 21:28:05.691 17828 17828 I AconfigPackage: com.android.system.virtualmachine.flags is mapped to com.android.virt
07-06 21:28:05.692 17828 17828 E FeatureFlagsImplExport: android.os.flagging.AconfigStorageReadException: ERROR_PACKAGE_NOT_FOUND: package android.xr cannot be found on the device
07-06 21:28:05.795 17828 17828 W Monkey  :  arg: "-p"
07-06 21:28:05.795 17828 17828 W Monkey  :  arg: "tech.pathfinder.unveil"
07-06 21:28:05.795 17828 17828 W Monkey  :  arg: "-c"
07-06 21:28:05.795 17828 17828 W Monkey  :  arg: "android.intent.category.LAUNCHER"
07-06 21:28:05.795 17828 17828 W Monkey  :  arg: "1"
07-06 21:28:05.795 17828 17828 W Monkey  : data="tech.pathfinder.unveil"
07-06 21:28:05.795 17828 17828 W Monkey  : data="android.intent.category.LAUNCHER"
07-06 21:28:05.839   491   576 W skia    : AGTM parsing failed flags.readFromStream(s) at 159
07-06 21:28:05.840   491   576 W skia    : AGTM parsing failed flags.readFromStream(s) at 159
07-06 21:28:05.854   637   748 D EventHub: No input device configuration file found for device 'Monkey touch'.
07-06 21:28:05.864   637   748 I EventHub: usingClockIoctl=true
07-06 21:28:05.865   637   748 I EventHub: New device: id=33, fd=562, path='/dev/input/event13', name='Monkey touch', classes=TOUCH | TOUCH_MT, configuration='', keyLayout='', keyCharacterMap='', builtinKeyboard=false, 
07-06 21:28:05.928   637   748 I InputReader: Device reconfigured: id=33, name='Monkey touch', size 1080x2424, orientation Rotation0, mode DIRECT, display id 0
07-06 21:28:05.928   637   748 I InputReader: Device added: id=33, eventHubId=33, name='Monkey touch', descriptor='e1fe28b90f915c7d1febbd52c1ef84b3c4cbed9f',sources=TOUCHSCREEN
07-06 21:28:05.940   491   576 W skia    : AGTM parsing failed flags.readFromStream(s) at 159
07-06 21:28:05.940   491   576 W skia    : AGTM parsing failed flags.readFromStream(s) at 159
07-06 21:28:06.059   637   659 D WindowManager: Direct invocation of sendNewConfiguration: Display{#0 state=ON size=1080x2424 ROTATION_0}
07-06 21:28:06.076   637   659 W libbinder.IPCThreadState: Sending oneway calls to frozen process.
07-06 21:28:06.082   491   576 W skia    : AGTM parsing failed flags.readFromStream(s) at 159
07-06 21:28:06.082   491   576 W skia    : AGTM parsing failed flags.readFromStream(s) at 159
07-06 21:28:06.091  1081  1209 V ShellDesktopMode: DesktopDisplayModeController: canDesktopFirstModeBeEnabledOnDefaultDisplay: isDefaultDisplayDesktopEligible=false
07-06 21:28:06.094  1081  1209 V WindowManagerShell: Directly starting a new transition type=CHANGE wct=WindowContainerTransaction { changes= {android.os.BinderProxy@d8ae4ce={isTaskMoveAllowed:false,}} hops= [] flags= 0 errorCallbackToken=null taskFragmentOrganizer=null } handler=null
07-06 21:28:06.107   637  1376 V WindowManager: deferTransitionReady deferReadyDepth=1 stack=com.android.server.wm.WindowOrganizerController.applyTransaction:717 com.android.server.wm.WindowOrganizerController.applyTransaction:651 com.android.server.wm.WindowOrganizerController.lambda$startTransition$3:388 com.android.server.wm.WindowOrganizerController.$r8$lambda$PHnU0rj5Bcvaq0dL-Wi7kOJt8bo:0 com.android.server.wm.WindowOrganizerController$$ExternalSyntheticLambda5.onCollectStarted:0 
07-06 21:28:06.184   491   576 W skia    : AGTM parsing failed flags.readFromStream(s) at 159
07-06 21:28:06.184   491   576 W skia    : AGTM parsing failed flags.readFromStream(s) at 159
07-06 21:28:06.190   637  1376 V WindowManager: continueTransitionReady deferReadyDepth=0 stack=com.android.server.wm.WindowOrganizerController.applyTransaction:864 com.android.server.wm.WindowOrganizerController.applyTransaction:651 com.android.server.wm.WindowOrganizerController.lambda$startTransition$3:388 com.android.server.wm.WindowOrganizerController.$r8$lambda$PHnU0rj5Bcvaq0dL-Wi7kOJt8bo:0 com.android.server.wm.WindowOrganizerController$$ExternalSyntheticLambda5.onCollectStarted:0 
07-06 21:28:06.237   637  1169 W ActivityManager: registerReceiverWithFeature: no app for null
07-06 21:28:06.243   491   558 I libbinder.BpBinder: onLastStrongRef automatically unlinking death recipients for binder (0xb4007c4064050f80) with descriptor: '(not cached)'
07-06 21:28:06.261   637   656 V WindowManager: Sent Transition (#231) createdAt=07-06 21:28:06.100
07-06 21:28:06.261   637   656 V WindowManager:     startWCT=WindowContainerTransaction { changes= {RemoteToken{e3e5a11 DefaultTaskDisplayArea@82498956}={isTaskMoveAllowed:false,}} hops= [] flags= 0 errorCallbackToken=null taskFragmentOrganizer=null }
07-06 21:28:06.261   637   656 V WindowManager:     info={id=231 t=CHANGE f=0x0 trk=0 r=[] c=[]}
07-06 21:28:06.286 13401 13401 D BoundBrokerSvc: onUnbind: Intent { act=com.google.android.gms.common.telemetry.service.START dat=chimera-action:/... xflg=0x4 cmp=com.google.android.gms/.chimera.PersistentApiService }
07-06 21:28:06.308   637   659 I DisplayDeviceRepository: Display device changed render timings: "Built-in Screen", renderFrameRate=60.000004, presentationDeadlineNanos=16666666, appVsyncOffsetNanos=1000000, frameRateOverrides=[]
07-06 21:28:06.315  1081  1658 V WindowManagerShell: onTransitionReady(transaction=2735894183761)
07-06 21:28:06.321  1081  1209 V WindowManagerShell: onTransitionReady (#231) android.os.BinderProxy@f810308: {id=231 t=CHANGE f=0x0 trk=0 r=[] c=[]}
07-06 21:28:06.328  1081  1209 I ShellTransitions: Transition might be ready out-of-order 1 for (#231) android.os.BinderProxy@f810308@0. This is ok if it's on a different track.
07-06 21:28:06.333   491   576 W skia    : AGTM parsing failed flags.readFromStream(s) at 159
07-06 21:28:06.333   491   576 W skia    : AGTM parsing failed flags.readFromStream(s) at 159
07-06 21:28:06.336  1081  1209 V WindowManagerShell: No transition roots in (#231) android.os.BinderProxy@f810308@0 so abort
07-06 21:28:06.364  1081  1209 V WindowManagerShell: Transition animation finished (aborted=true), notifying core (#231) android.os.BinderProxy@f810308@0
07-06 21:28:06.387   637   656 V WindowManager: Finish Transition (#231): created at 07-06 21:28:06.100 collect-started=1.26ms started=2.042ms ready=89.635ms sent=136.593ms finished=285.997ms
07-06 21:28:06.388  1081  1209 V WindowManagerShell: Track 0 became idle
07-06 21:28:06.394   637   724 W ActivityTaskManager: callingPackage for (uid=2000, pid=17828) has no WPC
07-06 21:28:06.428   637   659 I DisplayDeviceRepository: Display device changed render timings: "Built-in Screen", renderFrameRate=60.000004, presentationDeadlineNanos=16666666, appVsyncOffsetNanos=1000000, frameRateOverrides=[{uid=10165 frameRateHz=60.000004}]
07-06 21:28:06.429   491   576 W skia    : AGTM parsing failed flags.readFromStream(s) at 159
07-06 21:28:06.430   491   576 W skia    : AGTM parsing failed flags.readFromStream(s) at 159
07-06 21:28:06.433   637   724 V GrammaticalInflectionUtils: AttributionSource: android.content.AttributionSource@bd495363 does not have READ_SYSTEM_GRAMMATICAL_GENDER permission.
07-06 21:28:06.437  6278  6278 W NotificationCenter: NotificationCenter$NotificationQueue.notifyPendingNotificationsOnExecutor():877 Heavy notify work detected on UI thread: [nfl->nvd, nfl->htn, nfl->nvd, nfl->iwh, nfl->htn, nfl->nvd] takes 43ms
07-06 21:28:06.443  6278  6278 I PkDeviceHelper: PkDeviceHelper.refreshDevices():87 refreshing devices
07-06 21:28:06.443  6278  6278 I PkDeviceHelper: PkDeviceHelper.addDevice():125 device qwerty2 added
07-06 21:28:06.452   491   557 I libbinder.BpBinder: onLastStrongRef automatically unlinking death recipients for binder (0xb4007c4064050f80) with descriptor: '(not cached)'
07-06 21:28:06.496   637   637 W Looper  : Drained
07-06 21:28:06.498   637   724 D CorePackageUpdate: onRecentTaskRemoved Removing task: 90
07-06 21:28:06.498   637   724 D CorePackageUpdate: Couldn't find a persistent state for task= 90
07-06 21:28:06.501   637   724 V ActivityTaskManager: TaskLaunchParamsModifier: phase=3 task=Task{c0dbd02 #91 type=standard A=10235:tech.pathfinder.unveil} activity=ActivityRecord{215354957 u0 tech.pathfinder.unveil/.MainActivity t-1} display-from-task=0 display-id=0 task-display-area-windowing-mode=1 suggested-display-area=DefaultTaskDisplayArea@82498956 inherit-from-task=fullscreen non-freeform-task-display-area display-area=DefaultTaskDisplayArea@82498956 skip-bounds-fullscreen
07-06 21:28:06.501   637   724 I ActivityTaskManager: START u0 {act=android.intent.action.MAIN cat=[android.intent.category.LAUNCHER] flg=0x10200000 cmp=tech.pathfinder.unveil/.MainActivity} with LAUNCH_SINGLE_TASK from uid 2000 (com.android.shell) (BAL_ALLOW_PERMISSION) result code=0
07-06 21:28:06.506 17828 17828 I Monkey  : Events injected: 1
07-06 21:28:06.506  1081  1209 V WindowManagerShell: Transition requested (#232): android.os.BinderProxy@6a924c6 TransitionRequestInfo { type = OPEN, triggerTask = TaskInfo{userId=0 taskId=91 effectiveUid=10235 displayId=0 isRunning=true baseIntent=Intent { act=android.intent.action.MAIN cat=[android.intent.category.LAUNCHER] flg=0x10200000 cmp=tech.pathfinder.unveil/.MainActivity } baseActivity=ComponentInfo{tech.pathfinder.unveil/tech.pathfinder.unveil.MainActivity} topActivity=ComponentInfo{tech.pathfinder.unveil/tech.pathfinder.unveil.MainActivity} origActivity=null realActivity=ComponentInfo{tech.pathfinder.unveil/tech.pathfinder.unveil.MainActivity} realActivityIsAppLockEnabled=false numActivities=1 lastActiveTime=438576781 supportsMultiWindow=true supportsMultiWindowWithoutConstraints=true resizeMode=1 isResizeable=true minWidth=-1 minHeight=-1 defaultMinSize=220 token=WCT{android.os.BinderProxy@65d2c87} topActivityType=1 pictureInPictureParams=null shouldDockBigOverlays=false launchIntoPipHostTaskId=-1 lastParentTaskIdBeforePip=-1 displayCutoutSafeInsets=Rect(0, 142 - 0, 0) topActivityInfo=ActivityInfo{a747b4 tech.pathfinder.unveil.MainActivity} launchCookies=[] positionInParent=Point(0, 0) parentTaskId=-1 isFocused=false isInteractive=false isVisible=false isVisibleRequested=false isTopActivityNoDisplay=false isSleeping=false locusId=null displayAreaFeatureId=1 isTopActivityTransparent=false isActivityStackTransparent=false lastNonFullscreenBounds=null leafTaskBoundsFromOptions= false capturedLink=null capturedLinkTimestamp=0 requestedVisibleTypes=503 topActivityRequestOpenInBrowserEducationTimestamp=0 appCompatTaskInfo=AppCompatTaskInfo { topActivityInSizeCompat=false isLeafTask= true eligibleForLetterboxEducation= false isLetterboxEducationEnabled= true isLetterboxDoubleTapEnabled= false eligibleForUserAspectRatioButton= false topActivityBoundsLetterboxed= false isFromLetterboxDoubleTap= false topActivityLetterboxVerticalPosition= -1 topActivityLetterboxHorizontalPosition= -1 topActivityLetterboxWidth=-1 topActivityLetterboxHeight=-1 topActivityAppBounds=Rect(0, 0 - 1080, 2424) isUserFullscreenOverrideEnabled=false isSystemFullscreenOverrideEnabled=false hasMinAspectRatioOverride=false topActivityLetterboxBounds=null topNonResizableActivityAspectRatio=-1.0} topActivityMainWindowFrame=null isAppBubble=false}, pipChange = null, remoteTransitionInfo = null, displayChanges = null, requestedLocation = null, userChange = null, windowingLayerChange = null, fullscreenRequestChange = null, flags = 0, debugId = 232 }
07-06 21:28:06.506  1081  1209 W DisconnectHandler: No disconnect change found in the transition, not handling request.
07-06 21:28:06.518  1081  1209 V ShellDesktopMode: DesktopTasksController: skipping handleRequest reason=triggerTask's display doesn't support desktop mode
07-06 21:28:06.548  1081  1209 D ShellSplitScreen: logExit: no-op, mLoggerSessionId is null
07-06 21:28:06.596 17828 17828 I Monkey  : ## Network stats: elapsed time=293ms (0ms mobile, 0ms wifi, 293ms not connected)
07-06 21:28:06.623  1385  1385 D RecentsView: onTaskDisplayChanged: 91, new displayId = 0
07-06 21:28:06.635   637   659 V GrammaticalInflectionUtils: AttributionSource: android.content.AttributionSource@bd495363 does not have READ_SYSTEM_GRAMMATICAL_GENDER permission.
07-06 21:28:06.643 17828 17828 I app_process: System.exit called, status: 0
07-06 21:28:06.644 17828 17828 I AndroidRuntime: VM exiting with result code 0.
07-06 21:28:06.698   637   666 W ActivityManager: Slow operation: 64ms so far, now at startProcess: asking zygote to start proc
07-06 21:28:06.699   637   659 W ActivityManager: Slow operation: 68ms so far, now at startProcess: done starting proc!
07-06 21:28:06.700  1081  1209 V RecentTasksController: Notify recent tasks changed
07-06 21:28:06.700  1385  1385 D RecentTasksList: invalidateLoadedTasks - previous requestLoadId: -1
07-06 21:28:06.700   637  2011 D CompatChangeReporter: Compat change id reported: 377864165; UID 10235; state: ENABLED
07-06 21:28:06.701   637   659 I DisplayDeviceRepository: Display device changed render timings: "Built-in Screen", renderFrameRate=60.000004, presentationDeadlineNanos=16666666, appVsyncOffsetNanos=1000000, frameRateOverrides=[]
07-06 21:28:06.710  4559  4559 I cr_VideoPersist: Attempted picture-in-picture with result: failure
07-06 21:28:06.802  1081  1209 D ShellDesktopMode: DesktopRepository(0): Removes freeform task: taskId=90
07-06 21:28:06.803  1081  1209 W ShellDesktopMode: DesktopRepository(0): No display id found for task: taskId=90
07-06 21:28:06.803  1081  1209 V RecentTasksController: Notify recent tasks changed
07-06 21:28:06.814   637   748 I EventHub: Removing device Monkey touch due to epoll hang-up event.
07-06 21:28:06.814   637   748 I EventHub: Removed device: path=/dev/input/event13 name=Monkey touch id=33 fd=562 classes=TOUCH | TOUCH_MT
07-06 21:28:06.854  1385  1385 D RecentTasksList: invalidateLoadedTasks - previous requestLoadId: -1
07-06 21:28:06.875   637  1169 D CompatChangeReporter: Compat change id reported: 463899193; UID 10235; state: ENABLED
07-06 21:28:06.884   637  1169 W InputChannel-JNI: Channel already disposed.
07-06 21:28:06.949   637  1169 D WindowManager: setClientSurface Surface(name=VRI-Splash Screen tech.pathfinder.unveil#2310)/@0x2aaf181 for c14648b Splash Screen tech.pathfinder.unveil
07-06 21:28:06.956  1081  1276 I Surface : Creating surface for consumer unnamed-1081-92 with slotExpansion=1 for 64 slots
07-06 21:28:06.958  1081  1276 I Surface : Creating surface for consumer VRI[unveil]#76(BLAST Consumer)76 with slotExpansion=1 for 64 slots
07-06 21:28:07.004   637   659 W ActivityTaskManager: Activity top resumed state loss timeout for ActivityRecord{213311616 u0 com.android.chrome/org.chromium.chrome.browser.ChromeTabbedActivity t15}
07-06 21:28:07.004   637   659 W ActivityTaskManager: Activity pause timeout for ActivityRecord{213311616 u0 com.android.chrome/org.chromium.chrome.browser.ChromeTabbedActivity t15}
07-06 21:28:07.006   637   748 I InputReader: Device removed: id=33, eventHubId=33, name='Monkey touch', descriptor='e1fe28b90f915c7d1febbd52c1ef84b3c4cbed9f', sources=TOUCHSCREEN
07-06 21:28:07.115   637   659 I AppsFilter: interaction: PackageSetting{596f414 best.unveil.app/10231} -> PackageSetting{3245226 tech.pathfinder.unveil/10235} BLOCKED
07-06 21:28:07.126   637   748 I EventHub: Removing device '/dev/input/event13' due to inotify event
07-06 21:28:07.139   637   657 W Looper  : Slow delivery took 279ms android.ui app=system_server main=false group=TOP_APP h=com.android.server.am.ActivityManagerService$UiHandler c=com.android.server.am.UidObserverController$$ExternalSyntheticLambda0@fa649fb m=0
07-06 21:28:07.142   525  4987 W libbinder.IPCThreadState: Sending oneway calls to frozen process.
07-06 21:28:07.145   525  4987 W libbinder.IPCThreadState: Sending oneway calls to frozen process.
07-06 21:28:07.162   637   659 W libbinder.IPCThreadState: Sending oneway calls to frozen process.
07-06 21:28:07.168  1081  1209 V ShellDesktopMode: DesktopDisplayModeController: canDesktopFirstModeBeEnabledOnDefaultDisplay: isDefaultDisplayDesktopEligible=false
07-06 21:28:07.168  1081  1209 V WindowManagerShell: Directly starting a new transition type=CHANGE wct=WindowContainerTransaction { changes= {android.os.BinderProxy@d8ae4ce={isTaskMoveAllowed:false,}} hops= [] flags= 0 errorCallbackToken=null taskFragmentOrganizer=null } handler=null
07-06 21:28:07.170   637  2011 V WindowManager: Queueing transition: TransitionRecord{b9c61ac id=-1 type=CHANGE flags=0x0 parallelCollectType=NONE recentsDisplayId=-1}
07-06 21:28:07.179  1081  1081 D NavigationModeController: getCurrentUserContext: contextUser=0 currentUser=0
07-06 21:28:07.217   438   438 D Zygote  : Forked child process 17843
07-06 21:28:07.218   637   666 W ActivityManager: Slow operation: 584ms so far, now at startProcess: returned from zygote!
07-06 21:28:07.220   637   666 W ActivityManager: Slow operation: 586ms so far, now at startProcess: done updating battery stats
07-06 21:28:07.220   637   666 W ActivityManager: Slow operation: 586ms so far, now at startProcess: building log message
07-06 21:28:07.220   637   666 I ActivityManager: Start proc 17843:tech.pathfinder.unveil/u0a235 for next-top-activity {tech.pathfinder.unveil/tech.pathfinder.unveil.MainActivity}
07-06 21:28:07.220   637   666 W ActivityManager: Slow operation: 586ms so far, now at startProcess: starting to update pids map
07-06 21:28:07.220   637   666 W ActivityManager: Slow operation: 586ms so far, now at startProcess: done updating pids map
07-06 21:28:07.292   637  2011 W AutofillManagerServiceImpl: getFillEventHistory() called by UID 10148, which does not belong to service package com.google.android.gms
07-06 21:28:07.292 17843 17843 I libprocessgroup: Created cgroup /sys/fs/cgroup/apps/uid_10235/pid_17843
07-06 21:28:07.301   637   659 W PermissionService: getPermissionFlags: Unknown user -1
07-06 21:28:07.301   637   659 W PermissionService: getPermissionFlags: Unknown user -1
