07-06 21:28:08.621 13401 13411 I FontLog : (REDACTED) Font PFD returned from cache for %s
07-06 21:28:08.622 13401 13411 I FontLog : (REDACTED) Fetch %s end status %s
07-06 21:28:08.627 13401 13411 I FontLog : (REDACTED) Pulling font file for id = %d, cache size = %d
07-06 21:28:08.628 13401 13439 I FontLog : (REDACTED) Received query %s, URI %s
07-06 21:28:08.628 13401 13439 I FontLog : (REDACTED) Query [%s] resolved to %s
07-06 21:28:08.628 13401 13439 I FontLog : (REDACTED) Font PFD returned from cache for %s
07-06 21:28:08.628 13401 13439 I FontLog : (REDACTED) Fetch %s end status %s
07-06 21:28:08.629 13401 13411 I FontLog : (REDACTED) Pulling font file for id = %d, cache size = %d
07-06 21:28:08.635   637   982 I HalDevMgr: bestIfaceCreationProposal is null, requestIface=STA, existingIface=[name=wlan0 type=STA]
07-06 21:28:08.636  1285  1285 I wpa_supplicant: wlan0: CTRL-EVENT-BEACON-LOSS 
07-06 21:28:08.645   637  1169 W ProcessStats: Tracking association SourceState{5a486d7 tech.pathfinder.unveil/10235 BTop #95695} whose proc state 2 is better than process ProcessState{8ebc718 com.google.android.gms/10210 pkg=com.google.android.gms} proc state 14 (5 skipped)
07-06 21:28:08.690   491   576 W skia    : AGTM parsing failed flags.readFromStream(s) at 159
07-06 21:28:08.724   637  2009 D CompatChangeReporter: Compat change id reported: 377864165; UID 10165; state: ENABLED
07-06 21:28:08.725   637  2009 V GrammaticalInflectionUtils: AttributionSource: android.content.AttributionSource@45d617e9 does not have READ_SYSTEM_GRAMMATICAL_GENDER permission.
07-06 21:28:08.725   637  2009 D CompatChangeReporter: Compat change id reported: 358129114; UID 10235; state: ENABLED
07-06 21:28:08.727   491   622 I libbinder.BpBinder: onLastStrongRef automatically unlinking death recipients for binder (0xb4007c406405c030) with descriptor: '(not cached)'
07-06 21:28:08.728   637  2009 V ActivityTaskManager: TaskLaunchParamsModifier: phase=3 task=Task{c0dbd02 #91 type=standard A=10235:tech.pathfinder.unveil} activity=ActivityRecord{169785902 u0 com.android.chrome/com.google.android.apps.chrome.IntentDispatcher t-1} display-area-from-source=DefaultTaskDisplayArea@82498956 display-id=0 task-display-area-windowing-mode=1 suggested-display-area=DefaultTaskDisplayArea@82498956 inherit-from-source=fullscreen non-freeform-task-display-area display-area=DefaultTaskDisplayArea@82498956 skip-bounds-fullscreen
07-06 21:28:08.728   637  2009 I ActivityTaskManager: START u0 {act=android.intent.action.VIEW dat=https://unveil.best/... xflg=0x4 cmp=com.android.chrome/com.google.android.apps.chrome.IntentDispatcher} with LAUNCH_MULTIPLE from uid 10235 (tech.pathfinder.unveil) (sr=215354957) (BAL_ALLOW_VISIBLE_WINDOW) result code=0
07-06 21:28:08.728 17867 17916 E chromium: [ERROR:cc/tiles/tile_manager.cc:1008] WARNING: tile memory limits exceeded, some content may not draw
07-06 21:28:08.728 17867 17916 E chromium: [ERROR:cc/tiles/tile_manager.cc:1008] WARNING: tile memory limits exceeded, some content may not draw
07-06 21:28:08.728  1081  1209 V WindowManagerShell: Transition requested (#234): android.os.BinderProxy@dc690ae TransitionRequestInfo { type = OPEN, triggerTask = TaskInfo{userId=0 taskId=91 effectiveUid=10235 displayId=0 isRunning=true baseIntent=Intent { act=android.intent.action.MAIN cat=[android.intent.category.LAUNCHER] flg=0x10200000 cmp=tech.pathfinder.unveil/.MainActivity } baseActivity=ComponentInfo{tech.pathfinder.unveil/tech.pathfinder.unveil.MainActivity} topActivity=ComponentInfo{com.android.chrome/org.chromium.chrome.browser.document.ChromeLauncherActivity} origActivity=null realActivity=ComponentInfo{tech.pathfinder.unveil/tech.pathfinder.unveil.MainActivity} realActivityIsAppLockEnabled=false numActivities=2 lastActiveTime=438579010 supportsMultiWindow=true supportsMultiWindowWithoutConstraints=true resizeMode=1 isResizeable=true minWidth=-1 minHeight=-1 defaultMinSize=220 token=WCT{android.os.BinderProxy@65d2c87} topActivityType=1 pictureInPictureParams=null shouldDockBigOverlays=false launchIntoPipHostTaskId=-1 lastParentTaskIdBeforePip=-1 displayCutoutSafeInsets=Rect(0, 0 - 0, 0) topActivityInfo=ActivityInfo{234ce4f com.google.android.apps.chrome.IntentDispatcher} launchCookies=[] positionInParent=Point(0, 0) parentTaskId=-1 isFocused=true isInteractive=true isVisible=true isVisibleRequested=true isTopActivityNoDisplay=true isSleeping=false locusId=null displayAreaFeatureId=1 isTopActivityTransparent=true isActivityStackTransparent=false lastNonFullscreenBounds=null leafTaskBoundsFromOptions= false capturedLink=https://unveil.best/ capturedLinkTimestamp=0 requestedVisibleTypes=503 topActivityRequestOpenInBrowserEducationTimestamp=0 appCompatTaskInfo=AppCompatTaskInfo { topActivityInSizeCompat=false isLeafTask= true eligibleForLetterboxEducation= false isLetterboxEducationEnabled= true isLetterboxDoubleTapEnabled= false eligibleForUserAspectRatioButton= false topActivityBoundsLetterboxed= false isFromLetterboxDoubleTap= false topActivityLetterboxVerticalPosition= -1 topActivityLetterboxHorizontalPosition= -1 topActivityLetterboxWidth=-1 topActivityLetterboxHeight=-1 topActivityAppBounds=Rect(0, 0 - 1080, 2424) isUserFullscreenOverrideEnabled=false isSystemFullscreenOverrideEnabled=false hasMinAspectRatioOverride=false topActivityLetterboxBounds=null topNonResizableActivityAspectRatio=-1.0} topActivityMainWindowFrame=null isAppBubble=false}, pipChange = null, remoteTransitionInfo = null, displayChanges = null, requestedLocation = null, userChange = null, windowingLayerChange = null, fullscreenRequestChange = null, flags = 0, debugId = 234 }
07-06 21:28:08.729  1081  1209 W DisconnectHandler: No disconnect change found in the transition, not handling request.
07-06 21:28:08.729  1081  1209 V ShellDesktopMode: DesktopTasksController: skipping handleRequest reason=triggerTask's display doesn't support desktop mode
07-06 21:28:08.729  1081  1209 D ShellSplitScreen: logExit: no-op, mLoggerSessionId is null
07-06 21:28:08.739   637  1169 D CorePackageUpdate: Couldn't find a persistent state for task= 91
07-06 21:28:08.761  4559  4559 I cr_SUCFiltersObserver: setting=browser_content_filters_enabled discarding false
07-06 21:28:08.762  4559  4559 I cr_SUCFiltersObserver: setting=search_content_filters_enabled discarding false
07-06 21:28:08.763  4559  4559 I cr_OfflineDetector: Running updateState mConnectivityDetectorInitialized: true, mTimeWhenLastForegrounded: 438579045, getElapsedTime: 438579045, mTimeWhenLastOfflineNotificationReceived: 52457847, mTimeWhenLastOnline: 52457929, mTimeWhenAirplaneModeToggledOff: 0 mApplicationState: 1, mIsOfflineLastReportedByConnectivityDetector: false, mInAirplaneMode: false mIsEffectivelyOffline: false
07-06 21:28:08.763  4559  4559 I cr_OfflineDetector: updateState(): timeSinceLastForeground: 0, timeSinceOfflineNotificationReceived: 386121198, timeSinceLastOnline: 386121116, timeNeededForForeground: 2000, timeNeededForOffline: -386119198 timeSinceAirplaneModeToggledOff: 438579045 timeNeededAfterConnectionChangeFromOnlineToOffline: -386111116 timeNeededAfterConnectionChangeFromAirplaneToOffline: 0
07-06 21:28:08.764  4559  4559 W cr_ActivityDispatcher: CustomTabsIntent#shouldAlwaysUseBrowserUI() = false
07-06 21:28:08.765  4559  4559 W cr_ActivityDispatcher: CustomTabsIntent#shouldAlwaysUseBrowserUI() = false
07-06 21:28:08.770  4559 11803 W cr_PartnerCustomize: Partner homepage must be HTTP(S) or NewTabPage. Got invalid URL ""
07-06 21:28:08.770   637  1169 V GrammaticalInflectionUtils: AttributionSource: android.content.AttributionSource@45d617e9 does not have READ_SYSTEM_GRAMMATICAL_GENDER permission.
07-06 21:28:08.772   637  1169 D CompatChangeReporter: Compat change id reported: 358129114; UID 10165; state: ENABLED
07-06 21:28:08.776  1081  1209 V RecentTasksController: Notify recent tasks changed
07-06 21:28:08.776  1385  1385 D RecentTasksList: invalidateLoadedTasks - previous requestLoadId: -1
07-06 21:28:08.781   637  2009 W AutofillManagerServiceImpl: getFillEventHistory() called by UID 10148, which does not belong to service package com.google.android.gms
07-06 21:28:08.787   637  1169 V ActivityTaskManager: TaskLaunchParamsModifier: phase=3 task=Task{544c6b9 #15 type=standard A=10165:com.android.chrome} activity=ActivityRecord{206037995 u0 com.android.chrome/org.chromium.chrome.browser.ChromeTabbedActivity t-1} display-area-from-source=DefaultTaskDisplayArea@82498956 display-id=0 task-display-area-windowing-mode=1 suggested-display-area=DefaultTaskDisplayArea@82498956 inherit-from-source=fullscreen non-freeform-task-display-area display-area=DefaultTaskDisplayArea@82498956 skip-bounds-fullscreen
07-06 21:28:08.787   637  1169 I ActivityTaskManager: START u0 {act=android.intent.action.VIEW dat=https://unveil.best/... flg=0x14002000 xflg=0x4 cmp=com.android.chrome/org.chromium.chrome.browser.ChromeTabbedActivity (has extras)} with LAUNCH_SINGLE_INSTANCE_PER_TASK from uid 10165 (com.android.chrome) (sr=169785902) (BAL_ALLOW_VISIBLE_WINDOW) result code=2
07-06 21:28:08.787   637  2009 D CompatChangeReporter: Compat change id reported: 463899193; UID 10165; state: ENABLED
07-06 21:28:08.788  1081  1276 V SnapshotDrawerUtils: Drawing snapshot surface sizeMismatch=true
07-06 21:28:08.789   637  1169 D WindowManager: setClientSurface Surface(name=SnapshotStartingWindow for taskId=15 - task-snapshot-surface#2322)/@0x2bed3c7 for af7e106 SnapshotStartingWindow for taskId=15
07-06 21:28:08.790  1081  1209 D WindowManagerShell: onActivityRestartAttempt: topActivity=ComponentInfo{com.android.chrome/org.chromium.chrome.browser.ChromeTabbedActivity}, wasVisible=false, displayId=0, pipDisplayLayoutState#displayId=0
07-06 21:28:08.803  4559  4559 I cr_ChromeActivity: onNewIntentWithNative: exiting picture in picture if needed
07-06 21:28:08.803  4559  4559 I cr_VideoPersist: Framework exited picture in picture
07-06 21:28:08.803  4559  4559 I cr_VideoPersist: Exited picture in picture with reason: 0
07-06 21:28:08.846  1081  1209 V RecentTasksController: Notify recent tasks changed
07-06 21:28:08.847  1385  1385 D RecentTasksList: invalidateLoadedTasks - previous requestLoadId: -1
07-06 21:28:08.848  1081  1209 V RecentTasksController: generateList(getRecentTasks)
07-06 21:28:08.848  1081  1209 V RecentTasksController: initializeDesksMap - allDeskIds: []
07-06 21:28:08.848  1081  1209 V RecentTasksController: Task 15 is not an active desktop task
07-06 21:28:08.848  1081  1209 V RecentTasksController: Added fullscreen task: 15
07-06 21:28:08.848  1081  1209 V RecentTasksController: Task 91 is not an active desktop task
07-06 21:28:08.848  1081  1209 V RecentTasksController: Added fullscreen task: 91
07-06 21:28:08.848  1081  1209 V RecentTasksController: Task 16 is not an active desktop task
07-06 21:28:08.848  1081  1209 V RecentTasksController: Added fullscreen task: 16
07-06 21:28:08.848  1081  1209 V RecentTasksController: generateList - complete
07-06 21:28:08.849  1385  1440 D PreloadThumbnailUseCase: Preloading thumbnails for task ids: [[id=16 windowingMode=1 user=0 lastActiveTime=5567218] null, [id=91 windowingMode=1 user=0 lastActiveTime=438579066] null, [id=15 windowingMode=1 user=0 lastActiveTime=438576777] null]
07-06 21:28:08.891   637   724 V GrammaticalInflectionUtils: AttributionSource: android.content.AttributionSource@646e6a5e does not have READ_SYSTEM_GRAMMATICAL_GENDER permission.
07-06 21:28:08.967 11891 11891 D Zygote  : Forked child process 17943
07-06 21:28:08.972   637   666 I libprocessgroup: Created cgroup /sys/fs/cgroup/apps/uid_90144
07-06 21:28:08.972 17943 17943 E libc    : SetHeapTaggingLevel: re-enabling tagging after it was disabled is not supported
07-06 21:28:08.973 17943 17943 I Zygote  : Process 17943 created for com.android.chrome:sandboxed_process0:org.chromium.content.app.SandboxedProcessService0:144
07-06 21:28:08.974 17943 17943 I essService0:144: Using generational CollectorTypeCMC GC.
07-06 21:28:08.976 13401 13439 I FontLog : (REDACTED) Received query %s, URI %s
07-06 21:28:08.976 13401 13439 I FontLog : (REDACTED) Query [%s] resolved to %s
07-06 21:28:08.976 13401 13439 I FontLog : (REDACTED) Fetch %s end status %s
07-06 21:28:08.980 13401 13439 I FontLog : (REDACTED) Pulling font file for id = %d, cache size = %d
07-06 21:28:08.984   637   666 I libprocessgroup: Created cgroup /sys/fs/cgroup/apps/uid_90144/pid_17943
07-06 21:28:08.990 17843 17944 I HWUI    : Using FreeType backend (prop=Auto)
07-06 21:28:08.990 17943 17943 D nativeloader: Load libframework-connectivity-tiramisu-jni.so using APEX ns com_android_tethering for caller /apex/com.android.tethering/javalib/framework-connectivity-t.jar: ok
07-06 21:28:09.001 13401 13439 I FontLog : (REDACTED) Pulling font file for id = %d, cache size = %d
07-06 21:28:09.008   637   666 W ActivityManager: Slow operation: 117ms so far, now at startProcess: returned from zygote!
07-06 21:28:09.008   637   666 W ActivityManager: Slow operation: 117ms so far, now at startProcess: done updating battery stats
07-06 21:28:09.008   637   666 W ActivityManager: Slow operation: 117ms so far, now at startProcess: building log message
07-06 21:28:09.008   637   666 I ActivityManager: Start proc 17943:com.android.chrome:sandboxed_process0:org.chromium.content.app.SandboxedProcessService0:144/u0ai144 for bound-service {com.android.chrome/org.chromium.content.app.SandboxedProcessService0:144}
07-06 21:28:09.008   637   666 W ActivityManager: Slow operation: 117ms so far, now at startProcess: starting to update pids map
07-06 21:28:09.008   637   666 W ActivityManager: Slow operation: 117ms so far, now at startProcess: done updating pids map
07-06 21:28:09.022 17943 17943 D ApplicationLoaders: Returning zygote-cached class loader: /system_ext/framework/androidx.window.extensions.jar
07-06 21:28:09.022 17943 17943 D ApplicationLoaders: Returning zygote-cached class loader: /system_ext/framework/androidx.window.sidecar.jar
07-06 21:28:09.159 17943 17943 E ActivityThread: ConnectivityService is null in handleBindApplication!
07-06 21:28:09.166 17943 17943 I LoadedApk: No resource references to update in package com.google.android.trichromelibrary
07-06 21:28:09.201 17943 17943 I cr_SplitCompatApp: version=145.0.7632.218 (763221832) minSdkVersion=29 processName=com.android.chrome:sandboxed_process0:org.chromium.content.app.SandboxedProcessService0:144 isIsolatedProcess=true splits=<none>
07-06 21:28:09.209 17943 17943 I cr_ChildProcessService: Creating new ChildProcessService pid=17943
07-06 21:28:09.239 17943 17957 I cr_LibraryLoader: Successfully loaded native library
07-06 21:28:09.259 17943 17957 I cr_CachingUmaRecorder: Flushed 3 samples from 3 histograms, 0 samples were dropped.
07-06 21:28:09.273   637   659 W ActivityTaskManager: Activity top resumed state loss timeout for ActivityRecord{169785902 u0 com.android.chrome/com.google.android.apps.chrome.IntentDispatcher t91 f}}
07-06 21:28:09.290  4559  4559 I cr_VideoPersist: Dismiss activity with reason 4
07-06 21:28:09.291   637   659 W ActivityTaskManager: Activity pause timeout for ActivityRecord{169785902 u0 com.android.chrome/com.google.android.apps.chrome.IntentDispatcher t91 f}}
07-06 21:28:09.300 17943 17957 W chromium: [WARNING:content/app/android/content_main_android.cc:82] android_setCpu already initialized
07-06 21:28:09.305   525  4987 W libbinder.IPCThreadState: Sending oneway calls to frozen process.
07-06 21:28:09.306   525  4987 W libbinder.IPCThreadState: Sending oneway calls to frozen process.
07-06 21:28:09.319  1081  2097 V WindowManagerShell: onTransitionReady(transaction=2735894183935)
07-06 21:28:09.319  1081  1209 V WindowManagerShell: onTransitionReady (#234) android.os.BinderProxy@dc690ae: {id=234 t=OPEN f=0x0 trk=0 r=[0@Point(0, 0)] c=[
07-06 21:28:09.319  1081  1209 V WindowManagerShell:         {m=TO_FRONT f=MOVE_TO_TOP|FLAG_CHANGED_INTERACTIVE leash=Surface(name=Task=15#505)/@0xd63847 sb=Rect(0, 0 - 1080, 2424) eb=Rect(0, 0 - 1080, 2424) epz=Point(1080, 2424) d=0 taskParent=-1 winMode=1 userId=0},
07-06 21:28:09.319  1081  1209 V WindowManagerShell:         {m=TO_BACK f=FLAG_CHANGED_INTERACTIVE leash=Surface(name=Task=91#2307)/@0xe45c874 sb=Rect(0, 0 - 1080, 2424) eb=Rect(0, 0 - 1080, 2424) epz=Point(1080, 2424) d=0 taskParent=-1 winMode=1 userId=0}
07-06 21:28:09.319  1081  1209 V WindowManagerShell:     ]}
07-06 21:28:09.320  1081  1209 V WindowManagerShell: Playing animation for (#234) android.os.BinderProxy@dc690ae@0
07-06 21:28:09.320  1081  1209 D ShellSplitScreen: startAnimation: transition=234 isSplitActive=false
07-06 21:28:09.320  1081  1209 V ShellRecents: RecentsTransitionHandler.startAnimation: no controller found
07-06 21:28:09.321  1081  1209 V ShellDesktopMode: DesktopMixedTransitionHandler: No pending desktop transition
07-06 21:28:09.321  1081  1209 V WindowManagerShell: Transition doesn't have explicit remote, search filters for match for {id=234 t=OPEN f=0x0 trk=0 r=[0@Point(0, 0)] c=[{m=TO_FRONT f=MOVE_TO_TOP|FLAG_CHANGED_INTERACTIVE leash=Surface(name=Task=15#505)/@0xd63847 sb=Rect(0, 0 - 1080, 2424) eb=Rect(0, 0 - 1080, 2424) epz=Point(1080, 2424) d=0 taskParent=-1 winMode=1 userId=0},{m=TO_BACK f=FLAG_CHANGED_INTERACTIVE leash=Surface(name=Task=91#2307)/@0xe45c874 sb=Rect(0, 0 - 1080, 2424) eb=Rect(0, 0 - 1080, 2424) epz=Point(1080, 2424) d=0 taskParent=-1 winMode=1 userId=0}]}
07-06 21:28:09.322  1081  1209 V WindowManagerShell:  Checking filter Pair{{types=[] flags=0x0 notFlags=0x0 checks=[{atype=undefined independent=true modes=[CLOSE,TO_BACK] flags=IN_TASK_WITH_EMBEDDED_ACTIVITY mustBeTask=false order=ANY topActivity=null launchCookie=null taskFragmentToken=android.os.BinderProxy@4a2f7ab windowingMode=undefined isCrossDisplayMove=false}]} RemoteTransition { remoteTransition = android.window.IRemoteTransition$Stub$Proxy@a1bbe08, appThread = android.app.IApplicationThread$Stub$Proxy@3e689a1, debugName = overlayBackTransition, filter = {types=[] flags=0x0 notFlags=0x0 checks=[{atype=undefined independent=true modes=[CLOSE,TO_BACK] flags=IN_TASK_WITH_EMBEDDED_ACTIVITY mustBeTask=false order=ANY topActivity=null launchCookie=null taskFragmentToken=android.os.BinderProxy@4a2f7ab windowingMode=undefined isCrossDisplayMove=false}]} }}
07-06 21:28:09.322  1081  1209 V WindowManagerShell:  Checking filter Pair{{types=[] flags=0x0 notFlags=0x0 checks=[{atype=dream independent=true modes=[OPEN,TO_FRONT] flags=NONE mustBeTask=false order=ANY topActivity=null launchCookie=null windowingMode=undefined isCrossDisplayMove=false},{atype=home independent=true modes=[CLOSE,TO_BACK] flags=NONE mustBeTask=false order=ANY topActivity=null launchCookie=null windowingMode=undefined isCrossDisplayMove=false}]} RemoteTransition { remoteTransition = android.window.IRemoteTransition$Stub$Proxy@a9dd7c6, appThread = android.app.IApplicationThread$Stub$Proxy@6176387, debugName = LauncherToDream, filter = {types=[] flags=0x0 notFlags=0x0 checks=[{atype=dream independent=true modes=[OPEN,TO_FRONT] flags=NONE mustBeTask=false order=ANY topActivity=null launchCookie=null windowingMode=undefined isCrossDisplayMove=false},{atype=home independent=true modes=[CLOSE,TO_BACK] flags=NONE mustBeTask=false order=ANY topActivity=null launchCookie=null windowingMode=undefined isCrossDisplayMove=false}]} }}
07-06 21:28:09.322  1081  1209 V WindowManagerShell:  Checking filter Pair{{types=[] flags=0x0 notFlags=0x0 checks=[{atype=standard independent=false modes=[CHANGE] flags=NONE mustBeTask=true order=ANY topActivity=null launchCookie=null windowingMode=undefined isCrossDisplayMove=true}]} RemoteTransition { remoteTransition = android.window.IRemoteTransition$Stub$Proxy@9b2b2b4, appThread = android.app.IApplicationThread$Stub$Proxy@ec11edd, debugName = QuickstepDisplayMove, filter = {types=[] flags=0x0 notFlags=0x0 checks=[{atype=standard independent=false modes=[CHANGE] flags=NONE mustBeTask=true order=ANY topActivity=null launchCookie=null windowingMode=undefined isCrossDisplayMove=true}]} }}
07-06 21:28:09.323  1081  1209 V WindowManagerShell:  Checking filter Pair{{types=[] flags=0x0 notFlags=0x100 checks=[{atype=home independent=true modes=[OPEN,TO_FRONT] flags=NONE mustBeTask=false order=ANY topActivity=ComponentInfo{com.google.android.apps.nexuslauncher/com.google.android.apps.nexuslauncher.NexusLauncherActivity} launchCookie=null windowingMode=undefined isCrossDisplayMove=false},{atype=standard independent=true modes=[CLOSE,TO_BACK] flags=NONE mustBeTask=false order=ANY topActivity=null launchCookie=null windowingMode=undefined isCrossDisplayMove=false},{NOT atype=undefined independent=true modes=[] flags=NONE mustBeTask=true order=ANY topActivity=null launchCookie=null customAnim=true windowingMode=undefined isCrossDisplayMove=false}]} RemoteTransition { remoteTransition = android.window.IRemoteTransition$Stub$Proxy@b8faa52, appThread = android.app.IApplicationThread$Stub$Proxy@f7cb123, debugName = QuickstepLaunchHome, filter = {types=[] flags=0x0 notFlags=0x100 checks=[{atype=home independent=true modes=[OPEN,TO_FRONT] flags=NONE mustBeTask=false order=ANY topActivity=ComponentInfo{com.google.android.apps.nexuslauncher/com.google.android.apps.nexuslauncher.NexusLauncherActivity} launchCookie=null windowingMode=undefined isCrossDisplayMove=false},{atype=standard independent=true modes=[CLOSE,TO_BACK] flags=NONE mustBeTask=false order=ANY topActivity=null launchCookie=null windowingMode=undefined isCrossDisplayMove=false},{NOT atype=undefined independent=true modes=[] flags=NONE mustBeTask=true order=ANY topActivity=null launchCookie=null customAnim=true windowingMode=undefined isCrossDisplayMove=false}]} }}
07-06 21:28:09.323  1081  1209 V WindowManagerShell:  Checking filter Pair{{types=[OPEN,TO_FRONT] flags=0x0 notFlags=0x0 checks=[{atype=standard independent=true modes=[OPEN,TO_FRONT] flags=NONE mustBeTask=true order=ANY topActivity=null launchCookie=null windowingMode=freeform isCrossDisplayMove=false}]} RemoteTransition { remoteTransition = android.window.IRemoteTransition$Stub$Proxy@ef28abc, appThread = null, debugName = DesktopWindowLimitUnminimize, filter = {types=[OPEN,TO_FRONT] flags=0x0 notFlags=0x0 checks=[{atype=standard independent=true modes=[OPEN,TO_FRONT] flags=NONE mustBeTask=true order=ANY topActivity=null launchCookie=null windowingMode=freeform isCrossDisplayMove=false}]} }}
07-06 21:28:09.323  1081  1209 V WindowManagerShell:  Delegate animation for (#234) to null
07-06 21:28:09.323  1081  1209 V WindowManagerShell: start default transition animation, info = {id=234 t=OPEN f=0x0 trk=0 r=[0@Point(0, 0)] c=[{m=TO_FRONT f=MOVE_TO_TOP|FLAG_CHANGED_INTERACTIVE leash=Surface(name=Task=15#505)/@0xd63847 sb=Rect(0, 0 - 1080, 2424) eb=Rect(0, 0 - 1080, 2424) epz=Point(1080, 2424) d=0 taskParent=-1 winMode=1 userId=0},{m=TO_BACK f=FLAG_CHANGED_INTERACTIVE leash=Surface(name=Task=91#2307)/@0xe45c874 sb=Rect(0, 0 - 1080, 2424) eb=Rect(0, 0 - 1080, 2424) epz=Point(1080, 2424) d=0 taskParent=-1 winMode=1 userId=0}]}
07-06 21:28:09.324  1081  1209 V WindowManagerShell: loadAnimation: anim=android.view.animation.AnimationSet@a791612 animAttr=0x9 type=OPEN isEntrance=false
07-06 21:28:09.325   491   576 W skia    : AGTM parsing failed flags.readFromStream(s) at 159
07-06 21:28:09.325   491   576 W skia    : AGTM parsing failed flags.readFromStream(s) at 159
07-06 21:28:09.327  1081  1209 V WindowManagerShell: loadAnimation: anim=android.view.animation.AnimationSet@e3411e3 animAttr=0x8 type=OPEN isEntrance=true
07-06 21:28:09.345  1081  1209 V WindowManagerShell:  animated by com.android.wm.shell.transition.DefaultTransitionHandler@107fa3e
07-06 21:28:09.385   491   576 W skia    : AGTM parsing failed flags.readFromStream(s) at 159
07-06 21:28:09.385   491   576 W skia    : AGTM parsing failed flags.readFromStream(s) at 159
07-06 21:28:09.388   453   453 I RanchuHwc: logCompositionFallbackIfChanged: layer 421 CompositionType fallback from 3 to 1
07-06 21:28:09.402   491   576 W skia    : AGTM parsing failed flags.readFromStream(s) at 159
07-06 21:28:09.402   491   576 W skia    : AGTM parsing failed flags.readFromStream(s) at 159
07-06 21:28:09.402   491   576 W skia    : AGTM parsing failed flags.readFromStream(s) at 159
07-06 21:28:09.402   491   576 W skia    : AGTM parsing failed flags.readFromStream(s) at 159
07-06 21:28:09.402   491   576 W skia    : AGTM parsing failed flags.readFromStream(s) at 159
07-06 21:28:09.402   491   576 W skia    : AGTM parsing failed flags.readFromStream(s) at 159
07-06 21:28:09.439   491   576 W skia    : AGTM parsing failed flags.readFromStream(s) at 159
07-06 21:28:09.439   491   576 W skia    : AGTM parsing failed flags.readFromStream(s) at 159
07-06 21:28:09.439   491   576 W skia    : AGTM parsing failed flags.readFromStream(s) at 159
07-06 21:28:09.439   491   576 W skia    : AGTM parsing failed flags.readFromStream(s) at 159
07-06 21:28:09.439   491   576 W skia    : AGTM parsing failed flags.readFromStream(s) at 159
07-06 21:28:09.439   491   576 W skia    : AGTM parsing failed flags.readFromStream(s) at 159
07-06 21:28:09.494   491   576 W skia    : AGTM parsing failed flags.readFromStream(s) at 159
07-06 21:28:09.494   491   576 W skia    : AGTM parsing failed flags.readFromStream(s) at 159
07-06 21:28:09.495   491   576 W skia    : AGTM parsing failed flags.readFromStream(s) at 159
07-06 21:28:09.495   491   576 W skia    : AGTM parsing failed flags.readFromStream(s) at 159
07-06 21:28:09.495   491   576 W skia    : AGTM parsing failed flags.readFromStream(s) at 159
07-06 21:28:09.495   491   576 W skia    : AGTM parsing failed flags.readFromStream(s) at 159
07-06 21:28:09.495   491   576 W skia    : AGTM parsing failed flags.readFromStream(s) at 159
07-06 21:28:09.516   491   576 W skia    : AGTM parsing failed flags.readFromStream(s) at 159
07-06 21:28:09.516   491   576 W skia    : AGTM parsing failed flags.readFromStream(s) at 159
07-06 21:28:09.516   491   576 W skia    : AGTM parsing failed flags.readFromStream(s) at 159
07-06 21:28:09.516   491   576 W skia    : AGTM parsing failed flags.readFromStream(s) at 159
07-06 21:28:09.516   491   576 W skia    : AGTM parsing failed flags.readFromStream(s) at 159
07-06 21:28:09.516   491   576 W skia    : AGTM parsing failed flags.readFromStream(s) at 159
07-06 21:28:09.516   491   576 W skia    : AGTM parsing failed flags.readFromStream(s) at 159
07-06 21:28:09.516   637   656 V WindowManager: Sent Transition (#234) createdAt=07-06 21:28:08.725 via request=TransitionRequestInfo { type = OPEN, triggerTask = TaskInfo{userId=0 taskId=91 effectiveUid=10235 displayId=0 isRunning=true baseIntent=Intent { act=android.intent.action.MAIN cat=[android.intent.category.LAUNCHER] flg=0x10200000 cmp=tech.pathfinder.unveil/.MainActivity } baseActivity=ComponentInfo{tech.pathfinder.unveil/tech.pathfinder.unveil.MainActivity} topActivity=ComponentInfo{com.android.chrome/org.chromium.chrome.browser.document.ChromeLauncherActivity} origActivity=null realActivity=ComponentInfo{tech.pathfinder.unveil/tech.pathfinder.unveil.MainActivity} realActivityIsAppLockEnabled=false numActivities=2 lastActiveTime=438579010 supportsMultiWindow=true supportsMultiWindowWithoutConstraints=true resizeMode=1 isResizeable=true minWidth=-1 minHeight=-1 defaultMinSize=220 token=WCT{RemoteToken{ad73a44 Task{c0dbd02 #91 type=standard A=10235:tech.pathfinder.unveil}}} topActivityType=1 pictureInPictureParams=null shouldDockBigOverlays=false launchIntoPipHostTaskId=-1 lastParentTaskIdBeforePip=-1 displayCutoutSafeInsets=Rect(0, 0 - 0, 0) topActivityInfo=ActivityInfo{4fb8cf0 com.google.android.apps.chrome.IntentDispatcher} launchCookies=[] positionInParent=Point(0, 0) parentTaskId=-1 isFocused=true isInteractive=true isVisible=true isVisibleRequested=true isTopActivityNoDisplay=true isSleeping=false locusId=null displayAreaFeatureId=1 isTopActivityTransparent=true isActivityStackTransparent=false lastNonFullscreenBounds=null leafTaskBoundsFromOptions= false capturedLink=https://unveil.best/ capturedLinkTimestamp=0 requestedVisibleTypes=503 topActivityRequestOpenInBrowserEducationTimestamp=0 appCompatTaskInfo=AppCompatTaskInfo { topActivityInSizeCompat=false isLeafTask= true eligibleForLetterboxEducation= false isLetterboxEducationEnabled= true isLetterboxDoubleTapEnabled= false eligibleForUserAspectRatioButton= false topActivityBoundsLetterboxed= false isFromLetterboxDoubleTap= false topActivityLetterboxVerticalPosition= -1 topActivityLetterboxHorizontalPosition= -1 topActivityLetterboxWidth=-1 topActivityLetterboxHeight=-1 topActivityAppBounds=Rect(0, 0 - 1080, 2424) isUserFullscreenOverrideEnabled=false isSystemFullscreenOverrideEnabled=false hasMinAspectRatioOverride=false topActivityLetterboxBounds=null topNonResizableActivityAspectRatio=-1.0} topActivityMainWindowFrame=null isAppBubble=false}, pipChange = null, remoteTransitionInfo = null, displayChanges = null, requestedLocation = null, userChange = null, windowingLayerChange = null, fullscreenRequestChange = null, flags = 0, debugId = 234 }
07-06 21:28:09.517   637   656 V WindowManager:     startWCT=WindowContainerTransaction { changes= {} hops= [] flags= 0 errorCallbackToken=null taskFragmentOrganizer=null }
07-06 21:28:09.517   637   656 V WindowManager:     info={id=234 t=OPEN f=0x0 trk=0 r=[0@Point(0, 0)] c=[
07-06 21:28:09.517   637   656 V WindowManager:         {WCT{RemoteToken{a185b61 Task{544c6b9 #15 type=standard A=10165:com.android.chrome}}} m=TO_FRONT f=MOVE_TO_TOP|FLAG_CHANGED_INTERACTIVE leash=Surface(name=Task=15#505)/@0x1ad70dc sb=Rect(0, 0 - 1080, 2424) eb=Rect(0, 0 - 1080, 2424) epz=Point(1080, 2424) d=0 taskParent=-1 winMode=1 userId=0},
07-06 21:28:09.517   637   656 V WindowManager:         {WCT{RemoteToken{ad73a44 Task{c0dbd02 #91 type=standard A=10235:tech.pathfinder.unveil}}} m=TO_BACK f=FLAG_CHANGED_INTERACTIVE leash=Surface(name=Task=91#2307)/@0xe923cf1 sb=Rect(0, 0 - 1080, 2424) eb=Rect(0, 0 - 1080, 2424) epz=Point(1080, 2424) d=0 taskParent=-1 winMode=1 userId=0}
07-06 21:28:09.517   637   656 V WindowManager:     ]}
07-06 21:28:09.521   637  1169 W AutofillManagerServiceImpl: getFillEventHistory() called by UID 10148, which does not belong to service package com.google.android.gms
07-06 21:28:09.525  1081  1209 V RecentTasksController: Notify recent tasks changed
07-06 21:28:09.532  1385  1385 D RecentTasksList: invalidateLoadedTasks - previous requestLoadId: -1
07-06 21:28:09.553  1081  1209 V RecentTasksController: generateList(getRecentTasks)
07-06 21:28:09.557   491   576 W skia    : AGTM parsing failed flags.readFromStream(s) at 159
07-06 21:28:09.557   491   576 W skia    : AGTM parsing failed flags.readFromStream(s) at 159
07-06 21:28:09.557   491   576 W skia    : AGTM parsing failed flags.readFromStream(s) at 159
07-06 21:28:09.557   491   576 W skia    : AGTM parsing failed flags.readFromStream(s) at 159
07-06 21:28:09.557   491   576 W skia    : AGTM parsing failed flags.readFromStream(s) at 159
07-06 21:28:09.557   491   576 W skia    : AGTM parsing failed flags.readFromStream(s) at 159
07-06 21:28:09.557   491   576 W skia    : AGTM parsing failed flags.readFromStream(s) at 159
07-06 21:28:09.559  1081  1209 V RecentTasksController: initializeDesksMap - allDeskIds: []
07-06 21:28:09.569  1081  1209 V RecentTasksController: Task 15 is not an active desktop task
07-06 21:28:09.585   491   576 W skia    : AGTM parsing failed flags.readFromStream(s) at 159
07-06 21:28:09.585   491   576 W skia    : AGTM parsing failed flags.readFromStream(s) at 159
07-06 21:28:09.586   491   576 W skia    : AGTM parsing failed flags.readFromStream(s) at 159
07-06 21:28:09.586   491   576 W skia    : AGTM parsing failed flags.readFromStream(s) at 159
07-06 21:28:09.586   491   576 W skia    : AGTM parsing failed flags.readFromStream(s) at 159
07-06 21:28:09.586   491   576 W skia    : AGTM parsing failed flags.readFromStream(s) at 159
07-06 21:28:09.586   491   576 W skia    : AGTM parsing failed flags.readFromStream(s) at 159
07-06 21:28:09.607  1081  1209 V RecentTasksController: Added fullscreen task: 15
07-06 21:28:09.607  1081  1209 V RecentTasksController: Task 91 is not an active desktop task
07-06 21:28:09.607  1081  1209 V RecentTasksController: Added fullscreen task: 91
07-06 21:28:09.607  1081  1209 V RecentTasksController: Task 16 is not an active desktop task
07-06 21:28:09.607  1081  1209 V RecentTasksController: Added fullscreen task: 16
07-06 21:28:09.607  1081  1209 V RecentTasksController: generateList - complete
07-06 21:28:09.608   491   576 W skia    : AGTM parsing failed flags.readFromStream(s) at 159
07-06 21:28:09.612   491   576 W skia    : AGTM parsing failed flags.readFromStream(s) at 159
07-06 21:28:09.612   491   576 W skia    : AGTM parsing failed flags.readFromStream(s) at 159
07-06 21:28:09.612   491   576 W skia    : AGTM parsing failed flags.readFromStream(s) at 159
07-06 21:28:09.612   491   576 W skia    : AGTM parsing failed flags.readFromStream(s) at 159
07-06 21:28:09.612   491   576 W skia    : AGTM parsing failed flags.readFromStream(s) at 159
07-06 21:28:09.612   491   576 W skia    : AGTM parsing failed flags.readFromStream(s) at 159
07-06 21:28:09.612   491   576 W skia    : AGTM parsing failed flags.readFromStream(s) at 159
07-06 21:28:09.623  4559  4559 I Choreographer: Skipped 40 frames!  The application may be doing too much work on its main thread.
07-06 21:28:09.643   491   576 W skia    : AGTM parsing failed flags.readFromStream(s) at 159
07-06 21:28:09.643   491   576 W skia    : AGTM parsing failed flags.readFromStream(s) at 159
07-06 21:28:09.643   491   576 W skia    : AGTM parsing failed flags.readFromStream(s) at 159
07-06 21:28:09.643   491   576 W skia    : AGTM parsing failed flags.readFromStream(s) at 159
07-06 21:28:09.643   491   576 W skia    : AGTM parsing failed flags.readFromStream(s) at 159
07-06 21:28:09.643   491   576 W skia    : AGTM parsing failed flags.readFromStream(s) at 159
07-06 21:28:09.643   491   576 W skia    : AGTM parsing failed flags.readFromStream(s) at 159
07-06 21:28:09.666  4559  4559 I ImeTracker: com.android.chrome:13d8bc57: onRequestHide at ORIGIN_CLIENT reason HIDE_CLOSE_CURRENT_SESSION fromUser false userId 0 displayId 0
07-06 21:28:09.666  4559  4559 D InsetsController: hide(ime())
07-06 21:28:09.667  4559  4559 I ImeTracker: com.android.chrome:13d8bc57: onCancelled at PHASE_CLIENT_ALREADY_HIDDEN
07-06 21:28:09.669   491   576 W skia    : AGTM parsing failed flags.readFromStream(s) at 159
07-06 21:28:09.669   491   576 W skia    : AGTM parsing failed flags.readFromStream(s) at 159
07-06 21:28:09.669   491   576 W skia    : AGTM parsing failed flags.readFromStream(s) at 159
07-06 21:28:09.669   491   576 W skia    : AGTM parsing failed flags.readFromStream(s) at 159
07-06 21:28:09.669   491   576 W skia    : AGTM parsing failed flags.readFromStream(s) at 159
07-06 21:28:09.689  1385  1440 D PreloadThumbnailUseCase: Preloading thumbnails for task ids: [[id=16 windowingMode=1 user=0 lastActiveTime=5567218] null, [id=91 windowingMode=1 user=0 lastActiveTime=438579066] null, [id=15 windowingMode=1 user=0 lastActiveTime=438579589] null]
07-06 21:28:09.692   491   576 W skia    : AGTM parsing failed flags.readFromStream(s) at 159
07-06 21:28:09.692   491   576 W skia    : AGTM parsing failed flags.readFromStream(s) at 159
07-06 21:28:09.692   491   576 W skia    : AGTM parsing failed flags.readFromStream(s) at 159
07-06 21:28:09.692   491   576 W skia    : AGTM parsing failed flags.readFromStream(s) at 159
07-06 21:28:09.694   491   576 W skia    : AGTM parsing failed flags.readFromStream(s) at 159
07-06 21:28:09.716   491   576 W skia    : AGTM parsing failed flags.readFromStream(s) at 159
07-06 21:28:09.716   491   576 W skia    : AGTM parsing failed flags.readFromStream(s) at 159
07-06 21:28:09.716   491   576 W skia    : AGTM parsing failed flags.readFromStream(s) at 159
07-06 21:28:09.716   491   576 W skia    : AGTM parsing failed flags.readFromStream(s) at 159
07-06 21:28:09.716   491   576 W skia    : AGTM parsing failed flags.readFromStream(s) at 159
07-06 21:28:09.746   491   576 W skia    : AGTM parsing failed flags.readFromStream(s) at 159
07-06 21:28:09.746   491   576 W skia    : AGTM parsing failed flags.readFromStream(s) at 159
07-06 21:28:09.746   491   576 W skia    : AGTM parsing failed flags.readFromStream(s) at 159
07-06 21:28:09.746   491   576 W skia    : AGTM parsing failed flags.readFromStream(s) at 159
07-06 21:28:09.746   491   576 W skia    : AGTM parsing failed flags.readFromStream(s) at 159
07-06 21:28:09.769   491   576 W skia    : AGTM parsing failed flags.readFromStream(s) at 159
07-06 21:28:09.769   491   576 W skia    : AGTM parsing failed flags.readFromStream(s) at 159
07-06 21:28:09.769   491   576 W skia    : AGTM parsing failed flags.readFromStream(s) at 159
07-06 21:28:09.769   491   576 W skia    : AGTM parsing failed flags.readFromStream(s) at 159
07-06 21:28:09.770   491   576 W skia    : AGTM parsing failed flags.readFromStream(s) at 159
07-06 21:28:09.795   491   576 W skia    : AGTM parsing failed flags.readFromStream(s) at 159
07-06 21:28:09.795   491   576 W skia    : AGTM parsing failed flags.readFromStream(s) at 159
07-06 21:28:09.795   491   576 W skia    : AGTM parsing failed flags.readFromStream(s) at 159
07-06 21:28:09.795   491   576 W skia    : AGTM parsing failed flags.readFromStream(s) at 159
07-06 21:28:09.795   491   576 W skia    : AGTM parsing failed flags.readFromStream(s) at 159
07-06 21:28:09.813   491   576 W skia    : AGTM parsing failed flags.readFromStream(s) at 159
07-06 21:28:09.821   491   576 W skia    : AGTM parsing failed flags.readFromStream(s) at 159
07-06 21:28:09.822   491   576 W skia    : AGTM parsing failed flags.readFromStream(s) at 159
07-06 21:28:09.822   491   576 W skia    : AGTM parsing failed flags.readFromStream(s) at 159
07-06 21:28:09.822   491   576 W skia    : AGTM parsing failed flags.readFromStream(s) at 159
07-06 21:28:09.822   491   576 W skia    : AGTM parsing failed flags.readFromStream(s) at 159
07-06 21:28:09.839 17843 17843 I Choreographer: Skipped 36 frames!  The application may be doing too much work on its main thread.
07-06 21:28:09.881   491   576 W skia    : AGTM parsing failed flags.readFromStream(s) at 159
07-06 21:28:09.881   491   576 W skia    : AGTM parsing failed flags.readFromStream(s) at 159
07-06 21:28:09.881   491   576 W skia    : AGTM parsing failed flags.readFromStream(s) at 159
07-06 21:28:09.881   491   576 W skia    : AGTM parsing failed flags.readFromStream(s) at 159
07-06 21:28:09.881   491   576 W skia    : AGTM parsing failed flags.readFromStream(s) at 159
07-06 21:28:09.888  1081  1209 V WindowManagerShell: Transition animation finished (aborted=false), notifying core (#234) android.os.BinderProxy@dc690ae@0
07-06 21:28:09.893   637   656 V WindowManager: Finish Transition (#234): created at 07-06 21:28:08.725 collect-started=0.023ms request-sent=2.2ms started=4.419ms ready=584.264ms sent=589.36ms commit=39.971ms finished=1167.308ms
07-06 21:28:09.904  1081  1209 V WindowManagerShell: Track 0 became idle
07-06 21:28:09.964   637  1063 I Surface : Creating surface for consumer unnamed-637-91 with slotExpansion=1 for 64 slots
07-06 21:28:09.964   637  1063 I Surface : Creating surface for consumer ImageReader-864x1939f1m1-637-89 with slotExpansion=1 for 64 slots
07-06 21:28:09.965   637  1063 W ImageReader_JNI: Unable to acquire a buffer item, very likely client tried to acquire more than maxImages buffers
07-06 21:28:09.968 17843 17852 I HWUI    : Davey! duration=808ms; Flags=0, FrameTimelineVsyncId=2925993, IntendedVsync=438579353251322, Vsync=438579486584650, InputEventId=0, HandleInputStart=438579491661954, AnimationStart=438579491663121, PerformTraversalsStart=438579491843996, DrawStart=438579491880329, FrameDeadline=438579536584648, FrameStartTime=438579491110454, FrameInterval=16666666, WorkloadTarget=16666666, AnimationTime=438579486584650, SyncQueued=438579492080288, SyncStart=438579494447788, IssueDrawCommandsStart=438579494498746, SwapBuffers=438580103228246, FrameCompleted=438580163845996, DequeueBufferDuration=3750, QueueBufferDuration=1282917, GpuCompleted=438580163845996, SwapBuffersCompleted=438580118045955, DisplayPresentTime=0, CommandSubmissionCompleted=438580103228246, 
07-06 21:28:09.970   491   576 W skia    : AGTM parsing failed flags.readFromStream(s) at 159
07-06 21:28:10.005 17843 17843 D VRI[MainActivity]: visibilityChanged oldVisibility=true newVisibility=false
07-06 21:28:10.070   491   576 W skia    : AGTM parsing failed flags.readFromStream(s) at 159
07-06 21:28:10.159   637  1063 E ConsumerBase: [ImageReader-864x1939f1m1-637-89] abandonLocked: ConsumerBase is abandoned!
07-06 21:28:10.167  4559  4559 D ViewRootImpl: Skipping stats log for color mode
07-06 21:28:10.172  4559 11805 W chromium: [WARNING:net/cert/ev_root_ca_metadata.cc:118] Not implemented
07-06 21:28:10.181   491   576 W skia    : AGTM parsing failed flags.readFromStream(s) at 159
07-06 21:28:10.194  4559  4559 W cr_ActivityDispatcher: CustomTabsIntent#shouldAlwaysUseBrowserUI() = false
07-06 21:28:10.195   525  8143 W libbinder.IPCThreadState: Sending oneway calls to frozen process.
07-06 21:28:10.195   525  8143 W libbinder.IPCThreadState: Sending oneway calls to frozen process.
07-06 21:28:10.202  4559 11802 W cr_PartnerCustomize: Partner homepage must be HTTP(S) or NewTabPage. Got invalid URL ""
07-06 21:28:10.212  4559  4559 I cr_A11yState: Enabled accessibility services list updated. []
07-06 21:28:10.224  4559  4559 I cr_A11yState: Informing listeners of changes.
07-06 21:28:10.224  4559  4559 I cr_A11yState: New AccessibilityState: State{isComplexUserInteractionServiceEnabled=false, isTouchExplorationEnabled=false, isPerformGesturesEnabled=false, isAnyAccessibilityServiceEnabled=false, isAccessibilityToolPresent=false, isTextShowPasswordEnabled=true, isOnlyAutofillRunning=false, isOnlyPasswordManagersEnabled=false, isKnownScreenReaderEnabled=false}
07-06 21:28:10.317   491   576 W skia    : AGTM parsing failed flags.readFromStream(s) at 159
07-06 21:28:10.407  4559  4559 I cr_InactivityTracker: Last background time read from the SharedPreference is:1783391286884.
07-06 21:28:10.414  4559  4559 I cr_ChromeActivity: onResumeWithNative: exiting picture in picture if needed
07-06 21:28:10.414  4559  4559 I cr_VideoPersist: Dismiss activity with reason 0
07-06 21:28:10.426  4559  4559 I cr_InactivityTracker: Last visible time read from the SharedPreference is:1783390024258.
07-06 21:28:10.482 17943 17960 W libc    : Access denied finding property "ro.hardware.chipname"
07-06 21:28:10.508  4559  4559 I cr_E2E_DCController: setViewportFit: 2
07-06 21:28:10.508  4559  4559 I cr_E2E_DCController: setSafeAreaConstraint: false
07-06 21:28:10.546  4559  4559 I Choreographer: Skipped 54 frames!  The application may be doing too much work on its main thread.
07-06 21:28:10.562   637  2041 D WindowManager: setClientSurface Surface(name=VRI-com.android.chrome/org.chromium.chrome.browser.ChromeTabbedActivity#2330)/@0xa1f7911 for bac005e com.android.chrome/org.chromium.chrome.browser.ChromeTabbedActivity
07-06 21:28:10.567  4559  4559 I Surface : Creating surface for consumer unnamed-4559-109 with slotExpansion=1 for 64 slots
07-06 21:28:10.582   491   576 W skia    : AGTM parsing failed flags.readFromStream(s) at 159
07-06 21:28:10.584  4559  4559 I Surface : Creating surface for consumer VRI[ChromeTabbedActivity]#109(BLAST Consumer)109 with slotExpansion=1 for 64 slots
07-06 21:28:10.609  4559  4559 I Surface : Creating surface for consumer unnamed-4559-110 with slotExpansion=1 for 64 slots
07-06 21:28:10.611  4559  4559 I Surface : Creating surface for consumer 17ceb54 SurfaceView[com.android.chrome/org.chromium.chrome.browser.ChromeTabbedActivity]#110(BLAST Consumer)110 with slotExpansion=1 for 64 slots
07-06 21:28:10.611  4559  4559 I cr_CompositorSurfaceMgr: surfaceCreated format: 0
07-06 21:28:10.748   491   576 W skia    : AGTM parsing failed flags.readFromStream(s) at 159
07-06 21:28:10.769   637  3724 E TaskPersister: File error accessing recents directory (directory doesn't exist?).
07-06 21:28:10.780 12060 12102 I Surface : Creating surface for consumer 17ceb54 SurfaceView[com.android.chrome/org.chromium.chrome.browser.ChromeTabbedActivity]#110(BLAST Consumer)110 with slotExpansion=1 for 64 slots
07-06 21:28:10.791 12060 12101 I Surface : Creating surface for consumer 17ceb54 SurfaceView[com.android.chrome/org.chromium.chrome.browser.ChromeTabbedActivity]#110(BLAST Consumer)110 with slotExpansion=1 for 64 slots
07-06 21:28:10.796   637  1376 W WindowManager: Requires INTERNAL_SYSTEM_WINDOW permission if assign type to input. New type will be 0.
07-06 21:28:10.821   637  1376 W InputChannel-JNI: Channel already disposed.
07-06 21:28:10.891   491   576 W skia    : AGTM parsing failed flags.readFromStream(s) at 159
07-06 21:28:10.900  1910  1910 I adbd    : adbd service requested 'shell,v2,raw:dumpsys package com.google.android.gms'
07-06 21:28:10.957   491   576 W skia    : AGTM parsing failed flags.readFromStream(s) at 159
07-06 21:28:11.007  4559  4643 I HWUI    : Davey! duration=1301ms; Flags=1, FrameTimelineVsyncId=2926182, IntendedVsync=438579919933109, Vsync=438580819933019, InputEventId=0, HandleInputStart=438580830398872, AnimationStart=438580830402580, PerformTraversalsStart=438580834060413, DrawStart=438581043572205, FrameDeadline=438579936599775, FrameStartTime=438580829658872, FrameInterval=16666665, WorkloadTarget=16666666, AnimationTime=438580819933019, SyncQueued=438581062074288, SyncStart=438581081268330, IssueDrawCommandsStart=438581088806205, SwapBuffers=438581205903663, FrameCompleted=438581241074455, DequeueBufferDuration=19944000, QueueBufferDuration=554375, GpuCompleted=438581240388122, SwapBuffersCompleted=438581241074455, DisplayPresentTime=0, CommandSubmissionCompleted=438581205903663, 
07-06 21:28:11.047   491   576 W skia    : AGTM parsing failed flags.readFromStream(s) at 159
07-06 21:28:11.082  4559  4559 I cr_E2E_DCController: setSafeAreaConstraint: false
07-06 21:28:11.119   637  2041 I ActivityTaskManager: Activity reported stop, but no longer stopping: ActivityRecord{213311616 u0 com.android.chrome/org.chromium.chrome.browser.ChromeTabbedActivity t15} RESUMED
07-06 21:28:11.123  4559  4559 I Choreographer: Skipped 34 frames!  The application may be doing too much work on its main thread.
07-06 21:28:11.173  4559  4559 I ContentCaptureHelper: Setting logging level to OFF
07-06 21:28:11.182   491   576 W skia    : AGTM parsing failed flags.readFromStream(s) at 159
07-06 21:28:11.216 17843 17843 D WindowOnBackDispatcher: setTopOnBackInvokedCallback (unwrapped): android.app.Activity$$ExternalSyntheticLambda0@b114159
07-06 21:28:11.244   637  2041 D CoreBackPreview: Window{7d0bcce u0 tech.pathfinder.unveil/tech.pathfinder.unveil.MainActivity}: Setting back callback OnBackInvokedCallbackInfo{mCallback=android.window.IOnBackInvokedCallback$Stub$Proxy@a7ca513, mPriority=-1, mIsAnimationCallback=false, mOverrideBehavior=0}
07-06 21:28:11.299   491   576 W skia    : AGTM parsing failed flags.readFromStream(s) at 159
07-06 21:28:11.346   525   570 W libbinder.IPCThreadState: Sending oneway calls to frozen process.
07-06 21:28:11.347   525   570 W libbinder.IPCThreadState: Sending oneway calls to frozen process.
07-06 21:28:11.417   491   576 W skia    : AGTM parsing failed flags.readFromStream(s) at 159
07-06 21:28:11.445   637   656 I ActivityTaskManager: Displayed com.android.chrome/org.chromium.chrome.browser.ChromeTabbedActivity for user 0: +4s964ms
07-06 21:28:11.569   491   576 W skia    : AGTM parsing failed flags.readFromStream(s) at 159
07-06 21:28:11.569   491   576 W skia    : AGTM parsing failed flags.readFromStream(s) at 159
07-06 21:28:11.569   491   576 W skia    : AGTM parsing failed flags.readFromStream(s) at 159
07-06 21:28:11.691   491   576 W skia    : AGTM parsing failed flags.readFromStream(s) at 159
07-06 21:28:11.691   491   576 W skia    : AGTM parsing failed flags.readFromStream(s) at 159
07-06 21:28:11.691   491   576 W skia    : AGTM parsing failed flags.readFromStream(s) at 159
07-06 21:28:11.734   637   756 I ImeTracker: com.android.chrome:c6eeaee5: onRequestHide at ORIGIN_SERVER reason HIDE_SAME_WINDOW_FOCUSED_WITHOUT_EDITOR fromUser false userId 0 displayId 0
07-06 21:28:11.768   637   756 W InputChannel-JNI: Channel already disposed.
07-06 21:28:11.792   776   782 I artd    : GetBestInfo: odex next to the dex file (/data/app/~~RMhMkQ2OgjwCzJJGIh32CA==/com.google.android.gms-tQ7ypCsqn36EvzC7XD-Svg==/oat/arm64/base.odex) is kOatUpToDate with filter 'speed-profile' executable 'false'
07-06 21:28:11.799   491   576 W skia    : AGTM parsing failed flags.readFromStream(s) at 159
07-06 21:28:11.799   491   576 W skia    : AGTM parsing failed flags.readFromStream(s) at 159
07-06 21:28:11.799   491   576 W skia    : AGTM parsing failed flags.readFromStream(s) at 159
07-06 21:28:11.803   776   776 I artd    : GetBestInfo: dm (/data/app/~~RMhMkQ2OgjwCzJJGIh32CA==/com.google.android.gms-tQ7ypCsqn36EvzC7XD-Svg==/split_AdsDynamite_installtime.dm) is kOatUpToDate with filter 'verify' executable 'false'
07-06 21:28:11.806   637  1012 I AdbWifiNetworkMonitor: Wi-Fi network available
07-06 21:28:11.806   637  1012 I AdbWifiNetworkMonitor: Received the same Wi-Fi SSID. Ignoring.
07-06 21:28:11.806   776   782 I artd    : GetBestInfo: odex next to the dex file (/data/app/~~RMhMkQ2OgjwCzJJGIh32CA==/com.google.android.gms-tQ7ypCsqn36EvzC7XD-Svg==/oat/arm64/split_CronetDynamite_installtime.odex) is kOatUpToDate with filter 'speed-profile' executable 'false'
07-06 21:28:11.824   776   803 I artd    : GetBestInfo: dm (/data/app/~~RMhMkQ2OgjwCzJJGIh32CA==/com.google.android.gms-tQ7ypCsqn36EvzC7XD-Svg==/split_DynamiteLoader_installtime.dm) is kOatUpToDate with filter 'verify' executable 'false'
