07-06 21:28:11.883   637   988 W libbinder.IPCThreadState: Sending oneway calls to frozen process.
07-06 21:28:11.883   637   988 W libbinder.IPCThreadState: Sending oneway calls to frozen process.
07-06 21:28:11.885   637   982 I HalDevMgr: bestIfaceCreationProposal is null, requestIface=STA, existingIface=[name=wlan0 type=STA]
07-06 21:28:11.886   776   803 I artd    : GetBestInfo: dm (/data/app/~~RMhMkQ2OgjwCzJJGIh32CA==/com.google.android.gms-tQ7ypCsqn36EvzC7XD-Svg==/split_DynamiteModulesA_installtime.dm) is kOatUpToDate with filter 'verify' executable 'false'
07-06 21:28:11.976   776   803 I artd    : GetBestInfo: dm (/data/app/~~RMhMkQ2OgjwCzJJGIh32CA==/com.google.android.gms-tQ7ypCsqn36EvzC7XD-Svg==/split_DynamiteModulesC_installtime.dm) is kOatUpToDate with filter 'verify' executable 'false'
07-06 21:28:11.981   491   576 W skia    : AGTM parsing failed flags.readFromStream(s) at 159
07-06 21:28:11.982   491   576 W skia    : AGTM parsing failed flags.readFromStream(s) at 159
07-06 21:28:11.982   491   576 W skia    : AGTM parsing failed flags.readFromStream(s) at 159
07-06 21:28:12.014  6278  6278 I GoogleInputMethodService: GoogleInputMethodService.onFinishInput():2259 
07-06 21:28:12.021  6278  6278 I Module  : DeviceLockedStatusModuleProvider$Module.updateDeviceLockedStatus():103 repeatCheckTimes = 0, locked = false
07-06 21:28:12.036  6278  6278 I GoogleInputMethodService: GoogleInputMethodService.onStartInput():1446 onStartInput(EditorInfo{EditorInfo{packageName=com.android.chrome, inputType=0, inputTypeString=NULL, enableLearning=false, autoCorrection=false, autoComplete=false, imeOptions=12000000, privateImeOptions=null, actionName=UNSPECIFIED, actionLabel=null, initialSelStart=-1, initialSelEnd=-1, initialCapsMode=0, label=null, fieldId=0, fieldName=null, extras=null, hintText=null, hintLocales=[]}}, false)
07-06 21:28:12.039  4559  4559 D InsetsController: hide(ime())
07-06 21:28:12.039  4559  4559 I ImeTracker: com.android.chrome:c6eeaee5: onCancelled at PHASE_CLIENT_ALREADY_HIDDEN
07-06 21:28:12.054  6278  6278 I AndroidIME: LatinIMEBase.updateInputViewCoverNavigation():322 Update input view padding, isNavbarOverInputWindow=true, bottom inset=126
07-06 21:28:12.056  6278  6278 I Module  : DeviceLockedStatusModuleProvider$Module.updateDeviceLockedStatus():103 repeatCheckTimes = 1, locked = false
07-06 21:28:12.071   637  2041 W PackageConfigPersister: App-specific configuration not found for packageName: com.android.chrome and userId: 0
07-06 21:28:12.129   776   803 I artd    : GetBestInfo: dm (/data/app/~~RMhMkQ2OgjwCzJJGIh32CA==/com.google.android.gms-tQ7ypCsqn36EvzC7XD-Svg==/split_GoogleCertificates_installtime.dm) is kOatUpToDate with filter 'verify' executable 'false'
07-06 21:28:12.145   776   803 I artd    : GetBestInfo: dm (/data/app/~~RMhMkQ2OgjwCzJJGIh32CA==/com.google.android.gms-tQ7ypCsqn36EvzC7XD-Svg==/split_MapsDynamite_installtime.dm) is kOatUpToDate with filter 'verify' executable 'false'
07-06 21:28:12.150   776   803 I artd    : GetBestInfo: dm (/data/app/~~RMhMkQ2OgjwCzJJGIh32CA==/com.google.android.gms-tQ7ypCsqn36EvzC7XD-Svg==/split_MeasurementDynamite_installtime.dm) is kOatUpToDate with filter 'verify' executable 'false'
07-06 21:28:12.158   776   803 I artd    : GetBestInfo: dm (/data/app/~~RMhMkQ2OgjwCzJJGIh32CA==/com.google.android.gms-tQ7ypCsqn36EvzC7XD-Svg==/split_all_locale_splits.dm) is kOatUpToDate with filter 'verify' executable 'false'
07-06 21:28:12.160   776   782 I artd    : GetBestInfo: /data/user_de/0/com.google.android.gms/app_chimera/m/00000013/dl-PlayCloudSearch.optional_262334100000.apk has no usable artifacts
07-06 21:28:12.162   776   803 I artd    : GetBestInfo: /data/user_de/0/com.google.android.gms/app_chimera/m/00000001/CronetDynamite.apk has no usable artifacts
07-06 21:28:12.164   776   776 I artd    : GetBestInfo: /data/user_de/0/com.google.android.gms/app_chimera/m/00000014/dl-IdentityCredentialsPlatform.optional_262334100400.apk has no usable artifacts
07-06 21:28:12.167   776   782 I artd    : GetBestInfo: /data/user_de/0/com.google.android.gms/app_chimera/m/00000002/DynamiteLoader.apk has no usable artifacts
07-06 21:28:12.167   776   803 I artd    : GetBestInfo: /data/user_de/0/com.google.android.gms/app_chimera/m/00000005/GoogleCertificates.apk has no usable artifacts
07-06 21:28:12.174   637   988 W libbinder.IPCThreadState: Sending oneway calls to frozen process.
07-06 21:28:12.176   776   803 I artd    : GetBestInfo: /data/user_de/0/com.google.android.gms/app_chimera/m/0000000e/dl-VisionOcr.optional_261136100000.apk has no usable artifacts
07-06 21:28:12.222   776   803 I artd    : GetBestInfo: /data/user_de/0/com.google.android.gms/app_chimera/m/0000000b/dl-Appsearch.optional_261136100400.apk has no usable artifacts
07-06 21:28:12.229   776   803 I artd    : GetBestInfo: /data/user_de/0/com.google.android.gms/app_chimera/m/0000000a/dl-IdentityCredentialsPlatform.optional_261136100400.apk has no usable artifacts
07-06 21:28:12.234   776   803 I artd    : GetBestInfo: /data/user_de/0/com.google.android.gms/app_chimera/m/00000015/dl-VisionOcr.optional_262334100000.apk has no usable artifacts
07-06 21:28:12.267   637   988 W libbinder.IPCThreadState: Sending oneway calls to frozen process.
07-06 21:28:12.267   637   988 W libbinder.IPCThreadState: Sending oneway calls to frozen process.
07-06 21:28:12.268   637   988 W libbinder.IPCThreadState: Sending oneway calls to frozen process.
07-06 21:28:12.286   491   576 W skia    : AGTM parsing failed flags.readFromStream(s) at 159
07-06 21:28:12.287   491   576 W skia    : AGTM parsing failed flags.readFromStream(s) at 159
07-06 21:28:12.288   776   803 I artd    : GetBestInfo: /data/user_de/0/com.google.android.gms/app_chimera/m/00000010/dl-MlkitOcrCommon.optional_262334100400.apk has no usable artifacts
07-06 21:28:12.291  1215  1381 D SatelliteController: isInCarrierRoamingNbIotNtn: satellite is disabled
07-06 21:28:12.291  1215  1381 D SatelliteController: getCarrierRoamingNtnConnectType: Checking connect type from PLMN config for subId: 1
07-06 21:28:12.291  1215  1381 D TelephonyConfigUpdateInstallReceiver: getConfigParser: domain=satellite
07-06 21:28:12.291  1215  1381 V SatelliteController: satelliteConfigParser is not ready
07-06 21:28:12.291  1215  1381 D SatelliteController: isSatelliteAttachSupportedViaConfigupdater: return null (satelliteConfig is null)
07-06 21:28:12.296   776   776 I artd    : GetBestInfo: /data/user_de/0/com.google.android.gms/app_chimera/m/0000000d/dl-MlkitOcrCommon.optional_261136100400.apk has no usable artifacts
07-06 21:28:12.302   776   803 I artd    : GetBestInfo: /data/user_de/0/com.google.android.gms/app_chimera/m/00000012/dl-TfliteDynamiteDynamite.integ_252130102100400.apk has no usable artifacts
07-06 21:28:12.317   776   803 I artd    : GetBestInfo: vdex next to the dex file (/data/user/0/com.google.android.gms/app_dg_cache/574CF0A3144EB354068F133F674AB38CCBB02976/oat/arm64/the.vdex) is kOatUpToDate with filter 'verify' executable 'false'
07-06 21:28:12.318   776   776 I artd    : GetBestInfo: /data/user_de/0/com.google.android.gms/app_chimera/m/00000016/dl-Appsearch.optional_262334100400.apk has no usable artifacts
07-06 21:28:12.324   776   803 I artd    : GetBestInfo: /data/user_de/0/com.google.android.gms/app_chimera/m/00000011/dl-MlkitBarcodeUi.optional_262334100400.apk has no usable artifacts
07-06 21:28:12.335   776   776 I artd    : GetBestInfo: vdex next to the dex file (/data/user/0/com.google.android.gms/app_dg_cache/7C26F94942E0B3DC400FC8F3A2AF71B87FD5F04D/oat/arm64/the.vdex) is kOatUpToDate with filter 'verify' executable 'false'
07-06 21:28:12.339   776   776 I artd    : GetBestInfo: /data/user_de/0/com.google.android.gms/app_chimera/m/00000007/MeasurementDynamite.apk has no usable artifacts
07-06 21:28:12.348 13401 13444 I NullBinder: NullBinder for android.net.action.RECOMMEND_NETWORKS triggering remote TransactionTooLargeException due to Service without Chimera impl, calling uid: 1000, calling pid: 0
07-06 21:28:12.348 13401 13444 W libbinder.Binder: Large reply transaction of 1056768 bytes, interface descriptor , function: UNKNOWN_FUNCTION_NAME, code: 1, flags: 17
07-06 21:28:12.391   637   988 D ConnectivityService: NetReassign [no changes] [c 0] [a 69] [i 2]
07-06 21:28:12.395  4559  4559 I cr_E2E_DCController: setSafeAreaConstraint: true
07-06 21:28:12.411   637   659 I DisplayDeviceRepository: Display device changed render timings: "Built-in Screen", renderFrameRate=60.000004, presentationDeadlineNanos=16666666, appVsyncOffsetNanos=1000000, frameRateOverrides=[{uid=10165 frameRateHz=60.000004}]
07-06 21:28:12.418   637  1376 W libbinder.Binder: Binder transaction to android.content.pm.IPackageManager, function: UNKNOWN_FUNCTION_NAME, code: 1598311760, took 1327ms. Data bytes: 80 Reply bytes: 4 Flags: 16
07-06 21:28:12.418 13401 13525 I NearbyMediums: Wifi changed new SSID: "AndroidWifi"
07-06 21:28:12.418 13401 13525 I NearbyMediums: WifiLanConnectivityInfo is not changed, skip notify.
07-06 21:28:12.423  1215  1381 D SatelliteController: getSatellitePerPlmnConfiguration: invalid subId or not supported via carrier.
07-06 21:28:12.423  1215  1381 D SatelliteController: getCarrierRoamingNtnConnectType: config: null
07-06 21:28:12.423  1215  1381 D TelephonyConfigUpdateInstallReceiver: getConfigParser: domain=satellite
07-06 21:28:12.423  1215  1381 V SatelliteController: satelliteConfigParser is not ready
07-06 21:28:12.423  1215  1381 D SatelliteController: getCarrierRoamingNtnConnectTypeViaConfigUpdater: return null (satelliteConfig is null)
07-06 21:28:12.424  1215  1381 D SatelliteController: getCarrierRoamingNtnConnectType: Falling back to global carrier config connect type: 0
07-06 21:28:12.426  1215  1381 D TelephonyConfigUpdateInstallReceiver: getConfigParser: domain=satellite
07-06 21:28:12.426  1215  1381 V SatelliteController: satelliteConfigParser is not ready
07-06 21:28:12.426  1215  1381 D SatelliteController: isSatelliteAttachSupportedViaConfigupdater: return null (satelliteConfig is null)
07-06 21:28:12.426  1215  1381 D SatelliteController: getCarrierRoamingNtnConnectType: Checking connect type from PLMN config for subId: 1
07-06 21:28:12.426  1215  1381 D TelephonyConfigUpdateInstallReceiver: getConfigParser: domain=satellite
07-06 21:28:12.426  1215  1381 V SatelliteController: satelliteConfigParser is not ready
07-06 21:28:12.426  1215  1381 D SatelliteController: isSatelliteAttachSupportedViaConfigupdater: return null (satelliteConfig is null)
07-06 21:28:12.426  1215  1381 D SatelliteController: getSatellitePerPlmnConfiguration: invalid subId or not supported via carrier.
07-06 21:28:12.426  1215  1381 D SatelliteController: getCarrierRoamingNtnConnectType: config: null
07-06 21:28:12.426   491   576 W skia    : AGTM parsing failed flags.readFromStream(s) at 159
07-06 21:28:12.426  1215  1381 D TelephonyConfigUpdateInstallReceiver: getConfigParser: domain=satellite
07-06 21:28:12.426  1215  1381 V SatelliteController: satelliteConfigParser is not ready
07-06 21:28:12.426  1215  1381 D SatelliteController: getCarrierRoamingNtnConnectTypeViaConfigUpdater: return null (satelliteConfig is null)
07-06 21:28:12.426   491   576 W skia    : AGTM parsing failed flags.readFromStream(s) at 159
07-06 21:28:12.427  1215  1381 D SatelliteController: getCarrierRoamingNtnConnectType: Falling back to global carrier config connect type: 0
07-06 21:28:12.427  1215  1381 D TelephonyConfigUpdateInstallReceiver: getConfigParser: domain=satellite
07-06 21:28:12.427  1215  1381 V SatelliteController: satelliteConfigParser is not ready
07-06 21:28:12.427  1215  1381 D SatelliteController: isSatelliteAttachSupportedViaConfigupdater: return null (satelliteConfig is null)
07-06 21:28:12.563 13401 13401 D BoundBrokerSvc: onRebind: Intent { act=com.google.android.gms.common.telemetry.service.START dat=chimera-action:/... xflg=0x4 cmp=com.google.android.gms/.chimera.PersistentApiService }
07-06 21:28:12.570   491   576 W skia    : AGTM parsing failed flags.readFromStream(s) at 159
07-06 21:28:12.570   491   576 W skia    : AGTM parsing failed flags.readFromStream(s) at 159
07-06 21:28:12.952  1910  1910 I adbd    : adbd service requested 'shell,v2,TERM=xterm-256color:export ANDROID_LOG_TAGS=''; exec logcat '-d''
07-06 21:28:13.019  1081  1105 W System  : A resource failed to call release. 
07-06 21:28:13.057 13401 13452 I NearbySharing: Network state changed: NetworkState(isRestricted=false, isOnline=true, isCongested=false, isMetered=false, isWifiConnected=true)
