--------- beginning of main
07-06 22:42:39.209  1910  1910 I adbd    : adbd service requested 'shell,v2,TERM=xterm-256color,raw:am force-stop tech.pathfinder.unveil'
--------- beginning of system
07-06 22:42:39.294   637   724 I ActivityManager: Force stopping tech.pathfinder.unveil appid=10235 user=0: from pid 21902
07-06 22:42:39.307   637   724 I ActivityManager: Killing 21284:tech.pathfinder.unveil/u0a235 (adj 900): stop tech.pathfinder.unveil due to from pid 21902
07-06 22:42:39.330   637   724 D ActivityManager: sync unfroze 21324 com.google.android.webview:sandboxed_process0:org.chromium.content.app.SandboxedProcessService0:0 for 5
07-06 22:42:39.339   637   724 W ActivityTaskManager: Force removing ActivityRecord{19564170 u0 tech.pathfinder.unveil/.MainActivity t92 f}}: app died, no saved state
07-06 22:42:39.339   637   724 E TransitionChain: Can't collect into a chain with no transition
07-06 22:42:39.339   637   724 E TransitionChain: Can't collect into a chain with no transition
07-06 22:42:39.350   637   725 W UsageStatsService: Unexpected activity event reported! (tech.pathfinder.unveil/tech.pathfinder.unveil.MainActivity event : 23 instanceId : 177228056)
07-06 22:42:39.380   637   724 I ActivityManager: Killing 21324:com.google.android.webview:sandboxed_process0:org.chromium.content.app.SandboxedProcessService0:0/u0a235i102 (adj 0): isolated not needed
07-06 22:42:39.387  1081  1209 V ShellTaskOrganizer: Task vanished taskId=92
07-06 22:42:39.387  1081  1209 V ShellTaskOrganizer: Fullscreen Task Vanished: #92
07-06 22:42:39.387  1081  1209 V ShellDesktopMode: Task Vanished: #92 closed=true
07-06 22:42:39.388   637   724 I AppsFilter: interaction: PackageSetting{596f414 best.unveil.app/10231} -> PackageSetting{aad2ff8 tech.pathfinder.unveil/10235} BLOCKED
07-06 22:42:39.388  1081  1209 D ShellPackageUpdate: PackageUpdateController: Removing handlePackageUpdate for task: 92
07-06 22:42:39.389   637  2039 E WindowOrganizerController: Attempting to externally change a non-organized container: Task{cd584fb #92 type=standard A=10235:tech.pathfinder.unveil}={handlePackageUpdate:false,} playercount=2 taskorg=android.window.ITaskOrganizer$Stub$Proxy@7837071
07-06 22:42:39.390  1081  1209 V RecentTasksController: Notify recent tasks changed
07-06 22:42:39.390  1385  1385 D RecentsView: onTaskRemoved: 92, not handling task stack changes
07-06 22:42:39.391  1081  1209 D ShellDesktopMode: AppToWebRepository: Task 92 is vanishing. Removing task data from repository
07-06 22:42:39.392  1385  1385 D RecentsView: onTaskRemoved: 92, not handling task stack changes
07-06 22:42:39.397  1081  1209 V AppCompat: SingleSurfaceLetterboxController: []
07-06 22:42:39.397  1081  1209 V AppCompat: MultiSurfaceLetterboxController: []
07-06 22:42:39.397  1081  1209 V AppCompat: LetterboxInputController: []
07-06 22:42:39.397  1081  1209 V AppCompat: RoundedCornersLetterboxController: {}
07-06 22:42:39.409  1385  1385 D RecentTasksList: invalidateLoadedTasks - previous requestLoadId: -1
07-06 22:42:39.463  1215  1215 D CarrierSvcBindHelper: onHandleForceStop: [tech.pathfinder.unveil]
07-06 22:42:39.490  1910  1910 I adbd    : adbd service requested 'shell,v2,TERM=xterm-256color,raw:monkey -p tech.pathfinder.unveil -c android.intent.category.LAUNCHER 1'
07-06 22:42:39.492   491   576 W skia    : AGTM parsing failed flags.readFromStream(s) at 159
07-06 22:42:39.492   491   576 W skia    : AGTM parsing failed flags.readFromStream(s) at 159
07-06 22:42:39.538  1215  1215 D CarrierSvcBindHelper: No carrier app for: 0
07-06 22:42:39.659   637   724 V ActivityManager: Got obituary of 21284:tech.pathfinder.unveil
07-06 22:42:39.677   637   659 W ActivityManager: setHasOverlayUi called on unknown pid: 21284
07-06 22:42:39.678  6278  6278 W InputChannel-JNI: Channel already disposed.
07-06 22:42:39.678   438   438 I Zygote  : Process 21284 exited due to signal 9 (Killed)
07-06 22:42:39.680   637   988 D ConnectivityService: releasing NetworkRequest [ REQUEST id=46042, [ Capabilities: INTERNET&NOT_RESTRICTED&TRUSTED&NOT_VCN_MANAGED&NOT_BANDWIDTH_CONSTRAINED Uid: 10235 RequestorUid: 10235 RequestorPkg: tech.pathfinder.unveil UnderlyingNetworks: Null] ] (release request)
07-06 22:42:39.681   637   667 I libprocessgroup: Removed cgroup /sys/fs/cgroup/apps/uid_10235/pid_21284
07-06 22:42:39.682   637   667 I libprocessgroup: Removed cgroup /sys/fs/cgroup/apps/uid_99102/pid_21324
07-06 22:42:39.683   637   667 I libprocessgroup: Removed cgroup /sys/fs/cgroup/apps/uid_99102
07-06 22:42:39.684 22285 22285 I Zygote  : Process 21324 exited due to signal 9 (Killed)
07-06 22:42:39.693   491   576 W skia    : AGTM parsing failed flags.readFromStream(s) at 159
07-06 22:42:39.693   491   576 W skia    : AGTM parsing failed flags.readFromStream(s) at 159
07-06 22:42:39.888 21905 21905 D AndroidRuntime: >>>>>> START com.android.internal.os.RuntimeInit uid 2000 <<<<<<
07-06 22:42:39.900 21905 21905 I AndroidRuntime: Using default boot image
07-06 22:42:39.900 21905 21905 I AndroidRuntime: Leaving lock profiling enabled
07-06 22:42:39.903 21905 21905 I app_process: Core platform API enforcement enabled from the hiddenapi_platform_enforcement flag and the device API level
07-06 22:42:39.904 21905 21905 I app_process: Using generational CollectorTypeCMC GC.
07-06 22:42:40.055 21905 21905 D nativeloader: InitDefaultPublicLibraries for_preload=1: libandroid.so:libaaudio.so:libamidi.so:libbinder_ndk.so:libc.so:libcamera2ndk.so:libdl.so:libEGL.so:libGLESv1_CM.so:libGLESv2.so:libGLESv3.so:libicu.so:libicui18n.so:libicuuc.so:libjnigraphics.so:liblog.so:libmediandk.so:libm.so:libnativehelper.so:libnativewindow.so:libOpenMAXAL.so:libOpenSLES.so:libRS.so:libstdc++.so:libsync.so:libvulkan.so:libwebviewchromium_plat_support.so:libz.so
07-06 22:42:40.087 21905 21905 D nativeloader: Load libicu_jni.so using APEX ns com_android_art for caller /apex/com.android.art/javalib/core-oj.jar: ok
07-06 22:42:40.088 21905 21905 D app_process: u_setTimeZoneFilesDirectory("/apex/com.android.tzdata/etc/tz/versioned/10/icu") succeeded. 
07-06 22:42:40.088 21905 21905 D app_process: I18n APEX ICU file found: /apex/com.android.i18n/etc/icu/icudt78l.dat
07-06 22:42:40.092 21905 21905 D nativeloader: Load libjavacore.so using APEX ns com_android_art for caller /apex/com.android.art/javalib/core-oj.jar: ok
07-06 22:42:40.094 21905 21905 D nativeloader: Load libopenjdk.so using APEX ns com_android_art for caller /apex/com.android.art/javalib/core-oj.jar: ok
07-06 22:42:40.096 21905 21905 I app_process: Priority-to-niceness mapping: 19, 16, 13, 10, 0, -2, -4, -5, -6, -8
07-06 22:42:40.294 21905 21905 D nativeloader: Load libframework-connectivity-tiramisu-jni.so using APEX ns com_android_tethering for caller /apex/com.android.tethering/javalib/framework-connectivity-t.jar: ok
07-06 22:42:40.298 21905 21905 D AndroidRuntime: Calling main entry com.android.commands.monkey.Monkey
07-06 22:42:40.301 21905 21905 D nativeloader: Load /system/lib64/libmonkey_jni.so using ns default for caller /system/framework/monkey.jar in same partition (is_bridged=0): ok
07-06 22:42:40.305 21905 21905 W Monkey  : args: [-p, tech.pathfinder.unveil, -c, android.intent.category.LAUNCHER, 1]
07-06 22:42:40.314 21905 21905 I AconfigPackage: android.media.swcodec.flags is mapped to com.android.media.swcodec
07-06 22:42:40.315 21905 21905 I AconfigPackage: com.android.permission.flags is mapped to com.android.permission
07-06 22:42:40.315 21905 21905 I AconfigPackage: com.android.permissioncontroller.flags is mapped to com.android.permission
07-06 22:42:40.315 21905 21905 I AconfigPackage: com.google.android.widevine.flags is mapped to com.google.android.widevine
07-06 22:42:40.315 21905 21905 I AconfigPackage: com.android.icu is mapped to com.android.i18n
07-06 22:42:40.315 21905 21905 I AconfigPackage: com.android.appsearch.flags is mapped to com.android.appsearch
07-06 22:42:40.316 21905 21905 I AconfigPackage: com.android.uprobestats.flags is mapped to com.android.uprobestats
07-06 22:42:40.316 21905 21905 I AconfigPackage: android.uprobestats.mainline.flags is mapped to com.android.uprobestats
07-06 22:42:40.316 21905 21905 I AconfigPackage: com.android.crashrecovery.flags is mapped to com.android.crashrecovery
07-06 22:42:40.316 21905 21905 I AconfigPackage: android.provider.flags is mapped to com.android.configinfrastructure
07-06 22:42:40.316 21905 21905 I AconfigPackage: com.android.server.deviceconfig is mapped to com.android.configinfrastructure
07-06 22:42:40.316 21905 21905 I AconfigPackage: com.android.art.flags is mapped to com.android.art
07-06 22:42:40.316 21905 21905 I AconfigPackage: com.android.art.rw.flags is mapped to com.android.art
07-06 22:42:40.316 21905 21905 I AconfigPackage: com.android.libcore is mapped to com.android.art
07-06 22:42:40.317 21905 21905 I AconfigPackage: android.telecom.flags is mapped to com.android.telephonycore
07-06 22:42:40.318 21905 21905 I AconfigPackage: com.android.internal.telecom.flags is mapped to com.android.telephonycore
07-06 22:42:40.318 21905 21905 I AconfigPackage: com.android.telephony.flags is mapped to com.android.telephonycore
07-06 22:42:40.318 21905 21905 I AconfigPackage: com.android.media.extractor.flags is mapped to com.android.media
07-06 22:42:40.318 21905 21905 I AconfigPackage: com.android.media.metrics.flags is mapped to com.android.media
07-06 22:42:40.318 21905 21905 I AconfigPackage: com.android.media.mainline.flags is mapped to com.android.media
07-06 22:42:40.318 21905 21905 I AconfigPackage: com.android.wifi.flags is mapped to com.android.wifi
07-06 22:42:40.319 21905 21905 I AconfigPackage: com.android.org.conscrypt.flags is mapped to com.android.conscrypt
07-06 22:42:40.319 21905 21905 I AconfigPackage: com.android.org.conscrypt.net.flags is mapped to com.android.conscrypt
07-06 22:42:40.319 21905 21905 I AconfigPackage: com.android.healthfitness.flags is mapped to com.android.healthfitness
07-06 22:42:40.319 21905 21905 I AconfigPackage: com.android.ipsec.flags is mapped to com.android.ipsec
07-06 22:42:40.319 21905 21905 I AconfigPackage: com.android.nfc.module.flags is mapped to com.android.nfcservices
07-06 22:42:40.319 21905 21905 I AconfigPackage: com.android.nfc.module.nonexported.flags is mapped to com.android.nfcservices
07-06 22:42:40.320 21905 21905 I AconfigPackage: com.android.adservices.ondevicepersonalization.flags is mapped to com.android.ondevicepersonalization
07-06 22:42:40.320 21905 21905 I AconfigPackage: com.android.adbd.flags is mapped to com.android.adbd
07-06 22:42:40.320 21905 21905 I AconfigPackage: com.android.bluetooth.beta.flags is mapped to com.android.bt
07-06 22:42:40.320 21905 21905 I AconfigPackage: com.android.bluetooth.flags is mapped to com.android.bt
07-06 22:42:40.320 21905 21905 I AconfigPackage: com.android.devicelock.flags is mapped to com.android.devicelock
07-06 22:42:40.320 21905 21905 I AconfigPackage: android.os.profiling is mapped to com.android.profiling
07-06 22:42:40.320 21905 21905 I AconfigPackage: android.os.profiling.anomaly.flags is mapped to com.android.profiling
07-06 22:42:40.320 21905 21905 I AconfigPackage: com.android.os.statsd.flags is mapped to com.android.os.statsd
07-06 22:42:40.321 21905 21905 I AconfigPackage: com.android.webapp.flags is mapped to com.android.webapp
07-06 22:42:40.322 21905 21905 I AconfigPackage: com.android.rkpd.flags is mapped to com.android.rkpd
07-06 22:42:40.322 21905 21905 I AconfigPackage: com.android.cellbroadcastreceiver.flags is mapped to com.android.cellbroadcast
07-06 22:42:40.322 21905 21905 I AconfigPackage: com.android.adservices.flags is mapped to com.android.adservices
07-06 22:42:40.322 21905 21905 I AconfigPackage: com.android.sdksandbox.flags is mapped to com.android.adservices
07-06 22:42:40.322 21905 21905 I AconfigPackage: android.app.sdksandbox.flags is mapped to com.android.adservices
07-06 22:42:40.322 21905 21905 I AconfigPackage: com.android.uwb.flags is mapped to com.android.uwb
07-06 22:42:40.322 21905 21905 I AconfigPackage: com.android.ranging.flags is mapped to com.android.uwb
07-06 22:42:40.322 21905 21905 I AconfigPackage: com.android.npumanager is mapped to com.android.npumanager
07-06 22:42:40.323 21905 21905 I AconfigPackage: android.graphics.pdf.flags is mapped to com.android.mediaprovider
07-06 22:42:40.323 21905 21905 I AconfigPackage: com.android.providers.media.flags is mapped to com.android.mediaprovider
07-06 22:42:40.323 21905 21905 I AconfigPackage: android.graphics.pdf.flags.readonly is mapped to com.android.mediaprovider
07-06 22:42:40.323 21905 21905 I AconfigPackage: com.android.tethering.mainline.beta is mapped to com.android.tethering
07-06 22:42:40.323 21905 21905 I AconfigPackage: android.net.http is mapped to com.android.tethering
07-06 22:42:40.323 21905 21905 I AconfigPackage: com.android.tethering.readonly.flags is mapped to com.android.tethering
07-06 22:42:40.323 21905 21905 I AconfigPackage: android.net.vcn is mapped to com.android.tethering
07-06 22:42:40.323 21905 21905 I AconfigPackage: com.android.net.flags is mapped to com.android.tethering
07-06 22:42:40.323 21905 21905 I AconfigPackage: com.android.tethering.flags is mapped to com.android.tethering
07-06 22:42:40.323 21905 21905 I AconfigPackage: com.android.tethering.beta.test is mapped to com.android.tethering
07-06 22:42:40.323 21905 21905 I AconfigPackage: com.android.nearby.flags is mapped to com.android.tethering
07-06 22:42:40.323 21905 21905 I AconfigPackage: com.android.net.thread.flags is mapped to com.android.tethering
07-06 22:42:40.323 21905 21905 I AconfigPackage: com.android.net.ct.flags is mapped to com.android.tethering
07-06 22:42:40.323 21905 21905 I AconfigPackage: com.android.system.virtualmachine.flags is mapped to com.android.virt
07-06 22:42:40.323 21905 21905 E FeatureFlagsImplExport: android.os.flagging.AconfigStorageReadException: ERROR_PACKAGE_NOT_FOUND: package android.xr cannot be found on the device
07-06 22:42:40.352 21905 21905 W Monkey  :  arg: "-p"
07-06 22:42:40.352 21905 21905 W Monkey  :  arg: "tech.pathfinder.unveil"
07-06 22:42:40.352 21905 21905 W Monkey  :  arg: "-c"
07-06 22:42:40.352 21905 21905 W Monkey  :  arg: "android.intent.category.LAUNCHER"
07-06 22:42:40.352 21905 21905 W Monkey  :  arg: "1"
07-06 22:42:40.352 21905 21905 W Monkey  : data="tech.pathfinder.unveil"
07-06 22:42:40.352 21905 21905 W Monkey  : data="android.intent.category.LAUNCHER"
07-06 22:42:40.374   637   748 D EventHub: No input device configuration file found for device 'Monkey touch'.
07-06 22:42:40.384   637   748 I EventHub: usingClockIoctl=true
07-06 22:42:40.384   637   748 I EventHub: New device: id=37, fd=583, path='/dev/input/event13', name='Monkey touch', classes=TOUCH | TOUCH_MT, configuration='', keyLayout='', keyCharacterMap='', builtinKeyboard=false, 
07-06 22:42:40.409   637   748 I InputReader: Device reconfigured: id=37, name='Monkey touch', size 1080x2424, orientation Rotation0, mode DIRECT, display id 0
07-06 22:42:40.409   637   748 I InputReader: Device added: id=37, eventHubId=37, name='Monkey touch', descriptor='e1fe28b90f915c7d1febbd52c1ef84b3c4cbed9f',sources=TOUCHSCREEN
07-06 22:42:40.417   637  1159 W ActivityManager: registerReceiverWithFeature: no app for null
07-06 22:42:40.442   637  1159 W ActivityTaskManager: callingPackage for (uid=2000, pid=21905) has no WPC
07-06 22:42:40.450   637  1159 V GrammaticalInflectionUtils: AttributionSource: android.content.AttributionSource@bd495363 does not have READ_SYSTEM_GRAMMATICAL_GENDER permission.
07-06 22:42:40.460  1385  1385 D RecentsView: onTaskDisplayChanged: 93, new displayId = 0
07-06 22:42:40.466   491   622 I libbinder.BpBinder: onLastStrongRef automatically unlinking death recipients for binder (0xb4007c406405f890) with descriptor: '(not cached)'
07-06 22:42:40.468   637  1159 D CorePackageUpdate: onRecentTaskRemoved Removing task: 92
07-06 22:42:40.468   637  1159 D CorePackageUpdate: Couldn't find a persistent state for task= 92
07-06 22:42:40.470   637  1159 V ActivityTaskManager: TaskLaunchParamsModifier: phase=3 task=Task{a3f1b2e #93 type=standard A=10235:tech.pathfinder.unveil} activity=ActivityRecord{227449257 u0 tech.pathfinder.unveil/.MainActivity t-1} display-from-task=0 display-id=0 task-display-area-windowing-mode=1 suggested-display-area=DefaultTaskDisplayArea@82498956 inherit-from-task=fullscreen non-freeform-task-display-area display-area=DefaultTaskDisplayArea@82498956 skip-bounds-fullscreen
07-06 22:42:40.470   637  1159 I ActivityTaskManager: START u0 {act=android.intent.action.MAIN cat=[android.intent.category.LAUNCHER] flg=0x10200000 cmp=tech.pathfinder.unveil/.MainActivity} with LAUNCH_SINGLE_TASK from uid 2000 (com.android.shell) (BAL_ALLOW_PERMISSION) result code=0
07-06 22:42:40.478   637   659 W libbinder.IPCThreadState: Sending oneway calls to frozen process.
07-06 22:42:40.478  1081  1209 V WindowManagerShell: Transition requested (#252): android.os.BinderProxy@34691da TransitionRequestInfo { type = OPEN, triggerTask = TaskInfo{userId=0 taskId=93 effectiveUid=10235 displayId=0 isRunning=true baseIntent=Intent { act=android.intent.action.MAIN cat=[android.intent.category.LAUNCHER] flg=0x10200000 cmp=tech.pathfinder.unveil/.MainActivity } baseActivity=ComponentInfo{tech.pathfinder.unveil/tech.pathfinder.unveil.MainActivity} topActivity=ComponentInfo{tech.pathfinder.unveil/tech.pathfinder.unveil.MainActivity} origActivity=null realActivity=ComponentInfo{tech.pathfinder.unveil/tech.pathfinder.unveil.MainActivity} realActivityIsAppLockEnabled=false numActivities=1 lastActiveTime=443050751 supportsMultiWindow=true supportsMultiWindowWithoutConstraints=true resizeMode=1 isResizeable=true minWidth=-1 minHeight=-1 defaultMinSize=220 token=WCT{android.os.BinderProxy@e18b60b} topActivityType=1 pictureInPictureParams=null shouldDockBigOverlays=false launchIntoPipHostTaskId=-1 lastParentTaskIdBeforePip=-1 displayCutoutSafeInsets=Rect(0, 142 - 0, 0) topActivityInfo=ActivityInfo{f7f0ce8 tech.pathfinder.unveil.MainActivity} launchCookies=[] positionInParent=Point(0, 0) parentTaskId=-1 isFocused=false isInteractive=false isVisible=false isVisibleRequested=false isTopActivityNoDisplay=false isSleeping=false locusId=null displayAreaFeatureId=1 isTopActivityTransparent=false isActivityStackTransparent=false lastNonFullscreenBounds=null leafTaskBoundsFromOptions= false capturedLink=null capturedLinkTimestamp=0 requestedVisibleTypes=503 topActivityRequestOpenInBrowserEducationTimestamp=0 appCompatTaskInfo=AppCompatTaskInfo { topActivityInSizeCompat=false isLeafTask= true eligibleForLetterboxEducation= false isLetterboxEducationEnabled= true isLetterboxDoubleTapEnabled= false eligibleForUserAspectRatioButton= false topActivityBoundsLetterboxed= false isFromLetterboxDoubleTap= false topActivityLetterboxVerticalPosition= -1 topActivityLetterboxHorizontalPosition= -1 topActivityLetterboxWidth=-1 topActivityLetterboxHeight=-1 topActivityAppBounds=Rect(0, 0 - 1080, 2424) isUserFullscreenOverrideEnabled=false isSystemFullscreenOverrideEnabled=false hasMinAspectRatioOverride=false topActivityLetterboxBounds=null topNonResizableActivityAspectRatio=-1.0} topActivityMainWindowFrame=null isAppBubble=false}, pipChange = null, remoteTransitionInfo = null, displayChanges = null, requestedLocation = null, userChange = null, windowingLayerChange = null, fullscreenRequestChange = null, flags = 0, debugId = 252 }
07-06 22:42:40.486  1081  1209 W DisconnectHandler: No disconnect change found in the transition, not handling request.
07-06 22:42:40.487 21905 21905 I Monkey  : Events injected: 1
07-06 22:42:40.493  1081  1209 V ShellDesktopMode: DesktopTasksController: skipping handleRequest reason=triggerTask's display doesn't support desktop mode
07-06 22:42:40.493  1081  1209 D ShellSplitScreen: logExit: no-op, mLoggerSessionId is null
07-06 22:42:40.504   637   659 V GrammaticalInflectionUtils: AttributionSource: android.content.AttributionSource@bd495363 does not have READ_SYSTEM_GRAMMATICAL_GENDER permission.
07-06 22:42:40.526  1081  1209 V ShellDesktopMode: DesktopDisplayModeController: canDesktopFirstModeBeEnabledOnDefaultDisplay: isDefaultDisplayDesktopEligible=false
07-06 22:42:40.539   637  1159 W InputChannel-JNI: Channel already disposed.
07-06 22:42:40.540  1081  1209 V WindowManagerShell: Directly starting a new transition type=CHANGE wct=WindowContainerTransaction { changes= {android.os.BinderProxy@d8ae4ce={isTaskMoveAllowed:false,}} hops= [] flags= 0 errorCallbackToken=null taskFragmentOrganizer=null } handler=null
07-06 22:42:40.566   637  2016 V WindowManager: Queueing transition: TransitionRecord{23ed4e1 id=-1 type=CHANGE flags=0x0 parallelCollectType=NONE recentsDisplayId=-1}
07-06 22:42:40.568  1081  1209 V RecentTasksController: Notify recent tasks changed
07-06 22:42:40.569  1385  1385 D RecentTasksList: invalidateLoadedTasks - previous requestLoadId: -1
07-06 22:42:40.571  1081  1209 D ShellDesktopMode: DesktopRepository(0): Removes freeform task: taskId=92
07-06 22:42:40.575  6278  6278 W NotificationCenter: NotificationCenter$NotificationQueue.notifyPendingNotificationsOnExecutor():877 Heavy notify work detected on UI thread: [nfl->nvd, nfl->nvd, nfl->htn, nfl->nvd, nfl->iwh, nfl->htn, nfl->nvd] takes 24ms
07-06 22:42:40.576  6278  6278 I PkDeviceHelper: PkDeviceHelper.refreshDevices():87 refreshing devices
07-06 22:42:40.577  6278  6278 I PkDeviceHelper: PkDeviceHelper.addDevice():125 device qwerty2 added
07-06 22:42:40.579  1081  1209 W ShellDesktopMode: DesktopRepository(0): No display id found for task: taskId=92
07-06 22:42:40.579  1081  1209 V RecentTasksController: Notify recent tasks changed
07-06 22:42:40.580   637   659 I DisplayDeviceRepository: Display device changed render timings: "Built-in Screen", renderFrameRate=60.000004, presentationDeadlineNanos=16666666, appVsyncOffsetNanos=1000000, frameRateOverrides=[]
07-06 22:42:40.581  1385  1385 D RecentTasksList: invalidateLoadedTasks - previous requestLoadId: -1
07-06 22:42:40.606  4559  4559 I cr_VideoPersist: Attempted picture-in-picture with result: failure
07-06 22:42:40.610  6278  6278 W NotificationCenter: NotificationCenter$NotificationQueue.notifyPendingNotificationsOnExecutor():877 Heavy notify work detected on UI thread: [nfl->kwl, nfl->pdr, kxw->ibu, kxw->gau] takes 34ms
07-06 22:42:40.611   637  1159 D WindowManager: setClientSurface Surface(name=VRI-Splash Screen tech.pathfinder.unveil#2492)/@0xa36206 for 4700eb Splash Screen tech.pathfinder.unveil
07-06 22:42:40.617   637   666 W ActivityManager: Slow operation: 112ms so far, now at startProcess: asking zygote to start proc
07-06 22:42:40.691  1081  1276 I Surface : Creating surface for consumer unnamed-1081-103 with slotExpansion=1 for 64 slots
07-06 22:42:40.703  1081  1276 I Surface : Creating surface for consumer VRI[unveil]#85(BLAST Consumer)85 with slotExpansion=1 for 64 slots
07-06 22:42:40.747  1285  1285 I wpa_supplicant: wlan0: CTRL-EVENT-BEACON-LOSS 
07-06 22:42:40.813 21905 21905 I Monkey  : ## Network stats: elapsed time=66ms (0ms mobile, 0ms wifi, 66ms not connected)
07-06 22:42:40.818  1910  1910 I adbd    : adbd service requested 'shell,v2,raw:dumpsys package com.google.android.gms'
07-06 22:42:40.821 21905 21905 I app_process: System.exit called, status: 0
07-06 22:42:40.821 21905 21905 I AndroidRuntime: VM exiting with result code 0.
07-06 22:42:40.848   525  8316 W libbinder.IPCThreadState: Sending oneway calls to frozen process.
07-06 22:42:40.848   525  8316 W libbinder.IPCThreadState: Sending oneway calls to frozen process.
07-06 22:42:40.883   637   748 I EventHub: Removing device Monkey touch due to epoll hang-up event.
07-06 22:42:40.883   637   748 I EventHub: Removed device: path=/dev/input/event13 name=Monkey touch id=37 fd=583 classes=TOUCH | TOUCH_MT
07-06 22:42:40.891   438   438 D Zygote  : Forked child process 21921
07-06 22:42:40.903   637   666 W ActivityManager: Slow operation: 399ms so far, now at startProcess: returned from zygote!
07-06 22:42:40.920   637   666 W ActivityManager: Slow operation: 416ms so far, now at startProcess: done updating battery stats
07-06 22:42:40.920   637   666 W ActivityManager: Slow operation: 416ms so far, now at startProcess: building log message
07-06 22:42:40.920   637   666 I ActivityManager: Start proc 21921:tech.pathfinder.unveil/u0a235 for next-top-activity {tech.pathfinder.unveil/tech.pathfinder.unveil.MainActivity}
07-06 22:42:40.920   637   666 W ActivityManager: Slow operation: 416ms so far, now at startProcess: starting to update pids map
07-06 22:42:40.921   637   748 I InputReader: Device removed: id=37, eventHubId=37, name='Monkey touch', descriptor='e1fe28b90f915c7d1febbd52c1ef84b3c4cbed9f', sources=TOUCHSCREEN
07-06 22:42:40.922   637   666 W ActivityManager: Slow operation: 418ms so far, now at startProcess: done updating pids map
07-06 22:42:40.963   637   748 I EventHub: Removing device '/dev/input/event13' due to inotify event
07-06 22:42:40.963  1910  1910 I adbd    : adbd service requested 'shell,v2,TERM=xterm-256color,raw:input tap 539 2276'
07-06 22:42:40.966   637   659 W ActivityTaskManager: Activity top resumed state loss timeout for ActivityRecord{213311616 u0 com.android.chrome/org.chromium.chrome.browser.ChromeTabbedActivity t15}
07-06 22:42:40.967 21921 21921 I libprocessgroup: Created cgroup /sys/fs/cgroup/apps/uid_10235/pid_21921
07-06 22:42:40.971   637   659 W libbinder.IPCThreadState: Sending oneway calls to frozen process.
07-06 22:42:40.971  1081  1209 V ShellDesktopMode: DesktopDisplayModeController: canDesktopFirstModeBeEnabledOnDefaultDisplay: isDefaultDisplayDesktopEligible=false
07-06 22:42:40.973   637   659 W ActivityTaskManager: Activity pause timeout for ActivityRecord{213311616 u0 com.android.chrome/org.chromium.chrome.browser.ChromeTabbedActivity t15}
07-06 22:42:40.975  1081  1209 V WindowManagerShell: Directly starting a new transition type=CHANGE wct=WindowContainerTransaction { changes= {android.os.BinderProxy@d8ae4ce={isTaskMoveAllowed:false,}} hops= [] flags= 0 errorCallbackToken=null taskFragmentOrganizer=null } handler=null
07-06 22:42:40.985  6278  6278 I PkDeviceHelper: PkDeviceHelper.refreshDevices():87 refreshing devices
07-06 22:42:40.986 21921 21921 I Zygote  : Process 21921 created for tech.pathfinder.unveil
07-06 22:42:40.987 21921 21921 I thfinder.unveil: Using generational CollectorTypeCMC GC.
07-06 22:42:40.994  6278  6278 I PkDeviceHelper: PkDeviceHelper.addDevice():125 device qwerty2 added
07-06 22:42:40.999   637   659 I AppsFilter: interaction: PackageSetting{596f414 best.unveil.app/10231} -> PackageSetting{6817e60 tech.pathfinder.unveil/10235} BLOCKED
07-06 22:42:41.016   637   982 I HalDevMgr: bestIfaceCreationProposal is null, requestIface=STA, existingIface=[name=wlan0 type=STA]
07-06 22:42:41.019   637   747 I InputDispatcher: Not sending touch event to bac005e com.android.chrome/org.chromium.chrome.browser.ChromeTabbedActivity because it is paused
07-06 22:42:41.036  1081  1081 D NavigationModeController: getCurrentUserContext: contextUser=0 currentUser=0
07-06 22:42:41.050   776   803 I artd    : GetBestInfo: odex next to the dex file (/data/app/~~RMhMkQ2OgjwCzJJGIh32CA==/com.google.android.gms-tQ7ypCsqn36EvzC7XD-Svg==/oat/arm64/base.odex) is kOatUpToDate with filter 'speed-profile' executable 'false'
07-06 22:42:41.052  1910  1910 I adbd    : adbd service requested 'exec:screencap '-p''
07-06 22:42:41.053   776   781 I artd    : GetBestInfo: dm (/data/app/~~RMhMkQ2OgjwCzJJGIh32CA==/com.google.android.gms-tQ7ypCsqn36EvzC7XD-Svg==/split_AdsDynamite_installtime.dm) is kOatUpToDate with filter 'verify' executable 'false'
07-06 22:42:41.055   776   803 I artd    : GetBestInfo: odex next to the dex file (/data/app/~~RMhMkQ2OgjwCzJJGIh32CA==/com.google.android.gms-tQ7ypCsqn36EvzC7XD-Svg==/oat/arm64/split_CronetDynamite_installtime.odex) is kOatUpToDate with filter 'speed-profile' executable 'false'
07-06 22:42:41.057   637  2009 V WindowManager: Queueing transition: TransitionRecord{846f04b id=-1 type=CHANGE flags=0x0 parallelCollectType=NONE recentsDisplayId=-1}
07-06 22:42:41.059   776   803 I artd    : GetBestInfo: dm (/data/app/~~RMhMkQ2OgjwCzJJGIh32CA==/com.google.android.gms-tQ7ypCsqn36EvzC7XD-Svg==/split_DynamiteLoader_installtime.dm) is kOatUpToDate with filter 'verify' executable 'false'
07-06 22:42:41.060   776   781 I artd    : GetBestInfo: dm (/data/app/~~RMhMkQ2OgjwCzJJGIh32CA==/com.google.android.gms-tQ7ypCsqn36EvzC7XD-Svg==/split_DynamiteModulesA_installtime.dm) is kOatUpToDate with filter 'verify' executable 'false'
07-06 22:42:41.062   776   803 I artd    : GetBestInfo: dm (/data/app/~~RMhMkQ2OgjwCzJJGIh32CA==/com.google.android.gms-tQ7ypCsqn36EvzC7XD-Svg==/split_DynamiteModulesC_installtime.dm) is kOatUpToDate with filter 'verify' executable 'false'
07-06 22:42:41.080   776   781 I artd    : GetBestInfo: dm (/data/app/~~RMhMkQ2OgjwCzJJGIh32CA==/com.google.android.gms-tQ7ypCsqn36EvzC7XD-Svg==/split_GoogleCertificates_installtime.dm) is kOatUpToDate with filter 'verify' executable 'false'
07-06 22:42:41.090   776   803 I artd    : GetBestInfo: dm (/data/app/~~RMhMkQ2OgjwCzJJGIh32CA==/com.google.android.gms-tQ7ypCsqn36EvzC7XD-Svg==/split_MapsDynamite_installtime.dm) is kOatUpToDate with filter 'verify' executable 'false'
07-06 22:42:41.091 21921 21921 D nativeloader: Load libframework-connectivity-tiramisu-jni.so using APEX ns com_android_tethering for caller /apex/com.android.tethering/javalib/framework-connectivity-t.jar: ok
07-06 22:42:41.092   776   781 I artd    : GetBestInfo: dm (/data/app/~~RMhMkQ2OgjwCzJJGIh32CA==/com.google.android.gms-tQ7ypCsqn36EvzC7XD-Svg==/split_MeasurementDynamite_installtime.dm) is kOatUpToDate with filter 'verify' executable 'false'
07-06 22:42:41.095   776   803 I artd    : GetBestInfo: dm (/data/app/~~RMhMkQ2OgjwCzJJGIh32CA==/com.google.android.gms-tQ7ypCsqn36EvzC7XD-Svg==/split_all_locale_splits.dm) is kOatUpToDate with filter 'verify' executable 'false'
07-06 22:42:41.096   776   781 I artd    : GetBestInfo: /data/user_de/0/com.google.android.gms/app_chimera/m/00000013/dl-PlayCloudSearch.optional_262334100000.apk has no usable artifacts
07-06 22:42:41.096   776   803 I artd    : GetBestInfo: /data/user_de/0/com.google.android.gms/app_chimera/m/00000001/CronetDynamite.apk has no usable artifacts
07-06 22:42:41.098   776   803 I artd    : GetBestInfo: /data/user_de/0/com.google.android.gms/app_chimera/m/00000014/dl-IdentityCredentialsPlatform.optional_262334100400.apk has no usable artifacts
07-06 22:42:41.100   776   781 I artd    : GetBestInfo: /data/user_de/0/com.google.android.gms/app_chimera/m/00000002/DynamiteLoader.apk has no usable artifacts
07-06 22:42:41.102   776   803 I artd    : GetBestInfo: /data/user_de/0/com.google.android.gms/app_chimera/m/00000005/GoogleCertificates.apk has no usable artifacts
07-06 22:42:41.124   776   781 I artd    : GetBestInfo: /data/user_de/0/com.google.android.gms/app_chimera/m/0000000e/dl-VisionOcr.optional_261136100000.apk has no usable artifacts
07-06 22:42:41.133   776   803 I artd    : GetBestInfo: /data/user_de/0/com.google.android.gms/app_chimera/m/0000000b/dl-Appsearch.optional_261136100400.apk has no usable artifacts
07-06 22:42:41.135   776   781 I artd    : GetBestInfo: /data/user_de/0/com.google.android.gms/app_chimera/m/0000000a/dl-IdentityCredentialsPlatform.optional_261136100400.apk has no usable artifacts
07-06 22:42:41.138   776   781 I artd    : GetBestInfo: /data/user_de/0/com.google.android.gms/app_chimera/m/00000015/dl-VisionOcr.optional_262334100000.apk has no usable artifacts
07-06 22:42:41.140   776   781 I artd    : GetBestInfo: /data/user_de/0/com.google.android.gms/app_chimera/m/00000010/dl-MlkitOcrCommon.optional_262334100400.apk has no usable artifacts
07-06 22:42:41.143   776   803 I artd    : GetBestInfo: /data/user_de/0/com.google.android.gms/app_chimera/m/0000000d/dl-MlkitOcrCommon.optional_261136100400.apk has no usable artifacts
07-06 22:42:41.145   776   781 I artd    : GetBestInfo: /data/user_de/0/com.google.android.gms/app_chimera/m/00000012/dl-TfliteDynamiteDynamite.integ_252130102100400.apk has no usable artifacts
07-06 22:42:41.153   637   659 W PermissionService: getPermissionFlags: Unknown user -1
07-06 22:42:41.156   776   803 I artd    : GetBestInfo: vdex next to the dex file (/data/user/0/com.google.android.gms/app_dg_cache/574CF0A3144EB354068F133F674AB38CCBB02976/oat/arm64/the.vdex) is kOatUpToDate with filter 'verify' executable 'false'
07-06 22:42:41.157   637   659 W PermissionService: getPermissionFlags: Unknown user -1
07-06 22:42:41.158   776   803 I artd    : GetBestInfo: /data/user_de/0/com.google.android.gms/app_chimera/m/00000016/dl-Appsearch.optional_262334100400.apk has no usable artifacts
07-06 22:42:41.164   776   803 I artd    : GetBestInfo: /data/user_de/0/com.google.android.gms/app_chimera/m/00000011/dl-MlkitBarcodeUi.optional_262334100400.apk has no usable artifacts
07-06 22:42:41.167   776   803 I artd    : GetBestInfo: vdex next to the dex file (/data/user/0/com.google.android.gms/app_dg_cache/7C26F94942E0B3DC400FC8F3A2AF71B87FD5F04D/oat/arm64/the.vdex) is kOatUpToDate with filter 'verify' executable 'false'
07-06 22:42:41.171   776   781 I artd    : GetBestInfo: /data/user_de/0/com.google.android.gms/app_chimera/m/00000007/MeasurementDynamite.apk has no usable artifacts
07-06 22:42:41.210  1081  1209 V RecentTasksController: Notify recent tasks changed
07-06 22:42:41.211  1385  1385 D RecentTasksList: invalidateLoadedTasks - previous requestLoadId: -1
07-06 22:42:41.237  1081  1209 V RecentTasksController: generateList(getRecentTasks)
07-06 22:42:41.239  1081  1209 V RecentTasksController: initializeDesksMap - allDeskIds: []
07-06 22:42:41.239  1081  1209 V RecentTasksController: Task 93 is not an active desktop task
07-06 22:42:41.239  1081  1209 V RecentTasksController: Added fullscreen task: 93
07-06 22:42:41.239  1081  1209 V RecentTasksController: Task 15 is not an active desktop task
07-06 22:42:41.239  1081  1209 V RecentTasksController: Added fullscreen task: 15
07-06 22:42:41.239  1081  1209 V RecentTasksController: Task 16 is not an active desktop task
07-06 22:42:41.239  1081  1209 V RecentTasksController: Added fullscreen task: 16
07-06 22:42:41.239  1081  1209 V RecentTasksController: generateList - complete
07-06 22:42:41.242  1385  1440 D PreloadThumbnailUseCase: Preloading thumbnails for task ids: [[id=16 windowingMode=1 user=0 lastActiveTime=5567218] null, [id=15 windowingMode=1 user=0 lastActiveTime=443050746] null, [id=93 windowingMode=1 user=0 lastActiveTime=443050751] null]
07-06 22:42:41.273 21921 21921 D nativeloader: Configuring clns-9 for other apk /data/app/~~lshIvjwb66c4Wy2aWPerTQ==/tech.pathfinder.unveil-j5Cs74-W__mPPOu-rxixrA==/base.apk. target_sdk_version=36, uses_libraries=, library_path=/data/app/~~lshIvjwb66c4Wy2aWPerTQ==/tech.pathfinder.unveil-j5Cs74-W__mPPOu-rxixrA==/lib/arm64:/data/app/~~lshIvjwb66c4Wy2aWPerTQ==/tech.pathfinder.unveil-j5Cs74-W__mPPOu-rxixrA==/base.apk!/lib/arm64-v8a, permitted_path=/data:/mnt/expand:/data/user/0/tech.pathfinder.unveil
07-06 22:42:41.293 21921 21921 V GraphicsEnvironment: Currently set values for:
07-06 22:42:41.293 21921 21921 V GraphicsEnvironment:   angle_gl_driver_selection_pkgs=[]
07-06 22:42:41.293 21921 21921 V GraphicsEnvironment:   angle_gl_driver_selection_values=[]
07-06 22:42:41.293 21921 21921 V GraphicsEnvironment: tech.pathfinder.unveil is not listed in per-application setting
07-06 22:42:41.294 21921 21921 V GraphicsEnvironment: No special selections for ANGLE, returning default driver choice
07-06 22:42:41.303 21921 21921 V GraphicsEnvironment: Neither updatable production driver nor prerelease driver is supported.
07-06 22:42:41.378 21921 21921 W FirebaseApp: Default FirebaseApp failed to initialize because no default options were found. This usually means that com.google.gms:google-services was not applied to your gradle project.
07-06 22:42:41.378 21921 21921 I FirebaseInitProvider: FirebaseApp initialization unsuccessful
07-06 22:42:41.785   637   637 W Looper  : Slow dispatch took 412ms main app=system_server main=true group=FOREGROUND h=com.android.server.notification.NotificationManagerService$WorkerHandler c=com.android.server.notification.NotificationManagerService$PostNotificationRunnable@eda66be m=0
07-06 22:42:41.795   637  2009 D CorePackageUpdate: Couldn't find a persistent state for task= 93
07-06 22:42:41.829 21921 21945 I DisplayManager: Choreographer implicitly registered for the refresh rate.
07-06 22:42:41.853 21939 21939 W libbinder.BackendUnifiedServiceManager: Thread Pool max thread count is 0. Cannot cache binder as linkToDeath cannot be implemented. serviceName: SurfaceFlingerAIDL
07-06 22:42:41.855 21939 21939 W libbinder.BpBinder: Linking to death on android.gui.ISurfaceComposer but there are no threads (yet?) listening to incoming transactions. See ProcessState::startThreadPool and ProcessState::setThreadPoolMaxThreadCount. Generally you should setup the binder threadpool before other initialization steps.
07-06 22:42:41.856 21939 21939 W libbinder.ProcessState: Extra binder thread started, but 0 threads requested. Do not use *startThreadPool when zero threads are requested.
07-06 22:42:41.922   491   576 W skia    : AGTM parsing failed flags.readFromStream(s) at 159
07-06 22:42:41.923   491   576 W skia    : AGTM parsing failed flags.readFromStream(s) at 159
07-06 22:42:41.923   491   576 W skia    : AGTM parsing failed flags.readFromStream(s) at 159
07-06 22:42:41.923   491   576 W skia    : AGTM parsing failed flags.readFromStream(s) at 159
07-06 22:42:41.928  1081  1429 V WindowManagerShell: onTransitionReady(transaction=2735894185839)
07-06 22:42:41.928  1081  1209 V WindowManagerShell: onTransitionReady (#252) android.os.BinderProxy@34691da: {id=252 t=OPEN f=0x0 trk=0 r=[0@Point(0, 0)] c=[
07-06 22:42:41.928  1081  1209 V WindowManagerShell:         {m=OPEN f=MOVE_TO_TOP|FLAG_CHANGED_INTERACTIVE leash=Surface(name=Task=93#2489)/@0xbd215eb sb=Rect(0, 0 - 1080, 2424) eb=Rect(0, 0 - 1080, 2424) epz=Point(1080, 2424) d=0 taskParent=-1 winMode=1 userId=0},
07-06 22:42:41.928  1081  1209 V WindowManagerShell:         {m=TO_BACK f=FLAG_CHANGED_INTERACTIVE leash=Surface(name=Task=15#505)/@0x9e31f48 sb=Rect(0, 0 - 1080, 2424) eb=Rect(0, 0 - 1080, 2424) epz=Point(1080, 2424) d=0 taskParent=-1 winMode=1 userId=0}
07-06 22:42:41.928  1081  1209 V WindowManagerShell:     ]}
07-06 22:42:41.930  3040  3639 W AiAiEcho: LyftNotificationParser Ridesharing ETA not enabled
07-06 22:42:41.930  3040  3639 I AiAiEcho: SmartspaceNotificationPredictor no parser can handle this notification or notification is invalid
07-06 22:42:41.930  1081  1209 V WindowManagerShell: Playing animation for (#252) android.os.BinderProxy@34691da@0
07-06 22:42:41.931  1081  1209 D ShellSplitScreen: startAnimation: transition=252 isSplitActive=false
07-06 22:42:41.931  1081  1209 V ShellRecents: RecentsTransitionHandler.startAnimation: no controller found
07-06 22:42:41.931  1081  1209 V ShellDesktopMode: DesktopMixedTransitionHandler: No pending desktop transition
07-06 22:42:41.931  1081  1209 V WindowManagerShell: Transition doesn't have explicit remote, search filters for match for {id=252 t=OPEN f=0x0 trk=0 r=[0@Point(0, 0)] c=[{m=OPEN f=MOVE_TO_TOP|FLAG_CHANGED_INTERACTIVE leash=Surface(name=Task=93#2489)/@0xbd215eb sb=Rect(0, 0 - 1080, 2424) eb=Rect(0, 0 - 1080, 2424) epz=Point(1080, 2424) d=0 taskParent=-1 winMode=1 userId=0},{m=TO_BACK f=FLAG_CHANGED_INTERACTIVE leash=Surface(name=Task=15#505)/@0x9e31f48 sb=Rect(0, 0 - 1080, 2424) eb=Rect(0, 0 - 1080, 2424) epz=Point(1080, 2424) d=0 taskParent=-1 winMode=1 userId=0}]}
07-06 22:42:41.932  1081  1209 V WindowManagerShell:  Checking filter Pair{{types=[] flags=0x0 notFlags=0x0 checks=[{atype=undefined independent=true modes=[CLOSE,TO_BACK] flags=IN_TASK_WITH_EMBEDDED_ACTIVITY mustBeTask=false order=ANY topActivity=null launchCookie=null taskFragmentToken=android.os.BinderProxy@4a2f7ab windowingMode=undefined isCrossDisplayMove=false}]} RemoteTransition { remoteTransition = android.window.IRemoteTransition$Stub$Proxy@a1bbe08, appThread = android.app.IApplicationThread$Stub$Proxy@3e689a1, debugName = overlayBackTransition, filter = {types=[] flags=0x0 notFlags=0x0 checks=[{atype=undefined independent=true modes=[CLOSE,TO_BACK] flags=IN_TASK_WITH_EMBEDDED_ACTIVITY mustBeTask=false order=ANY topActivity=null launchCookie=null taskFragmentToken=android.os.BinderProxy@4a2f7ab windowingMode=undefined isCrossDisplayMove=false}]} }}
07-06 22:42:41.932  1081  1209 V WindowManagerShell:  Checking filter Pair{{types=[] flags=0x0 notFlags=0x0 checks=[{atype=dream independent=true modes=[OPEN,TO_FRONT] flags=NONE mustBeTask=false order=ANY topActivity=null launchCookie=null windowingMode=undefined isCrossDisplayMove=false},{atype=home independent=true modes=[CLOSE,TO_BACK] flags=NONE mustBeTask=false order=ANY topActivity=null launchCookie=null windowingMode=undefined isCrossDisplayMove=false}]} RemoteTransition { remoteTransition = android.window.IRemoteTransition$Stub$Proxy@a9dd7c6, appThread = android.app.IApplicationThread$Stub$Proxy@6176387, debugName = LauncherToDream, filter = {types=[] flags=0x0 notFlags=0x0 checks=[{atype=dream independent=true modes=[OPEN,TO_FRONT] flags=NONE mustBeTask=false order=ANY topActivity=null launchCookie=null windowingMode=undefined isCrossDisplayMove=false},{atype=home independent=true modes=[CLOSE,TO_BACK] flags=NONE mustBeTask=false order=ANY topActivity=null launchCookie=null windowingMode=undefined isCrossDisplayMove=false}]} }}
07-06 22:42:41.932  1081  1209 V WindowManagerShell:  Checking filter Pair{{types=[] flags=0x0 notFlags=0x0 checks=[{atype=standard independent=false modes=[CHANGE] flags=NONE mustBeTask=true order=ANY topActivity=null launchCookie=null windowingMode=undefined isCrossDisplayMove=true}]} RemoteTransition { remoteTransition = android.window.IRemoteTransition$Stub$Proxy@9b2b2b4, appThread = android.app.IApplicationThread$Stub$Proxy@ec11edd, debugName = QuickstepDisplayMove, filter = {types=[] flags=0x0 notFlags=0x0 checks=[{atype=standard independent=false modes=[CHANGE] flags=NONE mustBeTask=true order=ANY topActivity=null launchCookie=null windowingMode=undefined isCrossDisplayMove=true}]} }}
07-06 22:42:41.932  1081  1209 V WindowManagerShell:  Checking filter Pair{{types=[] flags=0x0 notFlags=0x100 checks=[{atype=home independent=true modes=[OPEN,TO_FRONT] flags=NONE mustBeTask=false order=ANY topActivity=ComponentInfo{com.google.android.apps.nexuslauncher/com.google.android.apps.nexuslauncher.NexusLauncherActivity} launchCookie=null windowingMode=undefined isCrossDisplayMove=false},{atype=standard independent=true modes=[CLOSE,TO_BACK] flags=NONE mustBeTask=false order=ANY topActivity=null launchCookie=null windowingMode=undefined isCrossDisplayMove=false},{NOT atype=undefined independent=true modes=[] flags=NONE mustBeTask=true order=ANY topActivity=null launchCookie=null customAnim=true windowingMode=undefined isCrossDisplayMove=false}]} RemoteTransition { remoteTransition = android.window.IRemoteTransition$Stub$Proxy@b8faa52, appThread = android.app.IApplicationThread$Stub$Proxy@f7cb123, debugName = QuickstepLaunchHome, filter = {types=[] flags=0x0 notFlags=0x100 checks=[{atype=home independent=true modes=[OPEN,TO_FRONT] flags=NONE mustBeTask=false order=ANY topActivity=ComponentInfo{com.google.android.apps.nexuslauncher/com.google.android.apps.nexuslauncher.NexusLauncherActivity} launchCookie=null windowingMode=undefined isCrossDisplayMove=false},{atype=standard independent=true modes=[CLOSE,TO_BACK] flags=NONE mustBeTask=false order=ANY topActivity=null launchCookie=null windowingMode=undefined isCrossDisplayMove=false},{NOT atype=undefined independent=true modes=[] flags=NONE mustBeTask=true order=ANY topActivity=null launchCookie=null customAnim=true windowingMode=undefined isCrossDisplayMove=false}]} }}
07-06 22:42:41.932  1081  1209 V WindowManagerShell:  Checking filter Pair{{types=[OPEN,TO_FRONT] flags=0x0 notFlags=0x0 checks=[{atype=standard independent=true modes=[OPEN,TO_FRONT] flags=NONE mustBeTask=true order=ANY topActivity=null launchCookie=null windowingMode=freeform isCrossDisplayMove=false}]} RemoteTransition { remoteTransition = android.window.IRemoteTransition$Stub$Proxy@ef28abc, appThread = null, debugName = DesktopWindowLimitUnminimize, filter = {types=[OPEN,TO_FRONT] flags=0x0 notFlags=0x0 checks=[{atype=standard independent=true modes=[OPEN,TO_FRONT] flags=NONE mustBeTask=true order=ANY topActivity=null launchCookie=null windowingMode=freeform isCrossDisplayMove=false}]} }}
07-06 22:42:41.932  1081  1209 V WindowManagerShell:  Delegate animation for (#252) to null
07-06 22:42:41.932  1081  1209 V WindowManagerShell: start default transition animation, info = {id=252 t=OPEN f=0x0 trk=0 r=[0@Point(0, 0)] c=[{m=OPEN f=MOVE_TO_TOP|FLAG_CHANGED_INTERACTIVE leash=Surface(name=Task=93#2489)/@0xbd215eb sb=Rect(0, 0 - 1080, 2424) eb=Rect(0, 0 - 1080, 2424) epz=Point(1080, 2424) d=0 taskParent=-1 winMode=1 userId=0},{m=TO_BACK f=FLAG_CHANGED_INTERACTIVE leash=Surface(name=Task=15#505)/@0x9e31f48 sb=Rect(0, 0 - 1080, 2424) eb=Rect(0, 0 - 1080, 2424) epz=Point(1080, 2424) d=0 taskParent=-1 winMode=1 userId=0}]}
07-06 22:42:41.935  1081  1209 V WindowManagerShell: loadAnimation: anim=android.view.animation.AnimationSet@e653b06 animAttr=0x9 type=OPEN isEntrance=false
07-06 22:42:41.949   491   576 W skia    : AGTM parsing failed flags.readFromStream(s) at 159
07-06 22:42:41.949   491   576 W skia    : AGTM parsing failed flags.readFromStream(s) at 159
07-06 22:42:41.987 21939 21946 W libc    : Access denied finding property "vendor.mesa.virtgpu.kumquat"
07-06 22:42:41.990   637   656 V WindowManager: Sent Transition (#252) createdAt=07-06 22:42:40.451 via request=TransitionRequestInfo { type = OPEN, triggerTask = TaskInfo{userId=0 taskId=93 effectiveUid=10235 displayId=0 isRunning=true baseIntent=Intent { act=android.intent.action.MAIN cat=[android.intent.category.LAUNCHER] flg=0x10200000 cmp=tech.pathfinder.unveil/.MainActivity } baseActivity=ComponentInfo{tech.pathfinder.unveil/tech.pathfinder.unveil.MainActivity} topActivity=ComponentInfo{tech.pathfinder.unveil/tech.pathfinder.unveil.MainActivity} origActivity=null realActivity=ComponentInfo{tech.pathfinder.unveil/tech.pathfinder.unveil.MainActivity} realActivityIsAppLockEnabled=false numActivities=1 lastActiveTime=443050751 supportsMultiWindow=true supportsMultiWindowWithoutConstraints=true resizeMode=1 isResizeable=true minWidth=-1 minHeight=-1 defaultMinSize=220 token=WCT{RemoteToken{aca8f96 Task{a3f1b2e #93 type=standard A=10235:tech.pathfinder.unveil}}} topActivityType=1 pictureInPictureParams=null shouldDockBigOverlays=false launchIntoPipHostTaskId=-1 lastParentTaskIdBeforePip=-1 displayCutoutSafeInsets=Rect(0, 142 - 0, 0) topActivityInfo=ActivityInfo{4030717 tech.pathfinder.unveil.MainActivity} launchCookies=[] positionInParent=Point(0, 0) parentTaskId=-1 isFocused=false isInteractive=false isVisible=false isVisibleRequested=false isTopActivityNoDisplay=false isSleeping=false locusId=null displayAreaFeatureId=1 isTopActivityTransparent=false isActivityStackTransparent=false lastNonFullscreenBounds=null leafTaskBoundsFromOptions= false capturedLink=null capturedLinkTimestamp=0 requestedVisibleTypes=503 topActivityRequestOpenInBrowserEducationTimestamp=0 appCompatTaskInfo=AppCompatTaskInfo { topActivityInSizeCompat=false isLeafTask= true eligibleForLetterboxEducation= false isLetterboxEducationEnabled= true isLetterboxDoubleTapEnabled= false eligibleForUserAspectRatioButton= false topActivityBoundsLetterboxed= false isFromLetterboxDoubleTap= false topActivityLetterboxVerticalPosition= -1 topActivityLetterboxHorizontalPosition= -1 topActivityLetterboxWidth=-1 topActivityLetterboxHeight=-1 topActivityAppBounds=Rect(0, 0 - 1080, 2424) isUserFullscreenOverrideEnabled=false isSystemFullscreenOverrideEnabled=false hasMinAspectRatioOverride=false topActivityLetterboxBounds=null topNonResizableActivityAspectRatio=-1.0} topActivityMainWindowFrame=null isAppBubble=false}, pipChange = null, remoteTransitionInfo = null, displayChanges = null, requestedLocation = null, userChange = null, windowingLayerChange = null, fullscreenRequestChange = null, flags = 0, debugId = 252 }
07-06 22:42:41.993   637   656 V WindowManager:     startWCT=WindowContainerTransaction { changes= {} hops= [] flags= 0 errorCallbackToken=null taskFragmentOrganizer=null }
07-06 22:42:41.993   637   656 V WindowManager:     info={id=252 t=OPEN f=0x0 trk=0 r=[0@Point(0, 0)] c=[
07-06 22:42:41.993   637   656 V WindowManager:         {WCT{RemoteToken{aca8f96 Task{a3f1b2e #93 type=standard A=10235:tech.pathfinder.unveil}}} m=OPEN f=MOVE_TO_TOP|FLAG_CHANGED_INTERACTIVE leash=Surface(name=Task=93#2489)/@0x85230ca sb=Rect(0, 0 - 1080, 2424) eb=Rect(0, 0 - 1080, 2424) epz=Point(1080, 2424) d=0 taskParent=-1 winMode=1 userId=0},
07-06 22:42:41.993   637   656 V WindowManager:         {WCT{RemoteToken{a185b61 Task{544c6b9 #15 type=standard A=10165:com.android.chrome}}} m=TO_BACK f=FLAG_CHANGED_INTERACTIVE leash=Surface(name=Task=15#505)/@0x1ad70dc sb=Rect(0, 0 - 1080, 2424) eb=Rect(0, 0 - 1080, 2424) epz=Point(1080, 2424) d=0 taskParent=-1 winMode=1 userId=0}
07-06 22:42:41.993   637   656 V WindowManager:     ]}
07-06 22:42:41.997 21921 21921 D DesktopExperienceFlags: Toggle override initialized to: false
07-06 22:42:41.999 21921 21921 D AppCompatDelegate: Checking for metadata for AppLocalesMetadataHolderService : Service not found
07-06 22:42:42.003  1081  1209 V WindowManagerShell: loadAnimation: anim=android.view.animation.AnimationSet@85030ea animAttr=0x8 type=OPEN isEntrance=true
