07-06 22:42:43.653 21992 21992 I AconfigPackage: com.android.appsearch.flags is mapped to com.android.appsearch
07-06 22:42:43.654 21992 21992 I AconfigPackage: com.android.uprobestats.flags is mapped to com.android.uprobestats
07-06 22:42:43.654 21992 21992 I AconfigPackage: android.uprobestats.mainline.flags is mapped to com.android.uprobestats
07-06 22:42:43.654 21992 21992 I AconfigPackage: com.android.crashrecovery.flags is mapped to com.android.crashrecovery
07-06 22:42:43.654 21992 21992 I AconfigPackage: android.provider.flags is mapped to com.android.configinfrastructure
07-06 22:42:43.654 21992 21992 I AconfigPackage: com.android.server.deviceconfig is mapped to com.android.configinfrastructure
07-06 22:42:43.654 21992 21992 I AconfigPackage: com.android.art.flags is mapped to com.android.art
07-06 22:42:43.654 21992 21992 I AconfigPackage: com.android.art.rw.flags is mapped to com.android.art
07-06 22:42:43.654 21992 21992 I AconfigPackage: com.android.libcore is mapped to com.android.art
07-06 22:42:43.654 21992 21992 I AconfigPackage: android.telecom.flags is mapped to com.android.telephonycore
07-06 22:42:43.654 21992 21992 I AconfigPackage: com.android.internal.telecom.flags is mapped to com.android.telephonycore
07-06 22:42:43.654 21992 21992 I AconfigPackage: com.android.telephony.flags is mapped to com.android.telephonycore
07-06 22:42:43.654 21992 21992 I AconfigPackage: com.android.media.extractor.flags is mapped to com.android.media
07-06 22:42:43.654 21992 21992 I AconfigPackage: com.android.media.metrics.flags is mapped to com.android.media
07-06 22:42:43.654 21992 21992 I AconfigPackage: com.android.media.mainline.flags is mapped to com.android.media
07-06 22:42:43.654 21992 21992 I AconfigPackage: com.android.wifi.flags is mapped to com.android.wifi
07-06 22:42:43.654 21992 21992 I AconfigPackage: com.android.org.conscrypt.flags is mapped to com.android.conscrypt
07-06 22:42:43.654 21992 21992 I AconfigPackage: com.android.org.conscrypt.net.flags is mapped to com.android.conscrypt
07-06 22:42:43.654 21992 21992 I AconfigPackage: com.android.healthfitness.flags is mapped to com.android.healthfitness
07-06 22:42:43.654 21992 21992 I AconfigPackage: com.android.ipsec.flags is mapped to com.android.ipsec
07-06 22:42:43.655 21992 21992 I AconfigPackage: com.android.nfc.module.flags is mapped to com.android.nfcservices
07-06 22:42:43.655 21992 21992 I AconfigPackage: com.android.nfc.module.nonexported.flags is mapped to com.android.nfcservices
07-06 22:42:43.655 21992 21992 I AconfigPackage: com.android.adservices.ondevicepersonalization.flags is mapped to com.android.ondevicepersonalization
07-06 22:42:43.655 21992 21992 I AconfigPackage: com.android.adbd.flags is mapped to com.android.adbd
07-06 22:42:43.655 21992 21992 I AconfigPackage: com.android.bluetooth.beta.flags is mapped to com.android.bt
07-06 22:42:43.655 21992 21992 I AconfigPackage: com.android.bluetooth.flags is mapped to com.android.bt
07-06 22:42:43.655 21992 21992 I AconfigPackage: com.android.devicelock.flags is mapped to com.android.devicelock
07-06 22:42:43.655 21992 21992 I AconfigPackage: android.os.profiling is mapped to com.android.profiling
07-06 22:42:43.655 21992 21992 I AconfigPackage: android.os.profiling.anomaly.flags is mapped to com.android.profiling
07-06 22:42:43.655 21992 21992 I AconfigPackage: com.android.os.statsd.flags is mapped to com.android.os.statsd
07-06 22:42:43.655 21992 21992 I AconfigPackage: com.android.webapp.flags is mapped to com.android.webapp
07-06 22:42:43.655 21992 21992 I AconfigPackage: com.android.rkpd.flags is mapped to com.android.rkpd
07-06 22:42:43.655 21992 21992 I AconfigPackage: com.android.cellbroadcastreceiver.flags is mapped to com.android.cellbroadcast
07-06 22:42:43.655 21992 21992 I AconfigPackage: com.android.adservices.flags is mapped to com.android.adservices
07-06 22:42:43.655 21992 21992 I AconfigPackage: com.android.sdksandbox.flags is mapped to com.android.adservices
07-06 22:42:43.655 21992 21992 I AconfigPackage: android.app.sdksandbox.flags is mapped to com.android.adservices
07-06 22:42:43.656 21992 21992 I AconfigPackage: com.android.uwb.flags is mapped to com.android.uwb
07-06 22:42:43.656 21992 21992 I AconfigPackage: com.android.ranging.flags is mapped to com.android.uwb
07-06 22:42:43.656 21992 21992 I AconfigPackage: com.android.npumanager is mapped to com.android.npumanager
07-06 22:42:43.656 21992 21992 I AconfigPackage: android.graphics.pdf.flags is mapped to com.android.mediaprovider
07-06 22:42:43.656 21992 21992 I AconfigPackage: com.android.providers.media.flags is mapped to com.android.mediaprovider
07-06 22:42:43.656 21992 21992 I AconfigPackage: android.graphics.pdf.flags.readonly is mapped to com.android.mediaprovider
07-06 22:42:43.656 21992 21992 I AconfigPackage: com.android.tethering.mainline.beta is mapped to com.android.tethering
07-06 22:42:43.656 21992 21992 I AconfigPackage: android.net.http is mapped to com.android.tethering
07-06 22:42:43.656 21992 21992 I AconfigPackage: com.android.tethering.readonly.flags is mapped to com.android.tethering
07-06 22:42:43.656 21992 21992 I AconfigPackage: android.net.vcn is mapped to com.android.tethering
07-06 22:42:43.656 21992 21992 I AconfigPackage: com.android.net.flags is mapped to com.android.tethering
07-06 22:42:43.656 21992 21992 I AconfigPackage: com.android.tethering.flags is mapped to com.android.tethering
07-06 22:42:43.656 21992 21992 I AconfigPackage: com.android.tethering.beta.test is mapped to com.android.tethering
07-06 22:42:43.656 21992 21992 I AconfigPackage: com.android.nearby.flags is mapped to com.android.tethering
07-06 22:42:43.656 21992 21992 I AconfigPackage: com.android.net.thread.flags is mapped to com.android.tethering
07-06 22:42:43.656 21992 21992 I AconfigPackage: com.android.net.ct.flags is mapped to com.android.tethering
07-06 22:42:43.656 21992 21992 I AconfigPackage: com.android.system.virtualmachine.flags is mapped to com.android.virt
07-06 22:42:43.656 21992 21992 E FeatureFlagsImplExport: android.os.flagging.AconfigStorageReadException: ERROR_PACKAGE_NOT_FOUND: package android.xr cannot be found on the device
07-06 22:42:43.657 21992 21992 D UiAutomationConnection: Created on user UserHandle{0}
07-06 22:42:43.657 21992 21992 I UiAutomation: Initialized for user 0 on display 0
07-06 22:42:43.657 21992 21992 W UiAutomation: Created with deprecatead constructor, assumes DEFAULT_DISPLAY
07-06 22:42:43.658   637  2009 D AccessibilityManagerService: changeCurrentUserForTestAutomationIfNeededLocked(0): ignoring because device doesn't support visible background users
07-06 22:42:43.658   637  2009 I UiAutomationManager: Registering UiTestAutomationService (id=com.android.server.accessibility/UiAutomation, flags=0x0) when called by user 0
07-06 22:42:43.659   637  2009 V AccessibilityManagerService: onUserStateChangedLocked for userId: 0, forceUpdate: false
07-06 22:42:43.661   637  2009 V AccessibilityUserState: updateShortcutTargets: type:accessibility_shortcut_target_service, current:{}, new:{}
07-06 22:42:43.661   637  2009 V AccessibilityUserState: updateShortcutTargets: type:accessibility_button_targets, current:{}, new:{}
07-06 22:42:43.661   637  2009 V AccessibilityUserState: updateShortcutTargets: type:accessibility_gesture_targets, current:{}, new:{}
07-06 22:42:43.661   637  2009 V AccessibilityUserState: updateShortcutTargets: type:accessibility_qs_targets, current:{}, new:{}
07-06 22:42:43.661   637  2009 V AccessibilityUserState: updateShortcutTargets: type:accessibility_key_gesture_targets, current:{}, new:{}
07-06 22:42:43.661   637  2009 V AccessibilityUserState: updateShortcutTargets: type:accessibility_top_row_key_targets, current:{}, new:{}
07-06 22:42:43.661   637  2009 V AccessibilityUserState: updateShortcutTargets: type:accessibility_quick_access_targets, current:{}, new:{}
07-06 22:42:43.661   637  2009 W MagnificationConnectionManager: requestConnection duplicated request: connect=false, mConnectionState=DISCONNECTED
07-06 22:42:43.661  3040  3868 I AiAiEcho: Settings changed for uri: content://settings/secure/accessibility_enabled
07-06 22:42:43.666   637   637 W libbinder.IPCThreadState: Sending oneway calls to frozen process.
07-06 22:42:43.666   637   637 W libbinder.IPCThreadState: Sending oneway calls to frozen process.
07-06 22:42:43.666   637   637 W libbinder.IPCThreadState: Sending oneway calls to frozen process.
07-06 22:42:43.666   637   637 W libbinder.IPCThreadState: Sending oneway calls to frozen process.
07-06 22:42:43.666   637   637 W libbinder.IPCThreadState: Sending oneway calls to frozen process.
07-06 22:42:43.666   637   637 W libbinder.IPCThreadState: Sending oneway calls to frozen process.
07-06 22:42:43.666   637   637 W libbinder.IPCThreadState: Sending oneway calls to frozen process.
07-06 22:42:43.666   637   637 W libbinder.IPCThreadState: Sending oneway calls to frozen process.
07-06 22:42:43.667   637   723 V AccessibilityManagerService: onUserStateChangedLocked for userId: 0, forceUpdate: false
07-06 22:42:43.667   637   723 V AccessibilityUserState: updateShortcutTargets: type:accessibility_shortcut_target_service, current:{}, new:{}
07-06 22:42:43.667   637   723 V AccessibilityUserState: updateShortcutTargets: type:accessibility_button_targets, current:{}, new:{}
07-06 22:42:43.667   637   723 V AccessibilityUserState: updateShortcutTargets: type:accessibility_gesture_targets, current:{}, new:{}
07-06 22:42:43.667   637   723 V AccessibilityUserState: updateShortcutTargets: type:accessibility_qs_targets, current:{}, new:{}
07-06 22:42:43.667   637   723 V AccessibilityUserState: updateShortcutTargets: type:accessibility_key_gesture_targets, current:{}, new:{}
07-06 22:42:43.667   637   723 V AccessibilityUserState: updateShortcutTargets: type:accessibility_top_row_key_targets, current:{}, new:{}
07-06 22:42:43.668   637   723 V AccessibilityUserState: updateShortcutTargets: type:accessibility_quick_access_targets, current:{}, new:{}
07-06 22:42:43.668   637   723 W MagnificationConnectionManager: requestConnection duplicated request: connect=false, mConnectionState=DISCONNECTED
07-06 22:42:43.668  3040  3868 I AiAiEcho: Settings changed for uri: content://settings/secure/accessibility_enabled
07-06 22:42:43.669   637   637 W libbinder.IPCThreadState: Sending oneway calls to frozen process.
07-06 22:42:43.669   637   637 W libbinder.IPCThreadState: Sending oneway calls to frozen process.
07-06 22:42:43.670  3040  3340 I AiAiEcho: Predicting[0]:  [CONTEXT sampling_count=5 ]
07-06 22:42:43.670  3040  3340 I AiAiEcho: EchoTargets: 
07-06 22:42:43.670  3040  3340 I AiAiEcho: Filtered by AiAi flag check: 
07-06 22:42:43.670  3040  3340 I AiAiEcho: [CONTEXT ratelimit_period="10 SECONDS" ]
07-06 22:42:43.683   637   637 W libbinder.IPCThreadState: Sending oneway calls to frozen process.
07-06 22:42:43.684  3040  3340 I AiAiEcho: #remoteViewsTwiddler: feature disabled.
07-06 22:42:43.685  3040  3340 I AiAiEcho: Predicting[0]:  [CONTEXT sampling_count=5 ]
07-06 22:42:43.685  3040  3340 I AiAiEcho: EchoTargets: 
07-06 22:42:43.685  3040  3340 I AiAiEcho: Filtered by AiAi flag check: 
07-06 22:42:43.685  3040  3340 I AiAiEcho: [CONTEXT ratelimit_period="10 SECONDS" ]
07-06 22:42:43.685  3040  3340 I AiAiEcho: #remoteViewsTwiddler: feature disabled.
07-06 22:42:43.685  3040  3340 I AiAiEcho: Predicting[0]:  [CONTEXT sampling_count=5 ]
07-06 22:42:43.685  3040  3340 I AiAiEcho: EchoTargets: 
07-06 22:42:43.685  3040  3340 I AiAiEcho: Filtered by AiAi flag check: 
07-06 22:42:43.685  3040  3340 I AiAiEcho: [CONTEXT ratelimit_period="10 SECONDS" ]
07-06 22:42:43.685  3040  3340 I AiAiEcho: #remoteViewsTwiddler: feature disabled.
07-06 22:42:43.685  3040  3340 I AiAiEcho: Predicting[0]:  [CONTEXT sampling_count=5 ]
07-06 22:42:43.685  3040  3340 I AiAiEcho: EchoTargets: 
07-06 22:42:43.685  3040  3340 I AiAiEcho: Filtered by AiAi flag check: 
07-06 22:42:43.685  3040  3340 I AiAiEcho: [CONTEXT ratelimit_period="10 SECONDS" ]
07-06 22:42:43.685  3040  3340 I AiAiEcho: #remoteViewsTwiddler: feature disabled.
07-06 22:42:43.685  3040  3340 I AiAiEcho: Predicting[0]:  [CONTEXT sampling_count=5 ]
07-06 22:42:43.685  3040  3340 I AiAiEcho: EchoTargets: 
07-06 22:42:43.685  3040  3340 I AiAiEcho: Filtered by AiAi flag check: 
07-06 22:42:43.685  3040  3340 I AiAiEcho: [CONTEXT ratelimit_period="10 SECONDS" ]
07-06 22:42:43.685  3040  3340 I AiAiEcho: #remoteViewsTwiddler: feature disabled.
07-06 22:42:43.685   637   637 W libbinder.IPCThreadState: Sending oneway calls to frozen process.
07-06 22:42:43.685   637   637 W libbinder.IPCThreadState: Sending oneway calls to frozen process.
07-06 22:42:43.685  3040  3340 I AiAiEcho: Predicting[0]:  [CONTEXT sampling_count=5 ]
07-06 22:42:43.685   637   637 W libbinder.IPCThreadState: Sending oneway calls to frozen process.
07-06 22:42:43.685   637   637 W libbinder.IPCThreadState: Sending oneway calls to frozen process.
07-06 22:42:43.685   491   576 W skia    : AGTM parsing failed flags.readFromStream(s) at 159
07-06 22:42:43.686   637   637 W libbinder.IPCThreadState: Sending oneway calls to frozen process.
07-06 22:42:43.686   637   637 W libbinder.IPCThreadState: Sending oneway calls to frozen process.
07-06 22:42:43.686   637   637 W libbinder.IPCThreadState: Sending oneway calls to frozen process.
07-06 22:42:43.686   637   637 W libbinder.IPCThreadState: Sending oneway calls to frozen process.
07-06 22:42:43.686   637   637 W libbinder.IPCThreadState: Sending oneway calls to frozen process.
07-06 22:42:43.686   637   637 W libbinder.IPCThreadState: Sending oneway calls to frozen process.
07-06 22:42:43.686   637   637 W libbinder.IPCThreadState: Sending oneway calls to frozen process.
07-06 22:42:43.686   637   637 W libbinder.IPCThreadState: Sending oneway calls to frozen process.
07-06 22:42:43.686   637   637 W libbinder.IPCThreadState: Sending oneway calls to frozen process.
07-06 22:42:43.686   637   637 W libbinder.IPCThreadState: Sending oneway calls to frozen process.
07-06 22:42:43.687   637   637 D BatterySaverPolicy: accessibility changed to true, updating policy.
07-06 22:42:43.701  3040  3340 I AiAiEcho: EchoTargets: 
07-06 22:42:43.701  3040  3340 I AiAiEcho: Filtered by AiAi flag check: 
07-06 22:42:43.701  3040  3340 I AiAiEcho: [CONTEXT ratelimit_period="10 SECONDS" ]
07-06 22:42:43.702  3040  3340 I AiAiEcho: #remoteViewsTwiddler: feature disabled.
07-06 22:42:43.705  3040  3340 I AiAiEcho: #postPredictionTargets: Sending updates to UISurface home with targets# 0 (types=[])
07-06 22:42:43.710  3040  3340 I AiAiEcho: #postPredictionTargets: Sending updates to UISurface ambientcue with targets# 0 (types=[])
07-06 22:42:43.710  1081  1294 I AmbientCueRepository: Receiving SmartSpace targets # 0
07-06 22:42:43.710  3040  3340 I AiAiEcho: #postPredictionTargets: Sending updates to UISurface lockscreen with targets# 0 (types=[])
07-06 22:42:43.710  3040  3340 I AiAiEcho: #postPredictionTargets: Sending updates to UISurface home with targets# 0 (types=[])
07-06 22:42:43.710  3040  3340 I AiAiEcho: #postPredictionTargets: Sending updates to UISurface ambientcue with targets# 0 (types=[])
07-06 22:42:43.710  3040  3340 I AiAiEcho: #postPredictionTargets: Sending updates to UISurface lockscreen with targets# 0 (types=[])
07-06 22:42:43.710  1081  1294 I AmbientCueRepository: Receiving SmartSpace targets # 0
07-06 22:42:43.715   637  2039 D AccessibilityManagerService: .getAccessibilityShortcutTargets {shortcutType=32, userId=0}
07-06 22:42:43.739 13401 13409 I FontLog : (REDACTED) Received query %s, URI %s
07-06 22:42:43.740 13401 13409 I FontLog : (REDACTED) Query [%s] resolved to %s
07-06 22:42:43.740 13401 13409 I FontLog : (REDACTED) Fetch %s end status %s
07-06 22:42:43.743 13401 13409 I FontLog : (REDACTED) Pulling font file for id = %d, cache size = %d
07-06 22:42:43.744 21921 22027 I HWUI    : Using FreeType backend (prop=Auto)
07-06 22:42:43.749 13401 13409 I FontLog : (REDACTED) Pulling font file for id = %d, cache size = %d
07-06 22:42:43.772   491   576 W skia    : AGTM parsing failed flags.readFromStream(s) at 159
07-06 22:42:43.916   637   656 I ActivityTaskManager: Displayed tech.pathfinder.unveil/.MainActivity for user 0: +3s474ms
07-06 22:42:44.004   525  8316 W libbinder.IPCThreadState: Sending oneway calls to frozen process.
07-06 22:42:44.012   525  8316 W libbinder.IPCThreadState: Sending oneway calls to frozen process.
07-06 22:42:44.032   637   756 I ImeTracker: tech.pathfinder.unveil:cfc99018: onRequestHide at ORIGIN_SERVER reason HIDE_UNSPECIFIED_WINDOW fromUser false userId 0 displayId 0
07-06 22:42:44.033   491   576 W skia    : AGTM parsing failed flags.readFromStream(s) at 159
07-06 22:42:44.033   491   576 W skia    : AGTM parsing failed flags.readFromStream(s) at 159
07-06 22:42:44.068   637   982 I HalDevMgr: bestIfaceCreationProposal is null, requestIface=STA, existingIface=[name=wlan0 type=STA]
07-06 22:42:44.075   491   576 W skia    : AGTM parsing failed flags.readFromStream(s) at 159
07-06 22:42:44.096  1175  1409 D IpClient/wlan0: interfaceLinkStateChanged: ifindex 16 up
07-06 22:42:44.103  1175  1409 D IpClient/wlan0: interfaceLinkStateChanged: ifindex 16 up
07-06 22:42:44.105 21921 21921 I cr_A11yState: Enabled accessibility services list updated. []
07-06 22:42:44.108 21921 21921 I cr_A11yState: Informing listeners of changes.
07-06 22:42:44.108 21921 21921 I cr_A11yState: New AccessibilityState: State{isComplexUserInteractionServiceEnabled=false, isTouchExplorationEnabled=false, isPerformGesturesEnabled=false, isAnyAccessibilityServiceEnabled=false, isAccessibilityToolPresent=false, isTextShowPasswordEnabled=true, isOnlyAutofillRunning=false, isOnlyPasswordManagersEnabled=false, isKnownScreenReaderEnabled=false}
07-06 22:42:44.109  6278  6278 I GoogleInputMethodService: GoogleInputMethodService.onFinishInput():2259 
07-06 22:42:44.115  6278  6278 I Module  : DeviceLockedStatusModuleProvider$Module.updateDeviceLockedStatus():103 repeatCheckTimes = 0, locked = false
07-06 22:42:44.116 21921 21921 D InsetsController: hide(ime())
07-06 22:42:44.116 21921 21921 I ImeTracker: tech.pathfinder.unveil:cfc99018: onCancelled at PHASE_CLIENT_ALREADY_HIDDEN
07-06 22:42:44.119  6278  6278 I GoogleInputMethodService: GoogleInputMethodService.onStartInput():1446 onStartInput(EditorInfo{EditorInfo{packageName=tech.pathfinder.unveil, inputType=0, inputTypeString=NULL, enableLearning=false, autoCorrection=false, autoComplete=false, imeOptions=12000000, privateImeOptions=null, actionName=UNSPECIFIED, actionLabel=null, initialSelStart=-1, initialSelEnd=-1, initialCapsMode=0, label=null, fieldId=0, fieldName=null, extras=null, hintText=null, hintLocales=[]}}, false)
07-06 22:42:44.119  6278  6278 I AndroidIME: LatinIMEBase.updateInputViewCoverNavigation():322 Update input view padding, isNavbarOverInputWindow=true, bottom inset=63
07-06 22:42:44.121  4559  4559 I ImeTracker: com.android.chrome:802723f9: onRequestHide at ORIGIN_CLIENT reason HIDE_WINDOW_LOST_FOCUS fromUser false userId 0 displayId 0
07-06 22:42:44.121  4559  4559 D InsetsController: hide(ime())
07-06 22:42:44.121  4559  4559 I ImeTracker: com.android.chrome:802723f9: onCancelled at PHASE_CLIENT_ALREADY_HIDDEN
07-06 22:42:44.136   637  2016 D InputMethodManagerService: Attach new input but force hide
07-06 22:42:44.136   637  2016 I ImeTracker: tech.pathfinder.unveil:98e5985b: onRequestHide at ORIGIN_SERVER reason HIDE_SOFT_INPUT fromUser false userId 0 displayId 0
07-06 22:42:44.136   637  2016 I ImeTracker: tech.pathfinder.unveil:98e5985b: onCancelled at PHASE_SERVER_SHOULD_HIDE
07-06 22:42:44.136   637  2016 W InputChannel-JNI: Channel already disposed.
07-06 22:42:44.137  6278  6278 I Module  : DeviceLockedStatusModuleProvider$Module.updateDeviceLockedStatus():103 repeatCheckTimes = 1, locked = false
07-06 22:42:44.159   637   723 I ImeTracker: system_server:c3a18169: onRequestHide at ORIGIN_SERVER reason IME_REQUESTED_CHANGED_LISTENER fromUser false displayId 0
07-06 22:42:44.160  4559 11846 I cr_BindingManager: onTrimMemory: level=20, size=2
07-06 22:42:44.169   637   659 I ImeTracker: system_server:c3a18169: onCancelled at PHASE_SERVER_SHOULD_HIDE
07-06 22:42:44.203  6278  6278 W NotificationCenter: NotificationCenter$NotificationQueue.notifyPendingNotificationsOnExecutor():877 Heavy notify work detected on UI thread: [nky->mey] takes 65ms
07-06 22:42:44.237   637  1199 W PackageConfigPersister: App-specific configuration not found for packageName: tech.pathfinder.unveil and userId: 0
07-06 22:42:44.238   525  4987 W libbinder.IPCThreadState: Sending oneway calls to frozen process.
07-06 22:42:44.238   525  4987 W libbinder.IPCThreadState: Sending oneway calls to frozen process.
07-06 22:42:44.263   491   576 W skia    : AGTM parsing failed flags.readFromStream(s) at 159
07-06 22:42:44.362   491   576 W skia    : AGTM parsing failed flags.readFromStream(s) at 159
07-06 22:42:44.402  4559  4572 W System  : A resource failed to call close. 
07-06 22:42:44.466   491   576 W skia    : AGTM parsing failed flags.readFromStream(s) at 159
07-06 22:42:44.565  1081  1105 W System  : A resource failed to call release. 
07-06 22:42:45.093   491   576 W skia    : AGTM parsing failed flags.readFromStream(s) at 159
07-06 22:42:45.208   491   576 W skia    : AGTM parsing failed flags.readFromStream(s) at 159
07-06 22:42:45.307   491   576 W skia    : AGTM parsing failed flags.readFromStream(s) at 159
07-06 22:42:45.503 21992 21992 W AccessibilityNodeInfoDumper: Fetch time: 16ms
07-06 22:42:45.509   637  2039 V AccessibilityManagerService: onUserStateChangedLocked for userId: 0, forceUpdate: false
07-06 22:42:45.514   637  2039 V AccessibilityUserState: updateShortcutTargets: type:accessibility_shortcut_target_service, current:{}, new:{}
07-06 22:42:45.514   637  2039 V AccessibilityUserState: updateShortcutTargets: type:accessibility_button_targets, current:{}, new:{}
07-06 22:42:45.514   637  2039 V AccessibilityUserState: updateShortcutTargets: type:accessibility_gesture_targets, current:{}, new:{}
07-06 22:42:45.514   637  2039 V AccessibilityUserState: updateShortcutTargets: type:accessibility_qs_targets, current:{}, new:{}
07-06 22:42:45.514   637  2039 V AccessibilityUserState: updateShortcutTargets: type:accessibility_key_gesture_targets, current:{}, new:{}
07-06 22:42:45.514   637  2039 V AccessibilityUserState: updateShortcutTargets: type:accessibility_top_row_key_targets, current:{}, new:{}
07-06 22:42:45.514   637  2039 V AccessibilityUserState: updateShortcutTargets: type:accessibility_quick_access_targets, current:{}, new:{}
07-06 22:42:45.514   637  2039 W MagnificationConnectionManager: requestConnection duplicated request: connect=false, mConnectionState=DISCONNECTED
07-06 22:42:45.514   637  2039 D AccessibilityManagerService: restoreCurrentUserForTestAutomationIfNeededLocked(): ignoring because device doesn't support visible background users
07-06 22:42:45.515   637   637 W libbinder.IPCThreadState: Sending oneway calls to frozen process.
07-06 22:42:45.515   637   637 W libbinder.IPCThreadState: Sending oneway calls to frozen process.
07-06 22:42:45.515   637   637 W libbinder.IPCThreadState: Sending oneway calls to frozen process.
07-06 22:42:45.517   637   637 W libbinder.IPCThreadState: Sending oneway calls to frozen process.
07-06 22:42:45.518   637   637 W libbinder.IPCThreadState: Sending oneway calls to frozen process.
07-06 22:42:45.518   637   637 W libbinder.IPCThreadState: Sending oneway calls to frozen process.
07-06 22:42:45.518   637   637 W libbinder.IPCThreadState: Sending oneway calls to frozen process.
07-06 22:42:45.518   637   637 W libbinder.IPCThreadState: Sending oneway calls to frozen process.
07-06 22:42:45.518   637   637 W libbinder.IPCThreadState: Sending oneway calls to frozen process.
07-06 22:42:45.518  3040  3868 I AiAiEcho: Settings changed for uri: content://settings/secure/accessibility_enabled
07-06 22:42:45.518   637   637 W libbinder.IPCThreadState: Sending oneway calls to frozen process.
07-06 22:42:45.518   637   637 W libbinder.IPCThreadState: Sending oneway calls to frozen process.
07-06 22:42:45.518   637   637 W libbinder.IPCThreadState: Sending oneway calls to frozen process.
07-06 22:42:45.518   637   637 W libbinder.IPCThreadState: Sending oneway calls to frozen process.
07-06 22:42:45.518   637   637 W libbinder.IPCThreadState: Sending oneway calls to frozen process.
07-06 22:42:45.518   637   637 W libbinder.IPCThreadState: Sending oneway calls to frozen process.
07-06 22:42:45.519   637   637 D BatterySaverPolicy: accessibility changed to false, updating policy.
07-06 22:42:45.521  3040  3340 I AiAiEcho: Predicting[0]:  [CONTEXT sampling_count=5 ]
07-06 22:42:45.521  3040  3340 I AiAiEcho: EchoTargets: 
07-06 22:42:45.521  3040  3340 I AiAiEcho: Filtered by AiAi flag check: 
07-06 22:42:45.521  3040  3340 I AiAiEcho: [CONTEXT ratelimit_period="10 SECONDS" ]
07-06 22:42:45.521 21992 22024 W libbinder.IPCThreadState: call to talkWithDriver in joinThreadPool returned error: -9 (Bad file descriptor), FD: -1
07-06 22:42:45.522 21992 22023 W libbinder.IPCThreadState: call to talkWithDriver in joinThreadPool returned error: -9 (Bad file descriptor), FD: -1
07-06 22:42:45.522 21992 22030 W libbinder.IPCThreadState: call to talkWithDriver in joinThreadPool returned error: -9 (Bad file descriptor), FD: -1
07-06 22:42:45.522  3040  3340 I AiAiEcho: #remoteViewsTwiddler: feature disabled.
07-06 22:42:45.523  3040  3340 I AiAiEcho: Predicting[0]:  [CONTEXT sampling_count=5 ]
07-06 22:42:45.524  3040  3340 I AiAiEcho: EchoTargets: 
07-06 22:42:45.524  3040  3340 I AiAiEcho: Filtered by AiAi flag check: 
07-06 22:42:45.524  3040  3340 I AiAiEcho: [CONTEXT ratelimit_period="10 SECONDS" ]
07-06 22:42:45.525  3040  3340 I AiAiEcho: #remoteViewsTwiddler: feature disabled.
07-06 22:42:45.527  3040  3340 I AiAiEcho: Predicting[0]:  [CONTEXT sampling_count=5 ]
07-06 22:42:45.527 21992 21992 D AndroidRuntime: Shutting down VM
07-06 22:42:45.528  3040  3340 I AiAiEcho: EchoTargets: 
07-06 22:42:45.528  3040  3340 I AiAiEcho: Filtered by AiAi flag check: 
07-06 22:42:45.528  3040  3340 I AiAiEcho: [CONTEXT ratelimit_period="10 SECONDS" ]
07-06 22:42:45.529  3040  3340 I AiAiEcho: #remoteViewsTwiddler: feature disabled.
07-06 22:42:45.531  3040  3340 I AiAiEcho: #postPredictionTargets: Sending updates to UISurface home with targets# 0 (types=[])
07-06 22:42:45.533  3040  3340 I AiAiEcho: #postPredictionTargets: Sending updates to UISurface ambientcue with targets# 0 (types=[])
07-06 22:42:45.533  3040  3340 I AiAiEcho: #postPredictionTargets: Sending updates to UISurface lockscreen with targets# 0 (types=[])
07-06 22:42:45.534  1081  1294 I AmbientCueRepository: Receiving SmartSpace targets # 0
07-06 22:42:45.546   491   576 W skia    : AGTM parsing failed flags.readFromStream(s) at 159
07-06 22:42:45.645   491   576 W skia    : AGTM parsing failed flags.readFromStream(s) at 159
07-06 22:42:46.520  1910  1910 I adbd    : adbd service requested 'sync:'
07-06 22:42:46.588  1910  1910 I adbd    : adbd service requested 'shell,v2,TERM=xterm-256color,raw:input tap 971 2276'
07-06 22:42:47.111   637  1012 I AdbWifiNetworkMonitor: Wi-Fi network available
07-06 22:42:47.129   637  1012 I AdbWifiNetworkMonitor: Received the same Wi-Fi SSID. Ignoring.
07-06 22:42:47.163   637   982 I HalDevMgr: bestIfaceCreationProposal is null, requestIface=STA, existingIface=[name=wlan0 type=STA]
07-06 22:42:47.175   637   988 W libbinder.IPCThreadState: Sending oneway calls to frozen process.
07-06 22:42:47.181   637   988 E libbinder.IPCThreadState: Binder transaction failure. id: 52366741, cmd: BR_FAILED_REPLY (29201), error: -28 (No space left on device - Binder buffer full. Too many or too large transactions.)
07-06 22:42:47.181   637   988 W ActivityManager: pid 637 system sent binder code 1 with flags 1 and got error -2147483646
07-06 22:42:47.181   637   988 E JavaBinder: !!! FAILED BINDER TRANSACTION !!!  (parcel size = 1188)
07-06 22:42:47.181   637   988 E ConnectivityService: RemoteException caught trying to send a callback msg for NetworkRequest [ TRACK_DEFAULT id=45092, [ Capabilities: INTERNET&NOT_RESTRICTED&TRUSTED&NOT_VCN_MANAGED&NOT_BANDWIDTH_CONSTRAINED Uid: 10161 RequestorUid: 10161 RequestorPkg: com.google.android.googlequicksearchbox UnderlyingNetworks: Null] ]
07-06 22:42:47.181   637   988 E libbinder.IPCThreadState: Binder transaction failure. id: 52366742, cmd: BR_FAILED_REPLY (29201), error: -28 (No space left on device - Binder buffer full. Too many or too large transactions.)
07-06 22:42:47.181   637   988 W ActivityManager: pid 637 system sent binder code 1 with flags 1 and got error -2147483646
07-06 22:42:47.181   637   988 D ActivityManager: Too many transaction errors, throttling transaction error callback.
07-06 22:42:47.181   637   988 E JavaBinder: !!! FAILED BINDER TRANSACTION !!!  (parcel size = 1176)
07-06 22:42:47.181   637   988 E ConnectivityService: RemoteException caught trying to send a callback msg for NetworkRequest [ LISTEN id=45094, [ Capabilities: INTERNET&NOT_RESTRICTED&TRUSTED&NOT_VCN_MANAGED&NOT_BANDWIDTH_CONSTRAINED Uid: 10161 RequestorUid: 10161 RequestorPkg: com.google.android.googlequicksearchbox UnderlyingNetworks: Null] ]
07-06 22:42:47.181   637   988 W libbinder.IPCThreadState: Sending oneway calls to frozen process.
07-06 22:42:47.181   637   988 W libbinder.IPCThreadState: Sending oneway calls to frozen process.
07-06 22:42:47.182   637   988 W libbinder.IPCThreadState: Sending oneway calls to frozen process.
07-06 22:42:47.232   637   988 D ConnectivityService: NetReassign [no changes] [c 0] [a 11] [i 1]
07-06 22:42:47.235 13401 13409 I NullBinder: NullBinder for android.net.action.RECOMMEND_NETWORKS triggering remote TransactionTooLargeException due to Service without Chimera impl, calling uid: 1000, calling pid: 0
07-06 22:42:47.239 13401 13409 W libbinder.Binder: Large reply transaction of 1056768 bytes, interface descriptor , function: UNKNOWN_FUNCTION_NAME, code: 1, flags: 17
07-06 22:42:47.240 13401 18288 I NearbyMediums: Wifi changed new SSID: "AndroidWifi"
07-06 22:42:47.241 13401 18288 I NearbyMediums: WifiLanConnectivityInfo is not changed, skip notify.
07-06 22:42:47.242   637   737 W ActivityManager: pid 9370 has 784 free async space, killing
07-06 22:42:47.244   637   737 I ActivityManager: binder error: kill 9370 Async binder space running out while frozen
07-06 22:42:47.263   637   665 I ActivityManager: Killing 9370:com.google.android.googlequicksearchbox:googleapp/u0a161 (adj 935): Async binder space running out while frozen
07-06 22:42:47.265 13401 13401 D BoundBrokerSvc: onRebind: Intent { act=com.google.android.gms.common.telemetry.service.START dat=chimera-action:/... xflg=0x4 cmp=com.google.android.gms/.chimera.PersistentApiService }
07-06 22:42:47.726 13401 18288 I NearbySharing: Network state changed: NetworkState(isRestricted=false, isOnline=true, isCongested=false, isMetered=false, isWifiConnected=true)
07-06 22:42:47.955   637   988 D QuicConnectionCloser: Close QUIC socket for QuicConnectionCloseInfo{uid: 10161, netId: 104, cookie: 117016, src: /10.0.2.16:45774, dst: /216.239.34.223:443, payload length: 72}, destroySocket=false
07-06 22:42:47.981   637  1160 E AppOps  : Bad call made by uid 1000. Package "com.google.android.googlequicksearchbox" does not belong to uid 1000.
07-06 22:42:47.982   637   988 D ConnectivityService: releasing NetworkRequest [ REQUEST id=45093, [ Capabilities: INTERNET&NOT_RESTRICTED&TRUSTED&NOT_VCN_MANAGED&NOT_BANDWIDTH_CONSTRAINED Uid: 10161 RequestorUid: 10161 RequestorPkg: com.google.android.googlequicksearchbox UnderlyingNetworks: Null] ] (release request)
07-06 22:42:47.986   637   988 D ConnectivityService: releasing NetworkRequest [ REQUEST id=45800, [ Capabilities: INTERNET&NOT_RESTRICTED&TRUSTED&NOT_VCN_MANAGED&NOT_BANDWIDTH_CONSTRAINED Uid: 10161 RequestorUid: 10161 RequestorPkg: com.google.android.googlequicksearchbox UnderlyingNetworks: Null] ] (release request)
07-06 22:42:47.988 13401 13401 D BoundBrokerSvc: onUnbind: Intent { act=com.google.android.gms.clearcut.sampler.service.START dat=chimera-action:/... xflg=0x4 cmp=com.google.android.gms/.chimera.PersistentDirectBootAwareApiService }
07-06 22:42:47.989   637  1160 W BinderNative: Uncaught exception from death notification
07-06 22:42:47.989   637  1160 W BinderNative: java.lang.SecurityException: Specified package "com.google.android.googlequicksearchbox" under uid 1000 but it is not
07-06 22:42:47.989   637  1160 W BinderNative: 	at com.android.server.appop.AppOpsService.verifyAndGetBypass(AppOpsService.java:5210)
07-06 22:42:47.989   637  1160 W BinderNative: 	at com.android.server.appop.AppOpsService.verifyAndGetBypass(AppOpsService.java:5007)
07-06 22:42:47.989   637  1160 W BinderNative: 	at com.android.server.appop.AppOpsService.verifyAndGetBypass(AppOpsService.java:4996)
07-06 22:42:47.989   637  1160 W BinderNative: 	at com.android.server.appop.AppOpsService.stopWatchingAsyncNoted(AppOpsService.java:3859)
07-06 22:42:47.989   637  1160 W BinderNative: 	at com.android.server.appop.AppOpsService.lambda$startWatchingAsyncNoted$8(AppOpsService.java:3835)
07-06 22:42:47.989   637  1160 W BinderNative: 	at com.android.server.appop.AppOpsService.$r8$lambda$8-LvphSu5hQo1Pm8R22O3seI00E(AppOpsService.java:0)
07-06 22:42:47.989   637  1160 W BinderNative: 	at com.android.server.appop.AppOpsService$$ExternalSyntheticLambda2.onInterfaceDied(R8$$SyntheticClass:0)
07-06 22:42:47.989   637  1160 W BinderNative: 	at android.os.RemoteCallbackList$Builder$1.onCallbackDied(RemoteCallbackList.java:337)
07-06 22:42:47.989   637  1160 W BinderNative: 	at android.os.RemoteCallbackList$Interface.binderDied(RemoteCallbackList.java:229)
07-06 22:42:47.989   637  1160 W BinderNative: 	at android.os.IBinder$DeathRecipient.binderDied(IBinder.java:341)
07-06 22:42:47.989   637  1160 W BinderNative: 	at android.os.BinderProxy.sendDeathNotice(BinderProxy.java:850)
07-06 22:42:47.992   637   667 I libprocessgroup: Removed cgroup /sys/fs/cgroup/apps/uid_10161/pid_9370
07-06 22:42:47.996   438   438 I Zygote  : Process 9370 exited due to signal 9 (Killed)
07-06 22:42:48.631  1285  1285 I wpa_supplicant: wlan0: CTRL-EVENT-BEACON-LOSS 
07-06 22:42:48.920   491   576 W skia    : AGTM parsing failed flags.readFromStream(s) at 159
07-06 22:42:48.932 21921 22009 I HWUI    : Davey! duration=2987ms; Flags=0, FrameTimelineVsyncId=3381188, IntendedVsync=443056203072248, Vsync=443056203072248, InputEventId=0, HandleInputStart=443056203824089, AnimationStart=443056203828381, PerformTraversalsStart=443056204487964, DrawStart=443056207311839, FrameDeadline=443056219738914, FrameStartTime=443056203814922, FrameInterval=16666666, WorkloadTarget=16666666, AnimationTime=443056203072248, SyncQueued=443056208975672, SyncStart=443056209055297, IssueDrawCommandsStart=443056209600714, SwapBuffers=443059126988424, FrameCompleted=443059190503007, DequeueBufferDuration=10792, QueueBufferDuration=813041, GpuCompleted=443059190503007, SwapBuffersCompleted=443059130684215, DisplayPresentTime=0, CommandSubmissionCompleted=443059126988424, 
07-06 22:42:48.942   637   747 I InputDispatcher: c34c2ea tech.pathfinder.unveil/tech.pathfinder.unveil.MainActivity spent 2142ms processing MotionEvent
07-06 22:42:48.943 21921 21921 I Choreographer: Skipped 179 frames!  The application may be doing too much work on its main thread.
07-06 22:42:49.086   637   988 D InetDiagMessage: Destroyed 2 sockets, proto=IPPROTO_TCP, family=AF_INET, states=14
07-06 22:42:49.087   637   988 D InetDiagMessage: Destroyed 1 sockets, proto=IPPROTO_TCP, family=AF_INET6, states=14
07-06 22:42:49.087   637   988 D InetDiagMessage: Destroyed live tcp sockets for uids={10165} in 43ms
07-06 22:42:49.087   637   988 D InetDiagMessage: Destroyed 0 sockets, proto=IPPROTO_TCP, family=AF_INET, states=14
07-06 22:42:49.087   637   988 D InetDiagMessage: Destroyed 0 sockets, proto=IPPROTO_TCP, family=AF_INET6, states=14
07-06 22:42:49.087   637   988 D InetDiagMessage: Destroyed live tcp sockets for uids={20165} in 1ms
07-06 22:42:49.087   637  1199 W libbinder.Binder: Binder transaction to android.hardware.input.IInputManager, function: UNKNOWN_FUNCTION_NAME, code: 1598246212, took 2296ms. Data bytes: 172 Reply bytes: 4 Flags: 16
07-06 22:42:49.096   491   576 W skia    : AGTM parsing failed flags.readFromStream(s) at 159
07-06 22:42:49.176 21921 22051 D ProfileInstaller: Skipping profile installation for tech.pathfinder.unveil
07-06 22:42:49.191  1910  1910 I adbd    : adbd service requested 'exec:screencap '-p''
07-06 22:42:49.194 21921 22009 I HWUI    : Davey! duration=3232ms; Flags=0, FrameTimelineVsyncId=3381202, IntendedVsync=443056236405580, Vsync=443059219738794, InputEventId=-733518561, HandleInputStart=443059239101549, AnimationStart=443059239108340, PerformTraversalsStart=443059265164257, DrawStart=443059265480632, FrameDeadline=443059353072122, FrameStartTime=443059226413132, FrameInterval=16666666, WorkloadTarget=16666666, AnimationTime=443059219738794, SyncQueued=443059281916757, SyncStart=443059285814590, IssueDrawCommandsStart=443059285915507, SwapBuffers=443059399349507, FrameCompleted=443059473221340, DequeueBufferDuration=3125, QueueBufferDuration=220042, GpuCompleted=443059473221340, SwapBuffersCompleted=443059441699174, DisplayPresentTime=0, CommandSubmissionCompleted=443059399349507, 
07-06 22:42:49.195   491   576 W skia    : AGTM parsing failed flags.readFromStream(s) at 159
07-06 22:42:49.368   491   576 W skia    : AGTM parsing failed flags.readFromStream(s) at 159
07-06 22:42:49.467   491   576 W skia    : AGTM parsing failed flags.readFromStream(s) at 159
07-06 22:42:49.591   491   576 W skia    : AGTM parsing failed flags.readFromStream(s) at 159
07-06 22:42:49.728 22054 22054 W libbinder.BackendUnifiedServiceManager: Thread Pool max thread count is 0. Cannot cache binder as linkToDeath cannot be implemented. serviceName: SurfaceFlingerAIDL
07-06 22:42:49.741 22054 22054 W libbinder.BpBinder: Linking to death on android.gui.ISurfaceComposer but there are no threads (yet?) listening to incoming transactions. See ProcessState::startThreadPool and ProcessState::setThreadPoolMaxThreadCount. Generally you should setup the binder threadpool before other initialization steps.
07-06 22:42:49.742 22054 22054 W libbinder.ProcessState: Extra binder thread started, but 0 threads requested. Do not use *startThreadPool when zero threads are requested.
07-06 22:42:49.892   491   576 W skia    : AGTM parsing failed flags.readFromStream(s) at 159
07-06 22:42:49.892   491   576 W skia    : AGTM parsing failed flags.readFromStream(s) at 159
07-06 22:42:49.892   491   576 W skia    : AGTM parsing failed flags.readFromStream(s) at 159
07-06 22:42:49.979 22054 22056 W libc    : Access denied finding property "vendor.mesa.virtgpu.kumquat"
07-06 22:42:50.153   491   576 W skia    : AGTM parsing failed flags.readFromStream(s) at 159
07-06 22:42:50.154 21921 22009 I HWUI    : Davey! duration=723ms; Flags=0, FrameTimelineVsyncId=3381258, IntendedVsync=443059619738778, Vsync=443059703072108, InputEventId=0, HandleInputStart=443059713006424, AnimationStart=443059713008216, PerformTraversalsStart=443059713907007, DrawStart=443059714245424, FrameDeadline=443059853084197, FrameStartTime=443059713003174, FrameInterval=16666666, WorkloadTarget=16666666, AnimationTime=443059703072108, SyncQueued=443059714478882, SyncStart=443059794219257, IssueDrawCommandsStart=443059797813216, SwapBuffers=443060353604549, FrameCompleted=443060422589674, DequeueBufferDuration=57500, QueueBufferDuration=652834, GpuCompleted=443060422589674, SwapBuffersCompleted=443060411548549, DisplayPresentTime=0, CommandSubmissionCompleted=443060353604549, 
07-06 22:42:50.170 21921 21921 I Choreographer: Skipped 37 frames!  The application may be doing too much work on its main thread.
07-06 22:42:50.278   637   982 I HalDevMgr: bestIfaceCreationProposal is null, requestIface=STA, existingIface=[name=wlan0 type=STA]
07-06 22:42:50.287   637  1012 I AdbWifiNetworkMonitor: Wi-Fi network available
07-06 22:42:50.290   637  1012 I AdbWifiNetworkMonitor: Received the same Wi-Fi SSID. Ignoring.
07-06 22:42:50.322   491   576 W skia    : AGTM parsing failed flags.readFromStream(s) at 159
07-06 22:42:50.350 13401 13521 I NullBinder: NullBinder for android.net.action.RECOMMEND_NETWORKS triggering remote TransactionTooLargeException due to Service without Chimera impl, calling uid: 1000, calling pid: 0
07-06 22:42:50.353 13401 13521 W libbinder.Binder: Large reply transaction of 1056768 bytes, interface descriptor , function: UNKNOWN_FUNCTION_NAME, code: 1, flags: 17
07-06 22:42:50.357   637   988 W libbinder.IPCThreadState: Sending oneway calls to frozen process.
07-06 22:42:50.366   637   988 W libbinder.IPCThreadState: Sending oneway calls to frozen process.
07-06 22:42:50.366   637   988 W libbinder.IPCThreadState: Sending oneway calls to frozen process.
07-06 22:42:50.366   637   988 W libbinder.IPCThreadState: Sending oneway calls to frozen process.
07-06 22:42:50.369   637   988 D ConnectivityService: NetReassign [no changes] [c 0] [a 1] [i 0]
07-06 22:42:50.373 13401 13525 I NearbyMediums: Wifi changed new SSID: "AndroidWifi"
07-06 22:42:50.373 13401 13525 I NearbyMediums: WifiLanConnectivityInfo is not changed, skip notify.
07-06 22:42:50.485 21921 22009 I HWUI    : Davey! duration=812ms; Flags=0, FrameTimelineVsyncId=3381274, IntendedVsync=443059819738770, Vsync=443060436405412, InputEventId=0, HandleInputStart=443060455437591, AnimationStart=443060455440341, PerformTraversalsStart=443060458446841, DrawStart=443060469339091, FrameDeadline=443060603072072, FrameStartTime=443060452855549, FrameInterval=16666666, WorkloadTarget=16666666, AnimationTime=443060436405412, SyncQueued=443060486300383, SyncStart=443060580511258, IssueDrawCommandsStart=443060580994591, SwapBuffers=443060701561966, FrameCompleted=443060726753258, DequeueBufferDuration=2208, QueueBufferDuration=228583, GpuCompleted=443060726753258, SwapBuffersCompleted=443060702880591, DisplayPresentTime=0, CommandSubmissionCompleted=443060701561966, 
07-06 22:42:50.531   491   576 W skia    : AGTM parsing failed flags.readFromStream(s) at 159
07-06 22:42:50.662   491   576 W skia    : AGTM parsing failed flags.readFromStream(s) at 159
07-06 22:42:50.759   491   576 W skia    : AGTM parsing failed flags.readFromStream(s) at 159
07-06 22:42:50.822  1910  1910 I adbd    : adbd service requested 'shell,v2,raw:dumpsys package com.google.android.gms'
07-06 22:42:50.861   491   576 W skia    : AGTM parsing failed flags.readFromStream(s) at 159
07-06 22:42:50.917 13401 13525 I NearbySharing: Network state changed: NetworkState(isRestricted=false, isOnline=true, isCongested=false, isMetered=false, isWifiConnected=true)
07-06 22:42:51.247   776   781 I artd    : GetBestInfo: odex next to the dex file (/data/app/~~RMhMkQ2OgjwCzJJGIh32CA==/com.google.android.gms-tQ7ypCsqn36EvzC7XD-Svg==/oat/arm64/base.odex) is kOatUpToDate with filter 'speed-profile' executable 'false'
07-06 22:42:51.259   776   803 I artd    : GetBestInfo: dm (/data/app/~~RMhMkQ2OgjwCzJJGIh32CA==/com.google.android.gms-tQ7ypCsqn36EvzC7XD-Svg==/split_AdsDynamite_installtime.dm) is kOatUpToDate with filter 'verify' executable 'false'
07-06 22:42:51.261   776   803 I artd    : GetBestInfo: odex next to the dex file (/data/app/~~RMhMkQ2OgjwCzJJGIh32CA==/com.google.android.gms-tQ7ypCsqn36EvzC7XD-Svg==/oat/arm64/split_CronetDynamite_installtime.odex) is kOatUpToDate with filter 'speed-profile' executable 'false'
07-06 22:42:51.264   776   803 I artd    : GetBestInfo: dm (/data/app/~~RMhMkQ2OgjwCzJJGIh32CA==/com.google.android.gms-tQ7ypCsqn36EvzC7XD-Svg==/split_DynamiteLoader_installtime.dm) is kOatUpToDate with filter 'verify' executable 'false'
07-06 22:42:51.270   776   781 I artd    : GetBestInfo: dm (/data/app/~~RMhMkQ2OgjwCzJJGIh32CA==/com.google.android.gms-tQ7ypCsqn36EvzC7XD-Svg==/split_DynamiteModulesA_installtime.dm) is kOatUpToDate with filter 'verify' executable 'false'
07-06 22:42:51.272   776   803 I artd    : GetBestInfo: dm (/data/app/~~RMhMkQ2OgjwCzJJGIh32CA==/com.google.android.gms-tQ7ypCsqn36EvzC7XD-Svg==/split_DynamiteModulesC_installtime.dm) is kOatUpToDate with filter 'verify' executable 'false'
07-06 22:42:51.278   776   781 I artd    : GetBestInfo: dm (/data/app/~~RMhMkQ2OgjwCzJJGIh32CA==/com.google.android.gms-tQ7ypCsqn36EvzC7XD-Svg==/split_GoogleCertificates_installtime.dm) is kOatUpToDate with filter 'verify' executable 'false'
07-06 22:42:51.281   776   803 I artd    : GetBestInfo: dm (/data/app/~~RMhMkQ2OgjwCzJJGIh32CA==/com.google.android.gms-tQ7ypCsqn36EvzC7XD-Svg==/split_MapsDynamite_installtime.dm) is kOatUpToDate with filter 'verify' executable 'false'
07-06 22:42:51.284   776   781 I artd    : GetBestInfo: dm (/data/app/~~RMhMkQ2OgjwCzJJGIh32CA==/com.google.android.gms-tQ7ypCsqn36EvzC7XD-Svg==/split_MeasurementDynamite_installtime.dm) is kOatUpToDate with filter 'verify' executable 'false'
07-06 22:42:51.286   776   803 I artd    : GetBestInfo: dm (/data/app/~~RMhMkQ2OgjwCzJJGIh32CA==/com.google.android.gms-tQ7ypCsqn36EvzC7XD-Svg==/split_all_locale_splits.dm) is kOatUpToDate with filter 'verify' executable 'false'
07-06 22:42:51.298   776   781 I artd    : GetBestInfo: /data/user_de/0/com.google.android.gms/app_chimera/m/00000013/dl-PlayCloudSearch.optional_262334100000.apk has no usable artifacts
07-06 22:42:51.299   776   803 I artd    : GetBestInfo: /data/user_de/0/com.google.android.gms/app_chimera/m/00000001/CronetDynamite.apk has no usable artifacts
07-06 22:42:51.305   776   803 I artd    : GetBestInfo: /data/user_de/0/com.google.android.gms/app_chimera/m/00000014/dl-IdentityCredentialsPlatform.optional_262334100400.apk has no usable artifacts
07-06 22:42:51.307   776   781 I artd    : GetBestInfo: /data/user_de/0/com.google.android.gms/app_chimera/m/00000002/DynamiteLoader.apk has no usable artifacts
07-06 22:42:51.307   776   781 I artd    : GetBestInfo: /data/user_de/0/com.google.android.gms/app_chimera/m/00000005/GoogleCertificates.apk has no usable artifacts
07-06 22:42:51.312   776   803 I artd    : GetBestInfo: /data/user_de/0/com.google.android.gms/app_chimera/m/0000000e/dl-VisionOcr.optional_261136100000.apk has no usable artifacts
07-06 22:42:51.334   776   803 I artd    : GetBestInfo: /data/user_de/0/com.google.android.gms/app_chimera/m/0000000b/dl-Appsearch.optional_261136100400.apk has no usable artifacts
07-06 22:42:51.342   776   803 I artd    : GetBestInfo: /data/user_de/0/com.google.android.gms/app_chimera/m/0000000a/dl-IdentityCredentialsPlatform.optional_261136100400.apk has no usable artifacts
07-06 22:42:51.346   776   781 I artd    : GetBestInfo: /data/user_de/0/com.google.android.gms/app_chimera/m/00000015/dl-VisionOcr.optional_262334100000.apk has no usable artifacts
07-06 22:42:51.350   776   803 I artd    : GetBestInfo: /data/user_de/0/com.google.android.gms/app_chimera/m/00000010/dl-MlkitOcrCommon.optional_262334100400.apk has no usable artifacts
07-06 22:42:51.352   776   781 I artd    : GetBestInfo: /data/user_de/0/com.google.android.gms/app_chimera/m/0000000d/dl-MlkitOcrCommon.optional_261136100400.apk has no usable artifacts
07-06 22:42:51.360   776   782 I artd    : GetBestInfo: /data/user_de/0/com.google.android.gms/app_chimera/m/00000012/dl-TfliteDynamiteDynamite.integ_252130102100400.apk has no usable artifacts
07-06 22:42:51.366   776   781 I artd    : GetBestInfo: vdex next to the dex file (/data/user/0/com.google.android.gms/app_dg_cache/574CF0A3144EB354068F133F674AB38CCBB02976/oat/arm64/the.vdex) is kOatUpToDate with filter 'verify' executable 'false'
07-06 22:42:51.371   776   781 I artd    : GetBestInfo: /data/user_de/0/com.google.android.gms/app_chimera/m/00000016/dl-Appsearch.optional_262334100400.apk has no usable artifacts
07-06 22:42:51.376   776   781 I artd    : GetBestInfo: /data/user_de/0/com.google.android.gms/app_chimera/m/00000011/dl-MlkitBarcodeUi.optional_262334100400.apk has no usable artifacts
07-06 22:42:51.395   776   782 I artd    : GetBestInfo: vdex next to the dex file (/data/user/0/com.google.android.gms/app_dg_cache/7C26F94942E0B3DC400FC8F3A2AF71B87FD5F04D/oat/arm64/the.vdex) is kOatUpToDate with filter 'verify' executable 'false'
07-06 22:42:51.400   776   781 I artd    : GetBestInfo: /data/user_de/0/com.google.android.gms/app_chimera/m/00000007/MeasurementDynamite.apk has no usable artifacts
07-06 22:42:51.616 21921 21921 I Choreographer: Skipped 64 frames!  The application may be doing too much work on its main thread.
07-06 22:42:51.619 21921 22009 I HWUI    : Davey! duration=1211ms; Flags=0, FrameTimelineVsyncId=3381304, IntendedVsync=443060619738738, Vsync=443060703072068, InputEventId=0, HandleInputStart=443060708718508, AnimationStart=443060708720674, PerformTraversalsStart=443060709222966, DrawStart=443060709253466, FrameDeadline=443060786405398, FrameStartTime=443060708715091, FrameInterval=16666666, WorkloadTarget=16666666, AnimationTime=443060703072068, SyncQueued=443060709738674, SyncStart=443060769169633, IssueDrawCommandsStart=443060769215049, SwapBuffers=443061876425133, FrameCompleted=443061890807717, DequeueBufferDuration=27417, QueueBufferDuration=1673666, GpuCompleted=443061890807717, SwapBuffersCompleted=443061879341092, DisplayPresentTime=0, CommandSubmissionCompleted=443061876425133, 
07-06 22:42:51.620   491   576 W skia    : AGTM parsing failed flags.readFromStream(s) at 159
07-06 22:42:51.806  1910  1910 I adbd    : adbd service requested 'shell,v2,TERM=xterm-256color,raw:uiautomator dump /sdcard/window_dump.xml'
07-06 22:42:51.861   491   576 W skia    : AGTM parsing failed flags.readFromStream(s) at 159
