07-06 22:42:42.046   637   659 V WindowManager: deferTransitionReady deferReadyDepth=1 stack=com.android.server.wm.WindowOrganizerController.applyTransaction:717 com.android.server.wm.WindowOrganizerController.applyTransaction:641 com.android.server.wm.WindowOrganizerController.lambda$startTransition$3:388 com.android.server.wm.WindowOrganizerController.$r8$lambda$PHnU0rj5Bcvaq0dL-Wi7kOJt8bo:0 com.android.server.wm.WindowOrganizerController$$ExternalSyntheticLambda5.onCollectStarted:0 
07-06 22:42:42.046   637   659 V WindowManager: continueTransitionReady deferReadyDepth=0 stack=com.android.server.wm.WindowOrganizerController.applyTransaction:864 com.android.server.wm.WindowOrganizerController.applyTransaction:641 com.android.server.wm.WindowOrganizerController.lambda$startTransition$3:388 com.android.server.wm.WindowOrganizerController.$r8$lambda$PHnU0rj5Bcvaq0dL-Wi7kOJt8bo:0 com.android.server.wm.WindowOrganizerController$$ExternalSyntheticLambda5.onCollectStarted:0 
07-06 22:42:42.088   637   656 V WindowManager: Sent Transition (#253) createdAt=07-06 22:42:40.541
07-06 22:42:42.097   491   576 W skia    : AGTM parsing failed flags.readFromStream(s) at 159
07-06 22:42:42.098   491   576 W skia    : AGTM parsing failed flags.readFromStream(s) at 159
07-06 22:42:42.099   637   656 V WindowManager:     startWCT=WindowContainerTransaction { changes= {RemoteToken{e3e5a11 DefaultTaskDisplayArea@82498956}={isTaskMoveAllowed:false,}} hops= [] flags= 0 errorCallbackToken=null taskFragmentOrganizer=null }
07-06 22:42:42.099   637   656 V WindowManager:     info={id=253 t=CHANGE f=0x0 trk=0 r=[] c=[]}
07-06 22:42:42.119 21921 21945 I GFXSTREAM: [eglDisplay.cpp(297)] Opening libGLESv1_CM_emulation.so
07-06 22:42:42.119 21921 21945 I GFXSTREAM: [eglDisplay.cpp(297)] Opening libGLESv2_emulation.so
07-06 22:42:42.120 21921 21945 W libc    : Access denied finding property "vendor.mesa.virtgpu.kumquat"
07-06 22:42:42.125   637   659 V WindowManager: deferTransitionReady deferReadyDepth=1 stack=com.android.server.wm.WindowOrganizerController.applyTransaction:717 com.android.server.wm.WindowOrganizerController.applyTransaction:641 com.android.server.wm.WindowOrganizerController.lambda$startTransition$3:388 com.android.server.wm.WindowOrganizerController.$r8$lambda$PHnU0rj5Bcvaq0dL-Wi7kOJt8bo:0 com.android.server.wm.WindowOrganizerController$$ExternalSyntheticLambda5.onCollectStarted:0 
07-06 22:42:42.125   637   659 V WindowManager: continueTransitionReady deferReadyDepth=0 stack=com.android.server.wm.WindowOrganizerController.applyTransaction:864 com.android.server.wm.WindowOrganizerController.applyTransaction:641 com.android.server.wm.WindowOrganizerController.lambda$startTransition$3:388 com.android.server.wm.WindowOrganizerController.$r8$lambda$PHnU0rj5Bcvaq0dL-Wi7kOJt8bo:0 com.android.server.wm.WindowOrganizerController$$ExternalSyntheticLambda5.onCollectStarted:0 
07-06 22:42:42.131  1081  1209 V WindowManagerShell:  animated by com.android.wm.shell.transition.DefaultTransitionHandler@107fa3e
07-06 22:42:42.132 21921 21945 W HWUI    : Failed to choose config with EGL_SWAP_BEHAVIOR_PRESERVED, retrying without...
07-06 22:42:42.132 21921 21945 W HWUI    : Failed to initialize 101010-2 format, error = EGL_SUCCESS
07-06 22:42:42.132 21921 21921 D CompatChangeReporter: Compat change id reported: 377864165; UID 10235; state: ENABLED
07-06 22:42:42.133  1081  1209 V ShellTaskOrganizer: Task appeared taskId=93 listener=FullscreenTaskListener
07-06 22:42:42.133  1081  1209 V ShellTaskOrganizer: Fullscreen Task Appeared: #93
07-06 22:42:42.133  1081  1209 D ShellPackageUpdate: PackageUpdateController: Setting handlePackageUpdate for task: 93
07-06 22:42:42.140  1081  1418 V WindowManagerShell: onTransitionReady(transaction=2735894185852)
07-06 22:42:42.162   637  1199 E TransitionChain: Can't collect into a chain with no transition
07-06 22:42:42.164   491   557 I libbinder.BpBinder: onLastStrongRef automatically unlinking death recipients for binder (0xb4007c4064042460) with descriptor: '(not cached)'
07-06 22:42:42.164   491   622 I libbinder.BpBinder: onLastStrongRef automatically unlinking death recipients for binder (0xb4007c4064042460) with descriptor: '(not cached)'
07-06 22:42:42.164   637   656 V WindowManager: Sent Transition (#254) createdAt=07-06 22:42:41.057
07-06 22:42:42.164   637   656 V WindowManager:     startWCT=WindowContainerTransaction { changes= {RemoteToken{e3e5a11 DefaultTaskDisplayArea@82498956}={isTaskMoveAllowed:false,}} hops= [] flags= 0 errorCallbackToken=null taskFragmentOrganizer=null }
07-06 22:42:42.164   637   656 V WindowManager:     info={id=254 t=CHANGE f=0x0 trk=0 r=[] c=[]}
07-06 22:42:42.166  1081  1209 V RecentTasksController: Notify recent tasks changed
07-06 22:42:42.167  1081  1209 V WindowManagerShell: onTransitionReady (#253) android.os.BinderProxy@3f58f7e: {id=253 t=CHANGE f=0x0 trk=0 r=[] c=[]}
07-06 22:42:42.167  1081  1209 I ShellTransitions: Transition might be ready out-of-order 1 for (#253) android.os.BinderProxy@3f58f7e@0. This is ok if it's on a different track.
07-06 22:42:42.167  1081  1209 V WindowManagerShell: No transition roots in (#253) android.os.BinderProxy@3f58f7e@0 so abort
07-06 22:42:42.167  1081  1209 V WindowManagerShell: Transition was merged: (#253) android.os.BinderProxy@3f58f7e@0 into (#252) android.os.BinderProxy@34691da@0
07-06 22:42:42.168  1385  1385 D RecentTasksList: invalidateLoadedTasks - previous requestLoadId: -1
07-06 22:42:42.208   491   576 W skia    : AGTM parsing failed flags.readFromStream(s) at 159
07-06 22:42:42.208   491   576 W skia    : AGTM parsing failed flags.readFromStream(s) at 159
07-06 22:42:42.213 21921 21921 I WebViewFactory: Loading com.google.android.webview version 149.0.7827.159 (code 782715903)
07-06 22:42:42.218  1081  2278 V WindowManagerShell: onTransitionReady(transaction=2735894185877)
07-06 22:42:42.221   453   591 I RanchuHwc: logCompositionFallbackIfChanged: layer 455 CompositionType fallback from 3 to 1
07-06 22:42:42.223   491   576 W skia    : AGTM parsing failed flags.readFromStream(s) at 159
07-06 22:42:42.223   491   576 W skia    : AGTM parsing failed flags.readFromStream(s) at 159
07-06 22:42:42.223   491   576 W skia    : AGTM parsing failed flags.readFromStream(s) at 159
07-06 22:42:42.223   491   576 W skia    : AGTM parsing failed flags.readFromStream(s) at 159
07-06 22:42:42.223   491   576 W skia    : AGTM parsing failed flags.readFromStream(s) at 159
07-06 22:42:42.223   491   576 W skia    : AGTM parsing failed flags.readFromStream(s) at 159
07-06 22:42:42.232 21921 21921 V ResourcesManager: The following library key has been added: ResourcesKey{ mHash=26ecd4d1 mResDir=null mSplitDirs=[] mOverlayDirs=[] mLibDirs=[/data/app/~~peUgpNZ9G1EEFWonXbGjZQ==/com.google.android.webview-_7C-lgmmp2YrolwBpS7b9w==/base.apk,/system/framework/android.test.base.jar,/system_ext/framework/androidx.window.extensions.jar] mDisplayId=0 mOverrideConfig=v37 mCompatInfo={420dpi always-compat} mLoaders=[]}
07-06 22:42:42.232  1081  1209 V WindowManagerShell: onTransitionReady (#254) android.os.BinderProxy@de3a30: {id=254 t=CHANGE f=0x0 trk=0 r=[] c=[]}
07-06 22:42:42.233  1081  1209 I ShellTransitions: Transition might be ready out-of-order 1 for (#254) android.os.BinderProxy@de3a30@0. This is ok if it's on a different track.
07-06 22:42:42.233  1081  1209 V WindowManagerShell: No transition roots in (#254) android.os.BinderProxy@de3a30@0 so abort
07-06 22:42:42.233  1081  1209 V WindowManagerShell: Transition was merged: (#254) android.os.BinderProxy@de3a30@0 into (#252) android.os.BinderProxy@34691da@0
07-06 22:42:42.255   491   576 W skia    : AGTM parsing failed flags.readFromStream(s) at 159
07-06 22:42:42.256   491   576 W skia    : AGTM parsing failed flags.readFromStream(s) at 159
07-06 22:42:42.256   491   576 W skia    : AGTM parsing failed flags.readFromStream(s) at 159
07-06 22:42:42.256   491   576 W skia    : AGTM parsing failed flags.readFromStream(s) at 159
07-06 22:42:42.256   491   576 W skia    : AGTM parsing failed flags.readFromStream(s) at 159
07-06 22:42:42.256   491   576 W skia    : AGTM parsing failed flags.readFromStream(s) at 159
07-06 22:42:42.256   491   576 W skia    : AGTM parsing failed flags.readFromStream(s) at 159
07-06 22:42:42.284 21921 21921 D ApplicationLoaders: Returning zygote-cached class loader: /system/framework/android.test.base.jar
07-06 22:42:42.284 21921 21921 D ApplicationLoaders: Returning zygote-cached class loader: /system_ext/framework/androidx.window.extensions.jar
07-06 22:42:42.288   491   576 W skia    : AGTM parsing failed flags.readFromStream(s) at 159
07-06 22:42:42.288   491   576 W skia    : AGTM parsing failed flags.readFromStream(s) at 159
07-06 22:42:42.288   491   576 W skia    : AGTM parsing failed flags.readFromStream(s) at 159
07-06 22:42:42.288   491   576 W skia    : AGTM parsing failed flags.readFromStream(s) at 159
07-06 22:42:42.288   491   576 W skia    : AGTM parsing failed flags.readFromStream(s) at 159
07-06 22:42:42.288   491   576 W skia    : AGTM parsing failed flags.readFromStream(s) at 159
07-06 22:42:42.288   491   576 W skia    : AGTM parsing failed flags.readFromStream(s) at 159
07-06 22:42:42.307 21921 21921 D nativeloader: Configuring clns-10 for other apk /data/app/~~peUgpNZ9G1EEFWonXbGjZQ==/com.google.android.webview-_7C-lgmmp2YrolwBpS7b9w==/base.apk. target_sdk_version=36, uses_libraries=, library_path=/data/app/~~peUgpNZ9G1EEFWonXbGjZQ==/com.google.android.webview-_7C-lgmmp2YrolwBpS7b9w==/lib/arm64:/data/app/~~peUgpNZ9G1EEFWonXbGjZQ==/com.google.android.webview-_7C-lgmmp2YrolwBpS7b9w==/base.apk!/lib/arm64-v8a, permitted_path=/data:/mnt/expand
07-06 22:42:42.308   491   576 W skia    : AGTM parsing failed flags.readFromStream(s) at 159
07-06 22:42:42.323   491   576 W skia    : AGTM parsing failed flags.readFromStream(s) at 159
07-06 22:42:42.323   491   576 W skia    : AGTM parsing failed flags.readFromStream(s) at 159
07-06 22:42:42.323   491   576 W skia    : AGTM parsing failed flags.readFromStream(s) at 159
07-06 22:42:42.323   491   576 W skia    : AGTM parsing failed flags.readFromStream(s) at 159
07-06 22:42:42.323   491   576 W skia    : AGTM parsing failed flags.readFromStream(s) at 159
07-06 22:42:42.323   491   576 W skia    : AGTM parsing failed flags.readFromStream(s) at 159
07-06 22:42:42.323   491   576 W skia    : AGTM parsing failed flags.readFromStream(s) at 159
07-06 22:42:42.355   491   576 W skia    : AGTM parsing failed flags.readFromStream(s) at 159
07-06 22:42:42.355   491   576 W skia    : AGTM parsing failed flags.readFromStream(s) at 159
07-06 22:42:42.355   491   576 W skia    : AGTM parsing failed flags.readFromStream(s) at 159
07-06 22:42:42.355   491   576 W skia    : AGTM parsing failed flags.readFromStream(s) at 159
07-06 22:42:42.355   491   576 W skia    : AGTM parsing failed flags.readFromStream(s) at 159
07-06 22:42:42.355   491   576 W skia    : AGTM parsing failed flags.readFromStream(s) at 159
07-06 22:42:42.355   491   576 W skia    : AGTM parsing failed flags.readFromStream(s) at 159
07-06 22:42:42.373   491   576 W skia    : AGTM parsing failed flags.readFromStream(s) at 159
07-06 22:42:42.373   491   576 W skia    : AGTM parsing failed flags.readFromStream(s) at 159
07-06 22:42:42.373   491   576 W skia    : AGTM parsing failed flags.readFromStream(s) at 159
07-06 22:42:42.373   491   576 W skia    : AGTM parsing failed flags.readFromStream(s) at 159
07-06 22:42:42.373   491   576 W skia    : AGTM parsing failed flags.readFromStream(s) at 159
07-06 22:42:42.373   491   576 W skia    : AGTM parsing failed flags.readFromStream(s) at 159
07-06 22:42:42.373   491   576 W skia    : AGTM parsing failed flags.readFromStream(s) at 159
07-06 22:42:42.403   491   576 W skia    : AGTM parsing failed flags.readFromStream(s) at 159
07-06 22:42:42.403   491   576 W skia    : AGTM parsing failed flags.readFromStream(s) at 159
07-06 22:42:42.403   491   576 W skia    : AGTM parsing failed flags.readFromStream(s) at 159
07-06 22:42:42.403   491   576 W skia    : AGTM parsing failed flags.readFromStream(s) at 159
07-06 22:42:42.403   491   576 W skia    : AGTM parsing failed flags.readFromStream(s) at 159
07-06 22:42:42.403   491   576 W skia    : AGTM parsing failed flags.readFromStream(s) at 159
07-06 22:42:42.403   491   576 W skia    : AGTM parsing failed flags.readFromStream(s) at 159
07-06 22:42:42.443   491   576 W skia    : AGTM parsing failed flags.readFromStream(s) at 159
07-06 22:42:42.443   491   576 W skia    : AGTM parsing failed flags.readFromStream(s) at 159
07-06 22:42:42.443   491   576 W skia    : AGTM parsing failed flags.readFromStream(s) at 159
07-06 22:42:42.443   491   576 W skia    : AGTM parsing failed flags.readFromStream(s) at 159
07-06 22:42:42.443   491   576 W skia    : AGTM parsing failed flags.readFromStream(s) at 159
07-06 22:42:42.456   491   576 W skia    : AGTM parsing failed flags.readFromStream(s) at 159
07-06 22:42:42.471   491   576 W skia    : AGTM parsing failed flags.readFromStream(s) at 159
07-06 22:42:42.471   491   576 W skia    : AGTM parsing failed flags.readFromStream(s) at 159
07-06 22:42:42.471   491   576 W skia    : AGTM parsing failed flags.readFromStream(s) at 159
07-06 22:42:42.471   491   576 W skia    : AGTM parsing failed flags.readFromStream(s) at 159
07-06 22:42:42.471   491   576 W skia    : AGTM parsing failed flags.readFromStream(s) at 159
07-06 22:42:42.487   491   576 W skia    : AGTM parsing failed flags.readFromStream(s) at 159
07-06 22:42:42.487   491   576 W skia    : AGTM parsing failed flags.readFromStream(s) at 159
07-06 22:42:42.488   491   576 W skia    : AGTM parsing failed flags.readFromStream(s) at 159
07-06 22:42:42.488   491   576 W skia    : AGTM parsing failed flags.readFromStream(s) at 159
07-06 22:42:42.488   491   576 W skia    : AGTM parsing failed flags.readFromStream(s) at 159
07-06 22:42:42.488 21921 21921 I cr_WVCFactoryProvider: version=149.0.7827.159 (782715903) minSdkVersion=29 multiprocess=true packageId=2 splits=<none>
07-06 22:42:42.501 21921 21921 D nativeloader: Load /data/app/~~peUgpNZ9G1EEFWonXbGjZQ==/com.google.android.webview-_7C-lgmmp2YrolwBpS7b9w==/base.apk!/lib/arm64-v8a/libwebviewchromium.so using class loader ns clns-10 (caller=/data/app/~~peUgpNZ9G1EEFWonXbGjZQ==/com.google.android.webview-_7C-lgmmp2YrolwBpS7b9w==/base.apk): ok
07-06 22:42:42.504   491   576 W skia    : AGTM parsing failed flags.readFromStream(s) at 159
07-06 22:42:42.504   491   576 W skia    : AGTM parsing failed flags.readFromStream(s) at 159
07-06 22:42:42.504   491   576 W skia    : AGTM parsing failed flags.readFromStream(s) at 159
07-06 22:42:42.504   491   576 W skia    : AGTM parsing failed flags.readFromStream(s) at 159
07-06 22:42:42.504   491   576 W skia    : AGTM parsing failed flags.readFromStream(s) at 159
07-06 22:42:42.506 21921 21921 D nativeloader: Load /system/lib64/libwebviewchromium_plat_support.so using class loader ns clns-10 (caller=/data/app/~~peUgpNZ9G1EEFWonXbGjZQ==/com.google.android.webview-_7C-lgmmp2YrolwBpS7b9w==/base.apk): ok
07-06 22:42:42.511 21921 21954 E chromium: [0706/224242.509826:ERROR:android_webview/browser/variations/variations_seed_loader.cc:39] Seed missing signature.
07-06 22:42:42.512 21921 21954 I chromium: [0706/224242.511943:INFO:android_webview/browser/variations/variations_seed_loader.cc:67] Failed to open file for reading.: No such file or directory (2)
07-06 22:42:42.521   491   576 W skia    : AGTM parsing failed flags.readFromStream(s) at 159
07-06 22:42:42.521   491   576 W skia    : AGTM parsing failed flags.readFromStream(s) at 159
07-06 22:42:42.521   491   576 W skia    : AGTM parsing failed flags.readFromStream(s) at 159
07-06 22:42:42.521   491   576 W skia    : AGTM parsing failed flags.readFromStream(s) at 159
07-06 22:42:42.521   491   576 W skia    : AGTM parsing failed flags.readFromStream(s) at 159
07-06 22:42:42.538   491   576 W skia    : AGTM parsing failed flags.readFromStream(s) at 159
07-06 22:42:42.538   491   576 W skia    : AGTM parsing failed flags.readFromStream(s) at 159
07-06 22:42:42.538   491   576 W skia    : AGTM parsing failed flags.readFromStream(s) at 159
07-06 22:42:42.538   491   576 W skia    : AGTM parsing failed flags.readFromStream(s) at 159
07-06 22:42:42.538   491   576 W skia    : AGTM parsing failed flags.readFromStream(s) at 159
07-06 22:42:42.541 21921 21921 I cr_LibraryLoader: Successfully loaded native library
07-06 22:42:42.548 21921 21921 I cr_CachingUmaRecorder: Flushed 47 samples from 22 histograms, 0 samples were dropped.
07-06 22:42:42.551 21921 21921 I cr_ChildProcLH: ScopedServiceBindingBatch.tryActivate: false
07-06 22:42:42.554 21921 21921 I cr_CombinedPProvider: #registerProvider() provider:WV.wk@34d224b isPolicyCacheEnabled:false policyProvidersSize:0
07-06 22:42:42.554 21921 21921 I cr_PolicyProvider: #setManagerAndSource() 0
07-06 22:42:42.555   491   576 W skia    : AGTM parsing failed flags.readFromStream(s) at 159
07-06 22:42:42.555   491   576 W skia    : AGTM parsing failed flags.readFromStream(s) at 159
07-06 22:42:42.555   491   576 W skia    : AGTM parsing failed flags.readFromStream(s) at 159
07-06 22:42:42.555   491   576 W skia    : AGTM parsing failed flags.readFromStream(s) at 159
07-06 22:42:42.555   491   576 W skia    : AGTM parsing failed flags.readFromStream(s) at 159
07-06 22:42:42.559 21921 21954 I cr_policy: registerReceiver succeeded after 4ms
07-06 22:42:42.564   491   576 W skia    : AGTM parsing failed flags.readFromStream(s) at 159
07-06 22:42:42.565 21921 21921 I cr_DisplayManager: Is Display Topology available: false
07-06 22:42:42.571   491   576 W skia    : AGTM parsing failed flags.readFromStream(s) at 159
07-06 22:42:42.571   491   576 W skia    : AGTM parsing failed flags.readFromStream(s) at 159
07-06 22:42:42.571   491   576 W skia    : AGTM parsing failed flags.readFromStream(s) at 159
07-06 22:42:42.571   491   576 W skia    : AGTM parsing failed flags.readFromStream(s) at 159
07-06 22:42:42.571   491   576 W skia    : AGTM parsing failed flags.readFromStream(s) at 159
07-06 22:42:42.588   637  2009 V GrammaticalInflectionUtils: AttributionSource: android.content.AttributionSource@1c574ebf does not have READ_SYSTEM_GRAMMATICAL_GENDER permission.
07-06 22:42:42.588   491   576 W skia    : AGTM parsing failed flags.readFromStream(s) at 159
07-06 22:42:42.588   491   576 W skia    : AGTM parsing failed flags.readFromStream(s) at 159
07-06 22:42:42.588   491   576 W skia    : AGTM parsing failed flags.readFromStream(s) at 159
07-06 22:42:42.588   491   576 W skia    : AGTM parsing failed flags.readFromStream(s) at 159
07-06 22:42:42.588   491   576 W skia    : AGTM parsing failed flags.readFromStream(s) at 159
07-06 22:42:42.605   491   576 W skia    : AGTM parsing failed flags.readFromStream(s) at 159
07-06 22:42:42.605   491   576 W skia    : AGTM parsing failed flags.readFromStream(s) at 159
07-06 22:42:42.606   491   576 W skia    : AGTM parsing failed flags.readFromStream(s) at 159
07-06 22:42:42.606   491   576 W skia    : AGTM parsing failed flags.readFromStream(s) at 159
07-06 22:42:42.606   491   576 W skia    : AGTM parsing failed flags.readFromStream(s) at 159
07-06 22:42:42.626 21921 21921 I cr_CombinedPProvider: #linkNativeInternal() 1
07-06 22:42:42.627 21921 21921 I cr_AppResProvider: #getApplicationRestrictionsFromUserManager() Bundle[EMPTY_PARCEL]
07-06 22:42:42.627 21921 21921 I cr_PolicyProvider: #notifySettingsAvailable() 0
07-06 22:42:42.627 21921 21921 I cr_CombinedPProvider: #onSettingsAvailable() 0
07-06 22:42:42.627 21921 21921 I cr_CombinedPProvider: #flushPolicies()
07-06 22:42:42.638   491   576 W skia    : AGTM parsing failed flags.readFromStream(s) at 159
07-06 22:42:42.638   491   576 W skia    : AGTM parsing failed flags.readFromStream(s) at 159
07-06 22:42:42.638   491   576 W skia    : AGTM parsing failed flags.readFromStream(s) at 159
07-06 22:42:42.638   491   576 W skia    : AGTM parsing failed flags.readFromStream(s) at 159
07-06 22:42:42.638   491   576 W skia    : AGTM parsing failed flags.readFromStream(s) at 159
07-06 22:42:42.656   491   576 W skia    : AGTM parsing failed flags.readFromStream(s) at 159
07-06 22:42:42.656   491   576 W skia    : AGTM parsing failed flags.readFromStream(s) at 159
07-06 22:42:42.656   491   576 W skia    : AGTM parsing failed flags.readFromStream(s) at 159
07-06 22:42:42.656   491   576 W skia    : AGTM parsing failed flags.readFromStream(s) at 159
07-06 22:42:42.656   491   576 W skia    : AGTM parsing failed flags.readFromStream(s) at 159
07-06 22:42:42.672   491   576 W skia    : AGTM parsing failed flags.readFromStream(s) at 159
07-06 22:42:42.672   491   576 W skia    : AGTM parsing failed flags.readFromStream(s) at 159
07-06 22:42:42.672   491   576 W skia    : AGTM parsing failed flags.readFromStream(s) at 159
07-06 22:42:42.672   491   576 W skia    : AGTM parsing failed flags.readFromStream(s) at 159
07-06 22:42:42.672   491   576 W skia    : AGTM parsing failed flags.readFromStream(s) at 159
07-06 22:42:42.690   491   576 W skia    : AGTM parsing failed flags.readFromStream(s) at 159
07-06 22:42:42.707   491   576 W skia    : AGTM parsing failed flags.readFromStream(s) at 159
07-06 22:42:42.707   491   576 W skia    : AGTM parsing failed flags.readFromStream(s) at 159
07-06 22:42:42.707   491   576 W skia    : AGTM parsing failed flags.readFromStream(s) at 159
07-06 22:42:42.707   491   576 W skia    : AGTM parsing failed flags.readFromStream(s) at 159
07-06 22:42:42.707   491   576 W skia    : AGTM parsing failed flags.readFromStream(s) at 159
07-06 22:42:42.740  1081  1209 V WindowManagerShell: Transition animation finished (aborted=false), notifying core (#252) android.os.BinderProxy@34691da@0
07-06 22:42:42.754  4559  4559 D VRI[ChromeTabbedActivity]: visibilityChanged oldVisibility=true newVisibility=false
07-06 22:42:42.772 22285 22285 D Zygote  : Forked child process 21969
07-06 22:42:42.792   637   666 I libprocessgroup: Created cgroup /sys/fs/cgroup/apps/uid_99103
07-06 22:42:42.794  4559  4559 E cr_CompositorSurfaceMgr: surfaceDestroyed format : 4
07-06 22:42:42.795   637   656 V WindowManager: Finish Transition (#252): created at 07-06 22:42:40.451 collect-started=0.103ms request-sent=17.607ms started=64.778ms ready=1361.496ms sent=1454.23ms commit=180.631ms finished=2299.209ms
07-06 22:42:42.820   637   666 I libprocessgroup: Created cgroup /sys/fs/cgroup/apps/uid_99103/pid_21969
07-06 22:42:42.830 21921 21921 W chromium: [WARNING:android_webview/browser/network_service/net_helpers.cc:137] HTTP Cache size is: 20971520
07-06 22:42:42.846 21969 21969 E libc    : SetHeapTaggingLevel: re-enabling tagging after it was disabled is not supported
07-06 22:42:42.856   491   576 W skia    : AGTM parsing failed flags.readFromStream(s) at 159
07-06 22:42:42.870 21969 21969 I Zygote  : Process 21969 created for com.google.android.webview:sandboxed_process0:org.chromium.content.app.SandboxedProcessService0:0
07-06 22:42:42.873 21969 21969 I ocessService0:0: Using generational CollectorTypeCMC GC.
07-06 22:42:42.891   637   656 V WindowManager: Finish Transition (#253): created at 07-06 22:42:40.541 collect-started=1449.687ms started=1460.998ms ready=1505.951ms sent=1539.673ms commit=721.758ms finished=2344.374ms
07-06 22:42:42.892   637   666 W ActivityManager: Slow operation: 304ms so far, now at startProcess: returned from zygote!
07-06 22:42:42.893   637   666 W ActivityManager: Slow operation: 305ms so far, now at startProcess: done updating battery stats
07-06 22:42:42.893   637   666 W ActivityManager: Slow operation: 305ms so far, now at startProcess: building log message
07-06 22:42:42.893   637   666 I ActivityManager: Start proc 21969:com.google.android.webview:sandboxed_process0:org.chromium.content.app.SandboxedProcessService0:0/u0i103 for bound-service {tech.pathfinder.unveil/org.chromium.content.app.SandboxedProcessService0:0}
07-06 22:42:42.894   637   666 W ActivityManager: Slow operation: 305ms so far, now at startProcess: starting to update pids map
07-06 22:42:42.907   637   656 V WindowManager: Finish Transition (#254): created at 07-06 22:42:41.057 collect-started=1027.48ms started=1066.317ms ready=1067.816ms sent=1077.274ms commit=622.673ms finished=1848.631ms
07-06 22:42:42.910  1081  1209 V WindowManagerShell: Track 0 became idle
07-06 22:42:42.911   637   666 W ActivityManager: Slow operation: 322ms so far, now at startProcess: done updating pids map
07-06 22:42:42.937 21969 21969 D nativeloader: Load libframework-connectivity-tiramisu-jni.so using APEX ns com_android_tethering for caller /apex/com.android.tethering/javalib/framework-connectivity-t.jar: ok
07-06 22:42:42.956   637  1063 I Surface : Creating surface for consumer unnamed-637-98 with slotExpansion=1 for 64 slots
07-06 22:42:42.956   637  1063 I Surface : Creating surface for consumer ImageReader-864x1939f1m1-637-96 with slotExpansion=1 for 64 slots
07-06 22:42:42.970   491   576 W skia    : AGTM parsing failed flags.readFromStream(s) at 159
07-06 22:42:42.971   637  1063 W ImageReader_JNI: Unable to acquire a buffer item, very likely client tried to acquire more than maxImages buffers
07-06 22:42:43.057   491   576 W skia    : AGTM parsing failed flags.readFromStream(s) at 159
07-06 22:42:43.090 21969 21969 D ApplicationLoaders: Returning zygote-cached class loader: /system/framework/android.test.base.jar
07-06 22:42:43.090 21969 21969 D ApplicationLoaders: Returning zygote-cached class loader: /system_ext/framework/androidx.window.extensions.jar
07-06 22:42:43.097   637  1063 E ConsumerBase: [ImageReader-864x1939f1m1-637-96] abandonLocked: ConsumerBase is abandoned!
07-06 22:42:43.097 21969 21969 E ActivityThread: ConnectivityService is null in handleBindApplication!
07-06 22:42:43.099 13401 13401 D BoundBrokerSvc: onUnbind: Intent { act=com.google.android.gms.common.telemetry.service.START dat=chimera-action:/... xflg=0x4 cmp=com.google.android.gms/.chimera.PersistentApiService }
07-06 22:42:43.108 21969 21969 I cr_WebViewApkApp: version=149.0.7827.159 (782715903) minSdkVersion=29 processName=com.google.android.webview:sandboxed_process0:org.chromium.content.app.SandboxedProcessService0:0 splits=<none>
07-06 22:42:43.114 21969 21969 I cr_ChildProcessService: Creating new ChildProcessService pid=21969
07-06 22:42:43.114 26917 26917 D BoundBrokerSvc: onBind: Intent { act=com.google.android.gms.safetynet.service.START xflg=0x4 pkg=com.google.android.gms }
07-06 22:42:43.114 26917 26917 D BoundBrokerSvc: Loading bound service for intent: Intent { act=com.google.android.gms.safetynet.service.START xflg=0x4 pkg=com.google.android.gms }
07-06 22:42:43.134   637   723 D ConnectivityService: requestNetwork for uid/pid:10235/21921 activeRequest: null callbackRequest: 46108 [NetworkRequest [ REQUEST id=46109, [ Capabilities: INTERNET&NOT_RESTRICTED&TRUSTED&NOT_VCN_MANAGED&NOT_BANDWIDTH_CONSTRAINED Uid: 10235 RequestorUid: 10235 RequestorPkg: tech.pathfinder.unveil UnderlyingNetworks: Null] ]] callback flags: 0 order: 2147483647 isUidTracked: false declaredMethods: AVAIL|LOST|NC|LP
07-06 22:42:43.139   637   982 D WifiNetworkFactory: got request NetworkRequest [ REQUEST id=46109, [ Capabilities: INTERNET&NOT_RESTRICTED&TRUSTED&NOT_VCN_MANAGED&NOT_BANDWIDTH_CONSTRAINED Uid: 10235 RequestorUid: 10235 RequestorPkg: tech.pathfinder.unveil UnderlyingNetworks: Null] ]
07-06 22:42:43.139   637   988 D ConnectivityService: NetReassign [46109 : null → 104] [c 1] [a 2] [i 1]
07-06 22:42:43.139   637   982 D UntrustedWifiNetworkFactory: got request NetworkRequest [ REQUEST id=46109, [ Capabilities: INTERNET&NOT_RESTRICTED&TRUSTED&NOT_VCN_MANAGED&NOT_BANDWIDTH_CONSTRAINED Uid: 10235 RequestorUid: 10235 RequestorPkg: tech.pathfinder.unveil UnderlyingNetworks: Null] ]
07-06 22:42:43.139   637   982 D OemPaidWifiNetworkFactory: got request NetworkRequest [ REQUEST id=46109, [ Capabilities: INTERNET&NOT_RESTRICTED&TRUSTED&NOT_VCN_MANAGED&NOT_BANDWIDTH_CONSTRAINED Uid: 10235 RequestorUid: 10235 RequestorPkg: tech.pathfinder.unveil UnderlyingNetworks: Null] ]
07-06 22:42:43.139   637   982 D MultiInternetWifiNetworkFactory: got request NetworkRequest [ REQUEST id=46109, [ Capabilities: INTERNET&NOT_RESTRICTED&TRUSTED&NOT_VCN_MANAGED&NOT_BANDWIDTH_CONSTRAINED Uid: 10235 RequestorUid: 10235 RequestorPkg: tech.pathfinder.unveil UnderlyingNetworks: Null] ]
07-06 22:42:43.140   637   988 D ConnectivityService: NetReassign [no changes] [c 0] [a 0] [i 0]
07-06 22:42:43.158   491   576 W skia    : AGTM parsing failed flags.readFromStream(s) at 159
07-06 22:42:43.166 21921 21921 D Capacitor: Starting BridgeActivity
07-06 22:42:43.167  1215  1381 D SatelliteController: isInCarrierRoamingNbIotNtn: satellite is disabled
07-06 22:42:43.167  1215  1381 D SatelliteController: getCarrierRoamingNtnConnectType: Checking connect type from PLMN config for subId: 1
07-06 22:42:43.167  1215  1381 D TelephonyConfigUpdateInstallReceiver: getConfigParser: domain=satellite
07-06 22:42:43.168  1215  1381 V SatelliteController: satelliteConfigParser is not ready
07-06 22:42:43.168  1215  1381 D SatelliteController: isSatelliteAttachSupportedViaConfigupdater: return null (satelliteConfig is null)
07-06 22:42:43.170  1215  1381 D SatelliteController: getSatellitePerPlmnConfiguration: invalid subId or not supported via carrier.
07-06 22:42:43.170  1215  1381 D SatelliteController: getCarrierRoamingNtnConnectType: config: null
07-06 22:42:43.170  1215  1381 D TelephonyConfigUpdateInstallReceiver: getConfigParser: domain=satellite
07-06 22:42:43.170  1215  1381 V SatelliteController: satelliteConfigParser is not ready
07-06 22:42:43.170  1215  1381 D SatelliteController: getCarrierRoamingNtnConnectTypeViaConfigUpdater: return null (satelliteConfig is null)
07-06 22:42:43.170  1215  1381 D SatelliteController: getCarrierRoamingNtnConnectType: Falling back to global carrier config connect type: 0
07-06 22:42:43.170  1215  1381 D TelephonyConfigUpdateInstallReceiver: getConfigParser: domain=satellite
07-06 22:42:43.170  1215  1381 V SatelliteController: satelliteConfigParser is not ready
07-06 22:42:43.170  1215  1381 D SatelliteController: isSatelliteAttachSupportedViaConfigupdater: return null (satelliteConfig is null)
07-06 22:42:43.170  1215  1381 D SatelliteController: getCarrierRoamingNtnConnectType: Checking connect type from PLMN config for subId: 1
07-06 22:42:43.170  1215  1381 D TelephonyConfigUpdateInstallReceiver: getConfigParser: domain=satellite
07-06 22:42:43.170  1215  1381 V SatelliteController: satelliteConfigParser is not ready
07-06 22:42:43.170  1215  1381 D SatelliteController: isSatelliteAttachSupportedViaConfigupdater: return null (satelliteConfig is null)
07-06 22:42:43.171  1215  1381 D SatelliteController: getSatellitePerPlmnConfiguration: invalid subId or not supported via carrier.
07-06 22:42:43.171  1215  1381 D SatelliteController: getCarrierRoamingNtnConnectType: config: null
07-06 22:42:43.171  1215  1381 D TelephonyConfigUpdateInstallReceiver: getConfigParser: domain=satellite
07-06 22:42:43.171  1215  1381 V SatelliteController: satelliteConfigParser is not ready
07-06 22:42:43.171  1215  1381 D SatelliteController: getCarrierRoamingNtnConnectTypeViaConfigUpdater: return null (satelliteConfig is null)
07-06 22:42:43.171  1215  1381 D SatelliteController: getCarrierRoamingNtnConnectType: Falling back to global carrier config connect type: 0
07-06 22:42:43.171  1215  1381 D TelephonyConfigUpdateInstallReceiver: getConfigParser: domain=satellite
07-06 22:42:43.171  1215  1381 V SatelliteController: satelliteConfigParser is not ready
07-06 22:42:43.171  1215  1381 D SatelliteController: isSatelliteAttachSupportedViaConfigupdater: return null (satelliteConfig is null)
07-06 22:42:43.207 21921 21964 W cr_media: BLUETOOTH_CONNECT permission is missing.
07-06 22:42:43.207 21921 21964 W cr_media: getBluetoothAdapter() requires BLUETOOTH permission
07-06 22:42:43.207 21921 21964 W cr_media: registerBluetoothIntentsIfNeeded: Requires BLUETOOTH permission
07-06 22:42:43.210 21921 21964 D AudioSystem: onNewService: media.audio_policy service obtained 0xb4007f0ede0e8500
07-06 22:42:43.212 21969 21985 I cr_LibraryLoader: Successfully loaded native library
07-06 22:42:43.213 21969 21985 I cr_CachingUmaRecorder: Flushed 2 samples from 2 histograms, 0 samples were dropped.
07-06 22:42:43.213 21921 21964 D AudioSystem: getService: IAudioPolicyService retrieved: 0xb4007f0ede0e8500  cached: 0xb4007f0ede0e8500
07-06 22:42:43.214  1910  1910 I adbd    : adbd service requested 'shell,v2,TERM=xterm-256color,raw:uiautomator dump /sdcard/window_dump.xml'
07-06 22:42:43.214 21969 21985 W chromium: [WARNING:content/app/android/content_main_android.cc:82] android_setCpu already initialized
07-06 22:42:43.216 21921 21988 W libc    : Access denied finding property "vendor.mesa.virtgpu.kumquat"
07-06 22:42:43.216 21921 21988 W libc    : Access denied finding property "vendor.mesa.log"
07-06 22:42:43.216 21921 21988 W libc    : Access denied finding property "vendor.mesa.log.level"
07-06 22:42:43.216 21921 21988 W libc    : Access denied finding property "vendor.mesa.log.prefix"
07-06 22:42:43.216 21921 21988 W libc    : Access denied finding property "vendor.mesa.gallium.print.options"
07-06 22:42:43.216 21921 21988 W libc    : Access denied finding property "vendor.mesa.log.file.auto"
07-06 22:42:43.216 21921 21988 W libc    : Access denied finding property "vendor.mesa.log.file"
07-06 22:42:43.216 21921 21988 E MESA    : Failed to open rendernode: No such file or directory
07-06 22:42:43.216 21921 21988 W libc    : Access denied finding property "vendor.mesa.virtgpu.kumquat"
07-06 22:42:43.216 21921 21988 E MESA    : Failed to open rendernode: No such file or directory
07-06 22:42:43.216 21921 21988 W libc    : Access denied finding property "vendor.mesa.virtgpu.kumquat"
07-06 22:42:43.225 21921 21988 W libc    : Access denied finding property "vendor.mesa.virtgpu.kumquat"
07-06 22:42:43.225 21921 21988 E MESA    : Failed to open rendernode: No such file or directory
07-06 22:42:43.230 21921 21988 D vulkan  : searching for layers in '/data/app/~~lshIvjwb66c4Wy2aWPerTQ==/tech.pathfinder.unveil-j5Cs74-W__mPPOu-rxixrA==/lib/arm64'
07-06 22:42:43.232 21921 21988 D vulkan  : searching for layers in '/data/app/~~lshIvjwb66c4Wy2aWPerTQ==/tech.pathfinder.unveil-j5Cs74-W__mPPOu-rxixrA==/base.apk!/lib/arm64-v8a'
07-06 22:42:43.233 21921 21988 W libc    : Access denied finding property "vendor.mesa.virtgpu.kumquat"
07-06 22:42:43.233 21921 21988 E MESA    : Failed to open rendernode: No such file or directory
07-06 22:42:43.233 21921 21988 W libc    : Access denied finding property "vendor.mesa.virtgpu.kumquat"
07-06 22:42:43.233 21921 21988 E MESA    : Failed to open rendernode: No such file or directory
07-06 22:42:43.233 21921 21921 W HWUI    : Unknown dataspace 0
07-06 22:42:43.234 21921 21988 W libc    : Access denied finding property "vendor.mesa.virtgpu.kumquat"
07-06 22:42:43.234 21921 21988 E MESA    : Failed to open rendernode: No such file or directory
07-06 22:42:43.234 21921 21988 W libc    : Access denied finding property "vendor.mesa.virtgpu.kumquat"
07-06 22:42:43.234 21921 21988 E MESA    : Failed to open rendernode: No such file or directory
07-06 22:42:43.235 21921 21988 W libc    : Access denied finding property "vendor.mesa.virtgpu.kumquat"
07-06 22:42:43.235 21921 21988 E MESA    : Failed to open rendernode: No such file or directory
07-06 22:42:43.235 21921 21988 W libc    : Access denied finding property "vendor.mesa.virtgpu.kumquat"
07-06 22:42:43.235 21921 21988 E MESA    : Failed to open rendernode: No such file or directory
07-06 22:42:43.235 21921 21988 W libc    : Access denied finding property "vendor.mesa.vk.trace"
07-06 22:42:43.235 21921 21988 W libc    : Access denied finding property "vendor.mesa.vk.trace.per.submit"
07-06 22:42:43.235 21921 21988 W libc    : Access denied finding property "vendor.mesa.vk.trace.frame"
07-06 22:42:43.235 21921 21988 W libc    : Access denied finding property "vendor.mesa.vk.trace.trigger"
07-06 22:42:43.240 21921 21997 W libc    : Access denied finding property "vendor.mesa.virtgpu.kumquat"
07-06 22:42:43.242 21921 21988 W libc    : Access denied finding property "vendor.mesa.vk.wsi.debug"
07-06 22:42:43.242 21921 21988 W libc    : Access denied finding property "vendor.mesa.virtgpu.kumquat"
07-06 22:42:43.242 21921 21988 E MESA    : Failed to open rendernode: No such file or directory
07-06 22:42:43.242 21921 21988 W libc    : Access denied finding property "vendor.mesa.virtgpu.kumquat"
07-06 22:42:43.242 21921 21988 E MESA    : Failed to open rendernode: No such file or directory
07-06 22:42:43.244 21921 21988 W libc    : Access denied finding property "vendor.mesa.vk.wsi.present.mode"
07-06 22:42:43.244 21921 21988 W libc    : Access denied finding property "vendor.mesa.vk.wsi.headless.swapchain"
07-06 22:42:43.245 21921 21988 W libc    : Access denied finding property "vendor.mesa.virtgpu.kumquat"
07-06 22:42:43.245 21921 21988 E MESA    : Failed to open rendernode: No such file or directory
07-06 22:42:43.245 21921 21988 W libc    : Access denied finding property "vendor.mesa.virtgpu.kumquat"
07-06 22:42:43.245 21921 21988 E MESA    : Failed to open rendernode: No such file or directory
07-06 22:42:43.246 21969 22002 I chromium: [INFO:third_party/skia/src/ports/SkFontMgr_android_parser.cpp:724] [SkFontMgr Android Parser] '/product/etc/fonts_customization.xml' could not be opened
07-06 22:42:43.246 21969 22002 I chromium: 
07-06 22:42:43.246 21921 21988 W libc    : Access denied finding property "vendor.mesa.virtgpu.kumquat"
07-06 22:42:43.247 21969 21985 W chromium: [WARNING:content/child/runtime_features.cc:546] Fenced frames cannot be enabled in this configuration. Use --enable-features=FencedFrames instead.
07-06 22:42:43.247   637  2021 W InputChannel-JNI: Channel already disposed.
07-06 22:42:43.249 21969 21985 W chromium: [WARNING:content/child/runtime_features.cc:571] Topics cannot be enabled in this configuration. Use --enable-features=BrowsingTopics in addition.
07-06 22:42:43.249 21969 21985 W chromium: [WARNING:content/child/runtime_features.cc:592] SharedStorage cannot be enabled in this configuration. Use --enable-features=SharedStorageAPI in addition.
07-06 22:42:43.268   491   576 W skia    : AGTM parsing failed flags.readFromStream(s) at 159
07-06 22:42:43.270 21921 21921 I cr_AppResProvider: #getApplicationRestrictionsFromUserManager() Bundle[EMPTY_PARCEL]
07-06 22:42:43.270 21921 21921 I cr_PolicyProvider: #notifySettingsAvailable() 0
07-06 22:42:43.270 21921 21921 I cr_CombinedPProvider: #onSettingsAvailable() 0
07-06 22:42:43.270 21921 21921 I cr_CombinedPProvider: #flushPolicies()
07-06 22:42:43.278 21921 21921 D WindowOnBackDispatcher: setTopOnBackInvokedCallback (unwrapped): android.app.Activity$$ExternalSyntheticLambda0@2906f46
07-06 22:42:43.278 21921 21921 D WindowOnBackDispatcher: setTopOnBackInvokedCallback (unwrapped): androidx.activity.OnBackPressedDispatcher$Api34Impl$createOnBackAnimationCallback$1@a55d634
07-06 22:42:43.278   637  2009 D CoreBackPreview: Window{c34c2ea u0 tech.pathfinder.unveil/tech.pathfinder.unveil.MainActivity}: Setting back callback OnBackInvokedCallbackInfo{mCallback=android.window.IOnBackInvokedCallback$Stub$Proxy@ec63824, mPriority=-1, mIsAnimationCallback=false, mOverrideBehavior=0}
07-06 22:42:43.279   637  2009 D CoreBackPreview: Window{c34c2ea u0 tech.pathfinder.unveil/tech.pathfinder.unveil.MainActivity}: Setting back callback OnBackInvokedCallbackInfo{mCallback=android.window.IOnBackInvokedCallback$Stub$Proxy@f590f8d, mPriority=0, mIsAnimationCallback=true, mOverrideBehavior=0}
07-06 22:42:43.279 21921 21921 D VRI[MainActivity]: WindowInsets changed: 1080x2424 statusBars:[0,142,0,0] navigationBars:[0,0,0,63] mandatorySystemGestures:[0,174,0,84] 
07-06 22:42:43.287   637  2009 D WindowManager: setClientSurface Surface(name=VRI-tech.pathfinder.unveil/tech.pathfinder.unveil.MainActivity#2499)/@0xd541789 for c34c2ea tech.pathfinder.unveil/tech.pathfinder.unveil.MainActivity
07-06 22:42:43.294 21921 21921 I Surface : Creating surface for consumer unnamed-21921-0 with slotExpansion=1 for 64 slots
07-06 22:42:43.299 21921 21921 I Surface : Creating surface for consumer VRI[MainActivity]#0(BLAST Consumer)0 with slotExpansion=1 for 64 slots
07-06 22:42:43.343 13401 13444 I FontLog : (REDACTED) Received query %s, URI %s
07-06 22:42:43.346 13401 13444 I FontLog : (REDACTED) Query [%s] resolved to %s
07-06 22:42:43.361 13401 13444 I FontLog : (REDACTED) Font PFD returned from cache for %s
07-06 22:42:43.361 13401 13444 I FontLog : (REDACTED) Fetch %s end status %s
07-06 22:42:43.364 21921 22006 I CameraManagerGlobal: Connecting to camera service
07-06 22:42:43.371 13401 13444 I FontLog : (REDACTED) Pulling font file for id = %d, cache size = %d
07-06 22:42:43.375   491   576 W skia    : AGTM parsing failed flags.readFromStream(s) at 159
07-06 22:42:43.396 13401 13444 I FontLog : (REDACTED) Received query %s, URI %s
07-06 22:42:43.396 13401 13444 I FontLog : (REDACTED) Query [%s] resolved to %s
07-06 22:42:43.400 13401 13444 I FontLog : (REDACTED) Fetch %s end status %s
07-06 22:42:43.403 13401 13444 I FontLog : (REDACTED) Pulling font file for id = %d, cache size = %d
07-06 22:42:43.405 13401 13444 I FontLog : (REDACTED) Received query %s, URI %s
07-06 22:42:43.405 13401 13444 I FontLog : (REDACTED) Query [%s] resolved to %s
07-06 22:42:43.417 13401 13444 I FontLog : (REDACTED) Font PFD returned from cache for %s
07-06 22:42:43.417 13401 13444 I FontLog : (REDACTED) Fetch %s end status %s
07-06 22:42:43.419 13401 13444 I FontLog : (REDACTED) Pulling font file for id = %d, cache size = %d
07-06 22:42:43.429 13401 13409 I FontLog : (REDACTED) Received query %s, URI %s
07-06 22:42:43.429 13401 13409 I FontLog : (REDACTED) Query [%s] resolved to %s
07-06 22:42:43.430 13401 13409 I FontLog : (REDACTED) Font PFD returned from cache for %s
07-06 22:42:43.430 13401 13409 I FontLog : (REDACTED) Fetch %s end status %s
07-06 22:42:43.431 13401 13409 I FontLog : (REDACTED) Pulling font file for id = %d, cache size = %d
07-06 22:42:43.432   637  3724 E TaskPersister: File error accessing recents directory (directory doesn't exist?).
07-06 22:42:43.435 13401 21758 I SQLiteConnectionPool: The connection pool for /data/user/0/com.google.android.gms/databases/metadata.db has been closed but there are still 1 connections in use.  They will be closed as they are released back to the pool.
07-06 22:42:43.437 13401 13409 I FontLog : (REDACTED) Received query %s, URI %s
07-06 22:42:43.437 13401 13409 I FontLog : (REDACTED) Query [%s] resolved to %s
07-06 22:42:43.438 13401 13409 I FontLog : (REDACTED) Font PFD returned from cache for %s
07-06 22:42:43.438 13401 13409 I FontLog : (REDACTED) Fetch %s end status %s
07-06 22:42:43.444 13401 21388 W FontLog : Error updating last accessed time for {Google Sans, wdth 100.0, wght 400, ital 0.0, bestEffort false}, isVf false}. [CONTEXT service_id=132 ]
07-06 22:42:43.444 13401 21388 W FontLog : java.lang.IllegalStateException: Cannot perform this operation because the connection pool has been closed.
07-06 22:42:43.444 13401 21388 W FontLog : 	at android.database.sqlite.SQLiteConnectionPool.throwIfClosedLocked(SQLiteConnectionPool.java:1112)
07-06 22:42:43.444 13401 21388 W FontLog : 	at android.database.sqlite.SQLiteConnectionPool.waitForConnection(SQLiteConnectionPool.java:803)
07-06 22:42:43.444 13401 21388 W FontLog : 	at android.database.sqlite.SQLiteConnectionPool.acquireConnection(SQLiteConnectionPool.java:402)
07-06 22:42:43.444 13401 21388 W FontLog : 	at android.database.sqlite.SQLiteSession.acquireConnection(SQLiteSession.java:931)
07-06 22:42:43.444 13401 21388 W FontLog : 	at android.database.sqlite.SQLiteSession.executeForChangedRowCount(SQLiteSession.java:789)
07-06 22:42:43.444 13401 21388 W FontLog : 	at android.database.sqlite.SQLiteStatement.executeUpdateDelete(SQLiteStatement.java:67)
07-06 22:42:43.444 13401 21388 W FontLog : 	at android.database.sqlite.SQLiteDatabase.executeSql(SQLiteDatabase.java:2233)
07-06 22:42:43.444 13401 21388 W FontLog : 	at android.database.sqlite.SQLiteDatabase.execSQL(SQLiteDatabase.java:2209)
07-06 22:42:43.444 13401 21388 W FontLog : 	at cdej.run(:com.google.android.gms@262334035@26.23.34 (260400-933906539):57)
07-06 22:42:43.444 13401 21388 W FontLog : 	at blkd.c(:com.google.android.gms@262334035@26.23.34 (260400-933906539):50)
07-06 22:42:43.444 13401 21388 W FontLog : 	at blkd.run(:com.google.android.gms@262334035@26.23.34 (260400-933906539):66)
07-06 22:42:43.444 13401 21388 W FontLog : 	at java.util.concurrent.ThreadPoolExecutor.runWorker(ThreadPoolExecutor.java:1100)
07-06 22:42:43.444 13401 21388 W FontLog : 	at java.util.concurrent.ThreadPoolExecutor$Worker.run(ThreadPoolExecutor.java:624)
07-06 22:42:43.444 13401 21388 W FontLog : 	at blpw.run(:com.google.android.gms@262334035@26.23.34 (260400-933906539):8)
07-06 22:42:43.444 13401 21388 W FontLog : 	at java.lang.Thread.run(Thread.java:1572)
07-06 22:42:43.444 13401 21388 W FontLog : Caused by: java.lang.Exception: SQLiteConnectionPool.close()
07-06 22:42:43.444 13401 21388 W FontLog : 	at android.database.sqlite.SQLiteConnectionPool.dispose(SQLiteConnectionPool.java:270)
07-06 22:42:43.444 13401 21388 W FontLog : 	at android.database.sqlite.SQLiteConnectionPool.close(SQLiteConnectionPool.java:250)
07-06 22:42:43.444 13401 21388 W FontLog : 	at android.database.sqlite.SQLiteDatabase.dispose(SQLiteDatabase.java:559)
07-06 22:42:43.444 13401 21388 W FontLog : 	at android.database.sqlite.SQLiteDatabase.onAllReferencesReleased(SQLiteDatabase.java:536)
07-06 22:42:43.444 13401 21388 W FontLog : 	at android.database.sqlite.SQLiteClosable.releaseReference(SQLiteClosable.java:92)
07-06 22:42:43.444 13401 21388 W FontLog : 	at android.database.sqlite.SQLiteClosable.close(SQLiteClosable.java:124)
07-06 22:42:43.444 13401 21388 W FontLog : 	at cdei.c(:com.google.android.gms@262334035@26.23.34 (260400-933906539):3)
07-06 22:42:43.444 13401 21388 W FontLog : 	at cdej.run(:com.google.android.gms@262334035@26.23.34 (260400-933906539):62)
07-06 22:42:43.444 13401 21388 W FontLog : 	... 6 more
07-06 22:42:43.445 13401 13410 I FontLog : (REDACTED) Pulling font file for id = %d, cache size = %d
07-06 22:42:43.474   491   576 W skia    : AGTM parsing failed flags.readFromStream(s) at 159
07-06 22:42:43.498 21992 21992 D AndroidRuntime: >>>>>> START com.android.internal.os.RuntimeInit uid 2000 <<<<<<
07-06 22:42:43.507 21992 21992 I AndroidRuntime: Using default boot image
07-06 22:42:43.507 21992 21992 I AndroidRuntime: Leaving lock profiling enabled
07-06 22:42:43.512 21992 21992 I app_process: Core platform API enforcement enabled from the hiddenapi_platform_enforcement flag and the device API level
07-06 22:42:43.513 21992 21992 I app_process: Using generational CollectorTypeCMC GC.
07-06 22:42:43.605 21992 21992 D nativeloader: InitDefaultPublicLibraries for_preload=1: libandroid.so:libaaudio.so:libamidi.so:libbinder_ndk.so:libc.so:libcamera2ndk.so:libdl.so:libEGL.so:libGLESv1_CM.so:libGLESv2.so:libGLESv3.so:libicu.so:libicui18n.so:libicuuc.so:libjnigraphics.so:liblog.so:libmediandk.so:libm.so:libnativehelper.so:libnativewindow.so:libOpenMAXAL.so:libOpenSLES.so:libRS.so:libstdc++.so:libsync.so:libvulkan.so:libwebviewchromium_plat_support.so:libz.so
07-06 22:42:43.617 21992 21992 D nativeloader: Load libicu_jni.so using APEX ns com_android_art for caller /apex/com.android.art/javalib/core-oj.jar: ok
07-06 22:42:43.617 21992 21992 D app_process: u_setTimeZoneFilesDirectory("/apex/com.android.tzdata/etc/tz/versioned/10/icu") succeeded. 
07-06 22:42:43.617 21992 21992 D app_process: I18n APEX ICU file found: /apex/com.android.i18n/etc/icu/icudt78l.dat
07-06 22:42:43.618 21992 21992 D nativeloader: Load libjavacore.so using APEX ns com_android_art for caller /apex/com.android.art/javalib/core-oj.jar: ok
07-06 22:42:43.619 21992 21992 D nativeloader: Load libopenjdk.so using APEX ns com_android_art for caller /apex/com.android.art/javalib/core-oj.jar: ok
07-06 22:42:43.620 21992 21992 I app_process: Priority-to-niceness mapping: 19, 16, 13, 10, 0, -2, -4, -5, -6, -8
07-06 22:42:43.622 21992 21992 W app_process: ClassLoaderContext shared library size mismatch. Expected=2, found=0 (PCL[]{PCL[/system/framework/android.test.base.jar*736588042]#PCL[/system/framework/android.test.mock.jar*4008448454]} | PCL[])
07-06 22:42:43.623 21992 21992 W app_process: ClassLoaderContext classpath size mismatch. expected=0, found=1 (PCL[]{PCL[/system/framework/android.test.runner.jar*805256125]{PCL[/system/framework/android.test.base.jar*736588042]#PCL[/system/framework/android.test.mock.jar*4008448454]}#PCL[/system/framework/android.test.base.jar*736588042]} | PCL[/system/framework/android.test.runner.jar*805256125])
07-06 22:42:43.644 21992 21992 D nativeloader: Load libframework-connectivity-tiramisu-jni.so using APEX ns com_android_tethering for caller /apex/com.android.tethering/javalib/framework-connectivity-t.jar: ok
07-06 22:42:43.646 21992 21992 D AndroidRuntime: Calling main entry com.android.commands.uiautomator.Launcher
07-06 22:42:43.653 21992 21992 I AconfigPackage: android.media.swcodec.flags is mapped to com.android.media.swcodec
07-06 22:42:43.653 21992 21992 I AconfigPackage: com.android.permission.flags is mapped to com.android.permission
07-06 22:42:43.653 21992 21992 I AconfigPackage: com.android.permissioncontroller.flags is mapped to com.android.permission
07-06 22:42:43.653 21992 21992 I AconfigPackage: com.google.android.widevine.flags is mapped to com.google.android.widevine
07-06 22:42:43.653 21992 21992 I AconfigPackage: com.android.icu is mapped to com.android.i18n
