07-06 22:42:52.028 22064 22064 D AndroidRuntime: >>>>>> START com.android.internal.os.RuntimeInit uid 2000 <<<<<<
07-06 22:42:52.035 22064 22064 I AndroidRuntime: Using default boot image
07-06 22:42:52.035 22064 22064 I AndroidRuntime: Leaving lock profiling enabled
07-06 22:42:52.039 22064 22064 I app_process: Core platform API enforcement enabled from the hiddenapi_platform_enforcement flag and the device API level
07-06 22:42:52.039 22064 22064 I app_process: Using generational CollectorTypeCMC GC.
07-06 22:42:52.115 22064 22064 D nativeloader: InitDefaultPublicLibraries for_preload=1: libandroid.so:libaaudio.so:libamidi.so:libbinder_ndk.so:libc.so:libcamera2ndk.so:libdl.so:libEGL.so:libGLESv1_CM.so:libGLESv2.so:libGLESv3.so:libicu.so:libicui18n.so:libicuuc.so:libjnigraphics.so:liblog.so:libmediandk.so:libm.so:libnativehelper.so:libnativewindow.so:libOpenMAXAL.so:libOpenSLES.so:libRS.so:libstdc++.so:libsync.so:libvulkan.so:libwebviewchromium_plat_support.so:libz.so
07-06 22:42:52.128 22064 22064 D nativeloader: Load libicu_jni.so using APEX ns com_android_art for caller /apex/com.android.art/javalib/core-oj.jar: ok
07-06 22:42:52.128 22064 22064 D app_process: u_setTimeZoneFilesDirectory("/apex/com.android.tzdata/etc/tz/versioned/10/icu") succeeded. 
07-06 22:42:52.128 22064 22064 D app_process: I18n APEX ICU file found: /apex/com.android.i18n/etc/icu/icudt78l.dat
07-06 22:42:52.129 22064 22064 D nativeloader: Load libjavacore.so using APEX ns com_android_art for caller /apex/com.android.art/javalib/core-oj.jar: ok
07-06 22:42:52.130 22064 22064 D nativeloader: Load libopenjdk.so using APEX ns com_android_art for caller /apex/com.android.art/javalib/core-oj.jar: ok
07-06 22:42:52.131 22064 22064 I app_process: Priority-to-niceness mapping: 19, 16, 13, 10, 0, -2, -4, -5, -6, -8
07-06 22:42:52.135 22064 22064 W app_process: ClassLoaderContext shared library size mismatch. Expected=2, found=0 (PCL[]{PCL[/system/framework/android.test.base.jar*736588042]#PCL[/system/framework/android.test.mock.jar*4008448454]} | PCL[])
07-06 22:42:52.136 22064 22064 W app_process: ClassLoaderContext classpath size mismatch. expected=0, found=1 (PCL[]{PCL[/system/framework/android.test.runner.jar*805256125]{PCL[/system/framework/android.test.base.jar*736588042]#PCL[/system/framework/android.test.mock.jar*4008448454]}#PCL[/system/framework/android.test.base.jar*736588042]} | PCL[/system/framework/android.test.runner.jar*805256125])
07-06 22:42:52.196 22064 22064 D nativeloader: Load libframework-connectivity-tiramisu-jni.so using APEX ns com_android_tethering for caller /apex/com.android.tethering/javalib/framework-connectivity-t.jar: ok
07-06 22:42:52.203 22064 22064 D AndroidRuntime: Calling main entry com.android.commands.uiautomator.Launcher
07-06 22:42:52.209   491   576 W skia    : AGTM parsing failed flags.readFromStream(s) at 159
07-06 22:42:52.211 22064 22064 I AconfigPackage: android.media.swcodec.flags is mapped to com.android.media.swcodec
07-06 22:42:52.212 22064 22064 I AconfigPackage: com.android.permission.flags is mapped to com.android.permission
07-06 22:42:52.212 22064 22064 I AconfigPackage: com.android.permissioncontroller.flags is mapped to com.android.permission
07-06 22:42:52.212 22064 22064 I AconfigPackage: com.google.android.widevine.flags is mapped to com.google.android.widevine
07-06 22:42:52.212 22064 22064 I AconfigPackage: com.android.icu is mapped to com.android.i18n
07-06 22:42:52.212 22064 22064 I AconfigPackage: com.android.appsearch.flags is mapped to com.android.appsearch
07-06 22:42:52.212 22064 22064 I AconfigPackage: com.android.uprobestats.flags is mapped to com.android.uprobestats
07-06 22:42:52.212 22064 22064 I AconfigPackage: android.uprobestats.mainline.flags is mapped to com.android.uprobestats
07-06 22:42:52.212 22064 22064 I AconfigPackage: com.android.crashrecovery.flags is mapped to com.android.crashrecovery
07-06 22:42:52.212 22064 22064 I AconfigPackage: android.provider.flags is mapped to com.android.configinfrastructure
07-06 22:42:52.212 22064 22064 I AconfigPackage: com.android.server.deviceconfig is mapped to com.android.configinfrastructure
07-06 22:42:52.212 22064 22064 I AconfigPackage: com.android.art.flags is mapped to com.android.art
07-06 22:42:52.212 22064 22064 I AconfigPackage: com.android.art.rw.flags is mapped to com.android.art
07-06 22:42:52.212 22064 22064 I AconfigPackage: com.android.libcore is mapped to com.android.art
07-06 22:42:52.212 22064 22064 I AconfigPackage: android.telecom.flags is mapped to com.android.telephonycore
07-06 22:42:52.212 22064 22064 I AconfigPackage: com.android.internal.telecom.flags is mapped to com.android.telephonycore
07-06 22:42:52.212 22064 22064 I AconfigPackage: com.android.telephony.flags is mapped to com.android.telephonycore
07-06 22:42:52.212 22064 22064 I AconfigPackage: com.android.media.extractor.flags is mapped to com.android.media
07-06 22:42:52.212 22064 22064 I AconfigPackage: com.android.media.metrics.flags is mapped to com.android.media
07-06 22:42:52.212 22064 22064 I AconfigPackage: com.android.media.mainline.flags is mapped to com.android.media
07-06 22:42:52.212 22064 22064 I AconfigPackage: com.android.wifi.flags is mapped to com.android.wifi
07-06 22:42:52.212 22064 22064 I AconfigPackage: com.android.org.conscrypt.flags is mapped to com.android.conscrypt
07-06 22:42:52.212 22064 22064 I AconfigPackage: com.android.org.conscrypt.net.flags is mapped to com.android.conscrypt
07-06 22:42:52.212 22064 22064 I AconfigPackage: com.android.healthfitness.flags is mapped to com.android.healthfitness
07-06 22:42:52.213 22064 22064 I AconfigPackage: com.android.ipsec.flags is mapped to com.android.ipsec
07-06 22:42:52.213 22064 22064 I AconfigPackage: com.android.nfc.module.flags is mapped to com.android.nfcservices
07-06 22:42:52.216 22064 22064 I AconfigPackage: com.android.nfc.module.nonexported.flags is mapped to com.android.nfcservices
07-06 22:42:52.217 22064 22064 I AconfigPackage: com.android.adservices.ondevicepersonalization.flags is mapped to com.android.ondevicepersonalization
07-06 22:42:52.217 22064 22064 I AconfigPackage: com.android.adbd.flags is mapped to com.android.adbd
07-06 22:42:52.217 22064 22064 I AconfigPackage: com.android.bluetooth.beta.flags is mapped to com.android.bt
07-06 22:42:52.217 22064 22064 I AconfigPackage: com.android.bluetooth.flags is mapped to com.android.bt
07-06 22:42:52.217 22064 22064 I AconfigPackage: com.android.devicelock.flags is mapped to com.android.devicelock
07-06 22:42:52.217 22064 22064 I AconfigPackage: android.os.profiling is mapped to com.android.profiling
07-06 22:42:52.217 22064 22064 I AconfigPackage: android.os.profiling.anomaly.flags is mapped to com.android.profiling
07-06 22:42:52.217 22064 22064 I AconfigPackage: com.android.os.statsd.flags is mapped to com.android.os.statsd
07-06 22:42:52.217 22064 22064 I AconfigPackage: com.android.webapp.flags is mapped to com.android.webapp
07-06 22:42:52.217 22064 22064 I AconfigPackage: com.android.rkpd.flags is mapped to com.android.rkpd
07-06 22:42:52.217 22064 22064 I AconfigPackage: com.android.cellbroadcastreceiver.flags is mapped to com.android.cellbroadcast
07-06 22:42:52.217 22064 22064 I AconfigPackage: com.android.adservices.flags is mapped to com.android.adservices
07-06 22:42:52.217 22064 22064 I AconfigPackage: com.android.sdksandbox.flags is mapped to com.android.adservices
07-06 22:42:52.217 22064 22064 I AconfigPackage: android.app.sdksandbox.flags is mapped to com.android.adservices
07-06 22:42:52.217 22064 22064 I AconfigPackage: com.android.uwb.flags is mapped to com.android.uwb
07-06 22:42:52.217 22064 22064 I AconfigPackage: com.android.ranging.flags is mapped to com.android.uwb
07-06 22:42:52.217 22064 22064 I AconfigPackage: com.android.npumanager is mapped to com.android.npumanager
07-06 22:42:52.217 22064 22064 I AconfigPackage: android.graphics.pdf.flags is mapped to com.android.mediaprovider
07-06 22:42:52.217 22064 22064 I AconfigPackage: com.android.providers.media.flags is mapped to com.android.mediaprovider
07-06 22:42:52.217 22064 22064 I AconfigPackage: android.graphics.pdf.flags.readonly is mapped to com.android.mediaprovider
07-06 22:42:52.217 22064 22064 I AconfigPackage: com.android.tethering.mainline.beta is mapped to com.android.tethering
07-06 22:42:52.217 22064 22064 I AconfigPackage: android.net.http is mapped to com.android.tethering
07-06 22:42:52.217 22064 22064 I AconfigPackage: com.android.tethering.readonly.flags is mapped to com.android.tethering
07-06 22:42:52.217 22064 22064 I AconfigPackage: android.net.vcn is mapped to com.android.tethering
07-06 22:42:52.217 22064 22064 I AconfigPackage: com.android.net.flags is mapped to com.android.tethering
07-06 22:42:52.217 22064 22064 I AconfigPackage: com.android.tethering.flags is mapped to com.android.tethering
07-06 22:42:52.217 22064 22064 I AconfigPackage: com.android.tethering.beta.test is mapped to com.android.tethering
07-06 22:42:52.217 22064 22064 I AconfigPackage: com.android.nearby.flags is mapped to com.android.tethering
07-06 22:42:52.217 22064 22064 I AconfigPackage: com.android.net.thread.flags is mapped to com.android.tethering
07-06 22:42:52.217 22064 22064 I AconfigPackage: com.android.net.ct.flags is mapped to com.android.tethering
07-06 22:42:52.217 22064 22064 I AconfigPackage: com.android.system.virtualmachine.flags is mapped to com.android.virt
07-06 22:42:52.218 22064 22064 E FeatureFlagsImplExport: android.os.flagging.AconfigStorageReadException: ERROR_PACKAGE_NOT_FOUND: package android.xr cannot be found on the device
07-06 22:42:52.226 22064 22064 D UiAutomationConnection: Created on user UserHandle{0}
07-06 22:42:52.226 22064 22064 I UiAutomation: Initialized for user 0 on display 0
07-06 22:42:52.226 22064 22064 W UiAutomation: Created with deprecatead constructor, assumes DEFAULT_DISPLAY
07-06 22:42:52.233   637  1160 D AccessibilityManagerService: changeCurrentUserForTestAutomationIfNeededLocked(0): ignoring because device doesn't support visible background users
07-06 22:42:52.233   637  1160 I UiAutomationManager: Registering UiTestAutomationService (id=com.android.server.accessibility/UiAutomation, flags=0x0) when called by user 0
07-06 22:42:52.235   637  1160 V AccessibilityManagerService: onUserStateChangedLocked for userId: 0, forceUpdate: false
07-06 22:42:52.246   637  1160 V AccessibilityUserState: updateShortcutTargets: type:accessibility_shortcut_target_service, current:{}, new:{}
07-06 22:42:52.246   637  1160 V AccessibilityUserState: updateShortcutTargets: type:accessibility_button_targets, current:{}, new:{}
07-06 22:42:52.246   637  1160 V AccessibilityUserState: updateShortcutTargets: type:accessibility_gesture_targets, current:{}, new:{}
07-06 22:42:52.246   637  1160 V AccessibilityUserState: updateShortcutTargets: type:accessibility_qs_targets, current:{}, new:{}
07-06 22:42:52.246   637  1160 V AccessibilityUserState: updateShortcutTargets: type:accessibility_key_gesture_targets, current:{}, new:{}
07-06 22:42:52.246   637  1160 V AccessibilityUserState: updateShortcutTargets: type:accessibility_top_row_key_targets, current:{}, new:{}
07-06 22:42:52.246   637  1160 V AccessibilityUserState: updateShortcutTargets: type:accessibility_quick_access_targets, current:{}, new:{}
07-06 22:42:52.246   637  1160 W MagnificationConnectionManager: requestConnection duplicated request: connect=false, mConnectionState=DISCONNECTED
07-06 22:42:52.252  3040  3868 I AiAiEcho: Settings changed for uri: content://settings/secure/accessibility_enabled
07-06 22:42:52.261   637   637 W libbinder.IPCThreadState: Sending oneway calls to frozen process.
07-06 22:42:52.262   637   637 W libbinder.IPCThreadState: Sending oneway calls to frozen process.
07-06 22:42:52.262   637   637 W libbinder.IPCThreadState: Sending oneway calls to frozen process.
07-06 22:42:52.264   637   637 W libbinder.IPCThreadState: Sending oneway calls to frozen process.
07-06 22:42:52.264   637   637 W libbinder.IPCThreadState: Sending oneway calls to frozen process.
07-06 22:42:52.265   637   637 W libbinder.IPCThreadState: Sending oneway calls to frozen process.
07-06 22:42:52.265   637   637 W libbinder.IPCThreadState: Sending oneway calls to frozen process.
07-06 22:42:52.265   637   637 W libbinder.IPCThreadState: Sending oneway calls to frozen process.
07-06 22:42:52.265   637   637 W libbinder.IPCThreadState: Sending oneway calls to frozen process.
07-06 22:42:52.265   637   637 W libbinder.IPCThreadState: Sending oneway calls to frozen process.
07-06 22:42:52.265   637   637 W libbinder.IPCThreadState: Sending oneway calls to frozen process.
07-06 22:42:52.265   637   637 W libbinder.IPCThreadState: Sending oneway calls to frozen process.
07-06 22:42:52.265   637   637 W libbinder.IPCThreadState: Sending oneway calls to frozen process.
07-06 22:42:52.265   637   637 W libbinder.IPCThreadState: Sending oneway calls to frozen process.
07-06 22:42:52.265   637   637 W libbinder.IPCThreadState: Sending oneway calls to frozen process.
07-06 22:42:52.265   637   637 D BatterySaverPolicy: accessibility changed to true, updating policy.
07-06 22:42:52.270  3040  3340 I AiAiEcho: Predicting[0]:  [CONTEXT sampling_count=5 ]
07-06 22:42:52.270  3040  3340 I AiAiEcho: EchoTargets: 
07-06 22:42:52.270  3040  3340 I AiAiEcho: Filtered by AiAi flag check: 
07-06 22:42:52.270  3040  3340 I AiAiEcho: [CONTEXT ratelimit_period="10 SECONDS" ]
07-06 22:42:52.271  3040  3340 I AiAiEcho: #remoteViewsTwiddler: feature disabled.
07-06 22:42:52.272  3040  3340 I AiAiEcho: Predicting[0]:  [CONTEXT sampling_count=5 ]
07-06 22:42:52.272  3040  3340 I AiAiEcho: EchoTargets: 
07-06 22:42:52.272  3040  3340 I AiAiEcho: Filtered by AiAi flag check: 
07-06 22:42:52.272  3040  3340 I AiAiEcho: [CONTEXT ratelimit_period="10 SECONDS" ]
07-06 22:42:52.272  3040  3340 I AiAiEcho: #remoteViewsTwiddler: feature disabled.
07-06 22:42:52.272  3040  3340 I AiAiEcho: Predicting[0]:  [CONTEXT sampling_count=5 ]
07-06 22:42:52.272  3040  3340 I AiAiEcho: EchoTargets: 
07-06 22:42:52.272  3040  3340 I AiAiEcho: Filtered by AiAi flag check: 
07-06 22:42:52.272  3040  3340 I AiAiEcho: [CONTEXT ratelimit_period="10 SECONDS" ]
07-06 22:42:52.272  3040  3340 I AiAiEcho: #remoteViewsTwiddler: feature disabled.
07-06 22:42:52.274  3040  3340 I AiAiEcho: #postPredictionTargets: Sending updates to UISurface home with targets# 0 (types=[])
07-06 22:42:52.277  3040  3340 I AiAiEcho: #postPredictionTargets: Sending updates to UISurface ambientcue with targets# 0 (types=[])
07-06 22:42:52.278  3040  3340 I AiAiEcho: #postPredictionTargets: Sending updates to UISurface lockscreen with targets# 0 (types=[])
07-06 22:42:52.289  1081  1294 I AmbientCueRepository: Receiving SmartSpace targets # 0
07-06 22:42:52.307   637  1160 V AccessibilityManagerService: onUserStateChangedLocked for userId: 0, forceUpdate: false
07-06 22:42:52.308   637  1160 V AccessibilityUserState: updateShortcutTargets: type:accessibility_shortcut_target_service, current:{}, new:{}
07-06 22:42:52.308   637  1160 V AccessibilityUserState: updateShortcutTargets: type:accessibility_button_targets, current:{}, new:{}
07-06 22:42:52.308   637  1160 V AccessibilityUserState: updateShortcutTargets: type:accessibility_gesture_targets, current:{}, new:{}
07-06 22:42:52.308   637  1160 V AccessibilityUserState: updateShortcutTargets: type:accessibility_qs_targets, current:{}, new:{}
07-06 22:42:52.308   637  1160 V AccessibilityUserState: updateShortcutTargets: type:accessibility_key_gesture_targets, current:{}, new:{}
07-06 22:42:52.309   637  1160 V AccessibilityUserState: updateShortcutTargets: type:accessibility_top_row_key_targets, current:{}, new:{}
07-06 22:42:52.309   637  1160 V AccessibilityUserState: updateShortcutTargets: type:accessibility_quick_access_targets, current:{}, new:{}
07-06 22:42:52.309   637  1160 W MagnificationConnectionManager: requestConnection duplicated request: connect=false, mConnectionState=DISCONNECTED
07-06 22:42:52.309  3040  3146 I AiAiEcho: Settings changed for uri: content://settings/secure/accessibility_enabled
07-06 22:42:52.309   637   637 W libbinder.IPCThreadState: Sending oneway calls to frozen process.
07-06 22:42:52.309   637   637 W libbinder.IPCThreadState: Sending oneway calls to frozen process.
07-06 22:42:52.309   637   637 W libbinder.IPCThreadState: Sending oneway calls to frozen process.
07-06 22:42:52.309   637   637 W libbinder.IPCThreadState: Sending oneway calls to frozen process.
07-06 22:42:52.309   637   637 W libbinder.IPCThreadState: Sending oneway calls to frozen process.
07-06 22:42:52.309  3040  3340 I AiAiEcho: Predicting[0]:  [CONTEXT sampling_count=5 ]
07-06 22:42:52.310   637   637 W libbinder.IPCThreadState: Sending oneway calls to frozen process.
07-06 22:42:52.310   637   637 W libbinder.IPCThreadState: Sending oneway calls to frozen process.
07-06 22:42:52.310  3040  3340 I AiAiEcho: EchoTargets: 
07-06 22:42:52.310  3040  3340 I AiAiEcho: Filtered by AiAi flag check: 
07-06 22:42:52.310  3040  3340 I AiAiEcho: [CONTEXT ratelimit_period="10 SECONDS" ]
07-06 22:42:52.310   637   637 W libbinder.IPCThreadState: Sending oneway calls to frozen process.
07-06 22:42:52.310   637   637 W libbinder.IPCThreadState: Sending oneway calls to frozen process.
07-06 22:42:52.310   637   637 W libbinder.IPCThreadState: Sending oneway calls to frozen process.
07-06 22:42:52.310  3040  3340 I AiAiEcho: #remoteViewsTwiddler: feature disabled.
07-06 22:42:52.310  3040  3340 I AiAiEcho: Predicting[0]:  [CONTEXT sampling_count=5 ]
07-06 22:42:52.310  3040  3340 I AiAiEcho: EchoTargets: 
07-06 22:42:52.310  3040  3340 I AiAiEcho: Filtered by AiAi flag check: 
07-06 22:42:52.310  3040  3340 I AiAiEcho: [CONTEXT ratelimit_period="10 SECONDS" ]
07-06 22:42:52.311  3040  3340 I AiAiEcho: #remoteViewsTwiddler: feature disabled.
07-06 22:42:52.312  3040  3340 I AiAiEcho: Predicting[0]:  [CONTEXT sampling_count=5 ]
07-06 22:42:52.312  3040  3340 I AiAiEcho: EchoTargets: 
07-06 22:42:52.312  3040  3340 I AiAiEcho: Filtered by AiAi flag check: 
07-06 22:42:52.312  3040  3340 I AiAiEcho: [CONTEXT ratelimit_period="10 SECONDS" ]
07-06 22:42:52.313  3040  3340 I AiAiEcho: #remoteViewsTwiddler: feature disabled.
07-06 22:42:52.314  3040  3340 I AiAiEcho: #postPredictionTargets: Sending updates to UISurface home with targets# 0 (types=[])
07-06 22:42:52.314  3040  3340 I AiAiEcho: #postPredictionTargets: Sending updates to UISurface ambientcue with targets# 0 (types=[])
07-06 22:42:52.315  3040  3340 I AiAiEcho: #postPredictionTargets: Sending updates to UISurface lockscreen with targets# 0 (types=[])
07-06 22:42:52.315  1081  1294 I AmbientCueRepository: Receiving SmartSpace targets # 0
07-06 22:42:52.316   491   576 W skia    : AGTM parsing failed flags.readFromStream(s) at 159
07-06 22:42:52.321   637  1376 D AccessibilityManagerService: .getAccessibilityShortcutTargets {shortcutType=32, userId=0}
07-06 22:42:52.372 13401 13401 D BoundBrokerSvc: onUnbind: Intent { act=com.google.android.gms.common.telemetry.service.START dat=chimera-action:/... xflg=0x4 cmp=com.google.android.gms/.chimera.PersistentApiService }
07-06 22:42:52.417   491   576 W skia    : AGTM parsing failed flags.readFromStream(s) at 159
07-06 22:42:52.503   637  1376 V AutofillSession: Primary service component name: ComponentInfo{com.google.android.gms/com.google.android.gms.autofill.service.AutofillService}, secondary service component name: ComponentInfo{com.android.credentialmanager/com.android.credentialmanager.autofill.CredentialAutofillService}
07-06 22:42:52.503   637  1376 V SecondaryProviderHandler: Creating a secondary provider handler with component name, ComponentInfo{com.android.credentialmanager/com.android.credentialmanager.autofill.CredentialAutofillService}
07-06 22:42:52.507   637  1376 D PresentationStatsEventLogger: Started new PresentationStatsEvent
07-06 22:42:52.507   637  1376 W FillRequestEventLogger: Couldn't find packageName: com.google.android.inputmethod.latin
07-06 22:42:52.542 21921 21921 I AssistStructure: Flattened final assist data: 5436 bytes, containing 1 windows, 6 views
07-06 22:42:52.545   637  1376 D AutofillSession: createPendingIntent for request 854
07-06 22:42:52.545   637  1376 D ContentCapturePerUserService: Notified activity assist data for activity: Token{abac6cf ActivityRecord{227449257 u0 tech.pathfinder.unveil/.MainActivity t93}} without a session Id
07-06 22:42:52.546 21921 21933 I thfinder.unveil: NativeAlloc concurrent mark compact GC freed 5678KB AllocSpace bytes, 34(1712KB) LOS objects, 49% free, 3722KB/7445KB, paused 159us,6.297ms total 56.155ms
07-06 22:42:52.583   491   576 W skia    : AGTM parsing failed flags.readFromStream(s) at 159
07-06 22:42:52.746   491   576 W skia    : AGTM parsing failed flags.readFromStream(s) at 159
07-06 22:42:52.916   637  1376 W WindowManager: Failed looking up window session=Session{896aff9 12060:u0a10165} callers=com.android.server.wm.WindowManagerService.removeClientToken:2319 com.android.server.wm.Session.remove:281 android.view.IWindowSession$Stub.onTransact:637 
07-06 22:42:52.917   637  1376 W WindowManager: Failed looking up window session=Session{896aff9 12060:u0a10165} callers=com.android.server.wm.WindowManagerService.removeClientToken:2319 com.android.server.wm.Session.remove:281 android.view.IWindowSession$Stub.onTransact:637 
07-06 22:42:52.924   491   576 W skia    : AGTM parsing failed flags.readFromStream(s) at 159
07-06 22:42:53.165  1215  1381 D SatelliteController: isInCarrierRoamingNbIotNtn: satellite is disabled
07-06 22:42:53.166  1215  1381 D SatelliteController: getCarrierRoamingNtnConnectType: Checking connect type from PLMN config for subId: 1
07-06 22:42:53.166  1215  1381 D TelephonyConfigUpdateInstallReceiver: getConfigParser: domain=satellite
07-06 22:42:53.166  1215  1381 V SatelliteController: satelliteConfigParser is not ready
07-06 22:42:53.166  1215  1381 D SatelliteController: isSatelliteAttachSupportedViaConfigupdater: return null (satelliteConfig is null)
07-06 22:42:53.177  1215  1381 D SatelliteController: getSatellitePerPlmnConfiguration: invalid subId or not supported via carrier.
07-06 22:42:53.177  1215  1381 D SatelliteController: getCarrierRoamingNtnConnectType: config: null
07-06 22:42:53.177  1215  1381 D TelephonyConfigUpdateInstallReceiver: getConfigParser: domain=satellite
07-06 22:42:53.177  1215  1381 V SatelliteController: satelliteConfigParser is not ready
07-06 22:42:53.177  1215  1381 D SatelliteController: getCarrierRoamingNtnConnectTypeViaConfigUpdater: return null (satelliteConfig is null)
07-06 22:42:53.177  1215  1381 D SatelliteController: getCarrierRoamingNtnConnectType: Falling back to global carrier config connect type: 0
07-06 22:42:53.177  1215  1381 D TelephonyConfigUpdateInstallReceiver: getConfigParser: domain=satellite
07-06 22:42:53.177  1215  1381 V SatelliteController: satelliteConfigParser is not ready
07-06 22:42:53.177  1215  1381 D SatelliteController: isSatelliteAttachSupportedViaConfigupdater: return null (satelliteConfig is null)
07-06 22:42:53.177  1215  1381 D SatelliteController: getCarrierRoamingNtnConnectType: Checking connect type from PLMN config for subId: 1
07-06 22:42:53.177  1215  1381 D TelephonyConfigUpdateInstallReceiver: getConfigParser: domain=satellite
07-06 22:42:53.177  1215  1381 V SatelliteController: satelliteConfigParser is not ready
07-06 22:42:53.177  1215  1381 D SatelliteController: isSatelliteAttachSupportedViaConfigupdater: return null (satelliteConfig is null)
07-06 22:42:53.177  1215  1381 D SatelliteController: getSatellitePerPlmnConfiguration: invalid subId or not supported via carrier.
07-06 22:42:53.177  1215  1381 D SatelliteController: getCarrierRoamingNtnConnectType: config: null
07-06 22:42:53.177  1215  1381 D TelephonyConfigUpdateInstallReceiver: getConfigParser: domain=satellite
07-06 22:42:53.177  1215  1381 V SatelliteController: satelliteConfigParser is not ready
07-06 22:42:53.177  1215  1381 D SatelliteController: getCarrierRoamingNtnConnectTypeViaConfigUpdater: return null (satelliteConfig is null)
07-06 22:42:53.177  1215  1381 D SatelliteController: getCarrierRoamingNtnConnectType: Falling back to global carrier config connect type: 0
07-06 22:42:53.177  1215  1381 D TelephonyConfigUpdateInstallReceiver: getConfigParser: domain=satellite
07-06 22:42:53.177  1215  1381 V SatelliteController: satelliteConfigParser is not ready
07-06 22:42:53.177  1215  1381 D SatelliteController: isSatelliteAttachSupportedViaConfigupdater: return null (satelliteConfig is null)
07-06 22:42:53.242   491   576 W skia    : AGTM parsing failed flags.readFromStream(s) at 159
07-06 22:42:53.298   637  1012 I AdbWifiNetworkMonitor: Wi-Fi network available
07-06 22:42:53.298   637  1012 I AdbWifiNetworkMonitor: Received the same Wi-Fi SSID. Ignoring.
07-06 22:42:53.303   637   982 I HalDevMgr: bestIfaceCreationProposal is null, requestIface=STA, existingIface=[name=wlan0 type=STA]
07-06 22:42:53.316   637   988 W libbinder.IPCThreadState: Sending oneway calls to frozen process.
07-06 22:42:53.321   637   988 W libbinder.IPCThreadState: Sending oneway calls to frozen process.
07-06 22:42:53.321   637   988 W libbinder.IPCThreadState: Sending oneway calls to frozen process.
07-06 22:42:53.322   637   988 W libbinder.IPCThreadState: Sending oneway calls to frozen process.
07-06 22:42:53.339 13401 13410 I NullBinder: NullBinder for android.net.action.RECOMMEND_NETWORKS triggering remote TransactionTooLargeException due to Service without Chimera impl, calling uid: 1000, calling pid: 0
07-06 22:42:53.339 13401 13410 W libbinder.Binder: Large reply transaction of 1056768 bytes, interface descriptor , function: UNKNOWN_FUNCTION_NAME, code: 1, flags: 17
07-06 22:42:53.349   637   988 D ConnectivityService: NetReassign [no changes] [c 0] [a 10] [i 1]
07-06 22:42:53.351 13401 18288 I NearbyMediums: Wifi changed new SSID: "AndroidWifi"
07-06 22:42:53.351 13401 18288 I NearbyMediums: WifiLanConnectivityInfo is not changed, skip notify.
07-06 22:42:53.354 13401 13401 D BoundBrokerSvc: onRebind: Intent { act=com.google.android.gms.common.telemetry.service.START dat=chimera-action:/... xflg=0x4 cmp=com.google.android.gms/.chimera.PersistentApiService }
07-06 22:42:53.593 22064 22064 W AccessibilityNodeInfoDumper: Fetch time: 25ms
07-06 22:42:53.596   637   724 V AccessibilityManagerService: onUserStateChangedLocked for userId: 0, forceUpdate: false
07-06 22:42:53.600   637   724 V AccessibilityUserState: updateShortcutTargets: type:accessibility_shortcut_target_service, current:{}, new:{}
07-06 22:42:53.600   637   724 V AccessibilityUserState: updateShortcutTargets: type:accessibility_button_targets, current:{}, new:{}
07-06 22:42:53.600   637   724 V AccessibilityUserState: updateShortcutTargets: type:accessibility_gesture_targets, current:{}, new:{}
07-06 22:42:53.600   637   724 V AccessibilityUserState: updateShortcutTargets: type:accessibility_qs_targets, current:{}, new:{}
07-06 22:42:53.600   637   724 V AccessibilityUserState: updateShortcutTargets: type:accessibility_key_gesture_targets, current:{}, new:{}
07-06 22:42:53.600   637   724 V AccessibilityUserState: updateShortcutTargets: type:accessibility_top_row_key_targets, current:{}, new:{}
07-06 22:42:53.600   637   724 V AccessibilityUserState: updateShortcutTargets: type:accessibility_quick_access_targets, current:{}, new:{}
07-06 22:42:53.600   637   724 W MagnificationConnectionManager: requestConnection duplicated request: connect=false, mConnectionState=DISCONNECTED
07-06 22:42:53.600   637   724 D AccessibilityManagerService: restoreCurrentUserForTestAutomationIfNeededLocked(): ignoring because device doesn't support visible background users
07-06 22:42:53.600   637   637 W libbinder.IPCThreadState: Sending oneway calls to frozen process.
07-06 22:42:53.602 22064 22074 W libbinder.IPCThreadState: call to talkWithDriver in joinThreadPool returned error: -9 (Bad file descriptor), FD: -1
07-06 22:42:53.602  3040  3146 I AiAiEcho: Settings changed for uri: content://settings/secure/accessibility_enabled
07-06 22:42:53.602 22064 22078 W libbinder.IPCThreadState: call to talkWithDriver in joinThreadPool returned error: -9 (Bad file descriptor), FD: -1
07-06 22:42:53.602   637   637 W libbinder.IPCThreadState: Sending oneway calls to frozen process.
07-06 22:42:53.603   637   637 W libbinder.IPCThreadState: Sending oneway calls to frozen process.
07-06 22:42:53.603 22064 22064 D AndroidRuntime: Shutting down VM
07-06 22:42:53.603   637   637 W libbinder.IPCThreadState: Sending oneway calls to frozen process.
07-06 22:42:53.604   637   637 W libbinder.IPCThreadState: Sending oneway calls to frozen process.
07-06 22:42:53.606   637   637 W libbinder.IPCThreadState: Sending oneway calls to frozen process.
07-06 22:42:53.606 22064 22073 W libbinder.IPCThreadState: call to talkWithDriver in joinThreadPool returned error: -9 (Bad file descriptor), FD: -1
07-06 22:42:53.607   637   637 W libbinder.IPCThreadState: Sending oneway calls to frozen process.
07-06 22:42:53.607   637   637 W libbinder.IPCThreadState: Sending oneway calls to frozen process.
07-06 22:42:53.607   637   637 W libbinder.IPCThreadState: Sending oneway calls to frozen process.
07-06 22:42:53.607   637   637 W libbinder.IPCThreadState: Sending oneway calls to frozen process.
07-06 22:42:53.607   637   637 W libbinder.IPCThreadState: Sending oneway calls to frozen process.
07-06 22:42:53.609   637   637 W libbinder.IPCThreadState: Sending oneway calls to frozen process.
07-06 22:42:53.609   637   637 W libbinder.IPCThreadState: Sending oneway calls to frozen process.
07-06 22:42:53.609   637   637 W libbinder.IPCThreadState: Sending oneway calls to frozen process.
07-06 22:42:53.609   637   637 W libbinder.IPCThreadState: Sending oneway calls to frozen process.
07-06 22:42:53.609   637   637 D BatterySaverPolicy: accessibility changed to false, updating policy.
07-06 22:42:53.612  3040  3340 I AiAiEcho: Predicting[0]:  [CONTEXT sampling_count=5 ]
07-06 22:42:53.612  3040  3340 I AiAiEcho: EchoTargets: 
07-06 22:42:53.612  3040  3340 I AiAiEcho: Filtered by AiAi flag check: 
07-06 22:42:53.612  3040  3340 I AiAiEcho: [CONTEXT ratelimit_period="10 SECONDS" ]
07-06 22:42:53.612  3040  3340 I AiAiEcho: #remoteViewsTwiddler: feature disabled.
07-06 22:42:53.612  3040  3340 I AiAiEcho: Predicting[0]:  [CONTEXT sampling_count=5 ]
07-06 22:42:53.612  3040  3340 I AiAiEcho: EchoTargets: 
07-06 22:42:53.612  3040  3340 I AiAiEcho: Filtered by AiAi flag check: 
07-06 22:42:53.612  3040  3340 I AiAiEcho: [CONTEXT ratelimit_period="10 SECONDS" ]
07-06 22:42:53.612  3040  3340 I AiAiEcho: #remoteViewsTwiddler: feature disabled.
07-06 22:42:53.612  3040  3340 I AiAiEcho: Predicting[0]:  [CONTEXT sampling_count=5 ]
07-06 22:42:53.612  3040  3340 I AiAiEcho: EchoTargets: 
07-06 22:42:53.612  3040  3340 I AiAiEcho: Filtered by AiAi flag check: 
07-06 22:42:53.612  3040  3340 I AiAiEcho: [CONTEXT ratelimit_period="10 SECONDS" ]
07-06 22:42:53.612  3040  3340 I AiAiEcho: #remoteViewsTwiddler: feature disabled.
07-06 22:42:53.617  3040  3340 I AiAiEcho: #postPredictionTargets: Sending updates to UISurface home with targets# 0 (types=[])
07-06 22:42:53.618  3040  3340 I AiAiEcho: #postPredictionTargets: Sending updates to UISurface ambientcue with targets# 0 (types=[])
07-06 22:42:53.618  3040  3340 I AiAiEcho: #postPredictionTargets: Sending updates to UISurface lockscreen with targets# 0 (types=[])
07-06 22:42:53.619  1081  1294 I AmbientCueRepository: Receiving SmartSpace targets # 0
07-06 22:42:53.625   491   576 W skia    : AGTM parsing failed flags.readFromStream(s) at 159
07-06 22:42:53.726   491   576 W skia    : AGTM parsing failed flags.readFromStream(s) at 159
07-06 22:42:53.843 13401 18288 I NearbySharing: Network state changed: NetworkState(isRestricted=false, isOnline=true, isCongested=false, isMetered=false, isWifiConnected=true)
07-06 22:42:53.904   637   649 W System  : A resource failed to call close. 
07-06 22:42:53.973  4559 11846 I cr_BindingManager: Release visible connections: 2
07-06 22:42:54.508  1910  1910 I adbd    : adbd service requested 'sync:'
07-06 22:42:54.540  1910  1910 I adbd    : adbd service requested 'shell,v2,TERM=xterm-256color:export ANDROID_LOG_TAGS=''; exec logcat '-d''
