--------- beginning of main
07-06 23:02:25.891   491   576 W skia    : AGTM parsing failed flags.readFromStream(s) at 159
07-06 23:02:25.979  4559 11846 I cr_BindingManager: onTrimMemory: level=40, size=0
07-06 23:02:25.982   491   576 W skia    : AGTM parsing failed flags.readFromStream(s) at 159
--------- beginning of system
07-06 23:02:26.060   637  1012 I AdbWifiNetworkMonitor: Wi-Fi network available
07-06 23:02:26.060   637  1012 I AdbWifiNetworkMonitor: Received the same Wi-Fi SSID. Ignoring.
07-06 23:02:26.091   491   576 W skia    : AGTM parsing failed flags.readFromStream(s) at 159
07-06 23:02:26.091   637   988 W libbinder.IPCThreadState: Sending oneway calls to frozen process.
07-06 23:02:26.091   637   988 W libbinder.IPCThreadState: Sending oneway calls to frozen process.
07-06 23:02:26.091   637   988 W libbinder.IPCThreadState: Sending oneway calls to frozen process.
07-06 23:02:26.098   637   988 W libbinder.IPCThreadState: Sending oneway calls to frozen process.
07-06 23:02:26.099   637   988 W libbinder.IPCThreadState: Sending oneway calls to frozen process.
07-06 23:02:26.113 13401 13446 I NullBinder: NullBinder for android.net.action.RECOMMEND_NETWORKS triggering remote TransactionTooLargeException due to Service without Chimera impl, calling uid: 1000, calling pid: 0
07-06 23:02:26.113 13401 13446 W libbinder.Binder: Large reply transaction of 1056768 bytes, interface descriptor , function: UNKNOWN_FUNCTION_NAME, code: 1, flags: 17
07-06 23:02:26.126   637   988 D ConnectivityService: NetReassign [no changes] [c 0] [a 9] [i 1]
07-06 23:02:26.140   637   982 I HalDevMgr: bestIfaceCreationProposal is null, requestIface=STA, existingIface=[name=wlan0 type=STA]
07-06 23:02:26.148 13401 21762 I NearbyMediums: Wifi changed new SSID: "AndroidWifi"
07-06 23:02:26.148 13401 21762 I NearbyMediums: WifiLanConnectivityInfo is not changed, skip notify.
07-06 23:02:26.168  1910  1910 I adbd    : adbd service requested 'shell,v2,TERM=xterm-256color,raw:input tap 324 2276'
07-06 23:02:26.176 13401 13401 D BoundBrokerSvc: onRebind: Intent { act=com.google.android.gms.common.telemetry.service.START dat=chimera-action:/... xflg=0x4 cmp=com.google.android.gms/.chimera.PersistentApiService }
07-06 23:02:26.221   491   576 W skia    : AGTM parsing failed flags.readFromStream(s) at 159
07-06 23:02:26.338   491   576 W skia    : AGTM parsing failed flags.readFromStream(s) at 159
07-06 23:02:26.394  1910  1910 I adbd    : adbd service requested 'exec:screencap '-p''
07-06 23:02:26.457   491   576 W skia    : AGTM parsing failed flags.readFromStream(s) at 159
07-06 23:02:26.521 23430 23430 W libbinder.BackendUnifiedServiceManager: Thread Pool max thread count is 0. Cannot cache binder as linkToDeath cannot be implemented. serviceName: SurfaceFlingerAIDL
07-06 23:02:26.521 23430 23430 W libbinder.BpBinder: Linking to death on android.gui.ISurfaceComposer but there are no threads (yet?) listening to incoming transactions. See ProcessState::startThreadPool and ProcessState::setThreadPoolMaxThreadCount. Generally you should setup the binder threadpool before other initialization steps.
07-06 23:02:26.521 23430 23430 W libbinder.ProcessState: Extra binder thread started, but 0 threads requested. Do not use *startThreadPool when zero threads are requested.
07-06 23:02:26.528   491   576 W skia    : AGTM parsing failed flags.readFromStream(s) at 159
07-06 23:02:26.528   491   576 W skia    : AGTM parsing failed flags.readFromStream(s) at 159
07-06 23:02:26.528   491   576 W skia    : AGTM parsing failed flags.readFromStream(s) at 159
07-06 23:02:26.556 23430 23431 W libc    : Access denied finding property "vendor.mesa.virtgpu.kumquat"
07-06 23:02:26.557   491   576 W skia    : AGTM parsing failed flags.readFromStream(s) at 159
07-06 23:02:26.605 13401 21762 I NearbySharing: Network state changed: NetworkState(isRestricted=false, isOnline=true, isCongested=false, isMetered=false, isWifiConnected=true)
07-06 23:02:26.872   491   576 W skia    : AGTM parsing failed flags.readFromStream(s) at 159
07-06 23:02:26.898   637  2009 V AutofillSession: Primary service component name: ComponentInfo{com.google.android.gms/com.google.android.gms.autofill.service.AutofillService}, secondary service component name: ComponentInfo{com.android.credentialmanager/com.android.credentialmanager.autofill.CredentialAutofillService}
07-06 23:02:26.898   637  2009 V SecondaryProviderHandler: Creating a secondary provider handler with component name, ComponentInfo{com.android.credentialmanager/com.android.credentialmanager.autofill.CredentialAutofillService}
07-06 23:02:26.900   637  2009 D PresentationStatsEventLogger: Started new PresentationStatsEvent
07-06 23:02:26.905   637  2009 W FillRequestEventLogger: Couldn't find packageName: com.google.android.inputmethod.latin
07-06 23:02:26.980 23207 23207 I AssistStructure: Flattened final assist data: 5436 bytes, containing 1 windows, 6 views
07-06 23:02:26.982   637  2009 D AutofillSession: createPendingIntent for request 858
07-06 23:02:26.985   637  2009 D ContentCapturePerUserService: Notified activity assist data for activity: Token{6fbf091 ActivityRecord{108521493 u0 tech.pathfinder.unveil/.MainActivity t93}} without a session Id
07-06 23:02:26.988   491   576 W skia    : AGTM parsing failed flags.readFromStream(s) at 159
07-06 23:02:27.210   491   576 W skia    : AGTM parsing failed flags.readFromStream(s) at 159
07-06 23:02:27.349  1910  1910 I adbd    : adbd service requested 'shell,v2,TERM=xterm-256color,raw:uiautomator dump /sdcard/window_dump.xml'
07-06 23:02:27.380   491   576 W skia    : AGTM parsing failed flags.readFromStream(s) at 159
07-06 23:02:27.428 23435 23435 D AndroidRuntime: >>>>>> START com.android.internal.os.RuntimeInit uid 2000 <<<<<<
07-06 23:02:27.431 23435 23435 I AndroidRuntime: Using default boot image
07-06 23:02:27.431 23435 23435 I AndroidRuntime: Leaving lock profiling enabled
07-06 23:02:27.432 23435 23435 I app_process: Core platform API enforcement enabled from the hiddenapi_platform_enforcement flag and the device API level
07-06 23:02:27.433 23435 23435 I app_process: Using generational CollectorTypeCMC GC.
07-06 23:02:27.477 23435 23435 D nativeloader: InitDefaultPublicLibraries for_preload=1: libandroid.so:libaaudio.so:libamidi.so:libbinder_ndk.so:libc.so:libcamera2ndk.so:libdl.so:libEGL.so:libGLESv1_CM.so:libGLESv2.so:libGLESv3.so:libicu.so:libicui18n.so:libicuuc.so:libjnigraphics.so:liblog.so:libmediandk.so:libm.so:libnativehelper.so:libnativewindow.so:libOpenMAXAL.so:libOpenSLES.so:libRS.so:libstdc++.so:libsync.so:libvulkan.so:libwebviewchromium_plat_support.so:libz.so
07-06 23:02:27.482 23435 23435 D nativeloader: Load libicu_jni.so using APEX ns com_android_art for caller /apex/com.android.art/javalib/core-oj.jar: ok
07-06 23:02:27.482 23435 23435 D app_process: u_setTimeZoneFilesDirectory("/apex/com.android.tzdata/etc/tz/versioned/10/icu") succeeded. 
07-06 23:02:27.482 23435 23435 D app_process: I18n APEX ICU file found: /apex/com.android.i18n/etc/icu/icudt78l.dat
07-06 23:02:27.483 23435 23435 D nativeloader: Load libjavacore.so using APEX ns com_android_art for caller /apex/com.android.art/javalib/core-oj.jar: ok
07-06 23:02:27.483 23435 23435 D nativeloader: Load libopenjdk.so using APEX ns com_android_art for caller /apex/com.android.art/javalib/core-oj.jar: ok
07-06 23:02:27.484 23435 23435 I app_process: Priority-to-niceness mapping: 19, 16, 13, 10, 0, -2, -4, -5, -6, -8
07-06 23:02:27.485 23435 23435 W app_process: ClassLoaderContext shared library size mismatch. Expected=2, found=0 (PCL[]{PCL[/system/framework/android.test.base.jar*736588042]#PCL[/system/framework/android.test.mock.jar*4008448454]} | PCL[])
07-06 23:02:27.485 23435 23435 W app_process: ClassLoaderContext classpath size mismatch. expected=0, found=1 (PCL[]{PCL[/system/framework/android.test.runner.jar*805256125]{PCL[/system/framework/android.test.base.jar*736588042]#PCL[/system/framework/android.test.mock.jar*4008448454]}#PCL[/system/framework/android.test.base.jar*736588042]} | PCL[/system/framework/android.test.runner.jar*805256125])
07-06 23:02:27.503 23435 23435 D nativeloader: Load libframework-connectivity-tiramisu-jni.so using APEX ns com_android_tethering for caller /apex/com.android.tethering/javalib/framework-connectivity-t.jar: ok
07-06 23:02:27.503 23435 23435 D AndroidRuntime: Calling main entry com.android.commands.uiautomator.Launcher
07-06 23:02:27.506 23435 23435 I AconfigPackage: android.media.swcodec.flags is mapped to com.android.media.swcodec
07-06 23:02:27.506 23435 23435 I AconfigPackage: com.android.permission.flags is mapped to com.android.permission
07-06 23:02:27.506 23435 23435 I AconfigPackage: com.android.permissioncontroller.flags is mapped to com.android.permission
07-06 23:02:27.506 23435 23435 I AconfigPackage: com.google.android.widevine.flags is mapped to com.google.android.widevine
07-06 23:02:27.506 23435 23435 I AconfigPackage: com.android.icu is mapped to com.android.i18n
07-06 23:02:27.506 23435 23435 I AconfigPackage: com.android.appsearch.flags is mapped to com.android.appsearch
07-06 23:02:27.506 23435 23435 I AconfigPackage: com.android.uprobestats.flags is mapped to com.android.uprobestats
07-06 23:02:27.506 23435 23435 I AconfigPackage: android.uprobestats.mainline.flags is mapped to com.android.uprobestats
07-06 23:02:27.506 23435 23435 I AconfigPackage: com.android.crashrecovery.flags is mapped to com.android.crashrecovery
07-06 23:02:27.506 23435 23435 I AconfigPackage: android.provider.flags is mapped to com.android.configinfrastructure
07-06 23:02:27.506 23435 23435 I AconfigPackage: com.android.server.deviceconfig is mapped to com.android.configinfrastructure
07-06 23:02:27.506 23435 23435 I AconfigPackage: com.android.art.flags is mapped to com.android.art
07-06 23:02:27.506 23435 23435 I AconfigPackage: com.android.art.rw.flags is mapped to com.android.art
07-06 23:02:27.506 23435 23435 I AconfigPackage: com.android.libcore is mapped to com.android.art
07-06 23:02:27.507 23435 23435 I AconfigPackage: android.telecom.flags is mapped to com.android.telephonycore
07-06 23:02:27.507 23435 23435 I AconfigPackage: com.android.internal.telecom.flags is mapped to com.android.telephonycore
07-06 23:02:27.507 23435 23435 I AconfigPackage: com.android.telephony.flags is mapped to com.android.telephonycore
07-06 23:02:27.507 23435 23435 I AconfigPackage: com.android.media.extractor.flags is mapped to com.android.media
07-06 23:02:27.507 23435 23435 I AconfigPackage: com.android.media.metrics.flags is mapped to com.android.media
07-06 23:02:27.507 23435 23435 I AconfigPackage: com.android.media.mainline.flags is mapped to com.android.media
07-06 23:02:27.507 23435 23435 I AconfigPackage: com.android.wifi.flags is mapped to com.android.wifi
07-06 23:02:27.507 23435 23435 I AconfigPackage: com.android.org.conscrypt.flags is mapped to com.android.conscrypt
07-06 23:02:27.507 23435 23435 I AconfigPackage: com.android.org.conscrypt.net.flags is mapped to com.android.conscrypt
07-06 23:02:27.507 23435 23435 I AconfigPackage: com.android.healthfitness.flags is mapped to com.android.healthfitness
07-06 23:02:27.507 23435 23435 I AconfigPackage: com.android.ipsec.flags is mapped to com.android.ipsec
07-06 23:02:27.507 23435 23435 I AconfigPackage: com.android.nfc.module.flags is mapped to com.android.nfcservices
07-06 23:02:27.507 23435 23435 I AconfigPackage: com.android.nfc.module.nonexported.flags is mapped to com.android.nfcservices
07-06 23:02:27.507 23435 23435 I AconfigPackage: com.android.adservices.ondevicepersonalization.flags is mapped to com.android.ondevicepersonalization
07-06 23:02:27.507 23435 23435 I AconfigPackage: com.android.adbd.flags is mapped to com.android.adbd
07-06 23:02:27.507 23435 23435 I AconfigPackage: com.android.bluetooth.beta.flags is mapped to com.android.bt
07-06 23:02:27.507 23435 23435 I AconfigPackage: com.android.bluetooth.flags is mapped to com.android.bt
07-06 23:02:27.507 23435 23435 I AconfigPackage: com.android.devicelock.flags is mapped to com.android.devicelock
07-06 23:02:27.507 23435 23435 I AconfigPackage: android.os.profiling is mapped to com.android.profiling
07-06 23:02:27.507 23435 23435 I AconfigPackage: android.os.profiling.anomaly.flags is mapped to com.android.profiling
07-06 23:02:27.507 23435 23435 I AconfigPackage: com.android.os.statsd.flags is mapped to com.android.os.statsd
07-06 23:02:27.507 23435 23435 I AconfigPackage: com.android.webapp.flags is mapped to com.android.webapp
07-06 23:02:27.507 23435 23435 I AconfigPackage: com.android.rkpd.flags is mapped to com.android.rkpd
07-06 23:02:27.507 23435 23435 I AconfigPackage: com.android.cellbroadcastreceiver.flags is mapped to com.android.cellbroadcast
07-06 23:02:27.507 23435 23435 I AconfigPackage: com.android.adservices.flags is mapped to com.android.adservices
07-06 23:02:27.507 23435 23435 I AconfigPackage: com.android.sdksandbox.flags is mapped to com.android.adservices
07-06 23:02:27.507 23435 23435 I AconfigPackage: android.app.sdksandbox.flags is mapped to com.android.adservices
07-06 23:02:27.507 23435 23435 I AconfigPackage: com.android.uwb.flags is mapped to com.android.uwb
07-06 23:02:27.507 23435 23435 I AconfigPackage: com.android.ranging.flags is mapped to com.android.uwb
07-06 23:02:27.507 23435 23435 I AconfigPackage: com.android.npumanager is mapped to com.android.npumanager
07-06 23:02:27.507 23435 23435 I AconfigPackage: android.graphics.pdf.flags is mapped to com.android.mediaprovider
07-06 23:02:27.507 23435 23435 I AconfigPackage: com.android.providers.media.flags is mapped to com.android.mediaprovider
07-06 23:02:27.507 23435 23435 I AconfigPackage: android.graphics.pdf.flags.readonly is mapped to com.android.mediaprovider
07-06 23:02:27.507 23435 23435 I AconfigPackage: com.android.tethering.mainline.beta is mapped to com.android.tethering
07-06 23:02:27.507 23435 23435 I AconfigPackage: android.net.http is mapped to com.android.tethering
07-06 23:02:27.507 23435 23435 I AconfigPackage: com.android.tethering.readonly.flags is mapped to com.android.tethering
07-06 23:02:27.507 23435 23435 I AconfigPackage: android.net.vcn is mapped to com.android.tethering
07-06 23:02:27.507 23435 23435 I AconfigPackage: com.android.net.flags is mapped to com.android.tethering
07-06 23:02:27.507 23435 23435 I AconfigPackage: com.android.tethering.flags is mapped to com.android.tethering
07-06 23:02:27.507 23435 23435 I AconfigPackage: com.android.tethering.beta.test is mapped to com.android.tethering
07-06 23:02:27.507 23435 23435 I AconfigPackage: com.android.nearby.flags is mapped to com.android.tethering
07-06 23:02:27.507 23435 23435 I AconfigPackage: com.android.net.thread.flags is mapped to com.android.tethering
07-06 23:02:27.507 23435 23435 I AconfigPackage: com.android.net.ct.flags is mapped to com.android.tethering
07-06 23:02:27.508 23435 23435 I AconfigPackage: com.android.system.virtualmachine.flags is mapped to com.android.virt
07-06 23:02:27.508 23435 23435 E FeatureFlagsImplExport: android.os.flagging.AconfigStorageReadException: ERROR_PACKAGE_NOT_FOUND: package android.xr cannot be found on the device
07-06 23:02:27.510 23435 23435 D UiAutomationConnection: Created on user UserHandle{0}
07-06 23:02:27.510 23435 23435 I UiAutomation: Initialized for user 0 on display 0
07-06 23:02:27.510 23435 23435 W UiAutomation: Created with deprecatead constructor, assumes DEFAULT_DISPLAY
07-06 23:02:27.512   637  2009 D AccessibilityManagerService: changeCurrentUserForTestAutomationIfNeededLocked(0): ignoring because device doesn't support visible background users
07-06 23:02:27.512   637  2009 I UiAutomationManager: Registering UiTestAutomationService (id=com.android.server.accessibility/UiAutomation, flags=0x0) when called by user 0
07-06 23:02:27.513   637  2009 V AccessibilityManagerService: onUserStateChangedLocked for userId: 0, forceUpdate: false
07-06 23:02:27.514   637  2009 V AccessibilityUserState: updateShortcutTargets: type:accessibility_shortcut_target_service, current:{}, new:{}
07-06 23:02:27.514   637  2009 V AccessibilityUserState: updateShortcutTargets: type:accessibility_button_targets, current:{}, new:{}
07-06 23:02:27.514   637  2009 V AccessibilityUserState: updateShortcutTargets: type:accessibility_gesture_targets, current:{}, new:{}
07-06 23:02:27.514   637  2009 V AccessibilityUserState: updateShortcutTargets: type:accessibility_qs_targets, current:{}, new:{}
07-06 23:02:27.514   637  2009 V AccessibilityUserState: updateShortcutTargets: type:accessibility_key_gesture_targets, current:{}, new:{}
07-06 23:02:27.514   637  2009 V AccessibilityUserState: updateShortcutTargets: type:accessibility_top_row_key_targets, current:{}, new:{}
07-06 23:02:27.514   637  2009 V AccessibilityUserState: updateShortcutTargets: type:accessibility_quick_access_targets, current:{}, new:{}
07-06 23:02:27.514   637  2009 W MagnificationConnectionManager: requestConnection duplicated request: connect=false, mConnectionState=DISCONNECTED
07-06 23:02:27.515  3040  3146 I AiAiEcho: Settings changed for uri: content://settings/secure/accessibility_enabled
07-06 23:02:27.516   637   637 W libbinder.IPCThreadState: Sending oneway calls to frozen process.
07-06 23:02:27.516   637   637 W libbinder.IPCThreadState: Sending oneway calls to frozen process.
07-06 23:02:27.516   637   637 W libbinder.IPCThreadState: Sending oneway calls to frozen process.
07-06 23:02:27.516   637   637 W libbinder.IPCThreadState: Sending oneway calls to frozen process.
07-06 23:02:27.516   637   637 W libbinder.IPCThreadState: Sending oneway calls to frozen process.
07-06 23:02:27.517   637   637 W libbinder.IPCThreadState: Sending oneway calls to frozen process.
07-06 23:02:27.517   637   637 W libbinder.IPCThreadState: Sending oneway calls to frozen process.
07-06 23:02:27.517   637   637 W libbinder.IPCThreadState: Sending oneway calls to frozen process.
07-06 23:02:27.517   637   637 W libbinder.IPCThreadState: Sending oneway calls to frozen process.
07-06 23:02:27.517  3040  3340 I AiAiEcho: Predicting[0]:  [CONTEXT sampling_count=5 ]
07-06 23:02:27.517  3040  3340 I AiAiEcho: EchoTargets: 
07-06 23:02:27.517  3040  3340 I AiAiEcho: Filtered by AiAi flag check: 
07-06 23:02:27.517  3040  3340 I AiAiEcho: [CONTEXT ratelimit_period="10 SECONDS" ]
07-06 23:02:27.518   637  2009 V AccessibilityManagerService: onUserStateChangedLocked for userId: 0, forceUpdate: false
07-06 23:02:27.518  3040  3340 I AiAiEcho: #remoteViewsTwiddler: feature disabled.
07-06 23:02:27.518  3040  3340 I AiAiEcho: Predicting[0]:  [CONTEXT sampling_count=5 ]
07-06 23:02:27.518   637  2009 V AccessibilityUserState: updateShortcutTargets: type:accessibility_shortcut_target_service, current:{}, new:{}
07-06 23:02:27.518   637  2009 V AccessibilityUserState: updateShortcutTargets: type:accessibility_button_targets, current:{}, new:{}
07-06 23:02:27.518   637  2009 V AccessibilityUserState: updateShortcutTargets: type:accessibility_gesture_targets, current:{}, new:{}
07-06 23:02:27.518  3040  3340 I AiAiEcho: EchoTargets: 
07-06 23:02:27.518  3040  3340 I AiAiEcho: Filtered by AiAi flag check: 
07-06 23:02:27.518  3040  3340 I AiAiEcho: [CONTEXT ratelimit_period="10 SECONDS" ]
07-06 23:02:27.518   637  2009 V AccessibilityUserState: updateShortcutTargets: type:accessibility_qs_targets, current:{}, new:{}
07-06 23:02:27.518   637  2009 V AccessibilityUserState: updateShortcutTargets: type:accessibility_key_gesture_targets, current:{}, new:{}
07-06 23:02:27.518   637  2009 V AccessibilityUserState: updateShortcutTargets: type:accessibility_top_row_key_targets, current:{}, new:{}
07-06 23:02:27.518   637  2009 V AccessibilityUserState: updateShortcutTargets: type:accessibility_quick_access_targets, current:{}, new:{}
07-06 23:02:27.518   637  2009 W MagnificationConnectionManager: requestConnection duplicated request: connect=false, mConnectionState=DISCONNECTED
07-06 23:02:27.518  3040  3340 I AiAiEcho: #remoteViewsTwiddler: feature disabled.
07-06 23:02:27.518   637   637 W libbinder.IPCThreadState: Sending oneway calls to frozen process.
07-06 23:02:27.518   637   637 W libbinder.IPCThreadState: Sending oneway calls to frozen process.
07-06 23:02:27.518   637   637 W libbinder.IPCThreadState: Sending oneway calls to frozen process.
07-06 23:02:27.518   637   637 W libbinder.IPCThreadState: Sending oneway calls to frozen process.
07-06 23:02:27.518   637   637 W libbinder.IPCThreadState: Sending oneway calls to frozen process.
07-06 23:02:27.518   637   637 W libbinder.IPCThreadState: Sending oneway calls to frozen process.
07-06 23:02:27.518   637   637 W libbinder.IPCThreadState: Sending oneway calls to frozen process.
07-06 23:02:27.518   637   637 W libbinder.IPCThreadState: Sending oneway calls to frozen process.
07-06 23:02:27.518   637   637 W libbinder.IPCThreadState: Sending oneway calls to frozen process.
07-06 23:02:27.518   637   637 W libbinder.IPCThreadState: Sending oneway calls to frozen process.
07-06 23:02:27.518   637   637 W libbinder.IPCThreadState: Sending oneway calls to frozen process.
07-06 23:02:27.518   637   637 W libbinder.IPCThreadState: Sending oneway calls to frozen process.
07-06 23:02:27.518   637   637 W libbinder.IPCThreadState: Sending oneway calls to frozen process.
07-06 23:02:27.518   637   637 W libbinder.IPCThreadState: Sending oneway calls to frozen process.
07-06 23:02:27.518   637   637 W libbinder.IPCThreadState: Sending oneway calls to frozen process.
07-06 23:02:27.518   637   637 W libbinder.IPCThreadState: Sending oneway calls to frozen process.
07-06 23:02:27.521   637   637 D BatterySaverPolicy: accessibility changed to true, updating policy.
07-06 23:02:27.522   491   576 W skia    : AGTM parsing failed flags.readFromStream(s) at 159
07-06 23:02:27.522  3040  3340 I AiAiEcho: Predicting[0]:  [CONTEXT sampling_count=5 ]
07-06 23:02:27.522  3040  3340 I AiAiEcho: EchoTargets: 
07-06 23:02:27.522  3040  3340 I AiAiEcho: Filtered by AiAi flag check: 
07-06 23:02:27.522  3040  3340 I AiAiEcho: [CONTEXT ratelimit_period="10 SECONDS" ]
07-06 23:02:27.522  3040  3340 I AiAiEcho: #remoteViewsTwiddler: feature disabled.
07-06 23:02:27.524  3040  3340 I AiAiEcho: #postPredictionTargets: Sending updates to UISurface home with targets# 0 (types=[])
07-06 23:02:27.524   637  1158 D AccessibilityManagerService: .getAccessibilityShortcutTargets {shortcutType=32, userId=0}
07-06 23:02:27.524  3040  3340 I AiAiEcho: #postPredictionTargets: Sending updates to UISurface ambientcue with targets# 0 (types=[])
07-06 23:02:27.524  3040  3340 I AiAiEcho: #postPredictionTargets: Sending updates to UISurface lockscreen with targets# 0 (types=[])
07-06 23:02:27.524  3040  3146 I AiAiEcho: Settings changed for uri: content://settings/secure/accessibility_enabled
07-06 23:02:27.524  1081  1294 I AmbientCueRepository: Receiving SmartSpace targets # 0
07-06 23:02:27.525  3040  3340 I AiAiEcho: Predicting[0]:  [CONTEXT sampling_count=5 ]
07-06 23:02:27.525  3040  3340 I AiAiEcho: EchoTargets: 
07-06 23:02:27.525  3040  3340 I AiAiEcho: Filtered by AiAi flag check: 
07-06 23:02:27.525  3040  3340 I AiAiEcho: [CONTEXT ratelimit_period="10 SECONDS" ]
07-06 23:02:27.525  3040  3340 I AiAiEcho: #remoteViewsTwiddler: feature disabled.
07-06 23:02:27.525  3040  3340 I AiAiEcho: Predicting[0]:  [CONTEXT sampling_count=5 ]
07-06 23:02:27.525  3040  3340 I AiAiEcho: EchoTargets: 
07-06 23:02:27.525  3040  3340 I AiAiEcho: Filtered by AiAi flag check: 
07-06 23:02:27.525  3040  3340 I AiAiEcho: [CONTEXT ratelimit_period="10 SECONDS" ]
07-06 23:02:27.525  3040  3340 I AiAiEcho: #remoteViewsTwiddler: feature disabled.
07-06 23:02:27.525  3040  3340 I AiAiEcho: Predicting[0]:  [CONTEXT sampling_count=5 ]
07-06 23:02:27.525  3040  3340 I AiAiEcho: EchoTargets: 
07-06 23:02:27.525  3040  3340 I AiAiEcho: Filtered by AiAi flag check: 
07-06 23:02:27.525  3040  3340 I AiAiEcho: [CONTEXT ratelimit_period="10 SECONDS" ]
07-06 23:02:27.525  3040  3340 I AiAiEcho: #remoteViewsTwiddler: feature disabled.
07-06 23:02:27.526  3040  3340 I AiAiEcho: #postPredictionTargets: Sending updates to UISurface home with targets# 0 (types=[])
07-06 23:02:27.527  3040  3340 I AiAiEcho: #postPredictionTargets: Sending updates to UISurface ambientcue with targets# 0 (types=[])
07-06 23:02:27.527  3040  3340 I AiAiEcho: #postPredictionTargets: Sending updates to UISurface lockscreen with targets# 0 (types=[])
07-06 23:02:27.527  1081  1294 I AmbientCueRepository: Receiving SmartSpace targets # 0
07-06 23:02:27.623   491   576 W skia    : AGTM parsing failed flags.readFromStream(s) at 159
07-06 23:02:28.570 23435 23435 W AccessibilityNodeInfoDumper: Fetch time: 34ms
07-06 23:02:28.570   637   724 V AccessibilityManagerService: onUserStateChangedLocked for userId: 0, forceUpdate: false
07-06 23:02:28.571   637   724 V AccessibilityUserState: updateShortcutTargets: type:accessibility_shortcut_target_service, current:{}, new:{}
07-06 23:02:28.571   637   724 V AccessibilityUserState: updateShortcutTargets: type:accessibility_button_targets, current:{}, new:{}
07-06 23:02:28.571   637   724 V AccessibilityUserState: updateShortcutTargets: type:accessibility_gesture_targets, current:{}, new:{}
07-06 23:02:28.571   637   724 V AccessibilityUserState: updateShortcutTargets: type:accessibility_qs_targets, current:{}, new:{}
07-06 23:02:28.571   637   724 V AccessibilityUserState: updateShortcutTargets: type:accessibility_key_gesture_targets, current:{}, new:{}
07-06 23:02:28.571   637   724 V AccessibilityUserState: updateShortcutTargets: type:accessibility_top_row_key_targets, current:{}, new:{}
07-06 23:02:28.571   637   724 V AccessibilityUserState: updateShortcutTargets: type:accessibility_quick_access_targets, current:{}, new:{}
07-06 23:02:28.571   637   724 W MagnificationConnectionManager: requestConnection duplicated request: connect=false, mConnectionState=DISCONNECTED
07-06 23:02:28.571   637   724 D AccessibilityManagerService: restoreCurrentUserForTestAutomationIfNeededLocked(): ignoring because device doesn't support visible background users
07-06 23:02:28.571   637   637 W libbinder.IPCThreadState: Sending oneway calls to frozen process.
07-06 23:02:28.571  3040  3146 I AiAiEcho: Settings changed for uri: content://settings/secure/accessibility_enabled
07-06 23:02:28.572   637   637 W libbinder.IPCThreadState: Sending oneway calls to frozen process.
07-06 23:02:28.572   637   637 W libbinder.IPCThreadState: Sending oneway calls to frozen process.
07-06 23:02:28.572   637   637 W libbinder.IPCThreadState: Sending oneway calls to frozen process.
07-06 23:02:28.572  3040  3340 I AiAiEcho: Predicting[0]:  [CONTEXT sampling_count=5 ]
07-06 23:02:28.572  3040  3340 I AiAiEcho: EchoTargets: 
07-06 23:02:28.572  3040  3340 I AiAiEcho: Filtered by AiAi flag check: 
07-06 23:02:28.572  3040  3340 I AiAiEcho: [CONTEXT ratelimit_period="10 SECONDS" ]
07-06 23:02:28.572  3040  3340 I AiAiEcho: #remoteViewsTwiddler: feature disabled.
07-06 23:02:28.572 23435 23448 W libbinder.IPCThreadState: call to talkWithDriver in joinThreadPool returned error: -9 (Bad file descriptor), FD: -1
07-06 23:02:28.572  3040  3340 I AiAiEcho: Predicting[0]:  [CONTEXT sampling_count=5 ]
07-06 23:02:28.572  3040  3340 I AiAiEcho: EchoTargets: 
07-06 23:02:28.572  3040  3340 I AiAiEcho: Filtered by AiAi flag check: 
07-06 23:02:28.572  3040  3340 I AiAiEcho: [CONTEXT ratelimit_period="10 SECONDS" ]
07-06 23:02:28.572  3040  3340 I AiAiEcho: #remoteViewsTwiddler: feature disabled.
07-06 23:02:28.572 23435 23445 W libbinder.IPCThreadState: call to talkWithDriver in joinThreadPool returned error: -9 (Bad file descriptor), FD: -1
07-06 23:02:28.572  3040  3340 I AiAiEcho: Predicting[0]:  [CONTEXT sampling_count=5 ]
07-06 23:02:28.572  3040  3340 I AiAiEcho: EchoTargets: 
07-06 23:02:28.572  3040  3340 I AiAiEcho: Filtered by AiAi flag check: 
07-06 23:02:28.572  3040  3340 I AiAiEcho: [CONTEXT ratelimit_period="10 SECONDS" ]
07-06 23:02:28.572  3040  3340 I AiAiEcho: #remoteViewsTwiddler: feature disabled.
07-06 23:02:28.572  3040  3340 I AiAiEcho: #postPredictionTargets: Sending updates to UISurface home with targets# 0 (types=[])
07-06 23:02:28.572  3040  3340 I AiAiEcho: #postPredictionTargets: Sending updates to UISurface ambientcue with targets# 0 (types=[])
07-06 23:02:28.572  3040  3340 I AiAiEcho: #postPredictionTargets: Sending updates to UISurface lockscreen with targets# 0 (types=[])
07-06 23:02:28.572   637   637 W libbinder.IPCThreadState: Sending oneway calls to frozen process.
07-06 23:02:28.572 23435 23435 D AndroidRuntime: Shutting down VM
07-06 23:02:28.572 23435 23444 W libbinder.IPCThreadState: call to talkWithDriver in joinThreadPool returned error: -9 (Bad file descriptor), FD: -1
07-06 23:02:28.572  1081  1294 I AmbientCueRepository: Receiving SmartSpace targets # 0
07-06 23:02:28.573   637   637 W libbinder.IPCThreadState: Sending oneway calls to frozen process.
07-06 23:02:28.573   637   637 W libbinder.IPCThreadState: Sending oneway calls to frozen process.
07-06 23:02:28.573   637   637 W libbinder.IPCThreadState: Sending oneway calls to frozen process.
07-06 23:02:28.573   637   637 W libbinder.IPCThreadState: Sending oneway calls to frozen process.
07-06 23:02:28.573   637   637 W libbinder.IPCThreadState: Sending oneway calls to frozen process.
07-06 23:02:28.574   637   637 W libbinder.IPCThreadState: Sending oneway calls to frozen process.
07-06 23:02:28.575   637   637 W libbinder.IPCThreadState: Sending oneway calls to frozen process.
07-06 23:02:28.575   637   637 W libbinder.IPCThreadState: Sending oneway calls to frozen process.
07-06 23:02:28.575   637   637 W libbinder.IPCThreadState: Sending oneway calls to frozen process.
07-06 23:02:28.575   637   637 W libbinder.IPCThreadState: Sending oneway calls to frozen process.
07-06 23:02:28.575   637   637 D BatterySaverPolicy: accessibility changed to false, updating policy.
07-06 23:02:28.589   491   576 W skia    : AGTM parsing failed flags.readFromStream(s) at 159
07-06 23:02:28.690   491   576 W skia    : AGTM parsing failed flags.readFromStream(s) at 159
07-06 23:02:29.161   637   982 I HalDevMgr: bestIfaceCreationProposal is null, requestIface=STA, existingIface=[name=wlan0 type=STA]
07-06 23:02:29.179  1175  1409 D IpClient/wlan0: interfaceLinkStateChanged: ifindex 16 up
07-06 23:02:29.186  1175  1409 D IpClient/wlan0: interfaceLinkStateChanged: ifindex 16 up
07-06 23:02:29.403  1910  1910 I adbd    : adbd service requested 'sync:'
07-06 23:02:29.422  1910  1910 I adbd    : adbd service requested 'shell,v2,TERM=xterm-256color,raw:input tap 539 2276'
07-06 23:02:29.466  1910  1910 I adbd    : adbd service requested 'exec:screencap '-p''
07-06 23:02:29.478   637  2009 W PresentationStatsEventLogger: Bad view state for: -1, state: ViewState: [id=1073741824:i65537@1333675440, state:1, currentValue:android.view.autofill.AutofillValue@1]
07-06 23:02:29.478   637  2009 W FillResponseEventLogger: Shouldn't be logging AutofillFillRequestReported again for same event
07-06 23:02:29.478   637  2009 W PresentationStatsEventLogger: Empty dataset. Autofill ignoring log
07-06 23:02:29.478   637  2009 W SaveEventLogger: Shouldn't be logging AutofillSaveEventReported again for same event
07-06 23:02:29.478   637  2009 D AutofillSession: clearPendingIntentLocked
07-06 23:02:29.479   637  2009 W AutofillInlineSuggestionsRequestSession: Never received an InlineSuggestionsRequest from the IME for 1073741824:i65536@1333675440
07-06 23:02:29.479   637   637 W AutofillSession: handleLogContextCommitted(): last response is null
07-06 23:02:29.480  4480  4480 V InlineSuggestionRenderService: handleDestroySuggestionViews called for 0:1333675440
07-06 23:02:29.526 23463 23463 W libbinder.BackendUnifiedServiceManager: Thread Pool max thread count is 0. Cannot cache binder as linkToDeath cannot be implemented. serviceName: SurfaceFlingerAIDL
07-06 23:02:29.526 23463 23463 W libbinder.BpBinder: Linking to death on android.gui.ISurfaceComposer but there are no threads (yet?) listening to incoming transactions. See ProcessState::startThreadPool and ProcessState::setThreadPoolMaxThreadCount. Generally you should setup the binder threadpool before other initialization steps.
07-06 23:02:29.528 23463 23463 W libbinder.ProcessState: Extra binder thread started, but 0 threads requested. Do not use *startThreadPool when zero threads are requested.
07-06 23:02:29.548   491   576 W skia    : AGTM parsing failed flags.readFromStream(s) at 159
07-06 23:02:29.567   491   576 W skia    : AGTM parsing failed flags.readFromStream(s) at 159
07-06 23:02:29.567   491   576 W skia    : AGTM parsing failed flags.readFromStream(s) at 159
07-06 23:02:29.567   491   576 W skia    : AGTM parsing failed flags.readFromStream(s) at 159
07-06 23:02:29.584 23463 23464 W libc    : Access denied finding property "vendor.mesa.virtgpu.kumquat"
07-06 23:02:29.643   491   576 W skia    : AGTM parsing failed flags.readFromStream(s) at 159
07-06 23:02:29.737   637  2009 V AutofillSession: Primary service component name: ComponentInfo{com.google.android.gms/com.google.android.gms.autofill.service.AutofillService}, secondary service component name: ComponentInfo{com.android.credentialmanager/com.android.credentialmanager.autofill.CredentialAutofillService}
07-06 23:02:29.737   637  2009 V SecondaryProviderHandler: Creating a secondary provider handler with component name, ComponentInfo{com.android.credentialmanager/com.android.credentialmanager.autofill.CredentialAutofillService}
07-06 23:02:29.737   637  2009 D PresentationStatsEventLogger: Started new PresentationStatsEvent
07-06 23:02:29.737   637  2009 W FillRequestEventLogger: Couldn't find packageName: com.google.android.inputmethod.latin
07-06 23:02:29.770   491   576 W skia    : AGTM parsing failed flags.readFromStream(s) at 159
07-06 23:02:29.872 23207 23207 I AssistStructure: Flattened final assist data: 5436 bytes, containing 1 windows, 6 views
07-06 23:02:29.872   637  1158 D AutofillSession: createPendingIntent for request 860
07-06 23:02:29.875   637  1158 D ContentCapturePerUserService: Notified activity assist data for activity: Token{6fbf091 ActivityRecord{108521493 u0 tech.pathfinder.unveil/.MainActivity t93}} without a session Id
07-06 23:02:29.947   491   576 W skia    : AGTM parsing failed flags.readFromStream(s) at 159
07-06 23:02:30.048   491   576 W skia    : AGTM parsing failed flags.readFromStream(s) at 159
07-06 23:02:30.071  1910  1910 I adbd    : adbd service requested 'shell,v2,TERM=xterm-256color,raw:uiautomator dump /sdcard/window_dump.xml'
07-06 23:02:30.166   491   576 W skia    : AGTM parsing failed flags.readFromStream(s) at 159
07-06 23:02:30.287 23465 23465 D AndroidRuntime: >>>>>> START com.android.internal.os.RuntimeInit uid 2000 <<<<<<
07-06 23:02:30.294 23465 23465 I AndroidRuntime: Using default boot image
07-06 23:02:30.294 23465 23465 I AndroidRuntime: Leaving lock profiling enabled
07-06 23:02:30.298 23465 23465 I app_process: Core platform API enforcement enabled from the hiddenapi_platform_enforcement flag and the device API level
07-06 23:02:30.299 23465 23465 I app_process: Using generational CollectorTypeCMC GC.
07-06 23:02:30.363 23465 23465 D nativeloader: InitDefaultPublicLibraries for_preload=1: libandroid.so:libaaudio.so:libamidi.so:libbinder_ndk.so:libc.so:libcamera2ndk.so:libdl.so:libEGL.so:libGLESv1_CM.so:libGLESv2.so:libGLESv3.so:libicu.so:libicui18n.so:libicuuc.so:libjnigraphics.so:liblog.so:libmediandk.so:libm.so:libnativehelper.so:libnativewindow.so:libOpenMAXAL.so:libOpenSLES.so:libRS.so:libstdc++.so:libsync.so:libvulkan.so:libwebviewchromium_plat_support.so:libz.so
07-06 23:02:30.375 23465 23465 D nativeloader: Load libicu_jni.so using APEX ns com_android_art for caller /apex/com.android.art/javalib/core-oj.jar: ok
07-06 23:02:30.376 23465 23465 D app_process: u_setTimeZoneFilesDirectory("/apex/com.android.tzdata/etc/tz/versioned/10/icu") succeeded. 
07-06 23:02:30.376 23465 23465 D app_process: I18n APEX ICU file found: /apex/com.android.i18n/etc/icu/icudt78l.dat
07-06 23:02:30.377 23465 23465 D nativeloader: Load libjavacore.so using APEX ns com_android_art for caller /apex/com.android.art/javalib/core-oj.jar: ok
07-06 23:02:30.377 23465 23465 D nativeloader: Load libopenjdk.so using APEX ns com_android_art for caller /apex/com.android.art/javalib/core-oj.jar: ok
07-06 23:02:30.378 23465 23465 I app_process: Priority-to-niceness mapping: 19, 16, 13, 10, 0, -2, -4, -5, -6, -8
07-06 23:02:30.379 23465 23465 W app_process: ClassLoaderContext shared library size mismatch. Expected=2, found=0 (PCL[]{PCL[/system/framework/android.test.base.jar*736588042]#PCL[/system/framework/android.test.mock.jar*4008448454]} | PCL[])
07-06 23:02:30.379 23465 23465 W app_process: ClassLoaderContext classpath size mismatch. expected=0, found=1 (PCL[]{PCL[/system/framework/android.test.runner.jar*805256125]{PCL[/system/framework/android.test.base.jar*736588042]#PCL[/system/framework/android.test.mock.jar*4008448454]}#PCL[/system/framework/android.test.base.jar*736588042]} | PCL[/system/framework/android.test.runner.jar*805256125])
07-06 23:02:30.403 23465 23465 D nativeloader: Load libframework-connectivity-tiramisu-jni.so using APEX ns com_android_tethering for caller /apex/com.android.tethering/javalib/framework-connectivity-t.jar: ok
07-06 23:02:30.404 23465 23465 D AndroidRuntime: Calling main entry com.android.commands.uiautomator.Launcher
07-06 23:02:30.408 23465 23465 I AconfigPackage: android.media.swcodec.flags is mapped to com.android.media.swcodec
07-06 23:02:30.408 23465 23465 I AconfigPackage: com.android.permission.flags is mapped to com.android.permission
07-06 23:02:30.408 23465 23465 I AconfigPackage: com.android.permissioncontroller.flags is mapped to com.android.permission
07-06 23:02:30.409 23465 23465 I AconfigPackage: com.google.android.widevine.flags is mapped to com.google.android.widevine
07-06 23:02:30.409 23465 23465 I AconfigPackage: com.android.icu is mapped to com.android.i18n
07-06 23:02:30.409 23465 23465 I AconfigPackage: com.android.appsearch.flags is mapped to com.android.appsearch
07-06 23:02:30.409 23465 23465 I AconfigPackage: com.android.uprobestats.flags is mapped to com.android.uprobestats
07-06 23:02:30.409 23465 23465 I AconfigPackage: android.uprobestats.mainline.flags is mapped to com.android.uprobestats
07-06 23:02:30.409 23465 23465 I AconfigPackage: com.android.crashrecovery.flags is mapped to com.android.crashrecovery
07-06 23:02:30.409 23465 23465 I AconfigPackage: android.provider.flags is mapped to com.android.configinfrastructure
07-06 23:02:30.409 23465 23465 I AconfigPackage: com.android.server.deviceconfig is mapped to com.android.configinfrastructure
07-06 23:02:30.409 23465 23465 I AconfigPackage: com.android.art.flags is mapped to com.android.art
07-06 23:02:30.409 23465 23465 I AconfigPackage: com.android.art.rw.flags is mapped to com.android.art
07-06 23:02:30.409 23465 23465 I AconfigPackage: com.android.libcore is mapped to com.android.art
07-06 23:02:30.410 23465 23465 I AconfigPackage: android.telecom.flags is mapped to com.android.telephonycore
07-06 23:02:30.410 23465 23465 I AconfigPackage: com.android.internal.telecom.flags is mapped to com.android.telephonycore
07-06 23:02:30.410 23465 23465 I AconfigPackage: com.android.telephony.flags is mapped to com.android.telephonycore
07-06 23:02:30.410 23465 23465 I AconfigPackage: com.android.media.extractor.flags is mapped to com.android.media
07-06 23:02:30.410 23465 23465 I AconfigPackage: com.android.media.metrics.flags is mapped to com.android.media
07-06 23:02:30.410 23465 23465 I AconfigPackage: com.android.media.mainline.flags is mapped to com.android.media
07-06 23:02:30.410 23465 23465 I AconfigPackage: com.android.wifi.flags is mapped to com.android.wifi
07-06 23:02:30.410 23465 23465 I AconfigPackage: com.android.org.conscrypt.flags is mapped to com.android.conscrypt
07-06 23:02:30.410 23465 23465 I AconfigPackage: com.android.org.conscrypt.net.flags is mapped to com.android.conscrypt
07-06 23:02:30.410 23465 23465 I AconfigPackage: com.android.healthfitness.flags is mapped to com.android.healthfitness
07-06 23:02:30.411 23465 23465 I AconfigPackage: com.android.ipsec.flags is mapped to com.android.ipsec
07-06 23:02:30.411 23465 23465 I AconfigPackage: com.android.nfc.module.flags is mapped to com.android.nfcservices
07-06 23:02:30.411 23465 23465 I AconfigPackage: com.android.nfc.module.nonexported.flags is mapped to com.android.nfcservices
07-06 23:02:30.411 23465 23465 I AconfigPackage: com.android.adservices.ondevicepersonalization.flags is mapped to com.android.ondevicepersonalization
07-06 23:02:30.411 23465 23465 I AconfigPackage: com.android.adbd.flags is mapped to com.android.adbd
07-06 23:02:30.411 23465 23465 I AconfigPackage: com.android.bluetooth.beta.flags is mapped to com.android.bt
07-06 23:02:30.411 23465 23465 I AconfigPackage: com.android.bluetooth.flags is mapped to com.android.bt
07-06 23:02:30.411 23465 23465 I AconfigPackage: com.android.devicelock.flags is mapped to com.android.devicelock
07-06 23:02:30.412 23465 23465 I AconfigPackage: android.os.profiling is mapped to com.android.profiling
07-06 23:02:30.412 23465 23465 I AconfigPackage: android.os.profiling.anomaly.flags is mapped to com.android.profiling
07-06 23:02:30.412 23465 23465 I AconfigPackage: com.android.os.statsd.flags is mapped to com.android.os.statsd
07-06 23:02:30.412 23465 23465 I AconfigPackage: com.android.webapp.flags is mapped to com.android.webapp
07-06 23:02:30.412 23465 23465 I AconfigPackage: com.android.rkpd.flags is mapped to com.android.rkpd
07-06 23:02:30.412 23465 23465 I AconfigPackage: com.android.cellbroadcastreceiver.flags is mapped to com.android.cellbroadcast
07-06 23:02:30.412 23465 23465 I AconfigPackage: com.android.adservices.flags is mapped to com.android.adservices
07-06 23:02:30.413 23465 23465 I AconfigPackage: com.android.sdksandbox.flags is mapped to com.android.adservices
07-06 23:02:30.413 23465 23465 I AconfigPackage: android.app.sdksandbox.flags is mapped to com.android.adservices
07-06 23:02:30.413 23465 23465 I AconfigPackage: com.android.uwb.flags is mapped to com.android.uwb
07-06 23:02:30.413 23465 23465 I AconfigPackage: com.android.ranging.flags is mapped to com.android.uwb
07-06 23:02:30.413 23465 23465 I AconfigPackage: com.android.npumanager is mapped to com.android.npumanager
07-06 23:02:30.413 23465 23465 I AconfigPackage: android.graphics.pdf.flags is mapped to com.android.mediaprovider
07-06 23:02:30.413 23465 23465 I AconfigPackage: com.android.providers.media.flags is mapped to com.android.mediaprovider
07-06 23:02:30.413 23465 23465 I AconfigPackage: android.graphics.pdf.flags.readonly is mapped to com.android.mediaprovider
07-06 23:02:30.413 23465 23465 I AconfigPackage: com.android.tethering.mainline.beta is mapped to com.android.tethering
07-06 23:02:30.413 23465 23465 I AconfigPackage: android.net.http is mapped to com.android.tethering
07-06 23:02:30.413 23465 23465 I AconfigPackage: com.android.tethering.readonly.flags is mapped to com.android.tethering
07-06 23:02:30.413 23465 23465 I AconfigPackage: android.net.vcn is mapped to com.android.tethering
07-06 23:02:30.413 23465 23465 I AconfigPackage: com.android.net.flags is mapped to com.android.tethering
07-06 23:02:30.413 23465 23465 I AconfigPackage: com.android.tethering.flags is mapped to com.android.tethering
07-06 23:02:30.413 23465 23465 I AconfigPackage: com.android.tethering.beta.test is mapped to com.android.tethering
07-06 23:02:30.413 23465 23465 I AconfigPackage: com.android.nearby.flags is mapped to com.android.tethering
07-06 23:02:30.413 23465 23465 I AconfigPackage: com.android.net.thread.flags is mapped to com.android.tethering
07-06 23:02:30.413 23465 23465 I AconfigPackage: com.android.net.ct.flags is mapped to com.android.tethering
07-06 23:02:30.413 23465 23465 I AconfigPackage: com.android.system.virtualmachine.flags is mapped to com.android.virt
07-06 23:02:30.413 23465 23465 E FeatureFlagsImplExport: android.os.flagging.AconfigStorageReadException: ERROR_PACKAGE_NOT_FOUND: package android.xr cannot be found on the device
07-06 23:02:30.414 23465 23465 D UiAutomationConnection: Created on user UserHandle{0}
07-06 23:02:30.414 23465 23465 I UiAutomation: Initialized for user 0 on display 0
07-06 23:02:30.414 23465 23465 W UiAutomation: Created with deprecatead constructor, assumes DEFAULT_DISPLAY
07-06 23:02:30.416   637  1158 D AccessibilityManagerService: changeCurrentUserForTestAutomationIfNeededLocked(0): ignoring because device doesn't support visible background users
07-06 23:02:30.416   637  1158 I UiAutomationManager: Registering UiTestAutomationService (id=com.android.server.accessibility/UiAutomation, flags=0x0) when called by user 0
07-06 23:02:30.419   637  1158 V AccessibilityManagerService: onUserStateChangedLocked for userId: 0, forceUpdate: false
07-06 23:02:30.422   637  1158 V AccessibilityUserState: updateShortcutTargets: type:accessibility_shortcut_target_service, current:{}, new:{}
07-06 23:02:30.422   637  1158 V AccessibilityUserState: updateShortcutTargets: type:accessibility_button_targets, current:{}, new:{}
07-06 23:02:30.422   637  1158 V AccessibilityUserState: updateShortcutTargets: type:accessibility_gesture_targets, current:{}, new:{}
07-06 23:02:30.422   637  1158 V AccessibilityUserState: updateShortcutTargets: type:accessibility_qs_targets, current:{}, new:{}
07-06 23:02:30.422   637  1158 V AccessibilityUserState: updateShortcutTargets: type:accessibility_key_gesture_targets, current:{}, new:{}
07-06 23:02:30.422   637  1158 V AccessibilityUserState: updateShortcutTargets: type:accessibility_top_row_key_targets, current:{}, new:{}
07-06 23:02:30.422   637  1158 V AccessibilityUserState: updateShortcutTargets: type:accessibility_quick_access_targets, current:{}, new:{}
07-06 23:02:30.422   637  1158 W MagnificationConnectionManager: requestConnection duplicated request: connect=false, mConnectionState=DISCONNECTED
07-06 23:02:30.426  3040  3146 I AiAiEcho: Settings changed for uri: content://settings/secure/accessibility_enabled
07-06 23:02:30.426   637   637 W libbinder.IPCThreadState: Sending oneway calls to frozen process.
07-06 23:02:30.426   637   637 W libbinder.IPCThreadState: Sending oneway calls to frozen process.
07-06 23:02:30.426   637   637 W libbinder.IPCThreadState: Sending oneway calls to frozen process.
07-06 23:02:30.427   637   637 W libbinder.IPCThreadState: Sending oneway calls to frozen process.
07-06 23:02:30.428   637   637 W libbinder.IPCThreadState: Sending oneway calls to frozen process.
07-06 23:02:30.429  3040  3340 I AiAiEcho: Predicting[0]:  [CONTEXT sampling_count=5 ]
07-06 23:02:30.429  3040  3340 I AiAiEcho: EchoTargets: 
07-06 23:02:30.429  3040  3340 I AiAiEcho: Filtered by AiAi flag check: 
07-06 23:02:30.429  3040  3340 I AiAiEcho: [CONTEXT ratelimit_period="10 SECONDS" ]
07-06 23:02:30.429  3040  3340 I AiAiEcho: #remoteViewsTwiddler: feature disabled.
07-06 23:02:30.429  3040  3340 I AiAiEcho: Predicting[0]:  [CONTEXT sampling_count=5 ]
07-06 23:02:30.430  3040  3340 I AiAiEcho: EchoTargets: 
07-06 23:02:30.430  3040  3340 I AiAiEcho: Filtered by AiAi flag check: 
07-06 23:02:30.430  3040  3340 I AiAiEcho: [CONTEXT ratelimit_period="10 SECONDS" ]
07-06 23:02:30.430  3040  3340 I AiAiEcho: #remoteViewsTwiddler: feature disabled.
07-06 23:02:30.430  3040  3340 I AiAiEcho: Predicting[0]:  [CONTEXT sampling_count=5 ]
07-06 23:02:30.430  3040  3340 I AiAiEcho: EchoTargets: 
07-06 23:02:30.430  3040  3340 I AiAiEcho: Filtered by AiAi flag check: 
07-06 23:02:30.430  3040  3340 I AiAiEcho: [CONTEXT ratelimit_period="10 SECONDS" ]
07-06 23:02:30.430  3040  3340 I AiAiEcho: #remoteViewsTwiddler: feature disabled.
07-06 23:02:30.430   637   637 W libbinder.IPCThreadState: Sending oneway calls to frozen process.
07-06 23:02:30.430   637   637 W libbinder.IPCThreadState: Sending oneway calls to frozen process.
07-06 23:02:30.430   637   637 W libbinder.IPCThreadState: Sending oneway calls to frozen process.
07-06 23:02:30.430   637   637 W libbinder.IPCThreadState: Sending oneway calls to frozen process.
07-06 23:02:30.430   637   637 W libbinder.IPCThreadState: Sending oneway calls to frozen process.
07-06 23:02:30.433   637   637 W libbinder.IPCThreadState: Sending oneway calls to frozen process.
07-06 23:02:30.434   637   637 W libbinder.IPCThreadState: Sending oneway calls to frozen process.
07-06 23:02:30.434   637   637 W libbinder.IPCThreadState: Sending oneway calls to frozen process.
07-06 23:02:30.434   637   637 W libbinder.IPCThreadState: Sending oneway calls to frozen process.
07-06 23:02:30.434   637   637 W libbinder.IPCThreadState: Sending oneway calls to frozen process.
07-06 23:02:30.434   637  2009 V AccessibilityManagerService: onUserStateChangedLocked for userId: 0, forceUpdate: false
07-06 23:02:30.434   637   637 D BatterySaverPolicy: accessibility changed to true, updating policy.
07-06 23:02:30.435   637  2009 V AccessibilityUserState: updateShortcutTargets: type:accessibility_shortcut_target_service, current:{}, new:{}
07-06 23:02:30.435  3040  3340 I AiAiEcho: #postPredictionTargets: Sending updates to UISurface home with targets# 0 (types=[])
07-06 23:02:30.435  3040  3146 I AiAiEcho: Settings changed for uri: content://settings/secure/accessibility_enabled
07-06 23:02:30.436  3040  3340 I AiAiEcho: #postPredictionTargets: Sending updates to UISurface ambientcue with targets# 0 (types=[])
07-06 23:02:30.436  3040  3340 I AiAiEcho: #postPredictionTargets: Sending updates to UISurface lockscreen with targets# 0 (types=[])
07-06 23:02:30.436  1081  1294 I AmbientCueRepository: Receiving SmartSpace targets # 0
07-06 23:02:30.436  3040  3340 I AiAiEcho: Predicting[0]:  [CONTEXT sampling_count=5 ]
