07-06 23:02:30.436  3040  3340 I AiAiEcho: EchoTargets: 
07-06 23:02:30.436  3040  3340 I AiAiEcho: Filtered by AiAi flag check: 
07-06 23:02:30.436  3040  3340 I AiAiEcho: [CONTEXT ratelimit_period="10 SECONDS" ]
07-06 23:02:30.436  3040  3340 I AiAiEcho: #remoteViewsTwiddler: feature disabled.
07-06 23:02:30.436  3040  3340 I AiAiEcho: Predicting[0]:  [CONTEXT sampling_count=5 ]
07-06 23:02:30.436  3040  3340 I AiAiEcho: EchoTargets: 
07-06 23:02:30.436  3040  3340 I AiAiEcho: Filtered by AiAi flag check: 
07-06 23:02:30.436  3040  3340 I AiAiEcho: [CONTEXT ratelimit_period="10 SECONDS" ]
07-06 23:02:30.436   637  2009 V AccessibilityUserState: updateShortcutTargets: type:accessibility_button_targets, current:{}, new:{}
07-06 23:02:30.436   637  2009 V AccessibilityUserState: updateShortcutTargets: type:accessibility_gesture_targets, current:{}, new:{}
07-06 23:02:30.436   637  2009 V AccessibilityUserState: updateShortcutTargets: type:accessibility_qs_targets, current:{}, new:{}
07-06 23:02:30.436   637  2009 V AccessibilityUserState: updateShortcutTargets: type:accessibility_key_gesture_targets, current:{}, new:{}
07-06 23:02:30.436   637  2009 V AccessibilityUserState: updateShortcutTargets: type:accessibility_top_row_key_targets, current:{}, new:{}
07-06 23:02:30.436   637  2009 V AccessibilityUserState: updateShortcutTargets: type:accessibility_quick_access_targets, current:{}, new:{}
07-06 23:02:30.436  3040  3340 I AiAiEcho: #remoteViewsTwiddler: feature disabled.
07-06 23:02:30.436   637  2009 W MagnificationConnectionManager: requestConnection duplicated request: connect=false, mConnectionState=DISCONNECTED
07-06 23:02:30.436  3040  3340 I AiAiEcho: Predicting[0]:  [CONTEXT sampling_count=5 ]
07-06 23:02:30.436  3040  3340 I AiAiEcho: EchoTargets: 
07-06 23:02:30.436  3040  3340 I AiAiEcho: Filtered by AiAi flag check: 
07-06 23:02:30.436  3040  3340 I AiAiEcho: [CONTEXT ratelimit_period="10 SECONDS" ]
07-06 23:02:30.436  3040  3340 I AiAiEcho: #remoteViewsTwiddler: feature disabled.
07-06 23:02:30.436  3040  3340 I AiAiEcho: #postPredictionTargets: Sending updates to UISurface home with targets# 0 (types=[])
07-06 23:02:30.437  3040  3340 I AiAiEcho: #postPredictionTargets: Sending updates to UISurface ambientcue with targets# 0 (types=[])
07-06 23:02:30.437  3040  3340 I AiAiEcho: #postPredictionTargets: Sending updates to UISurface lockscreen with targets# 0 (types=[])
07-06 23:02:30.440   637   637 W libbinder.IPCThreadState: Sending oneway calls to frozen process.
07-06 23:02:30.441   637   637 W libbinder.IPCThreadState: Sending oneway calls to frozen process.
07-06 23:02:30.441   637   637 W libbinder.IPCThreadState: Sending oneway calls to frozen process.
07-06 23:02:30.441   637   637 W libbinder.IPCThreadState: Sending oneway calls to frozen process.
07-06 23:02:30.441   637   637 W libbinder.IPCThreadState: Sending oneway calls to frozen process.
07-06 23:02:30.442   637   637 W libbinder.IPCThreadState: Sending oneway calls to frozen process.
07-06 23:02:30.442   637   637 W libbinder.IPCThreadState: Sending oneway calls to frozen process.
07-06 23:02:30.442   637   637 W libbinder.IPCThreadState: Sending oneway calls to frozen process.
07-06 23:02:30.442   637   637 W libbinder.IPCThreadState: Sending oneway calls to frozen process.
07-06 23:02:30.442   637   637 W libbinder.IPCThreadState: Sending oneway calls to frozen process.
07-06 23:02:30.443   491   576 W skia    : AGTM parsing failed flags.readFromStream(s) at 159
07-06 23:02:30.443  1081  1294 I AmbientCueRepository: Receiving SmartSpace targets # 0
07-06 23:02:30.467   637   652 D AccessibilityManagerService: .getAccessibilityShortcutTargets {shortcutType=32, userId=0}
07-06 23:02:30.544   491   576 W skia    : AGTM parsing failed flags.readFromStream(s) at 159
07-06 23:02:30.820  1910  1910 I adbd    : adbd service requested 'shell,v2,raw:dumpsys package com.google.android.gms'
07-06 23:02:30.912   776   776 I artd    : GetBestInfo: odex next to the dex file (/data/app/~~RMhMkQ2OgjwCzJJGIh32CA==/com.google.android.gms-tQ7ypCsqn36EvzC7XD-Svg==/oat/arm64/base.odex) is kOatUpToDate with filter 'speed-profile' executable 'false'
07-06 23:02:30.913   776   776 I artd    : GetBestInfo: dm (/data/app/~~RMhMkQ2OgjwCzJJGIh32CA==/com.google.android.gms-tQ7ypCsqn36EvzC7XD-Svg==/split_AdsDynamite_installtime.dm) is kOatUpToDate with filter 'verify' executable 'false'
07-06 23:02:30.914   776   776 I artd    : GetBestInfo: odex next to the dex file (/data/app/~~RMhMkQ2OgjwCzJJGIh32CA==/com.google.android.gms-tQ7ypCsqn36EvzC7XD-Svg==/oat/arm64/split_CronetDynamite_installtime.odex) is kOatUpToDate with filter 'speed-profile' executable 'false'
07-06 23:02:30.915   776   776 I artd    : GetBestInfo: dm (/data/app/~~RMhMkQ2OgjwCzJJGIh32CA==/com.google.android.gms-tQ7ypCsqn36EvzC7XD-Svg==/split_DynamiteLoader_installtime.dm) is kOatUpToDate with filter 'verify' executable 'false'
07-06 23:02:30.916   776   776 I artd    : GetBestInfo: dm (/data/app/~~RMhMkQ2OgjwCzJJGIh32CA==/com.google.android.gms-tQ7ypCsqn36EvzC7XD-Svg==/split_DynamiteModulesA_installtime.dm) is kOatUpToDate with filter 'verify' executable 'false'
07-06 23:02:30.916   776   776 I artd    : GetBestInfo: dm (/data/app/~~RMhMkQ2OgjwCzJJGIh32CA==/com.google.android.gms-tQ7ypCsqn36EvzC7XD-Svg==/split_DynamiteModulesC_installtime.dm) is kOatUpToDate with filter 'verify' executable 'false'
07-06 23:02:30.918   776   776 I artd    : GetBestInfo: dm (/data/app/~~RMhMkQ2OgjwCzJJGIh32CA==/com.google.android.gms-tQ7ypCsqn36EvzC7XD-Svg==/split_GoogleCertificates_installtime.dm) is kOatUpToDate with filter 'verify' executable 'false'
07-06 23:02:30.920   776   776 I artd    : GetBestInfo: dm (/data/app/~~RMhMkQ2OgjwCzJJGIh32CA==/com.google.android.gms-tQ7ypCsqn36EvzC7XD-Svg==/split_MapsDynamite_installtime.dm) is kOatUpToDate with filter 'verify' executable 'false'
07-06 23:02:30.921   776   776 I artd    : GetBestInfo: dm (/data/app/~~RMhMkQ2OgjwCzJJGIh32CA==/com.google.android.gms-tQ7ypCsqn36EvzC7XD-Svg==/split_MeasurementDynamite_installtime.dm) is kOatUpToDate with filter 'verify' executable 'false'
07-06 23:02:30.923   776   776 I artd    : GetBestInfo: dm (/data/app/~~RMhMkQ2OgjwCzJJGIh32CA==/com.google.android.gms-tQ7ypCsqn36EvzC7XD-Svg==/split_all_locale_splits.dm) is kOatUpToDate with filter 'verify' executable 'false'
07-06 23:02:30.924   776   776 I artd    : GetBestInfo: /data/user_de/0/com.google.android.gms/app_chimera/m/00000013/dl-PlayCloudSearch.optional_262334100000.apk has no usable artifacts
07-06 23:02:30.925   776   776 I artd    : GetBestInfo: /data/user_de/0/com.google.android.gms/app_chimera/m/00000001/CronetDynamite.apk has no usable artifacts
07-06 23:02:30.925   776   776 I artd    : GetBestInfo: /data/user_de/0/com.google.android.gms/app_chimera/m/00000014/dl-IdentityCredentialsPlatform.optional_262334100400.apk has no usable artifacts
07-06 23:02:30.926   776   776 I artd    : GetBestInfo: /data/user_de/0/com.google.android.gms/app_chimera/m/00000002/DynamiteLoader.apk has no usable artifacts
07-06 23:02:30.926   776   776 I artd    : GetBestInfo: /data/user_de/0/com.google.android.gms/app_chimera/m/00000005/GoogleCertificates.apk has no usable artifacts
07-06 23:02:30.930   776   776 I artd    : GetBestInfo: /data/user_de/0/com.google.android.gms/app_chimera/m/0000000e/dl-VisionOcr.optional_261136100000.apk has no usable artifacts
07-06 23:02:30.931   776   776 I artd    : GetBestInfo: /data/user_de/0/com.google.android.gms/app_chimera/m/0000000b/dl-Appsearch.optional_261136100400.apk has no usable artifacts
07-06 23:02:30.932   776   776 I artd    : GetBestInfo: /data/user_de/0/com.google.android.gms/app_chimera/m/0000000a/dl-IdentityCredentialsPlatform.optional_261136100400.apk has no usable artifacts
07-06 23:02:30.932   776   776 I artd    : GetBestInfo: /data/user_de/0/com.google.android.gms/app_chimera/m/00000015/dl-VisionOcr.optional_262334100000.apk has no usable artifacts
07-06 23:02:30.933   776   776 I artd    : GetBestInfo: /data/user_de/0/com.google.android.gms/app_chimera/m/00000010/dl-MlkitOcrCommon.optional_262334100400.apk has no usable artifacts
07-06 23:02:30.933   776   776 I artd    : GetBestInfo: /data/user_de/0/com.google.android.gms/app_chimera/m/0000000d/dl-MlkitOcrCommon.optional_261136100400.apk has no usable artifacts
07-06 23:02:30.934   776   776 I artd    : GetBestInfo: /data/user_de/0/com.google.android.gms/app_chimera/m/00000012/dl-TfliteDynamiteDynamite.integ_252130102100400.apk has no usable artifacts
07-06 23:02:30.935   776   776 I artd    : GetBestInfo: vdex next to the dex file (/data/user/0/com.google.android.gms/app_dg_cache/574CF0A3144EB354068F133F674AB38CCBB02976/oat/arm64/the.vdex) is kOatUpToDate with filter 'verify' executable 'false'
07-06 23:02:30.935   776   776 I artd    : GetBestInfo: /data/user_de/0/com.google.android.gms/app_chimera/m/00000016/dl-Appsearch.optional_262334100400.apk has no usable artifacts
07-06 23:02:30.936   776   776 I artd    : GetBestInfo: /data/user_de/0/com.google.android.gms/app_chimera/m/00000011/dl-MlkitBarcodeUi.optional_262334100400.apk has no usable artifacts
07-06 23:02:30.937   776   776 I artd    : GetBestInfo: vdex next to the dex file (/data/user/0/com.google.android.gms/app_dg_cache/7C26F94942E0B3DC400FC8F3A2AF71B87FD5F04D/oat/arm64/the.vdex) is kOatUpToDate with filter 'verify' executable 'false'
07-06 23:02:30.937   776   776 I artd    : GetBestInfo: /data/user_de/0/com.google.android.gms/app_chimera/m/00000007/MeasurementDynamite.apk has no usable artifacts
07-06 23:02:31.201 13401 13401 D BoundBrokerSvc: onUnbind: Intent { act=com.google.android.gms.common.telemetry.service.START dat=chimera-action:/... xflg=0x4 cmp=com.google.android.gms/.chimera.PersistentApiService }
07-06 23:02:31.519 23465 23465 W AccessibilityNodeInfoDumper: Fetch time: 43ms
07-06 23:02:31.528   637   651 V AccessibilityManagerService: onUserStateChangedLocked for userId: 0, forceUpdate: false
07-06 23:02:31.531   637   651 V AccessibilityUserState: updateShortcutTargets: type:accessibility_shortcut_target_service, current:{}, new:{}
07-06 23:02:31.531   637   651 V AccessibilityUserState: updateShortcutTargets: type:accessibility_button_targets, current:{}, new:{}
07-06 23:02:31.531   637   651 V AccessibilityUserState: updateShortcutTargets: type:accessibility_gesture_targets, current:{}, new:{}
07-06 23:02:31.531   637   651 V AccessibilityUserState: updateShortcutTargets: type:accessibility_qs_targets, current:{}, new:{}
07-06 23:02:31.531   637   651 V AccessibilityUserState: updateShortcutTargets: type:accessibility_key_gesture_targets, current:{}, new:{}
07-06 23:02:31.531   637   651 V AccessibilityUserState: updateShortcutTargets: type:accessibility_top_row_key_targets, current:{}, new:{}
07-06 23:02:31.531   637   651 V AccessibilityUserState: updateShortcutTargets: type:accessibility_quick_access_targets, current:{}, new:{}
07-06 23:02:31.531   637   651 W MagnificationConnectionManager: requestConnection duplicated request: connect=false, mConnectionState=DISCONNECTED
07-06 23:02:31.531   637   651 D AccessibilityManagerService: restoreCurrentUserForTestAutomationIfNeededLocked(): ignoring because device doesn't support visible background users
07-06 23:02:31.531   637   637 W libbinder.IPCThreadState: Sending oneway calls to frozen process.
07-06 23:02:31.532   637   637 W libbinder.IPCThreadState: Sending oneway calls to frozen process.
07-06 23:02:31.532   637   637 W libbinder.IPCThreadState: Sending oneway calls to frozen process.
07-06 23:02:31.532   637   637 W libbinder.IPCThreadState: Sending oneway calls to frozen process.
07-06 23:02:31.532  3040  3146 I AiAiEcho: Settings changed for uri: content://settings/secure/accessibility_enabled
07-06 23:02:31.533 23465 23475 W libbinder.IPCThreadState: call to talkWithDriver in joinThreadPool returned error: -9 (Bad file descriptor), FD: -1
07-06 23:02:31.533 23465 23474 W libbinder.IPCThreadState: call to talkWithDriver in joinThreadPool returned error: -9 (Bad file descriptor), FD: -1
07-06 23:02:31.533 23465 23483 W libbinder.IPCThreadState: call to talkWithDriver in joinThreadPool returned error: -9 (Bad file descriptor), FD: -1
07-06 23:02:31.533   637   637 W libbinder.IPCThreadState: Sending oneway calls to frozen process.
07-06 23:02:31.533 23465 23465 D AndroidRuntime: Shutting down VM
07-06 23:02:31.533   637   637 W libbinder.IPCThreadState: Sending oneway calls to frozen process.
07-06 23:02:31.534   637   637 W libbinder.IPCThreadState: Sending oneway calls to frozen process.
07-06 23:02:31.534   637   637 W libbinder.IPCThreadState: Sending oneway calls to frozen process.
07-06 23:02:31.534   637   637 W libbinder.IPCThreadState: Sending oneway calls to frozen process.
07-06 23:02:31.535   637   637 W libbinder.IPCThreadState: Sending oneway calls to frozen process.
07-06 23:02:31.537  3040  3340 I AiAiEcho: Predicting[0]:  [CONTEXT sampling_count=5 ]
07-06 23:02:31.538  3040  3340 I AiAiEcho: EchoTargets: 
07-06 23:02:31.538  3040  3340 I AiAiEcho: Filtered by AiAi flag check: 
07-06 23:02:31.538  3040  3340 I AiAiEcho: [CONTEXT ratelimit_period="10 SECONDS" ]
07-06 23:02:31.538  3040  3340 I AiAiEcho: #remoteViewsTwiddler: feature disabled.
07-06 23:02:31.539  3040  3340 I AiAiEcho: Predicting[0]:  [CONTEXT sampling_count=5 ]
07-06 23:02:31.539  3040  3340 I AiAiEcho: EchoTargets: 
07-06 23:02:31.539  3040  3340 I AiAiEcho: Filtered by AiAi flag check: 
07-06 23:02:31.539  3040  3340 I AiAiEcho: [CONTEXT ratelimit_period="10 SECONDS" ]
07-06 23:02:31.539  3040  3340 I AiAiEcho: #remoteViewsTwiddler: feature disabled.
07-06 23:02:31.539  3040  3340 I AiAiEcho: Predicting[0]:  [CONTEXT sampling_count=5 ]
07-06 23:02:31.539  3040  3340 I AiAiEcho: EchoTargets: 
07-06 23:02:31.539  3040  3340 I AiAiEcho: Filtered by AiAi flag check: 
07-06 23:02:31.539  3040  3340 I AiAiEcho: [CONTEXT ratelimit_period="10 SECONDS" ]
07-06 23:02:31.539  3040  3340 I AiAiEcho: #remoteViewsTwiddler: feature disabled.
07-06 23:02:31.540   637   637 W libbinder.IPCThreadState: Sending oneway calls to frozen process.
07-06 23:02:31.540   637   637 W libbinder.IPCThreadState: Sending oneway calls to frozen process.
07-06 23:02:31.540   637   637 W libbinder.IPCThreadState: Sending oneway calls to frozen process.
07-06 23:02:31.540   637   637 W libbinder.IPCThreadState: Sending oneway calls to frozen process.
07-06 23:02:31.540   637   637 W libbinder.IPCThreadState: Sending oneway calls to frozen process.
07-06 23:02:31.540   637   637 D BatterySaverPolicy: accessibility changed to false, updating policy.
07-06 23:02:31.544  3040  3340 I AiAiEcho: #postPredictionTargets: Sending updates to UISurface home with targets# 0 (types=[])
07-06 23:02:31.549  3040  3340 I AiAiEcho: #postPredictionTargets: Sending updates to UISurface ambientcue with targets# 0 (types=[])
07-06 23:02:31.551  3040  3340 I AiAiEcho: #postPredictionTargets: Sending updates to UISurface lockscreen with targets# 0 (types=[])
07-06 23:02:31.551  1081  1294 I AmbientCueRepository: Receiving SmartSpace targets # 0
07-06 23:02:31.585   491   576 W skia    : AGTM parsing failed flags.readFromStream(s) at 159
07-06 23:02:31.682   491   576 W skia    : AGTM parsing failed flags.readFromStream(s) at 159
07-06 23:02:32.182   637  1012 I AdbWifiNetworkMonitor: Wi-Fi network available
07-06 23:02:32.182   637  1012 I AdbWifiNetworkMonitor: Received the same Wi-Fi SSID. Ignoring.
07-06 23:02:32.192   637   982 I HalDevMgr: bestIfaceCreationProposal is null, requestIface=STA, existingIface=[name=wlan0 type=STA]
07-06 23:02:32.206   637   988 W libbinder.IPCThreadState: Sending oneway calls to frozen process.
07-06 23:02:32.207   637   988 W libbinder.IPCThreadState: Sending oneway calls to frozen process.
07-06 23:02:32.207   637   988 W libbinder.IPCThreadState: Sending oneway calls to frozen process.
07-06 23:02:32.207   637   988 W libbinder.IPCThreadState: Sending oneway calls to frozen process.
07-06 23:02:32.207   637   988 W libbinder.IPCThreadState: Sending oneway calls to frozen process.
07-06 23:02:32.208 13401 13439 I NullBinder: NullBinder for android.net.action.RECOMMEND_NETWORKS triggering remote TransactionTooLargeException due to Service without Chimera impl, calling uid: 1000, calling pid: 0
07-06 23:02:32.208 13401 13439 W libbinder.Binder: Large reply transaction of 1056768 bytes, interface descriptor , function: UNKNOWN_FUNCTION_NAME, code: 1, flags: 17
07-06 23:02:32.217   637   988 D ConnectivityService: NetReassign [no changes] [c 1] [a 5] [i 0]
07-06 23:02:32.219 13401 21762 I NearbyMediums: Wifi changed new SSID: "AndroidWifi"
07-06 23:02:32.219 13401 21762 I NearbyMediums: WifiLanConnectivityInfo is not changed, skip notify.
07-06 23:02:32.225 13401 13401 D BoundBrokerSvc: onRebind: Intent { act=com.google.android.gms.common.telemetry.service.START dat=chimera-action:/... xflg=0x4 cmp=com.google.android.gms/.chimera.PersistentApiService }
07-06 23:02:32.434  1910  1910 I adbd    : adbd service requested 'sync:'
07-06 23:02:32.470  1910  1910 I adbd    : adbd service requested 'shell,v2,TERM=xterm-256color,raw:input tap 971 2276'
07-06 23:02:32.566  1910  1910 I adbd    : adbd service requested 'exec:screencap '-p''
07-06 23:02:32.633  1285  1285 I wpa_supplicant: wlan0: CTRL-EVENT-BEACON-LOSS 
07-06 23:02:32.651   637  2040 W PresentationStatsEventLogger: Bad view state for: -1, state: ViewState: [id=1073741824:i131073@1387092696, state:1, currentValue:android.view.autofill.AutofillValue@1]
07-06 23:02:32.653   637  2040 W FillResponseEventLogger: Shouldn't be logging AutofillFillRequestReported again for same event
07-06 23:02:32.653   637  2040 W PresentationStatsEventLogger: Empty dataset. Autofill ignoring log
07-06 23:02:32.653   637  2040 W SaveEventLogger: Shouldn't be logging AutofillSaveEventReported again for same event
07-06 23:02:32.653   637  2040 D AutofillSession: clearPendingIntentLocked
07-06 23:02:32.653   637  2040 W AutofillInlineSuggestionsRequestSession: Never received an InlineSuggestionsRequest from the IME for 1073741824:i131072@1387092696
07-06 23:02:32.656   637   637 W AutofillSession: handleLogContextCommitted(): last response is null
07-06 23:02:32.663  4480  4480 V InlineSuggestionRenderService: handleDestroySuggestionViews called for 0:1387092696
07-06 23:02:32.695   637   986 E Nl80211Native: getChannelsMhzForBand: Wiphy index not recorded for band 8
07-06 23:02:32.695   637   986 E Nl80211Native: getChannelsMhzForBand: Wiphy index not recorded for band 16
07-06 23:02:32.696   637   986 D Nl80211Native: Ignoring unsupported scan type 2
07-06 23:02:32.696   637   986 I Nl80211Proxy: Sending Nl80211 message: GenericNetlinkMsg{ nlHeader{StructNlMsgHdr{ nlmsg_len{56}, nlmsg_type{29()}, nlmsg_flags{5(NLM_F_REQUEST|NLM_F_ACK)}, nlmsg_seq{8388}, nlmsg_pid{0} }}, genNlHeader{StructGenNlMsgHdr{ command{33}, version{1}, reserved{0} }}, attributes{[StructNlAttr{ nla_len{8}, nla_type{-32723}, nla_value{04000000}, }, StructNlAttr{ nla_len{8}, nla_type{3}, nla_value{10000000}, }, StructNlAttr{ nla_len{12}, nla_type{-32724}, nla_value{080000008F090000}, }, StructNlAttr{ nla_len{8}, nla_type{158}, nla_value{00000000}, }]} }
07-06 23:02:32.698   637   986 I Nl80211Proxy: Received NLMSG_ERROR with error 0 for message GenericNetlinkMsg{ nlHeader{StructNlMsgHdr{ nlmsg_len{56}, nlmsg_type{29()}, nlmsg_flags{5(NLM_F_REQUEST|NLM_F_ACK)}, nlmsg_seq{8388}, nlmsg_pid{0} }}, genNlHeader{StructGenNlMsgHdr{ command{33}, version{1}, reserved{0} }}, attributes{[StructNlAttr{ nla_len{8}, nla_type{-32723}, nla_value{04000000}, }, StructNlAttr{ nla_len{8}, nla_type{3}, nla_value{10000000}, }, StructNlAttr{ nla_len{12}, nla_type{-32724}, nla_value{080000008F090000}, }, StructNlAttr{ nla_len{8}, nla_type{158}, nla_value{00000000}, }]} }
07-06 23:02:32.719 13401 21762 I NearbySharing: Network state changed: NetworkState(isRestricted=false, isOnline=true, isCongested=false, isMetered=false, isWifiConnected=true)
07-06 23:02:32.735 23492 23492 W libbinder.BackendUnifiedServiceManager: Thread Pool max thread count is 0. Cannot cache binder as linkToDeath cannot be implemented. serviceName: SurfaceFlingerAIDL
07-06 23:02:32.736 23492 23492 W libbinder.BpBinder: Linking to death on android.gui.ISurfaceComposer but there are no threads (yet?) listening to incoming transactions. See ProcessState::startThreadPool and ProcessState::setThreadPoolMaxThreadCount. Generally you should setup the binder threadpool before other initialization steps.
07-06 23:02:32.736 23492 23492 W libbinder.ProcessState: Extra binder thread started, but 0 threads requested. Do not use *startThreadPool when zero threads are requested.
07-06 23:02:32.754   637   982 D WifiNative: Scan result ready event
07-06 23:02:32.755   637   986 I Nl80211Proxy: Sending Nl80211 message: GenericNetlinkMsg{ nlHeader{StructNlMsgHdr{ nlmsg_len{20}, nlmsg_type{29()}, nlmsg_flags{769(NLM_F_REQUEST|NLM_F_DUMP)}, nlmsg_seq{8389}, nlmsg_pid{0} }}, genNlHeader{StructGenNlMsgHdr{ command{5}, version{1}, reserved{0} }}, attributes{[]} }
07-06 23:02:32.755   637   986 I Nl80211Proxy: Received NLMSG_DONE for message GenericNetlinkMsg{ nlHeader{StructNlMsgHdr{ nlmsg_len{20}, nlmsg_type{29()}, nlmsg_flags{769(NLM_F_REQUEST|NLM_F_DUMP)}, nlmsg_seq{8389}, nlmsg_pid{0} }}, genNlHeader{StructGenNlMsgHdr{ command{5}, version{1}, reserved{0} }}, attributes{[]} }
07-06 23:02:32.755   637   986 W Nl80211Utils: Malformed NEW_INTERFACE response: missing attributes
07-06 23:02:32.755   637   986 I Nl80211Proxy: Sending Nl80211 message: GenericNetlinkMsg{ nlHeader{StructNlMsgHdr{ nlmsg_len{28}, nlmsg_type{29()}, nlmsg_flags{769(NLM_F_REQUEST|NLM_F_DUMP)}, nlmsg_seq{8390}, nlmsg_pid{0} }}, genNlHeader{StructGenNlMsgHdr{ command{32}, version{1}, reserved{0} }}, attributes{[StructNlAttr{ nla_len{8}, nla_type{3}, nla_value{10000000}, }]} }
07-06 23:02:32.755   637   986 I Nl80211Proxy: Received NLMSG_DONE for message GenericNetlinkMsg{ nlHeader{StructNlMsgHdr{ nlmsg_len{28}, nlmsg_type{29()}, nlmsg_flags{769(NLM_F_REQUEST|NLM_F_DUMP)}, nlmsg_seq{8390}, nlmsg_pid{0} }}, genNlHeader{StructGenNlMsgHdr{ command{32}, version{1}, reserved{0} }}, attributes{[StructNlAttr{ nla_len{8}, nla_type{3}, nla_value{10000000}, }]} }
07-06 23:02:32.763 13401 13447 I WifiScanner: onFullResults
07-06 23:02:32.768   637   982 I HalDevMgr: bestIfaceCreationProposal is null, requestIface=STA, existingIface=[name=wlan0 type=STA]
07-06 23:02:32.818   491   576 W skia    : AGTM parsing failed flags.readFromStream(s) at 159
07-06 23:02:32.818   491   576 W skia    : AGTM parsing failed flags.readFromStream(s) at 159
07-06 23:02:32.818   491   576 W skia    : AGTM parsing failed flags.readFromStream(s) at 159
07-06 23:02:32.886   491   576 W skia    : AGTM parsing failed flags.readFromStream(s) at 159
07-06 23:02:32.936 23492 23493 W libc    : Access denied finding property "vendor.mesa.virtgpu.kumquat"
07-06 23:02:33.058   491   576 W skia    : AGTM parsing failed flags.readFromStream(s) at 159
07-06 23:02:33.234   491   576 W skia    : AGTM parsing failed flags.readFromStream(s) at 159
07-06 23:02:33.297   637   709 V AutofillSession: Primary service component name: ComponentInfo{com.google.android.gms/com.google.android.gms.autofill.service.AutofillService}, secondary service component name: ComponentInfo{com.android.credentialmanager/com.android.credentialmanager.autofill.CredentialAutofillService}
07-06 23:02:33.298   637   709 V SecondaryProviderHandler: Creating a secondary provider handler with component name, ComponentInfo{com.android.credentialmanager/com.android.credentialmanager.autofill.CredentialAutofillService}
07-06 23:02:33.300   637   709 D PresentationStatsEventLogger: Started new PresentationStatsEvent
07-06 23:02:33.301   637   709 W FillRequestEventLogger: Couldn't find packageName: com.google.android.inputmethod.latin
07-06 23:02:33.319 23207 23207 I AssistStructure: Flattened final assist data: 5436 bytes, containing 1 windows, 6 views
07-06 23:02:33.319   637   709 D AutofillSession: createPendingIntent for request 862
07-06 23:02:33.320   637   709 D ContentCapturePerUserService: Notified activity assist data for activity: Token{6fbf091 ActivityRecord{108521493 u0 tech.pathfinder.unveil/.MainActivity t93}} without a session Id
07-06 23:02:33.334   491   576 W skia    : AGTM parsing failed flags.readFromStream(s) at 159
07-06 23:02:33.470  1215  1381 D SatelliteController: isInCarrierRoamingNbIotNtn: satellite is disabled
07-06 23:02:33.470  1215  1381 D SatelliteController: getCarrierRoamingNtnConnectType: Checking connect type from PLMN config for subId: 1
07-06 23:02:33.470  1215  1381 D TelephonyConfigUpdateInstallReceiver: getConfigParser: domain=satellite
07-06 23:02:33.470  1215  1381 V SatelliteController: satelliteConfigParser is not ready
07-06 23:02:33.470  1215  1381 D SatelliteController: isSatelliteAttachSupportedViaConfigupdater: return null (satelliteConfig is null)
07-06 23:02:33.471  1215  1381 D SatelliteController: getSatellitePerPlmnConfiguration: invalid subId or not supported via carrier.
07-06 23:02:33.471  1215  1381 D SatelliteController: getCarrierRoamingNtnConnectType: config: null
07-06 23:02:33.471  1215  1381 D TelephonyConfigUpdateInstallReceiver: getConfigParser: domain=satellite
07-06 23:02:33.471  1215  1381 V SatelliteController: satelliteConfigParser is not ready
07-06 23:02:33.471  1215  1381 D SatelliteController: getCarrierRoamingNtnConnectTypeViaConfigUpdater: return null (satelliteConfig is null)
07-06 23:02:33.471  1215  1381 D SatelliteController: getCarrierRoamingNtnConnectType: Falling back to global carrier config connect type: 0
07-06 23:02:33.471  1215  1381 D TelephonyConfigUpdateInstallReceiver: getConfigParser: domain=satellite
07-06 23:02:33.471  1215  1381 V SatelliteController: satelliteConfigParser is not ready
07-06 23:02:33.471  1215  1381 D SatelliteController: isSatelliteAttachSupportedViaConfigupdater: return null (satelliteConfig is null)
07-06 23:02:33.471  1215  1381 D SatelliteController: getCarrierRoamingNtnConnectType: Checking connect type from PLMN config for subId: 1
07-06 23:02:33.471  1215  1381 D TelephonyConfigUpdateInstallReceiver: getConfigParser: domain=satellite
07-06 23:02:33.471  1215  1381 V SatelliteController: satelliteConfigParser is not ready
07-06 23:02:33.471  1215  1381 D SatelliteController: isSatelliteAttachSupportedViaConfigupdater: return null (satelliteConfig is null)
07-06 23:02:33.471  1215  1381 D SatelliteController: getSatellitePerPlmnConfiguration: invalid subId or not supported via carrier.
07-06 23:02:33.471  1215  1381 D SatelliteController: getCarrierRoamingNtnConnectType: config: null
07-06 23:02:33.471  1215  1381 D TelephonyConfigUpdateInstallReceiver: getConfigParser: domain=satellite
07-06 23:02:33.471  1215  1381 V SatelliteController: satelliteConfigParser is not ready
07-06 23:02:33.471  1215  1381 D SatelliteController: getCarrierRoamingNtnConnectTypeViaConfigUpdater: return null (satelliteConfig is null)
07-06 23:02:33.471  1215  1381 D SatelliteController: getCarrierRoamingNtnConnectType: Falling back to global carrier config connect type: 0
07-06 23:02:33.471  1215  1381 D TelephonyConfigUpdateInstallReceiver: getConfigParser: domain=satellite
07-06 23:02:33.471  1215  1381 V SatelliteController: satelliteConfigParser is not ready
07-06 23:02:33.471  1215  1381 D SatelliteController: isSatelliteAttachSupportedViaConfigupdater: return null (satelliteConfig is null)
07-06 23:02:33.553   491   576 W skia    : AGTM parsing failed flags.readFromStream(s) at 159
07-06 23:02:33.615  1910  1910 I adbd    : adbd service requested 'shell,v2,TERM=xterm-256color,raw:uiautomator dump /sdcard/window_dump.xml'
07-06 23:02:33.662   491   576 W skia    : AGTM parsing failed flags.readFromStream(s) at 159
07-06 23:02:33.730   637  2040 W AppOps  : Noting op not finished: uid 10210 pkg com.google.android.gms code 113 startTime of in progress event=1783374803009
07-06 23:02:33.763   637  2040 W AppOps  : Noting op not finished: uid 10210 pkg com.google.android.gms code 79 startTime of in progress event=1783374803009
07-06 23:02:33.796 13401 13465 I ActivityScheduler: nextTriggerTime: 444482177, in 238099ms, detectorType: 39, FULL_TYPE alarmWindowMillis: 80000
07-06 23:02:33.832   491   576 W skia    : AGTM parsing failed flags.readFromStream(s) at 159
07-06 23:02:33.862 23495 23495 D AndroidRuntime: >>>>>> START com.android.internal.os.RuntimeInit uid 2000 <<<<<<
07-06 23:02:33.871 23495 23495 I AndroidRuntime: Using default boot image
07-06 23:02:33.871 23495 23495 I AndroidRuntime: Leaving lock profiling enabled
07-06 23:02:33.873 23495 23495 I app_process: Core platform API enforcement enabled from the hiddenapi_platform_enforcement flag and the device API level
07-06 23:02:33.873 23495 23495 I app_process: Using generational CollectorTypeCMC GC.
07-06 23:02:33.951 23495 23495 D nativeloader: InitDefaultPublicLibraries for_preload=1: libandroid.so:libaaudio.so:libamidi.so:libbinder_ndk.so:libc.so:libcamera2ndk.so:libdl.so:libEGL.so:libGLESv1_CM.so:libGLESv2.so:libGLESv3.so:libicu.so:libicui18n.so:libicuuc.so:libjnigraphics.so:liblog.so:libmediandk.so:libm.so:libnativehelper.so:libnativewindow.so:libOpenMAXAL.so:libOpenSLES.so:libRS.so:libstdc++.so:libsync.so:libvulkan.so:libwebviewchromium_plat_support.so:libz.so
07-06 23:02:33.964 23495 23495 D nativeloader: Load libicu_jni.so using APEX ns com_android_art for caller /apex/com.android.art/javalib/core-oj.jar: ok
07-06 23:02:33.964 23495 23495 D app_process: u_setTimeZoneFilesDirectory("/apex/com.android.tzdata/etc/tz/versioned/10/icu") succeeded. 
07-06 23:02:33.964 23495 23495 D app_process: I18n APEX ICU file found: /apex/com.android.i18n/etc/icu/icudt78l.dat
07-06 23:02:33.966 23495 23495 D nativeloader: Load libjavacore.so using APEX ns com_android_art for caller /apex/com.android.art/javalib/core-oj.jar: ok
07-06 23:02:33.967 23495 23495 D nativeloader: Load libopenjdk.so using APEX ns com_android_art for caller /apex/com.android.art/javalib/core-oj.jar: ok
07-06 23:02:33.968 23495 23495 I app_process: Priority-to-niceness mapping: 19, 16, 13, 10, 0, -2, -4, -5, -6, -8
07-06 23:02:33.970 23495 23495 W app_process: ClassLoaderContext shared library size mismatch. Expected=2, found=0 (PCL[]{PCL[/system/framework/android.test.base.jar*736588042]#PCL[/system/framework/android.test.mock.jar*4008448454]} | PCL[])
07-06 23:02:33.971 23495 23495 W app_process: ClassLoaderContext classpath size mismatch. expected=0, found=1 (PCL[]{PCL[/system/framework/android.test.runner.jar*805256125]{PCL[/system/framework/android.test.base.jar*736588042]#PCL[/system/framework/android.test.mock.jar*4008448454]}#PCL[/system/framework/android.test.base.jar*736588042]} | PCL[/system/framework/android.test.runner.jar*805256125])
07-06 23:02:34.000 23495 23495 D nativeloader: Load libframework-connectivity-tiramisu-jni.so using APEX ns com_android_tethering for caller /apex/com.android.tethering/javalib/framework-connectivity-t.jar: ok
07-06 23:02:34.001 23495 23495 D AndroidRuntime: Calling main entry com.android.commands.uiautomator.Launcher
07-06 23:02:34.005 23495 23495 I AconfigPackage: android.media.swcodec.flags is mapped to com.android.media.swcodec
07-06 23:02:34.005 23495 23495 I AconfigPackage: com.android.permission.flags is mapped to com.android.permission
07-06 23:02:34.005 23495 23495 I AconfigPackage: com.android.permissioncontroller.flags is mapped to com.android.permission
07-06 23:02:34.005 23495 23495 I AconfigPackage: com.google.android.widevine.flags is mapped to com.google.android.widevine
07-06 23:02:34.005 23495 23495 I AconfigPackage: com.android.icu is mapped to com.android.i18n
07-06 23:02:34.005 23495 23495 I AconfigPackage: com.android.appsearch.flags is mapped to com.android.appsearch
07-06 23:02:34.005 23495 23495 I AconfigPackage: com.android.uprobestats.flags is mapped to com.android.uprobestats
07-06 23:02:34.005 23495 23495 I AconfigPackage: android.uprobestats.mainline.flags is mapped to com.android.uprobestats
07-06 23:02:34.005 23495 23495 I AconfigPackage: com.android.crashrecovery.flags is mapped to com.android.crashrecovery
07-06 23:02:34.005 23495 23495 I AconfigPackage: android.provider.flags is mapped to com.android.configinfrastructure
07-06 23:02:34.005 23495 23495 I AconfigPackage: com.android.server.deviceconfig is mapped to com.android.configinfrastructure
07-06 23:02:34.006 23495 23495 I AconfigPackage: com.android.art.flags is mapped to com.android.art
07-06 23:02:34.006 23495 23495 I AconfigPackage: com.android.art.rw.flags is mapped to com.android.art
07-06 23:02:34.006 23495 23495 I AconfigPackage: com.android.libcore is mapped to com.android.art
07-06 23:02:34.006 23495 23495 I AconfigPackage: android.telecom.flags is mapped to com.android.telephonycore
07-06 23:02:34.006 23495 23495 I AconfigPackage: com.android.internal.telecom.flags is mapped to com.android.telephonycore
07-06 23:02:34.006 23495 23495 I AconfigPackage: com.android.telephony.flags is mapped to com.android.telephonycore
07-06 23:02:34.006 23495 23495 I AconfigPackage: com.android.media.extractor.flags is mapped to com.android.media
07-06 23:02:34.006 23495 23495 I AconfigPackage: com.android.media.metrics.flags is mapped to com.android.media
07-06 23:02:34.006 23495 23495 I AconfigPackage: com.android.media.mainline.flags is mapped to com.android.media
07-06 23:02:34.006 23495 23495 I AconfigPackage: com.android.wifi.flags is mapped to com.android.wifi
07-06 23:02:34.006 23495 23495 I AconfigPackage: com.android.org.conscrypt.flags is mapped to com.android.conscrypt
07-06 23:02:34.006 23495 23495 I AconfigPackage: com.android.org.conscrypt.net.flags is mapped to com.android.conscrypt
07-06 23:02:34.006 23495 23495 I AconfigPackage: com.android.healthfitness.flags is mapped to com.android.healthfitness
07-06 23:02:34.006 23495 23495 I AconfigPackage: com.android.ipsec.flags is mapped to com.android.ipsec
07-06 23:02:34.006 23495 23495 I AconfigPackage: com.android.nfc.module.flags is mapped to com.android.nfcservices
07-06 23:02:34.006 23495 23495 I AconfigPackage: com.android.nfc.module.nonexported.flags is mapped to com.android.nfcservices
07-06 23:02:34.006 23495 23495 I AconfigPackage: com.android.adservices.ondevicepersonalization.flags is mapped to com.android.ondevicepersonalization
07-06 23:02:34.006 23495 23495 I AconfigPackage: com.android.adbd.flags is mapped to com.android.adbd
07-06 23:02:34.006 23495 23495 I AconfigPackage: com.android.bluetooth.beta.flags is mapped to com.android.bt
07-06 23:02:34.006 23495 23495 I AconfigPackage: com.android.bluetooth.flags is mapped to com.android.bt
07-06 23:02:34.006 23495 23495 I AconfigPackage: com.android.devicelock.flags is mapped to com.android.devicelock
07-06 23:02:34.006 23495 23495 I AconfigPackage: android.os.profiling is mapped to com.android.profiling
07-06 23:02:34.006 23495 23495 I AconfigPackage: android.os.profiling.anomaly.flags is mapped to com.android.profiling
07-06 23:02:34.006 23495 23495 I AconfigPackage: com.android.os.statsd.flags is mapped to com.android.os.statsd
07-06 23:02:34.006 23495 23495 I AconfigPackage: com.android.webapp.flags is mapped to com.android.webapp
07-06 23:02:34.007 23495 23495 I AconfigPackage: com.android.rkpd.flags is mapped to com.android.rkpd
07-06 23:02:34.007 23495 23495 I AconfigPackage: com.android.cellbroadcastreceiver.flags is mapped to com.android.cellbroadcast
07-06 23:02:34.007 23495 23495 I AconfigPackage: com.android.adservices.flags is mapped to com.android.adservices
07-06 23:02:34.007 23495 23495 I AconfigPackage: com.android.sdksandbox.flags is mapped to com.android.adservices
07-06 23:02:34.007 23495 23495 I AconfigPackage: android.app.sdksandbox.flags is mapped to com.android.adservices
07-06 23:02:34.007 23495 23495 I AconfigPackage: com.android.uwb.flags is mapped to com.android.uwb
07-06 23:02:34.007 23495 23495 I AconfigPackage: com.android.ranging.flags is mapped to com.android.uwb
07-06 23:02:34.007 23495 23495 I AconfigPackage: com.android.npumanager is mapped to com.android.npumanager
07-06 23:02:34.007 23495 23495 I AconfigPackage: android.graphics.pdf.flags is mapped to com.android.mediaprovider
07-06 23:02:34.007 23495 23495 I AconfigPackage: com.android.providers.media.flags is mapped to com.android.mediaprovider
07-06 23:02:34.007 23495 23495 I AconfigPackage: android.graphics.pdf.flags.readonly is mapped to com.android.mediaprovider
07-06 23:02:34.007 23495 23495 I AconfigPackage: com.android.tethering.mainline.beta is mapped to com.android.tethering
07-06 23:02:34.007 23495 23495 I AconfigPackage: android.net.http is mapped to com.android.tethering
07-06 23:02:34.007 23495 23495 I AconfigPackage: com.android.tethering.readonly.flags is mapped to com.android.tethering
07-06 23:02:34.007 23495 23495 I AconfigPackage: android.net.vcn is mapped to com.android.tethering
07-06 23:02:34.007 23495 23495 I AconfigPackage: com.android.net.flags is mapped to com.android.tethering
07-06 23:02:34.007 23495 23495 I AconfigPackage: com.android.tethering.flags is mapped to com.android.tethering
07-06 23:02:34.007 23495 23495 I AconfigPackage: com.android.tethering.beta.test is mapped to com.android.tethering
07-06 23:02:34.007 23495 23495 I AconfigPackage: com.android.nearby.flags is mapped to com.android.tethering
07-06 23:02:34.007 23495 23495 I AconfigPackage: com.android.net.thread.flags is mapped to com.android.tethering
07-06 23:02:34.007 23495 23495 I AconfigPackage: com.android.net.ct.flags is mapped to com.android.tethering
07-06 23:02:34.007 23495 23495 I AconfigPackage: com.android.system.virtualmachine.flags is mapped to com.android.virt
07-06 23:02:34.007 23495 23495 E FeatureFlagsImplExport: android.os.flagging.AconfigStorageReadException: ERROR_PACKAGE_NOT_FOUND: package android.xr cannot be found on the device
07-06 23:02:34.010 23495 23495 D UiAutomationConnection: Created on user UserHandle{0}
07-06 23:02:34.011 23495 23495 I UiAutomation: Initialized for user 0 on display 0
07-06 23:02:34.011 23495 23495 W UiAutomation: Created with deprecatead constructor, assumes DEFAULT_DISPLAY
07-06 23:02:34.014   637  2009 D AccessibilityManagerService: changeCurrentUserForTestAutomationIfNeededLocked(0): ignoring because device doesn't support visible background users
07-06 23:02:34.015   637  2009 I UiAutomationManager: Registering UiTestAutomationService (id=com.android.server.accessibility/UiAutomation, flags=0x0) when called by user 0
07-06 23:02:34.017   637  2009 V AccessibilityManagerService: onUserStateChangedLocked for userId: 0, forceUpdate: false
07-06 23:02:34.020   637  2009 V AccessibilityUserState: updateShortcutTargets: type:accessibility_shortcut_target_service, current:{}, new:{}
07-06 23:02:34.020   637  2009 V AccessibilityUserState: updateShortcutTargets: type:accessibility_button_targets, current:{}, new:{}
07-06 23:02:34.020   637  2009 V AccessibilityUserState: updateShortcutTargets: type:accessibility_gesture_targets, current:{}, new:{}
07-06 23:02:34.020   637  2009 V AccessibilityUserState: updateShortcutTargets: type:accessibility_qs_targets, current:{}, new:{}
07-06 23:02:34.020   637  2009 V AccessibilityUserState: updateShortcutTargets: type:accessibility_key_gesture_targets, current:{}, new:{}
07-06 23:02:34.020   637  2009 V AccessibilityUserState: updateShortcutTargets: type:accessibility_top_row_key_targets, current:{}, new:{}
07-06 23:02:34.020   637  2009 V AccessibilityUserState: updateShortcutTargets: type:accessibility_quick_access_targets, current:{}, new:{}
07-06 23:02:34.020   637  2009 W MagnificationConnectionManager: requestConnection duplicated request: connect=false, mConnectionState=DISCONNECTED
07-06 23:02:34.026   637   637 W libbinder.IPCThreadState: Sending oneway calls to frozen process.
07-06 23:02:34.026  3040  3146 I AiAiEcho: Settings changed for uri: content://settings/secure/accessibility_enabled
07-06 23:02:34.027   637   637 W libbinder.IPCThreadState: Sending oneway calls to frozen process.
07-06 23:02:34.027   637   637 W libbinder.IPCThreadState: Sending oneway calls to frozen process.
07-06 23:02:34.027   637   637 W libbinder.IPCThreadState: Sending oneway calls to frozen process.
07-06 23:02:34.028  3040  3340 I AiAiEcho: Predicting[0]:  [CONTEXT sampling_count=5 ]
07-06 23:02:34.028   637   637 W libbinder.IPCThreadState: Sending oneway calls to frozen process.
07-06 23:02:34.028  3040  3340 I AiAiEcho: EchoTargets: 
07-06 23:02:34.028  3040  3340 I AiAiEcho: Filtered by AiAi flag check: 
07-06 23:02:34.028  3040  3340 I AiAiEcho: [CONTEXT ratelimit_period="10 SECONDS" ]
07-06 23:02:34.029  3040  3340 I AiAiEcho: #remoteViewsTwiddler: feature disabled.
07-06 23:02:34.029   637   637 W libbinder.IPCThreadState: Sending oneway calls to frozen process.
07-06 23:02:34.029   637   637 W libbinder.IPCThreadState: Sending oneway calls to frozen process.
07-06 23:02:34.029   637   637 W libbinder.IPCThreadState: Sending oneway calls to frozen process.
07-06 23:02:34.029   637   637 W libbinder.IPCThreadState: Sending oneway calls to frozen process.
07-06 23:02:34.030  3040  3340 I AiAiEcho: Predicting[0]:  [CONTEXT sampling_count=5 ]
07-06 23:02:34.031   637  2009 V AccessibilityManagerService: onUserStateChangedLocked for userId: 0, forceUpdate: false
07-06 23:02:34.032   637   637 W libbinder.IPCThreadState: Sending oneway calls to frozen process.
07-06 23:02:34.033  3040  3340 I AiAiEcho: EchoTargets: 
07-06 23:02:34.033  3040  3340 I AiAiEcho: Filtered by AiAi flag check: 
07-06 23:02:34.033  3040  3340 I AiAiEcho: [CONTEXT ratelimit_period="10 SECONDS" ]
07-06 23:02:34.033  3040  3340 I AiAiEcho: #remoteViewsTwiddler: feature disabled.
07-06 23:02:34.033  3040  3340 I AiAiEcho: Predicting[0]:  [CONTEXT sampling_count=5 ]
07-06 23:02:34.033  3040  3340 I AiAiEcho: EchoTargets: 
07-06 23:02:34.033  3040  3340 I AiAiEcho: Filtered by AiAi flag check: 
07-06 23:02:34.033  3040  3340 I AiAiEcho: [CONTEXT ratelimit_period="10 SECONDS" ]
07-06 23:02:34.034  3040  3340 I AiAiEcho: #remoteViewsTwiddler: feature disabled.
07-06 23:02:34.034  3040  3340 I AiAiEcho: #postPredictionTargets: Sending updates to UISurface home with targets# 0 (types=[])
07-06 23:02:34.035   637  2009 V AccessibilityUserState: updateShortcutTargets: type:accessibility_shortcut_target_service, current:{}, new:{}
07-06 23:02:34.035   637  2009 V AccessibilityUserState: updateShortcutTargets: type:accessibility_button_targets, current:{}, new:{}
07-06 23:02:34.035   637  2009 V AccessibilityUserState: updateShortcutTargets: type:accessibility_gesture_targets, current:{}, new:{}
07-06 23:02:34.035   637  2009 V AccessibilityUserState: updateShortcutTargets: type:accessibility_qs_targets, current:{}, new:{}
07-06 23:02:34.035   637  2009 V AccessibilityUserState: updateShortcutTargets: type:accessibility_key_gesture_targets, current:{}, new:{}
07-06 23:02:34.035   637  2009 V AccessibilityUserState: updateShortcutTargets: type:accessibility_top_row_key_targets, current:{}, new:{}
07-06 23:02:34.035   637  2009 V AccessibilityUserState: updateShortcutTargets: type:accessibility_quick_access_targets, current:{}, new:{}
07-06 23:02:34.035   637  2009 W MagnificationConnectionManager: requestConnection duplicated request: connect=false, mConnectionState=DISCONNECTED
07-06 23:02:34.035  3040  3340 I AiAiEcho: #postPredictionTargets: Sending updates to UISurface ambientcue with targets# 0 (types=[])
07-06 23:02:34.035  3040  3340 I AiAiEcho: #postPredictionTargets: Sending updates to UISurface lockscreen with targets# 0 (types=[])
07-06 23:02:34.035   637   637 W libbinder.IPCThreadState: Sending oneway calls to frozen process.
07-06 23:02:34.035   637   637 W libbinder.IPCThreadState: Sending oneway calls to frozen process.
07-06 23:02:34.035   637   637 W libbinder.IPCThreadState: Sending oneway calls to frozen process.
07-06 23:02:34.035   637   637 W libbinder.IPCThreadState: Sending oneway calls to frozen process.
07-06 23:02:34.036   637   637 W libbinder.IPCThreadState: Sending oneway calls to frozen process.
07-06 23:02:34.036   637   637 W libbinder.IPCThreadState: Sending oneway calls to frozen process.
07-06 23:02:34.036   637   637 W libbinder.IPCThreadState: Sending oneway calls to frozen process.
07-06 23:02:34.036   637   637 W libbinder.IPCThreadState: Sending oneway calls to frozen process.
07-06 23:02:34.036   637   637 W libbinder.IPCThreadState: Sending oneway calls to frozen process.
07-06 23:02:34.036   637   637 W libbinder.IPCThreadState: Sending oneway calls to frozen process.
07-06 23:02:34.036   637   637 W libbinder.IPCThreadState: Sending oneway calls to frozen process.
07-06 23:02:34.036   637   637 W libbinder.IPCThreadState: Sending oneway calls to frozen process.
07-06 23:02:34.036   637   637 W libbinder.IPCThreadState: Sending oneway calls to frozen process.
07-06 23:02:34.036   637   637 W libbinder.IPCThreadState: Sending oneway calls to frozen process.
07-06 23:02:34.036   637   637 W libbinder.IPCThreadState: Sending oneway calls to frozen process.
07-06 23:02:34.036   637   637 D BatterySaverPolicy: accessibility changed to true, updating policy.
07-06 23:02:34.036  1081  1294 I AmbientCueRepository: Receiving SmartSpace targets # 0
07-06 23:02:34.037  3040  3707 I AiAiEcho: Settings changed for uri: content://settings/secure/accessibility_enabled
07-06 23:02:34.037  3040  3340 I AiAiEcho: Predicting[0]:  [CONTEXT sampling_count=5 ]
07-06 23:02:34.037  3040  3340 I AiAiEcho: EchoTargets: 
07-06 23:02:34.037  3040  3340 I AiAiEcho: Filtered by AiAi flag check: 
07-06 23:02:34.037  3040  3340 I AiAiEcho: [CONTEXT ratelimit_period="10 SECONDS" ]
07-06 23:02:34.038  3040  3340 I AiAiEcho: #remoteViewsTwiddler: feature disabled.
07-06 23:02:34.038  3040  3340 I AiAiEcho: #postPredictionTargets: Sending updates to UISurface home with targets# 0 (types=[])
07-06 23:02:34.038  3040  3340 I AiAiEcho: Predicting[0]:  [CONTEXT sampling_count=5 ]
07-06 23:02:34.038  3040  3340 I AiAiEcho: EchoTargets: 
07-06 23:02:34.038  3040  3340 I AiAiEcho: Filtered by AiAi flag check: 
07-06 23:02:34.038  3040  3340 I AiAiEcho: [CONTEXT ratelimit_period="10 SECONDS" ]
07-06 23:02:34.038  3040  3340 I AiAiEcho: #remoteViewsTwiddler: feature disabled.
07-06 23:02:34.038  3040  3340 I AiAiEcho: #postPredictionTargets: Sending updates to UISurface ambientcue with targets# 0 (types=[])
07-06 23:02:34.039  3040  3340 I AiAiEcho: Predicting[0]:  [CONTEXT sampling_count=5 ]
07-06 23:02:34.039  3040  3340 I AiAiEcho: EchoTargets: 
07-06 23:02:34.039  3040  3340 I AiAiEcho: Filtered by AiAi flag check: 
07-06 23:02:34.039  3040  3340 I AiAiEcho: [CONTEXT ratelimit_period="10 SECONDS" ]
07-06 23:02:34.039  3040  3340 I AiAiEcho: #remoteViewsTwiddler: feature disabled.
07-06 23:02:34.039  3040  3340 I AiAiEcho: #postPredictionTargets: Sending updates to UISurface lockscreen with targets# 0 (types=[])
07-06 23:02:34.039   491   576 W skia    : AGTM parsing failed flags.readFromStream(s) at 159
07-06 23:02:34.050  1081  1294 I AmbientCueRepository: Receiving SmartSpace targets # 0
07-06 23:02:34.060   637  2010 D AccessibilityManagerService: .getAccessibilityShortcutTargets {shortcutType=32, userId=0}
07-06 23:02:34.140   491   576 W skia    : AGTM parsing failed flags.readFromStream(s) at 159
07-06 23:02:34.732   637  2011 W AppOps  : Noting op not finished: uid 10210 pkg com.google.android.gms code 113 startTime of in progress event=1783374803009
07-06 23:02:35.082 23495 23495 W AccessibilityNodeInfoDumper: Fetch time: 32ms
07-06 23:02:35.083   637  2011 V AccessibilityManagerService: onUserStateChangedLocked for userId: 0, forceUpdate: false
07-06 23:02:35.084   637  2011 V AccessibilityUserState: updateShortcutTargets: type:accessibility_shortcut_target_service, current:{}, new:{}
07-06 23:02:35.084   637  2011 V AccessibilityUserState: updateShortcutTargets: type:accessibility_button_targets, current:{}, new:{}
07-06 23:02:35.084   637  2011 V AccessibilityUserState: updateShortcutTargets: type:accessibility_gesture_targets, current:{}, new:{}
07-06 23:02:35.084   637  2011 V AccessibilityUserState: updateShortcutTargets: type:accessibility_qs_targets, current:{}, new:{}
07-06 23:02:35.084   637  2011 V AccessibilityUserState: updateShortcutTargets: type:accessibility_key_gesture_targets, current:{}, new:{}
07-06 23:02:35.084   637  2011 V AccessibilityUserState: updateShortcutTargets: type:accessibility_top_row_key_targets, current:{}, new:{}
07-06 23:02:35.084   637  2011 V AccessibilityUserState: updateShortcutTargets: type:accessibility_quick_access_targets, current:{}, new:{}
07-06 23:02:35.084   637  2011 W MagnificationConnectionManager: requestConnection duplicated request: connect=false, mConnectionState=DISCONNECTED
07-06 23:02:35.084   637  2011 D AccessibilityManagerService: restoreCurrentUserForTestAutomationIfNeededLocked(): ignoring because device doesn't support visible background users
07-06 23:02:35.084  3040  3707 I AiAiEcho: Settings changed for uri: content://settings/secure/accessibility_enabled
07-06 23:02:35.084   637   637 W libbinder.IPCThreadState: Sending oneway calls to frozen process.
07-06 23:02:35.085   637   637 W libbinder.IPCThreadState: Sending oneway calls to frozen process.
07-06 23:02:35.085   637   637 W libbinder.IPCThreadState: Sending oneway calls to frozen process.
07-06 23:02:35.085   637   637 W libbinder.IPCThreadState: Sending oneway calls to frozen process.
07-06 23:02:35.085   637   637 W libbinder.IPCThreadState: Sending oneway calls to frozen process.
07-06 23:02:35.085   637   637 W libbinder.IPCThreadState: Sending oneway calls to frozen process.
07-06 23:02:35.085   637   637 W libbinder.IPCThreadState: Sending oneway calls to frozen process.
