07-06 23:02:36.622 13401 13401 E AutofillChimeraService: 	at java.lang.reflect.Method.invoke(Native Method)
07-06 23:02:36.622 13401 13401 E AutofillChimeraService: 	at com.android.internal.os.RuntimeInit$MethodAndArgsCaller.run(RuntimeInit.java:575)
07-06 23:02:36.622 13401 13401 E AutofillChimeraService: 	at com.android.internal.os.ZygoteInit.main(ZygoteInit.java:939)
07-06 23:02:36.622  6278  6278 I HardKeyTracker: HardKeyTracker.registerKeySequence():201 Register key sequence pbd{labelResId=2132020490, callback=fdy@48bcd9d, lastModifier=0, keyCodes=[317], actions=[0]}
07-06 23:02:36.622  6278  6278 W AccessPointsManager: AccessPointsManager.addAccessPoint():1097 The holder controller #0x7f0b248b is not registered
07-06 23:02:36.625  6278  6278 I Module  : DeviceLockedStatusModuleProvider$Module.updateDeviceLockedStatus():103 repeatCheckTimes = 1, locked = false
07-06 23:02:36.625  6278  6278 I HardKeyTracker: HardKeyTracker.unregisterKeySequence():259 Unregister key sequence pbd{labelResId=2132020490, callback=fdy@1387de, lastModifier=2, keyCodes=[56], actions=[0]}
07-06 23:02:36.625  6278  6278 I HardKeyTracker: HardKeyTracker.unregisterKeySequence():259 Unregister key sequence pbd{labelResId=2132020490, callback=fdy@f6aadbf, lastModifier=0, keyCodes=[317], actions=[0]}
07-06 23:02:36.625  6278  6278 I HardKeyTracker: HardKeyTracker.registerKeySequence():201 Register key sequence pbd{labelResId=2132020490, callback=fdy@ae6753f, lastModifier=2, keyCodes=[56], actions=[0]}
07-06 23:02:36.625  6278  6278 I HardKeyTracker: HardKeyTracker.registerKeySequence():201 Register key sequence pbd{labelResId=2132020490, callback=fdy@9934e0c, lastModifier=0, keyCodes=[317], actions=[0]}
07-06 23:02:36.625  6278  6278 I VoiceImeExtension: VoiceImeExtension.shouldStartVoiceInputAutomaticallyInCurrentInputBox():384 No private IME option set to start voice input.
07-06 23:02:36.625  6278  6278 D ImeBackCallbackSender: Register OnBackInvokedCallback with priority=-1 at app window (packageName=tech.pathfinder.unveil)
07-06 23:02:36.631  6278 23530 I SystemHapticSettings: SystemHapticSettings.updateSystemVibrationState():63 update vibration state: true
07-06 23:02:36.632   637  2010 D WindowManager: setClientSurface Surface(name=VRI-InputMethod#2604)/@0xafc4fad for 5c95483 InputMethod
07-06 23:02:36.633 26917 26917 D BoundBrokerSvc: onBind: Intent { act=com.google.android.gms.wallet.service.BIND xflg=0x4 pkg=com.google.android.gms }
07-06 23:02:36.633 26917 26917 D BoundBrokerSvc: Loading bound service for intent: Intent { act=com.google.android.gms.wallet.service.BIND xflg=0x4 pkg=com.google.android.gms }
07-06 23:02:36.634 26917 26917 D BoundBrokerSvc: onBind: Intent { act=com.google.firebase.dynamiclinks.service.START xflg=0x4 pkg=com.google.android.gms }
07-06 23:02:36.634 26917 26917 D BoundBrokerSvc: Loading bound service for intent: Intent { act=com.google.firebase.dynamiclinks.service.START xflg=0x4 pkg=com.google.android.gms }
07-06 23:02:36.638   491   576 W skia    : AGTM parsing failed flags.readFromStream(s) at 159
07-06 23:02:36.638  6278  6337 I NebulaeTrainingCacheMetricsProcessor: NebulaeTrainingCacheMetricsProcessor.processBeginSession():252 Begin training cache session: com.google.android.inputmethod.latin_0/
07-06 23:02:36.652 13401 13416 I .gms.persistent: WaitForGcToComplete blocked ProfileSaver on Background for 62.631ms
07-06 23:02:36.654  6278  6278 I Surface : Creating surface for consumer unnamed-6278-18 with slotExpansion=1 for 64 slots
07-06 23:02:36.658  6278  6278 I Surface : Creating surface for consumer VRI[InputMethod]#18(BLAST Consumer)18 with slotExpansion=1 for 64 slots
07-06 23:02:36.708   637   988 D InetDiagMessage: Destroyed 0 sockets, proto=IPPROTO_TCP, family=AF_INET, states=14
07-06 23:02:36.709   637   988 D InetDiagMessage: Destroyed 0 sockets, proto=IPPROTO_TCP, family=AF_INET6, states=14
07-06 23:02:36.709   637   988 D InetDiagMessage: Destroyed live tcp sockets for uids={90129} in 0ms
07-06 23:02:36.716 26917 26917 D BoundBrokerSvc: onBind: Intent { act=com.google.android.gms.common.BIND_SHARED_PREFS xflg=0x4 pkg=com.google.android.gms }
07-06 23:02:36.716 26917 26917 D BoundBrokerSvc: Loading bound service for intent: Intent { act=com.google.android.gms.common.BIND_SHARED_PREFS xflg=0x4 pkg=com.google.android.gms }
07-06 23:02:36.741   491   576 W skia    : AGTM parsing failed flags.readFromStream(s) at 159
07-06 23:02:36.774   637   988 D InetDiagMessage: Destroyed 0 sockets, proto=IPPROTO_TCP, family=AF_INET, states=14
07-06 23:02:36.775   637   988 D InetDiagMessage: Destroyed 0 sockets, proto=IPPROTO_TCP, family=AF_INET6, states=14
07-06 23:02:36.775   637   988 D InetDiagMessage: Destroyed live tcp sockets for uids={90128} in 0ms
07-06 23:02:36.777 13401 13401 D BoundBrokerSvc: onRebind: Intent { act=com.google.android.gms.auth.aang.events.services.START dat=chimera-action:/... xflg=0x4 cmp=com.google.android.gms/.chimera.PersistentApiService }
07-06 23:02:36.777  1910  1910 I adbd    : adbd service requested 'shell,v2,TERM=xterm-256color,raw:uiautomator dump /sdcard/window_dump.xml'
07-06 23:02:36.810   637   988 D InetDiagMessage: Destroyed 0 sockets, proto=IPPROTO_TCP, family=AF_INET, states=14
07-06 23:02:36.810   637   988 D InetDiagMessage: Destroyed 0 sockets, proto=IPPROTO_TCP, family=AF_INET6, states=14
07-06 23:02:36.810   637   988 D InetDiagMessage: Destroyed live tcp sockets for uids={90127} in 0ms
07-06 23:02:36.833   637   988 D InetDiagMessage: Destroyed 0 sockets, proto=IPPROTO_TCP, family=AF_INET, states=14
07-06 23:02:36.833   637   988 D InetDiagMessage: Destroyed 0 sockets, proto=IPPROTO_TCP, family=AF_INET6, states=14
07-06 23:02:36.833   637   988 D InetDiagMessage: Destroyed live tcp sockets for uids={90126} in 0ms
07-06 23:02:36.866   637   988 D InetDiagMessage: Destroyed 0 sockets, proto=IPPROTO_TCP, family=AF_INET, states=14
07-06 23:02:36.866   637   988 D InetDiagMessage: Destroyed 0 sockets, proto=IPPROTO_TCP, family=AF_INET6, states=14
07-06 23:02:36.866   637   988 D InetDiagMessage: Destroyed live tcp sockets for uids={90125} in 0ms
07-06 23:02:36.870  6278  6278 I GoogleInputMethodService: GoogleInputMethodService.onFinishInputView():1661 onFinishInputView(false)
07-06 23:02:36.871  6278  6278 W ExtensionWrapper: ExtensionWrapper.setAllowUpdateNavigationBarStyle():887 class kwe is not activate
07-06 23:02:36.871   637   709 D ImeInsetsSourceProvider: showImePostLayout aborted, serverVisible: false, frozen: false, mWin is: non-null, isDrawn: false, mGivenInsetsPending: false, imeLayeringTarget: Window{b630889 u0 tech.pathfinder.unveil/tech.pathfinder.unveil.MainActivity}, controlTarget: Window{b630889 u0 tech.pathfinder.unveil/tech.pathfinder.unveil.MainActivity}
07-06 23:02:36.871   637   709 D ImeInsetsSourceProvider: controlTarget == DisplayContent.imeControlTarget: true, hasPendingControls: false, leash is: non-null
07-06 23:02:36.872   637   709 I ImeTracker: tech.pathfinder.unveil:59d376a: onFailed at PHASE_SERVER_ABORT_SHOW_IME_POST_LAYOUT
07-06 23:02:36.872  6278  6278 I KeyboardViewController: KeyboardViewController.hide():988 Requesting to hide sub view with id 2131436909 #0x7f0b256d which doesn't exist in current keyboard view
07-06 23:02:36.873  6278  6278 W ExtensionWrapper: ExtensionWrapper.setAllowUpdateNavigationBarStyle():887 class kwe is not activate
07-06 23:02:36.873  6278  6278 W SupplementaryKeyboardsWrapper: SupplementaryKeyboardsWrapper.deactivateKeyboard():162 keyboard composing_text_consumer is not activated before!
07-06 23:02:36.874  6278  6278 I GlobeKeyExtension: GlobeKeyExtension.onDeactivate():154 
07-06 23:02:36.875  6278  6278 W TooltipLifecycleManager: TooltipLifecycleManager.dismissTooltips():153 Tooltip with id spell_check_add_to_dictionary not found in tooltipManager.
07-06 23:02:36.875  6278  6278 I VoiceInputManagerWrapper: VoiceInputManagerWrapper.shutdown():131 shutdown()
07-06 23:02:36.875  6278  6278 I UniversalDictationUiProvider: UniversalDictationUiProvider.onDeactivate():69 onDeactivate() [UD]
07-06 23:02:36.875  6278  6278 I InputBundle: InputBundle.consumeEvent():1051 Skip consuming an event as keyboard status is INACTIVE
07-06 23:02:36.876  6278  6278 I AndroidIME: AbstractIme.onDeactivate():213 LatinIme.onDeactivate()
07-06 23:02:36.879  6278  6278 I PrimesLoggerHolder: FrameMetricServiceImpl.stopAsFuture():213 Measurement not found: OnConfigurationChanged
07-06 23:02:36.883  6278  6278 D ImeBackCallbackSender: Unregister OnBackInvokedCallback at app window (packageName=tech.pathfinder.unveil)
07-06 23:02:36.883  6278  6278 I ImeTracker: system_server:196c5441: onHidden
07-06 23:02:36.883  6278  6278 I GoogleInputMethodService: GoogleInputMethodService.onStartInput():1446 onStartInput(EditorInfo{EditorInfo{packageName=tech.pathfinder.unveil, inputType=0, inputTypeString=NULL, enableLearning=false, autoCorrection=false, autoComplete=false, imeOptions=12000000, privateImeOptions=null, actionName=UNSPECIFIED, actionLabel=null, initialSelStart=-1, initialSelEnd=-1, initialCapsMode=0, label=null, fieldId=0, fieldName=null, extras=null, hintText=null, hintLocales=[]}}, true)
07-06 23:02:36.883  6278  6278 W SessionManager: SessionManager.beginSession():72 Try to begin an already begun session [INPUT_SESSION], end it first
07-06 23:02:36.883  6278  6278 I AndroidIME: LatinIMEBase.updateInputViewCoverNavigation():322 Update input view padding, isNavbarOverInputWindow=true, bottom inset=63
07-06 23:02:36.883  6278  6278 I Module  : DeviceLockedStatusModuleProvider$Module.updateDeviceLockedStatus():103 repeatCheckTimes = 1, locked = false
07-06 23:02:36.883  6278  6278 I GoogleInputMethodService: GoogleInputMethodService$1.onKeyboardViewShown():344 onKeyboardViewShown: keyboardType=accessory, keyboardViewType=HEADER keyboardView=null
07-06 23:02:36.883  6278  6278 W Keyboard: Keyboard.getKeyboardViewHelper():607 null helper is returned: keyboardDef=oci{processedConditions={}, globalConditions={}, className=com.google.android.libraries.inputmethod.keyboard.impl.Keyboard, resourceIds=[#0x7f17004e], initialStates=0, keyboardViewDefs=[], persistentStates=0, persistentStatesPrefKey=null, popupBubbleLayoutId=#0x0, recentKeyLayoutId=#0x0, recentKeyPopupLayoutId=#0x0, recentKeyType=null, rememberRecentKey=NONE, sessionStates=0}, type=BODY, helpersCreated={}, context.getResources().getConfiguration(): {1.0 310mcc260mnc [en_US] ldltr sw411dp w411dp h923dp 420dpi nrml long compactNeeded port finger qwerty/v/v dpad/v winConfig={ mBounds=Rect(0, 0 - 1080, 2424) mAppBounds=Rect(0, 0 - 1080, 2424) mMaxBounds=Rect(0, 0 - 1080, 2424) mDisplayRotation=ROTATION_0 mWindowingMode=fullscreen mActivityType=undefined mAlwaysOnTop=undefined mRotation=ROTATION_0} as.5 s.53 fontWeightAdjustment=0}
07-06 23:02:36.883  6278  6278 I GoogleInputMethodService: GoogleInputMethodService$1.onKeyboardViewShown():344 onKeyboardViewShown: keyboardType=accessory, keyboardViewType=BODY keyboardView=null
07-06 23:02:36.883  6278  6278 W Keyboard: Keyboard.getKeyboardViewHelper():607 null helper is returned: keyboardDef=oci{processedConditions={}, globalConditions={}, className=com.google.android.libraries.inputmethod.keyboard.impl.Keyboard, resourceIds=[#0x7f17004e], initialStates=0, keyboardViewDefs=[], persistentStates=0, persistentStatesPrefKey=null, popupBubbleLayoutId=#0x0, recentKeyLayoutId=#0x0, recentKeyPopupLayoutId=#0x0, recentKeyType=null, rememberRecentKey=NONE, sessionStates=0}, type=BODY, helpersCreated={}, context.getResources().getConfiguration(): {1.0 310mcc260mnc [en_US] ldltr sw411dp w411dp h923dp 420dpi nrml long compactNeeded port finger qwerty/v/v dpad/v winConfig={ mBounds=Rect(0, 0 - 1080, 2424) mAppBounds=Rect(0, 0 - 1080, 2424) mMaxBounds=Rect(0, 0 - 1080, 2424) mDisplayRotation=ROTATION_0 mWindowingMode=fullscreen mActivityType=undefined mAlwaysOnTop=undefined mRotation=ROTATION_0} as.5 s.53 fontWeightAdjustment=0}
07-06 23:02:36.884  6278  6337 W ModuleManager: ModuleManager.loadModule():634 Module pyg is not available
07-06 23:02:36.884  6278  6337 I NebulaeTrainingCacheMetricsProcessor: NebulaeTrainingCacheMetricsProcessor.processEndSession():616 End training cache session: com.google.android.inputmethod.latin_0/
07-06 23:02:36.884  6278  6337 I NebulaeTrainingCacheMetricsProcessor: NebulaeTrainingCacheMetricsProcessor.processEndSession():657 No input action collection in this session, skip logging.
07-06 23:02:36.885   637  2040 W PackageConfigPersister: App-specific configuration not found for packageName: tech.pathfinder.unveil and userId: 0
07-06 23:02:36.929   491   576 W skia    : AGTM parsing failed flags.readFromStream(s) at 159
07-06 23:02:36.933 23535 23535 D AndroidRuntime: >>>>>> START com.android.internal.os.RuntimeInit uid 2000 <<<<<<
07-06 23:02:36.937   637   660 I ImeTracker: system_server:a130a48b: onRequestShow at ORIGIN_SERVER reason CONTROLS_CHANGED fromUser false displayId 0
07-06 23:02:36.944   637   988 D InetDiagMessage: Destroyed 0 sockets, proto=IPPROTO_TCP, family=AF_INET, states=14
07-06 23:02:36.945   637   988 D InetDiagMessage: Destroyed 0 sockets, proto=IPPROTO_TCP, family=AF_INET6, states=14
07-06 23:02:36.945   637   988 D InetDiagMessage: Destroyed live tcp sockets for uids={90124} in 0ms
07-06 23:02:36.946 23535 23535 I AndroidRuntime: Using default boot image
07-06 23:02:36.946 23535 23535 I AndroidRuntime: Leaving lock profiling enabled
07-06 23:02:36.950 23535 23535 I app_process: Core platform API enforcement enabled from the hiddenapi_platform_enforcement flag and the device API level
07-06 23:02:36.951 23535 23535 I app_process: Using generational CollectorTypeCMC GC.
07-06 23:02:36.977   637   988 D InetDiagMessage: Destroyed 0 sockets, proto=IPPROTO_TCP, family=AF_INET, states=14
07-06 23:02:36.977   637   988 D InetDiagMessage: Destroyed 0 sockets, proto=IPPROTO_TCP, family=AF_INET6, states=14
07-06 23:02:36.977   637   988 D InetDiagMessage: Destroyed live tcp sockets for uids={90123} in 1ms
07-06 23:02:36.984  6278  6378 I native  : I0000 00:00:1783396956.983689    6378 input-context-store.cc:340] Ignoring stale client request for FetchSuggestions
07-06 23:02:36.988  6278  6378 I Delight5Decoder: Delight5DecoderWrapper.setKeyboardLayout():551 setKeyboardLayout()
07-06 23:02:36.990  6278  6278 W InputContextProxy: InputContextProxy.applyClientDiffInternal():933 Ignore [FetchSuggestions] diff due to stale request: 227<228, inputStateId=72, lastInputStateId=72
07-06 23:02:37.009   637   988 D InetDiagMessage: Destroyed 0 sockets, proto=IPPROTO_TCP, family=AF_INET, states=14
07-06 23:02:37.010   637   988 D InetDiagMessage: Destroyed 0 sockets, proto=IPPROTO_TCP, family=AF_INET6, states=14
07-06 23:02:37.010   637   988 D InetDiagMessage: Destroyed live tcp sockets for uids={90122} in 0ms
07-06 23:02:37.023 23207 23207 I Choreographer: Skipped 30 frames!  The application may be doing too much work on its main thread.
07-06 23:02:37.039   637   988 D InetDiagMessage: Destroyed 0 sockets, proto=IPPROTO_TCP, family=AF_INET, states=14
07-06 23:02:37.039   637   988 D InetDiagMessage: Destroyed 0 sockets, proto=IPPROTO_TCP, family=AF_INET6, states=14
07-06 23:02:37.039   637   988 D InetDiagMessage: Destroyed live tcp sockets for uids={90121} in 1ms
07-06 23:02:37.040 23535 23535 D nativeloader: InitDefaultPublicLibraries for_preload=1: libandroid.so:libaaudio.so:libamidi.so:libbinder_ndk.so:libc.so:libcamera2ndk.so:libdl.so:libEGL.so:libGLESv1_CM.so:libGLESv2.so:libGLESv3.so:libicu.so:libicui18n.so:libicuuc.so:libjnigraphics.so:liblog.so:libmediandk.so:libm.so:libnativehelper.so:libnativewindow.so:libOpenMAXAL.so:libOpenSLES.so:libRS.so:libstdc++.so:libsync.so:libvulkan.so:libwebviewchromium_plat_support.so:libz.so
07-06 23:02:37.052 23535 23535 D nativeloader: Load libicu_jni.so using APEX ns com_android_art for caller /apex/com.android.art/javalib/core-oj.jar: ok
07-06 23:02:37.052 23535 23535 D app_process: u_setTimeZoneFilesDirectory("/apex/com.android.tzdata/etc/tz/versioned/10/icu") succeeded. 
07-06 23:02:37.052 23535 23535 D app_process: I18n APEX ICU file found: /apex/com.android.i18n/etc/icu/icudt78l.dat
07-06 23:02:37.054 23535 23535 D nativeloader: Load libjavacore.so using APEX ns com_android_art for caller /apex/com.android.art/javalib/core-oj.jar: ok
07-06 23:02:37.054 23535 23535 D nativeloader: Load libopenjdk.so using APEX ns com_android_art for caller /apex/com.android.art/javalib/core-oj.jar: ok
07-06 23:02:37.055 23535 23535 I app_process: Priority-to-niceness mapping: 19, 16, 13, 10, 0, -2, -4, -5, -6, -8
07-06 23:02:37.056 23535 23535 W app_process: ClassLoaderContext shared library size mismatch. Expected=2, found=0 (PCL[]{PCL[/system/framework/android.test.base.jar*736588042]#PCL[/system/framework/android.test.mock.jar*4008448454]} | PCL[])
07-06 23:02:37.057 23535 23535 W app_process: ClassLoaderContext classpath size mismatch. expected=0, found=1 (PCL[]{PCL[/system/framework/android.test.runner.jar*805256125]{PCL[/system/framework/android.test.base.jar*736588042]#PCL[/system/framework/android.test.mock.jar*4008448454]}#PCL[/system/framework/android.test.base.jar*736588042]} | PCL[/system/framework/android.test.runner.jar*805256125])
07-06 23:02:37.062   491   576 W skia    : AGTM parsing failed flags.readFromStream(s) at 159
07-06 23:02:37.062   637   988 D InetDiagMessage: Destroyed 0 sockets, proto=IPPROTO_TCP, family=AF_INET, states=14
07-06 23:02:37.062   637   988 D InetDiagMessage: Destroyed 0 sockets, proto=IPPROTO_TCP, family=AF_INET6, states=14
07-06 23:02:37.062   637   988 D InetDiagMessage: Destroyed live tcp sockets for uids={90120} in 0ms
07-06 23:02:37.072 23535 23535 D nativeloader: Load libframework-connectivity-tiramisu-jni.so using APEX ns com_android_tethering for caller /apex/com.android.tethering/javalib/framework-connectivity-t.jar: ok
07-06 23:02:37.072 23535 23535 D AndroidRuntime: Calling main entry com.android.commands.uiautomator.Launcher
07-06 23:02:37.080 23535 23535 I AconfigPackage: android.media.swcodec.flags is mapped to com.android.media.swcodec
07-06 23:02:37.081 23535 23535 I AconfigPackage: com.android.permission.flags is mapped to com.android.permission
07-06 23:02:37.081 23535 23535 I AconfigPackage: com.android.permissioncontroller.flags is mapped to com.android.permission
07-06 23:02:37.081 23535 23535 I AconfigPackage: com.google.android.widevine.flags is mapped to com.google.android.widevine
07-06 23:02:37.081 23535 23535 I AconfigPackage: com.android.icu is mapped to com.android.i18n
07-06 23:02:37.082 23535 23535 I AconfigPackage: com.android.appsearch.flags is mapped to com.android.appsearch
07-06 23:02:37.082 23535 23535 I AconfigPackage: com.android.uprobestats.flags is mapped to com.android.uprobestats
07-06 23:02:37.082 23535 23535 I AconfigPackage: android.uprobestats.mainline.flags is mapped to com.android.uprobestats
07-06 23:02:37.082 23535 23535 I AconfigPackage: com.android.crashrecovery.flags is mapped to com.android.crashrecovery
07-06 23:02:37.082 23535 23535 I AconfigPackage: android.provider.flags is mapped to com.android.configinfrastructure
07-06 23:02:37.082 23535 23535 I AconfigPackage: com.android.server.deviceconfig is mapped to com.android.configinfrastructure
07-06 23:02:37.082 23535 23535 I AconfigPackage: com.android.art.flags is mapped to com.android.art
07-06 23:02:37.082 23535 23535 I AconfigPackage: com.android.art.rw.flags is mapped to com.android.art
07-06 23:02:37.082 23535 23535 I AconfigPackage: com.android.libcore is mapped to com.android.art
07-06 23:02:37.082 23535 23535 I AconfigPackage: android.telecom.flags is mapped to com.android.telephonycore
07-06 23:02:37.082 23535 23535 I AconfigPackage: com.android.internal.telecom.flags is mapped to com.android.telephonycore
07-06 23:02:37.082 23535 23535 I AconfigPackage: com.android.telephony.flags is mapped to com.android.telephonycore
07-06 23:02:37.082 23535 23535 I AconfigPackage: com.android.media.extractor.flags is mapped to com.android.media
07-06 23:02:37.082 23535 23535 I AconfigPackage: com.android.media.metrics.flags is mapped to com.android.media
07-06 23:02:37.082 23535 23535 I AconfigPackage: com.android.media.mainline.flags is mapped to com.android.media
07-06 23:02:37.083 23535 23535 I AconfigPackage: com.android.wifi.flags is mapped to com.android.wifi
07-06 23:02:37.083 23535 23535 I AconfigPackage: com.android.org.conscrypt.flags is mapped to com.android.conscrypt
07-06 23:02:37.083 23535 23535 I AconfigPackage: com.android.org.conscrypt.net.flags is mapped to com.android.conscrypt
07-06 23:02:37.083 23535 23535 I AconfigPackage: com.android.healthfitness.flags is mapped to com.android.healthfitness
07-06 23:02:37.083 23535 23535 I AconfigPackage: com.android.ipsec.flags is mapped to com.android.ipsec
07-06 23:02:37.083 23535 23535 I AconfigPackage: com.android.nfc.module.flags is mapped to com.android.nfcservices
07-06 23:02:37.083 23535 23535 I AconfigPackage: com.android.nfc.module.nonexported.flags is mapped to com.android.nfcservices
07-06 23:02:37.083 23535 23535 I AconfigPackage: com.android.adservices.ondevicepersonalization.flags is mapped to com.android.ondevicepersonalization
07-06 23:02:37.083 23535 23535 I AconfigPackage: com.android.adbd.flags is mapped to com.android.adbd
07-06 23:02:37.083 23535 23535 I AconfigPackage: com.android.bluetooth.beta.flags is mapped to com.android.bt
07-06 23:02:37.083 23535 23535 I AconfigPackage: com.android.bluetooth.flags is mapped to com.android.bt
07-06 23:02:37.083 23535 23535 I AconfigPackage: com.android.devicelock.flags is mapped to com.android.devicelock
07-06 23:02:37.083 23535 23535 I AconfigPackage: android.os.profiling is mapped to com.android.profiling
07-06 23:02:37.083 23535 23535 I AconfigPackage: android.os.profiling.anomaly.flags is mapped to com.android.profiling
07-06 23:02:37.083 23535 23535 I AconfigPackage: com.android.os.statsd.flags is mapped to com.android.os.statsd
07-06 23:02:37.083 23535 23535 I AconfigPackage: com.android.webapp.flags is mapped to com.android.webapp
07-06 23:02:37.083 23535 23535 I AconfigPackage: com.android.rkpd.flags is mapped to com.android.rkpd
07-06 23:02:37.084 23535 23535 I AconfigPackage: com.android.cellbroadcastreceiver.flags is mapped to com.android.cellbroadcast
07-06 23:02:37.084 23535 23535 I AconfigPackage: com.android.adservices.flags is mapped to com.android.adservices
07-06 23:02:37.084 23535 23535 I AconfigPackage: com.android.sdksandbox.flags is mapped to com.android.adservices
07-06 23:02:37.084 23535 23535 I AconfigPackage: android.app.sdksandbox.flags is mapped to com.android.adservices
07-06 23:02:37.084 23535 23535 I AconfigPackage: com.android.uwb.flags is mapped to com.android.uwb
07-06 23:02:37.084 23535 23535 I AconfigPackage: com.android.ranging.flags is mapped to com.android.uwb
07-06 23:02:37.084 23535 23535 I AconfigPackage: com.android.npumanager is mapped to com.android.npumanager
07-06 23:02:37.084 23535 23535 I AconfigPackage: android.graphics.pdf.flags is mapped to com.android.mediaprovider
07-06 23:02:37.084 23535 23535 I AconfigPackage: com.android.providers.media.flags is mapped to com.android.mediaprovider
07-06 23:02:37.084 23535 23535 I AconfigPackage: android.graphics.pdf.flags.readonly is mapped to com.android.mediaprovider
07-06 23:02:37.084 23535 23535 I AconfigPackage: com.android.tethering.mainline.beta is mapped to com.android.tethering
07-06 23:02:37.084 23535 23535 I AconfigPackage: android.net.http is mapped to com.android.tethering
07-06 23:02:37.084 23535 23535 I AconfigPackage: com.android.tethering.readonly.flags is mapped to com.android.tethering
07-06 23:02:37.084 23535 23535 I AconfigPackage: android.net.vcn is mapped to com.android.tethering
07-06 23:02:37.084 23535 23535 I AconfigPackage: com.android.net.flags is mapped to com.android.tethering
07-06 23:02:37.084 23535 23535 I AconfigPackage: com.android.tethering.flags is mapped to com.android.tethering
07-06 23:02:37.084 23535 23535 I AconfigPackage: com.android.tethering.beta.test is mapped to com.android.tethering
07-06 23:02:37.084 23535 23535 I AconfigPackage: com.android.nearby.flags is mapped to com.android.tethering
07-06 23:02:37.084 23535 23535 I AconfigPackage: com.android.net.thread.flags is mapped to com.android.tethering
07-06 23:02:37.084 23535 23535 I AconfigPackage: com.android.net.ct.flags is mapped to com.android.tethering
07-06 23:02:37.084 23535 23535 I AconfigPackage: com.android.system.virtualmachine.flags is mapped to com.android.virt
07-06 23:02:37.084 23535 23535 E FeatureFlagsImplExport: android.os.flagging.AconfigStorageReadException: ERROR_PACKAGE_NOT_FOUND: package android.xr cannot be found on the device
07-06 23:02:37.084 23207 23207 D WindowOnBackDispatcher: setTopOnBackInvokedCallback (unwrapped): android.view.ImeBackAnimationController@c8d5e4f
07-06 23:02:37.084   637  1160 D CoreBackPreview: Window{b630889 u0 tech.pathfinder.unveil/tech.pathfinder.unveil.MainActivity}: Setting back callback OnBackInvokedCallbackInfo{mCallback=android.window.IOnBackInvokedCallback$Stub$Proxy@9044e48, mPriority=0, mIsAnimationCallback=true, mOverrideBehavior=0}
07-06 23:02:37.084 23207 23207 D WindowOnBackDispatcher: setTopOnBackInvokedCallback (unwrapped): androidx.activity.OnBackPressedDispatcher$Api34Impl$createOnBackAnimationCallback$1@a55d634
07-06 23:02:37.084 23535 23535 D UiAutomationConnection: Created on user UserHandle{0}
07-06 23:02:37.084 23535 23535 I UiAutomation: Initialized for user 0 on display 0
07-06 23:02:37.084 23535 23535 W UiAutomation: Created with deprecatead constructor, assumes DEFAULT_DISPLAY
07-06 23:02:37.085   637  1160 D CoreBackPreview: Window{b630889 u0 tech.pathfinder.unveil/tech.pathfinder.unveil.MainActivity}: Setting back callback OnBackInvokedCallbackInfo{mCallback=android.window.IOnBackInvokedCallback$Stub$Proxy@a5f74e1, mPriority=0, mIsAnimationCallback=true, mOverrideBehavior=0}
07-06 23:02:37.085   637  2033 D AccessibilityManagerService: changeCurrentUserForTestAutomationIfNeededLocked(0): ignoring because device doesn't support visible background users
07-06 23:02:37.085   637  2033 I UiAutomationManager: Registering UiTestAutomationService (id=com.android.server.accessibility/UiAutomation, flags=0x0) when called by user 0
07-06 23:02:37.085   637  2033 V AccessibilityManagerService: onUserStateChangedLocked for userId: 0, forceUpdate: false
07-06 23:02:37.086 23207 23207 I ImeTracker: system_server:a130a48b: onCancelled at PHASE_CLIENT_ON_CONTROLS_CHANGED
07-06 23:02:37.087   637  2033 V AccessibilityUserState: updateShortcutTargets: type:accessibility_shortcut_target_service, current:{}, new:{}
07-06 23:02:37.087   637  2033 V AccessibilityUserState: updateShortcutTargets: type:accessibility_button_targets, current:{}, new:{}
07-06 23:02:37.087   637  2033 V AccessibilityUserState: updateShortcutTargets: type:accessibility_gesture_targets, current:{}, new:{}
07-06 23:02:37.087   637  2033 V AccessibilityUserState: updateShortcutTargets: type:accessibility_qs_targets, current:{}, new:{}
07-06 23:02:37.087   637  2033 V AccessibilityUserState: updateShortcutTargets: type:accessibility_key_gesture_targets, current:{}, new:{}
07-06 23:02:37.087   637  2033 V AccessibilityUserState: updateShortcutTargets: type:accessibility_top_row_key_targets, current:{}, new:{}
07-06 23:02:37.087   637  2033 V AccessibilityUserState: updateShortcutTargets: type:accessibility_quick_access_targets, current:{}, new:{}
07-06 23:02:37.087   637  2033 W MagnificationConnectionManager: requestConnection duplicated request: connect=false, mConnectionState=DISCONNECTED
07-06 23:02:37.093   637   637 W libbinder.IPCThreadState: Sending oneway calls to frozen process.
07-06 23:02:37.094   637   637 W libbinder.IPCThreadState: Sending oneway calls to frozen process.
07-06 23:02:37.094   637   637 W libbinder.IPCThreadState: Sending oneway calls to frozen process.
07-06 23:02:37.094   637   637 W libbinder.IPCThreadState: Sending oneway calls to frozen process.
07-06 23:02:37.094   637   637 W libbinder.IPCThreadState: Sending oneway calls to frozen process.
07-06 23:02:37.094   637   637 W libbinder.IPCThreadState: Sending oneway calls to frozen process.
07-06 23:02:37.094   637   637 W libbinder.IPCThreadState: Sending oneway calls to frozen process.
07-06 23:02:37.094   637   637 W libbinder.IPCThreadState: Sending oneway calls to frozen process.
07-06 23:02:37.094   637   637 W libbinder.IPCThreadState: Sending oneway calls to frozen process.
07-06 23:02:37.094   637   637 W libbinder.IPCThreadState: Sending oneway calls to frozen process.
07-06 23:02:37.095   637   637 W libbinder.IPCThreadState: Sending oneway calls to frozen process.
07-06 23:02:37.095   637   637 W libbinder.IPCThreadState: Sending oneway calls to frozen process.
07-06 23:02:37.095   637   637 W libbinder.IPCThreadState: Sending oneway calls to frozen process.
07-06 23:02:37.095   637   637 W libbinder.IPCThreadState: Sending oneway calls to frozen process.
07-06 23:02:37.095   637   637 W libbinder.IPCThreadState: Sending oneway calls to frozen process.
07-06 23:02:37.095   637   637 W libbinder.IPCThreadState: Sending oneway calls to frozen process.
07-06 23:02:37.095   637   637 W libbinder.IPCThreadState: Sending oneway calls to frozen process.
07-06 23:02:37.095   637   637 W libbinder.IPCThreadState: Sending oneway calls to frozen process.
07-06 23:02:37.095   637   637 D BatterySaverPolicy: accessibility changed to true, updating policy.
07-06 23:02:37.096   637   988 D InetDiagMessage: Destroyed 0 sockets, proto=IPPROTO_TCP, family=AF_INET, states=14
07-06 23:02:37.096   637   988 D InetDiagMessage: Destroyed 0 sockets, proto=IPPROTO_TCP, family=AF_INET6, states=14
07-06 23:02:37.096   637   988 D InetDiagMessage: Destroyed live tcp sockets for uids={90119} in 1ms
07-06 23:02:37.104   637  2010 V AccessibilityManagerService: onUserStateChangedLocked for userId: 0, forceUpdate: false
07-06 23:02:37.104   637  2010 V AccessibilityUserState: updateShortcutTargets: type:accessibility_shortcut_target_service, current:{}, new:{}
07-06 23:02:37.104   637  2010 V AccessibilityUserState: updateShortcutTargets: type:accessibility_button_targets, current:{}, new:{}
07-06 23:02:37.104   637  2010 V AccessibilityUserState: updateShortcutTargets: type:accessibility_gesture_targets, current:{}, new:{}
07-06 23:02:37.104   637  2010 V AccessibilityUserState: updateShortcutTargets: type:accessibility_qs_targets, current:{}, new:{}
07-06 23:02:37.104   637  2010 V AccessibilityUserState: updateShortcutTargets: type:accessibility_key_gesture_targets, current:{}, new:{}
07-06 23:02:37.104   637  2010 V AccessibilityUserState: updateShortcutTargets: type:accessibility_top_row_key_targets, current:{}, new:{}
07-06 23:02:37.104   637  2010 V AccessibilityUserState: updateShortcutTargets: type:accessibility_quick_access_targets, current:{}, new:{}
07-06 23:02:37.104   637  2010 W MagnificationConnectionManager: requestConnection duplicated request: connect=false, mConnectionState=DISCONNECTED
07-06 23:02:37.104   637   637 W libbinder.IPCThreadState: Sending oneway calls to frozen process.
07-06 23:02:37.104   637   637 W libbinder.IPCThreadState: Sending oneway calls to frozen process.
07-06 23:02:37.104   637   637 W libbinder.IPCThreadState: Sending oneway calls to frozen process.
07-06 23:02:37.104   637   637 W libbinder.IPCThreadState: Sending oneway calls to frozen process.
07-06 23:02:37.104   637   637 W libbinder.IPCThreadState: Sending oneway calls to frozen process.
07-06 23:02:37.104   637   637 W libbinder.IPCThreadState: Sending oneway calls to frozen process.
07-06 23:02:37.104   637   637 W libbinder.IPCThreadState: Sending oneway calls to frozen process.
07-06 23:02:37.105   637   637 W libbinder.IPCThreadState: Sending oneway calls to frozen process.
07-06 23:02:37.105   637   637 W libbinder.IPCThreadState: Sending oneway calls to frozen process.
07-06 23:02:37.105   637   637 W libbinder.IPCThreadState: Sending oneway calls to frozen process.
07-06 23:02:37.105   637   637 W libbinder.IPCThreadState: Sending oneway calls to frozen process.
07-06 23:02:37.105   637   637 W libbinder.IPCThreadState: Sending oneway calls to frozen process.
07-06 23:02:37.107  3040  3868 I AiAiEcho: Settings changed for uri: content://settings/secure/accessibility_enabled
07-06 23:02:37.107  3040  3868 I AiAiEcho: Settings changed for uri: content://settings/secure/accessibility_enabled
07-06 23:02:37.108  3040  3340 I AiAiEcho: Predicting[0]:  [CONTEXT sampling_count=5 ]
07-06 23:02:37.108  3040  3340 I AiAiEcho: EchoTargets: 
07-06 23:02:37.108  3040  3340 I AiAiEcho: Filtered by AiAi flag check: 
07-06 23:02:37.108  3040  3340 I AiAiEcho: [CONTEXT ratelimit_period="10 SECONDS" ]
07-06 23:02:37.108  3040  3340 I AiAiEcho: #remoteViewsTwiddler: feature disabled.
07-06 23:02:37.108  3040  3340 I AiAiEcho: Predicting[0]:  [CONTEXT sampling_count=5 ]
07-06 23:02:37.108  3040  3340 I AiAiEcho: EchoTargets: 
07-06 23:02:37.108  3040  3340 I AiAiEcho: Filtered by AiAi flag check: 
07-06 23:02:37.108  3040  3340 I AiAiEcho: [CONTEXT ratelimit_period="10 SECONDS" ]
07-06 23:02:37.109  3040  3340 I AiAiEcho: #remoteViewsTwiddler: feature disabled.
07-06 23:02:37.109  3040  3340 I AiAiEcho: Predicting[0]:  [CONTEXT sampling_count=5 ]
07-06 23:02:37.109  3040  3340 I AiAiEcho: EchoTargets: 
07-06 23:02:37.109  3040  3340 I AiAiEcho: Filtered by AiAi flag check: 
07-06 23:02:37.109  3040  3340 I AiAiEcho: [CONTEXT ratelimit_period="10 SECONDS" ]
07-06 23:02:37.109  3040  3340 I AiAiEcho: #remoteViewsTwiddler: feature disabled.
07-06 23:02:37.109  3040  3340 I AiAiEcho: Predicting[0]:  [CONTEXT sampling_count=5 ]
07-06 23:02:37.109  3040  3340 I AiAiEcho: EchoTargets: 
07-06 23:02:37.109  3040  3340 I AiAiEcho: Filtered by AiAi flag check: 
07-06 23:02:37.109  3040  3340 I AiAiEcho: [CONTEXT ratelimit_period="10 SECONDS" ]
07-06 23:02:37.109  3040  3340 I AiAiEcho: #remoteViewsTwiddler: feature disabled.
07-06 23:02:37.109  3040  3340 I AiAiEcho: Predicting[0]:  [CONTEXT sampling_count=5 ]
07-06 23:02:37.109  3040  3340 I AiAiEcho: EchoTargets: 
07-06 23:02:37.109  3040  3340 I AiAiEcho: Filtered by AiAi flag check: 
07-06 23:02:37.109  3040  3340 I AiAiEcho: [CONTEXT ratelimit_period="10 SECONDS" ]
07-06 23:02:37.109  3040  3340 I AiAiEcho: #remoteViewsTwiddler: feature disabled.
07-06 23:02:37.109  3040  3340 I AiAiEcho: Predicting[0]:  [CONTEXT sampling_count=5 ]
07-06 23:02:37.109  3040  3340 I AiAiEcho: EchoTargets: 
07-06 23:02:37.109  3040  3340 I AiAiEcho: Filtered by AiAi flag check: 
07-06 23:02:37.109  3040  3340 I AiAiEcho: [CONTEXT ratelimit_period="10 SECONDS" ]
07-06 23:02:37.109  3040  3340 I AiAiEcho: #remoteViewsTwiddler: feature disabled.
07-06 23:02:37.109  3040  3340 I AiAiEcho: #postPredictionTargets: Sending updates to UISurface home with targets# 0 (types=[])
07-06 23:02:37.110  3040  3340 I AiAiEcho: #postPredictionTargets: Sending updates to UISurface ambientcue with targets# 0 (types=[])
07-06 23:02:37.110  3040  3340 I AiAiEcho: #postPredictionTargets: Sending updates to UISurface lockscreen with targets# 0 (types=[])
07-06 23:02:37.110  3040  3340 I AiAiEcho: #postPredictionTargets: Sending updates to UISurface home with targets# 0 (types=[])
07-06 23:02:37.110  3040  3340 I AiAiEcho: #postPredictionTargets: Sending updates to UISurface ambientcue with targets# 0 (types=[])
07-06 23:02:37.110  3040  3340 I AiAiEcho: #postPredictionTargets: Sending updates to UISurface lockscreen with targets# 0 (types=[])
07-06 23:02:37.124  1081  1294 I AmbientCueRepository: Receiving SmartSpace targets # 0
07-06 23:02:37.124  1081  1294 I AmbientCueRepository: Receiving SmartSpace targets # 0
07-06 23:02:37.126   637  2010 D AccessibilityManagerService: .getAccessibilityShortcutTargets {shortcutType=32, userId=0}
07-06 23:02:37.137   637   988 D InetDiagMessage: Destroyed 0 sockets, proto=IPPROTO_TCP, family=AF_INET, states=14
07-06 23:02:37.137   637   988 D InetDiagMessage: Destroyed 0 sockets, proto=IPPROTO_TCP, family=AF_INET6, states=14
07-06 23:02:37.137   637   988 D InetDiagMessage: Destroyed live tcp sockets for uids={90118} in 1ms
07-06 23:02:37.165   491   576 W skia    : AGTM parsing failed flags.readFromStream(s) at 159
07-06 23:02:37.208   637   988 D InetDiagMessage: Destroyed 0 sockets, proto=IPPROTO_TCP, family=AF_INET, states=14
07-06 23:02:37.209   637   988 D InetDiagMessage: Destroyed 0 sockets, proto=IPPROTO_TCP, family=AF_INET6, states=14
07-06 23:02:37.209   637   988 D InetDiagMessage: Destroyed live tcp sockets for uids={90117} in 0ms
07-06 23:02:37.229 13401 13401 D BoundBrokerSvc: onUnbind: Intent { act=com.google.android.gms.common.telemetry.service.START dat=chimera-action:/... xflg=0x4 cmp=com.google.android.gms/.chimera.PersistentApiService }
07-06 23:02:37.238   637   988 D InetDiagMessage: Destroyed 0 sockets, proto=IPPROTO_TCP, family=AF_INET, states=14
07-06 23:02:37.238   637   988 D InetDiagMessage: Destroyed 0 sockets, proto=IPPROTO_TCP, family=AF_INET6, states=14
07-06 23:02:37.238   637   988 D InetDiagMessage: Destroyed live tcp sockets for uids={90116} in 1ms
07-06 23:02:37.255   637   988 D InetDiagMessage: Destroyed 0 sockets, proto=IPPROTO_TCP, family=AF_INET, states=14
07-06 23:02:37.255   637   988 D InetDiagMessage: Destroyed 0 sockets, proto=IPPROTO_TCP, family=AF_INET6, states=14
07-06 23:02:37.255   637   988 D InetDiagMessage: Destroyed live tcp sockets for uids={90115} in 1ms
07-06 23:02:37.262   491   576 W skia    : AGTM parsing failed flags.readFromStream(s) at 159
07-06 23:02:37.269   637   988 D InetDiagMessage: Destroyed 0 sockets, proto=IPPROTO_TCP, family=AF_INET, states=14
07-06 23:02:37.269   637   988 D InetDiagMessage: Destroyed 0 sockets, proto=IPPROTO_TCP, family=AF_INET6, states=14
07-06 23:02:37.269   637   988 D InetDiagMessage: Destroyed live tcp sockets for uids={90113} in 0ms
07-06 23:02:37.282   637   988 D InetDiagMessage: Destroyed 0 sockets, proto=IPPROTO_TCP, family=AF_INET, states=14
07-06 23:02:37.282   637   988 D InetDiagMessage: Destroyed 0 sockets, proto=IPPROTO_TCP, family=AF_INET6, states=14
07-06 23:02:37.282   637   988 D InetDiagMessage: Destroyed live tcp sockets for uids={90112} in 1ms
07-06 23:02:37.304   637   988 D InetDiagMessage: Destroyed 0 sockets, proto=IPPROTO_TCP, family=AF_INET, states=14
07-06 23:02:37.304   637   988 D InetDiagMessage: Destroyed 0 sockets, proto=IPPROTO_TCP, family=AF_INET6, states=14
07-06 23:02:37.304   637   988 D InetDiagMessage: Destroyed live tcp sockets for uids={90111} in 0ms
07-06 23:02:37.321   637   988 D InetDiagMessage: Destroyed 0 sockets, proto=IPPROTO_TCP, family=AF_INET, states=14
07-06 23:02:37.321   637   988 D InetDiagMessage: Destroyed 0 sockets, proto=IPPROTO_TCP, family=AF_INET6, states=14
07-06 23:02:37.321   637   988 D InetDiagMessage: Destroyed live tcp sockets for uids={90110} in 0ms
07-06 23:02:37.321   637   988 D InetDiagMessage: Destroyed 0 sockets, proto=IPPROTO_TCP, family=AF_INET, states=14
07-06 23:02:37.321   637   988 D InetDiagMessage: Destroyed 0 sockets, proto=IPPROTO_TCP, family=AF_INET6, states=14
07-06 23:02:37.321   637   988 D InetDiagMessage: Destroyed live tcp sockets for uids={90109} in 0ms
07-06 23:02:37.322   637   988 D InetDiagMessage: Destroyed 0 sockets, proto=IPPROTO_TCP, family=AF_INET, states=14
07-06 23:02:37.322   637   988 D InetDiagMessage: Destroyed 0 sockets, proto=IPPROTO_TCP, family=AF_INET6, states=14
07-06 23:02:37.322   637   988 D InetDiagMessage: Destroyed live tcp sockets for uids={90108} in 0ms
07-06 23:02:37.322   637   988 D InetDiagMessage: Destroyed 0 sockets, proto=IPPROTO_TCP, family=AF_INET, states=14
07-06 23:02:37.322   637   988 D InetDiagMessage: Destroyed 0 sockets, proto=IPPROTO_TCP, family=AF_INET6, states=14
07-06 23:02:37.322   637   988 D InetDiagMessage: Destroyed live tcp sockets for uids={90107} in 1ms
07-06 23:02:37.322   637   988 D InetDiagMessage: Destroyed 0 sockets, proto=IPPROTO_TCP, family=AF_INET, states=14
07-06 23:02:37.322   637   988 D InetDiagMessage: Destroyed 0 sockets, proto=IPPROTO_TCP, family=AF_INET6, states=14
07-06 23:02:37.322   637   988 D InetDiagMessage: Destroyed live tcp sockets for uids={90106} in 0ms
07-06 23:02:37.322   637   988 D InetDiagMessage: Destroyed 0 sockets, proto=IPPROTO_TCP, family=AF_INET, states=14
07-06 23:02:37.322   637   988 D InetDiagMessage: Destroyed 0 sockets, proto=IPPROTO_TCP, family=AF_INET6, states=14
07-06 23:02:37.322   637   988 D InetDiagMessage: Destroyed live tcp sockets for uids={90105} in 0ms
07-06 23:02:37.322   637   988 D InetDiagMessage: Destroyed 0 sockets, proto=IPPROTO_TCP, family=AF_INET, states=14
07-06 23:02:37.322   637   988 D InetDiagMessage: Destroyed 0 sockets, proto=IPPROTO_TCP, family=AF_INET6, states=14
07-06 23:02:37.322   637   988 D InetDiagMessage: Destroyed live tcp sockets for uids={90104} in 0ms
07-06 23:02:37.323   637   988 D InetDiagMessage: Destroyed 0 sockets, proto=IPPROTO_TCP, family=AF_INET, states=14
07-06 23:02:37.323   637   988 D InetDiagMessage: Destroyed 0 sockets, proto=IPPROTO_TCP, family=AF_INET6, states=14
07-06 23:02:37.323   637   988 D InetDiagMessage: Destroyed live tcp sockets for uids={90103} in 0ms
07-06 23:02:37.323   637   988 D InetDiagMessage: Destroyed 0 sockets, proto=IPPROTO_TCP, family=AF_INET, states=14
07-06 23:02:37.323   637   988 D InetDiagMessage: Destroyed 0 sockets, proto=IPPROTO_TCP, family=AF_INET6, states=14
07-06 23:02:37.323   637   988 D InetDiagMessage: Destroyed live tcp sockets for uids={90102} in 1ms
07-06 23:02:37.323   637   988 D InetDiagMessage: Destroyed 0 sockets, proto=IPPROTO_TCP, family=AF_INET, states=14
07-06 23:02:37.323   637   988 D InetDiagMessage: Destroyed 0 sockets, proto=IPPROTO_TCP, family=AF_INET6, states=14
07-06 23:02:37.323   637   988 D InetDiagMessage: Destroyed live tcp sockets for uids={90100} in 0ms
07-06 23:02:37.323   637   988 D InetDiagMessage: Destroyed 0 sockets, proto=IPPROTO_TCP, family=AF_INET, states=14
07-06 23:02:37.323   637   988 D InetDiagMessage: Destroyed 0 sockets, proto=IPPROTO_TCP, family=AF_INET6, states=14
07-06 23:02:37.323   637   988 D InetDiagMessage: Destroyed live tcp sockets for uids={90099} in 0ms
07-06 23:02:37.323   637   988 D InetDiagMessage: Destroyed 0 sockets, proto=IPPROTO_TCP, family=AF_INET, states=14
07-06 23:02:37.323   637   988 D InetDiagMessage: Destroyed 0 sockets, proto=IPPROTO_TCP, family=AF_INET6, states=14
07-06 23:02:37.323   637   988 D InetDiagMessage: Destroyed live tcp sockets for uids={90098} in 0ms
07-06 23:02:37.323   637   988 D InetDiagMessage: Destroyed 0 sockets, proto=IPPROTO_TCP, family=AF_INET, states=14
07-06 23:02:37.324   637   988 D InetDiagMessage: Destroyed 0 sockets, proto=IPPROTO_TCP, family=AF_INET6, states=14
07-06 23:02:37.324   637   988 D InetDiagMessage: Destroyed live tcp sockets for uids={90097} in 0ms
07-06 23:02:37.324   637   988 D InetDiagMessage: Destroyed 0 sockets, proto=IPPROTO_TCP, family=AF_INET, states=14
07-06 23:02:37.324   637   988 D InetDiagMessage: Destroyed 0 sockets, proto=IPPROTO_TCP, family=AF_INET6, states=14
07-06 23:02:37.324   637   988 D InetDiagMessage: Destroyed live tcp sockets for uids={90096} in 0ms
07-06 23:02:37.324   637   988 D InetDiagMessage: Destroyed 0 sockets, proto=IPPROTO_TCP, family=AF_INET, states=14
07-06 23:02:37.324   637   988 D InetDiagMessage: Destroyed 0 sockets, proto=IPPROTO_TCP, family=AF_INET6, states=14
07-06 23:02:37.324   637   988 D InetDiagMessage: Destroyed live tcp sockets for uids={90092} in 1ms
07-06 23:02:37.324   637   988 D InetDiagMessage: Destroyed 0 sockets, proto=IPPROTO_TCP, family=AF_INET, states=14
07-06 23:02:37.324   637   988 D InetDiagMessage: Destroyed 2 sockets, proto=IPPROTO_TCP, family=AF_INET6, states=14
07-06 23:02:37.324   637   988 D InetDiagMessage: Destroyed live tcp sockets for uids={10156} in 0ms
07-06 23:02:37.324   637   988 D InetDiagMessage: Destroyed 0 sockets, proto=IPPROTO_TCP, family=AF_INET, states=14
07-06 23:02:37.325   637   988 D InetDiagMessage: Destroyed 0 sockets, proto=IPPROTO_TCP, family=AF_INET6, states=14
07-06 23:02:37.325   637   988 D InetDiagMessage: Destroyed live tcp sockets for uids={10165} in 0ms
07-06 23:02:37.388   637  2033 I ImeTracker: system_server:47dc2047: onRequestHide at ORIGIN_SERVER reason IME_REQUESTED_CHANGED_LISTENER fromUser false displayId 0
07-06 23:02:37.389   637   659 I ImeTracker: system_server:47dc2047: onCancelled at PHASE_SERVER_SHOULD_HIDE
07-06 23:02:37.405   491   576 W skia    : AGTM parsing failed flags.readFromStream(s) at 159
07-06 23:02:37.506   491   576 W skia    : AGTM parsing failed flags.readFromStream(s) at 159
07-06 23:02:37.669   637   637 W ProcessStats: Tracking association SourceState{fcce995 com.google.android.gms.persistent/10210 BFgs #97702} whose proc state 4 is better than process ProcessState{8ebc718 com.google.android.gms/10210 pkg=com.google.android.gms} proc state 14 (19 skipped)
07-06 23:02:38.138 23535 23535 W AccessibilityNodeInfoDumper: Fetch time: 26ms
07-06 23:02:38.139   637  1160 V AccessibilityManagerService: onUserStateChangedLocked for userId: 0, forceUpdate: false
07-06 23:02:38.139   637  1160 V AccessibilityUserState: updateShortcutTargets: type:accessibility_shortcut_target_service, current:{}, new:{}
07-06 23:02:38.140   637  1160 V AccessibilityUserState: updateShortcutTargets: type:accessibility_button_targets, current:{}, new:{}
07-06 23:02:38.140   637  1160 V AccessibilityUserState: updateShortcutTargets: type:accessibility_gesture_targets, current:{}, new:{}
07-06 23:02:38.140   637  1160 V AccessibilityUserState: updateShortcutTargets: type:accessibility_qs_targets, current:{}, new:{}
07-06 23:02:38.140   637  1160 V AccessibilityUserState: updateShortcutTargets: type:accessibility_key_gesture_targets, current:{}, new:{}
07-06 23:02:38.140   637  1160 V AccessibilityUserState: updateShortcutTargets: type:accessibility_top_row_key_targets, current:{}, new:{}
07-06 23:02:38.140   637  1160 V AccessibilityUserState: updateShortcutTargets: type:accessibility_quick_access_targets, current:{}, new:{}
07-06 23:02:38.140   637  1160 W MagnificationConnectionManager: requestConnection duplicated request: connect=false, mConnectionState=DISCONNECTED
07-06 23:02:38.140   637  1160 D AccessibilityManagerService: restoreCurrentUserForTestAutomationIfNeededLocked(): ignoring because device doesn't support visible background users
07-06 23:02:38.140   637   637 W libbinder.IPCThreadState: Sending oneway calls to frozen process.
07-06 23:02:38.140   637   637 W libbinder.IPCThreadState: Sending oneway calls to frozen process.
07-06 23:02:38.140   637   637 W libbinder.IPCThreadState: Sending oneway calls to frozen process.
07-06 23:02:38.140   637   637 W libbinder.IPCThreadState: Sending oneway calls to frozen process.
07-06 23:02:38.140   637   637 W libbinder.IPCThreadState: Sending oneway calls to frozen process.
07-06 23:02:38.140  3040  3707 I AiAiEcho: Settings changed for uri: content://settings/secure/accessibility_enabled
07-06 23:02:38.140   637   637 W libbinder.IPCThreadState: Sending oneway calls to frozen process.
07-06 23:02:38.140 23535 23546 W libbinder.IPCThreadState: call to talkWithDriver in joinThreadPool returned error: -9 (Bad file descriptor), FD: -1
07-06 23:02:38.140   637   637 W libbinder.IPCThreadState: Sending oneway calls to frozen process.
07-06 23:02:38.140  3040  3340 I AiAiEcho: Predicting[0]:  [CONTEXT sampling_count=5 ]
07-06 23:02:38.140 23535 23544 W libbinder.IPCThreadState: call to talkWithDriver in joinThreadPool returned error: -9 (Bad file descriptor), FD: -1
07-06 23:02:38.140 23535 23548 W libbinder.IPCThreadState: call to talkWithDriver in joinThreadPool returned error: -9 (Bad file descriptor), FD: -1
07-06 23:02:38.140 23535 23535 D AndroidRuntime: Shutting down VM
07-06 23:02:38.141  3040  3340 I AiAiEcho: EchoTargets: 
07-06 23:02:38.141  3040  3340 I AiAiEcho: Filtered by AiAi flag check: 
07-06 23:02:38.141  3040  3340 I AiAiEcho: [CONTEXT ratelimit_period="10 SECONDS" ]
07-06 23:02:38.141  3040  3340 I AiAiEcho: #remoteViewsTwiddler: feature disabled.
07-06 23:02:38.141   637   637 W libbinder.IPCThreadState: Sending oneway calls to frozen process.
07-06 23:02:38.141   637   637 W libbinder.IPCThreadState: Sending oneway calls to frozen process.
07-06 23:02:38.141   637   637 W libbinder.IPCThreadState: Sending oneway calls to frozen process.
07-06 23:02:38.141  3040  3340 I AiAiEcho: Predicting[0]:  [CONTEXT sampling_count=5 ]
07-06 23:02:38.141  3040  3340 I AiAiEcho: EchoTargets: 
07-06 23:02:38.141  3040  3340 I AiAiEcho: Filtered by AiAi flag check: 
07-06 23:02:38.141  3040  3340 I AiAiEcho: [CONTEXT ratelimit_period="10 SECONDS" ]
07-06 23:02:38.141   637   637 W libbinder.IPCThreadState: Sending oneway calls to frozen process.
07-06 23:02:38.141   637   637 W libbinder.IPCThreadState: Sending oneway calls to frozen process.
07-06 23:02:38.141  3040  3340 I AiAiEcho: #remoteViewsTwiddler: feature disabled.
07-06 23:02:38.141  3040  3340 I AiAiEcho: Predicting[0]:  [CONTEXT sampling_count=5 ]
07-06 23:02:38.141  3040  3340 I AiAiEcho: EchoTargets: 
07-06 23:02:38.141  3040  3340 I AiAiEcho: Filtered by AiAi flag check: 
07-06 23:02:38.141  3040  3340 I AiAiEcho: [CONTEXT ratelimit_period="10 SECONDS" ]
07-06 23:02:38.142  3040  3340 I AiAiEcho: #remoteViewsTwiddler: feature disabled.
07-06 23:02:38.142   637   637 W libbinder.IPCThreadState: Sending oneway calls to frozen process.
07-06 23:02:38.142  3040  3340 I AiAiEcho: #postPredictionTargets: Sending updates to UISurface home with targets# 0 (types=[])
07-06 23:02:38.142   637   637 W libbinder.IPCThreadState: Sending oneway calls to frozen process.
07-06 23:02:38.142   637   637 W libbinder.IPCThreadState: Sending oneway calls to frozen process.
