07-06 23:02:35.085   637   637 W libbinder.IPCThreadState: Sending oneway calls to frozen process.
07-06 23:02:35.085   637   637 W libbinder.IPCThreadState: Sending oneway calls to frozen process.
07-06 23:02:35.085   637   637 W libbinder.IPCThreadState: Sending oneway calls to frozen process.
07-06 23:02:35.085  3040  3340 I AiAiEcho: Predicting[0]:  [CONTEXT sampling_count=5 ]
07-06 23:02:35.085   637   637 W libbinder.IPCThreadState: Sending oneway calls to frozen process.
07-06 23:02:35.085  3040  3340 I AiAiEcho: EchoTargets: 
07-06 23:02:35.085  3040  3340 I AiAiEcho: Filtered by AiAi flag check: 
07-06 23:02:35.085  3040  3340 I AiAiEcho: [CONTEXT ratelimit_period="10 SECONDS" ]
07-06 23:02:35.085  3040  3340 I AiAiEcho: #remoteViewsTwiddler: feature disabled.
07-06 23:02:35.085 23495 23495 D AndroidRuntime: Shutting down VM
07-06 23:02:35.086  3040  3340 I AiAiEcho: Predicting[0]:  [CONTEXT sampling_count=5 ]
07-06 23:02:35.086  3040  3340 I AiAiEcho: EchoTargets: 
07-06 23:02:35.086  3040  3340 I AiAiEcho: Filtered by AiAi flag check: 
07-06 23:02:35.086  3040  3340 I AiAiEcho: [CONTEXT ratelimit_period="10 SECONDS" ]
07-06 23:02:35.086  3040  3340 I AiAiEcho: #remoteViewsTwiddler: feature disabled.
07-06 23:02:35.086  3040  3340 I AiAiEcho: Predicting[0]:  [CONTEXT sampling_count=5 ]
07-06 23:02:35.086  3040  3340 I AiAiEcho: EchoTargets: 
07-06 23:02:35.086  3040  3340 I AiAiEcho: Filtered by AiAi flag check: 
07-06 23:02:35.086  3040  3340 I AiAiEcho: [CONTEXT ratelimit_period="10 SECONDS" ]
07-06 23:02:35.086  3040  3340 I AiAiEcho: #remoteViewsTwiddler: feature disabled.
07-06 23:02:35.086  3040  3340 I AiAiEcho: #postPredictionTargets: Sending updates to UISurface home with targets# 0 (types=[])
07-06 23:02:35.086  3040  3340 I AiAiEcho: #postPredictionTargets: Sending updates to UISurface ambientcue with targets# 0 (types=[])
07-06 23:02:35.086  3040  3340 I AiAiEcho: #postPredictionTargets: Sending updates to UISurface lockscreen with targets# 0 (types=[])
07-06 23:02:35.086 23495 23509 W libbinder.IPCThreadState: call to talkWithDriver in joinThreadPool returned error: -9 (Bad file descriptor), FD: -1
07-06 23:02:35.086 23495 23508 W libbinder.IPCThreadState: call to talkWithDriver in joinThreadPool returned error: -9 (Bad file descriptor), FD: -1
07-06 23:02:35.086 23495 23512 W libbinder.IPCThreadState: call to talkWithDriver in joinThreadPool returned error: -9 (Bad file descriptor), FD: -1
07-06 23:02:35.089   491   576 W skia    : AGTM parsing failed flags.readFromStream(s) at 159
07-06 23:02:35.089  1081  1294 I AmbientCueRepository: Receiving SmartSpace targets # 0
07-06 23:02:35.090   637   637 W libbinder.IPCThreadState: Sending oneway calls to frozen process.
07-06 23:02:35.090   637   637 W libbinder.IPCThreadState: Sending oneway calls to frozen process.
07-06 23:02:35.090   637   637 W libbinder.IPCThreadState: Sending oneway calls to frozen process.
07-06 23:02:35.090   637   637 W libbinder.IPCThreadState: Sending oneway calls to frozen process.
07-06 23:02:35.090   637   637 D BatterySaverPolicy: accessibility changed to false, updating policy.
07-06 23:02:35.187   637   737 D ActivityManager: freezing 4559 com.android.chrome
07-06 23:02:35.189   487  1139 D AudioFlinger: onStateChanged: pid:4559  uid:10165  state:frozen - no freeze activity
07-06 23:02:35.190   491   576 W skia    : AGTM parsing failed flags.readFromStream(s) at 159
07-06 23:02:35.192   637   737 D ActivityManager: freezing 22749 com.android.chrome:sandboxed_process0:org.chromium.content.app.SandboxedProcessService0:154
07-06 23:02:35.194   637   737 D ActivityManager: freezing 22185 com.android.chrome:sandboxed_process0:org.chromium.content.app.SandboxedProcessService0:153
07-06 23:02:35.196   637   737 D ActivityManager: freezing 21437 com.android.chrome:sandboxed_process0:org.chromium.content.app.SandboxedProcessService0:148
07-06 23:02:35.197   637   737 D ActivityManager: freezing 17943 com.android.chrome:sandboxed_process0:org.chromium.content.app.SandboxedProcessService0:144
07-06 23:02:35.199   637   982 I HalDevMgr: bestIfaceCreationProposal is null, requestIface=STA, existingIface=[name=wlan0 type=STA]
07-06 23:02:35.199   637   737 D ActivityManager: freezing 7142 com.android.chrome:sandboxed_process0:org.chromium.content.app.SandboxedProcessService0:114
07-06 23:02:35.203   637   737 D ActivityManager: freezing 2698 com.android.chrome:sandboxed_process0:org.chromium.content.app.SandboxedProcessService0:101
07-06 23:02:35.203  1175  1409 D IpClient/wlan0: interfaceLinkStateChanged: ifindex 16 up
07-06 23:02:35.205   637   737 D ActivityManager: freezing 30238 com.android.chrome:sandboxed_process0:org.chromium.content.app.SandboxedProcessService0:89
07-06 23:02:35.208  1175  1409 D IpClient/wlan0: interfaceLinkStateChanged: ifindex 16 up
07-06 23:02:35.208   637   737 D ActivityManager: freezing 29090 com.android.chrome:sandboxed_process0:org.chromium.content.app.SandboxedProcessService0:88
07-06 23:02:35.213   637   737 D ActivityManager: freezing 12048 com.android.chrome:sandboxed_process0:org.chromium.content.app.SandboxedProcessService0:9
07-06 23:02:35.215   637   737 D ActivityManager: freezing 21810 com.android.chrome:sandboxed_process0:org.chromium.content.app.SandboxedProcessService0:149
07-06 23:02:35.216   637   737 D ActivityManager: freezing 20747 com.android.chrome:sandboxed_process0:org.chromium.content.app.SandboxedProcessService0:145
07-06 23:02:35.217   637   737 D ActivityManager: freezing 16996 com.android.chrome:sandboxed_process0:org.chromium.content.app.SandboxedProcessService0:143
07-06 23:02:35.218   637   737 D ActivityManager: freezing 16539 com.android.chrome:sandboxed_process0:org.chromium.content.app.SandboxedProcessService0:131
07-06 23:02:35.220   637   737 D ActivityManager: freezing 16374 com.android.chrome:sandboxed_process0:org.chromium.content.app.SandboxedProcessService0:130
07-06 23:02:35.221   637   737 D ActivityManager: freezing 16225 com.android.chrome:sandboxed_process0:org.chromium.content.app.SandboxedProcessService0:129
07-06 23:02:35.222   637   737 D ActivityManager: freezing 16068 com.android.chrome:sandboxed_process0:org.chromium.content.app.SandboxedProcessService0:128
07-06 23:02:35.223   637   737 D ActivityManager: freezing 15932 com.android.chrome:sandboxed_process0:org.chromium.content.app.SandboxedProcessService0:127
07-06 23:02:35.225   637   737 D ActivityManager: freezing 15765 com.android.chrome:sandboxed_process0:org.chromium.content.app.SandboxedProcessService0:126
07-06 23:02:35.226   637   737 D ActivityManager: freezing 15611 com.android.chrome:sandboxed_process0:org.chromium.content.app.SandboxedProcessService0:125
07-06 23:02:35.228   637   737 D ActivityManager: freezing 15441 com.android.chrome:sandboxed_process0:org.chromium.content.app.SandboxedProcessService0:124
07-06 23:02:35.229   637   737 D ActivityManager: freezing 15287 com.android.chrome:sandboxed_process0:org.chromium.content.app.SandboxedProcessService0:123
07-06 23:02:35.231   637   737 D ActivityManager: freezing 15138 com.android.chrome:sandboxed_process0:org.chromium.content.app.SandboxedProcessService0:122
07-06 23:02:35.232   637   737 D ActivityManager: freezing 14978 com.android.chrome:sandboxed_process0:org.chromium.content.app.SandboxedProcessService0:121
07-06 23:02:35.233   637   737 D ActivityManager: freezing 14817 com.android.chrome:sandboxed_process0:org.chromium.content.app.SandboxedProcessService0:120
07-06 23:02:35.233   637   737 D ActivityManager: freezing 14653 com.android.chrome:sandboxed_process0:org.chromium.content.app.SandboxedProcessService0:119
07-06 23:02:35.234   637   737 D ActivityManager: freezing 14498 com.android.chrome:sandboxed_process0:org.chromium.content.app.SandboxedProcessService0:118
07-06 23:02:35.235   637   737 D ActivityManager: freezing 14330 com.android.chrome:sandboxed_process0:org.chromium.content.app.SandboxedProcessService0:117
07-06 23:02:35.236   637   737 D ActivityManager: freezing 14161 com.android.chrome:sandboxed_process0:org.chromium.content.app.SandboxedProcessService0:116
07-06 23:02:35.237   637   737 D ActivityManager: freezing 13990 com.android.chrome:sandboxed_process0:org.chromium.content.app.SandboxedProcessService0:115
07-06 23:02:35.237   637   737 D ActivityManager: freezing 7096 com.android.chrome:sandboxed_process0:org.chromium.content.app.SandboxedProcessService0:113
07-06 23:02:35.238   637   737 D ActivityManager: freezing 7056 com.android.chrome:sandboxed_process0:org.chromium.content.app.SandboxedProcessService0:112
07-06 23:02:35.240   637   737 D ActivityManager: freezing 7022 com.android.chrome:sandboxed_process0:org.chromium.content.app.SandboxedProcessService0:111
07-06 23:02:35.241   637   737 D ActivityManager: freezing 6984 com.android.chrome:sandboxed_process0:org.chromium.content.app.SandboxedProcessService0:110
07-06 23:02:35.243   637   737 D ActivityManager: freezing 6944 com.android.chrome:sandboxed_process0:org.chromium.content.app.SandboxedProcessService0:109
07-06 23:02:35.244   637   737 D ActivityManager: freezing 6910 com.android.chrome:sandboxed_process0:org.chromium.content.app.SandboxedProcessService0:108
07-06 23:02:35.247   637   737 D ActivityManager: freezing 6870 com.android.chrome:sandboxed_process0:org.chromium.content.app.SandboxedProcessService0:107
07-06 23:02:35.248   637   737 D ActivityManager: freezing 6836 com.android.chrome:sandboxed_process0:org.chromium.content.app.SandboxedProcessService0:106
07-06 23:02:35.249   637   737 D ActivityManager: freezing 6792 com.android.chrome:sandboxed_process0:org.chromium.content.app.SandboxedProcessService0:105
07-06 23:02:35.250   637   737 D ActivityManager: freezing 6743 com.android.chrome:sandboxed_process0:org.chromium.content.app.SandboxedProcessService0:104
07-06 23:02:35.251   637   737 D ActivityManager: freezing 4388 com.android.chrome:sandboxed_process0:org.chromium.content.app.SandboxedProcessService0:103
07-06 23:02:35.252   637   737 D ActivityManager: freezing 3520 com.android.chrome:sandboxed_process0:org.chromium.content.app.SandboxedProcessService0:102
07-06 23:02:35.253   637   737 D ActivityManager: freezing 31769 com.android.chrome:sandboxed_process0:org.chromium.content.app.SandboxedProcessService0:100
07-06 23:02:35.254   637   737 D ActivityManager: freezing 31624 com.android.chrome:sandboxed_process0:org.chromium.content.app.SandboxedProcessService0:99
07-06 23:02:35.255   637   737 D ActivityManager: freezing 31590 com.android.chrome:sandboxed_process0:org.chromium.content.app.SandboxedProcessService0:98
07-06 23:02:35.255   637   737 D ActivityManager: freezing 31548 com.android.chrome:sandboxed_process0:org.chromium.content.app.SandboxedProcessService0:97
07-06 23:02:35.256   637   737 D ActivityManager: freezing 31508 com.android.chrome:sandboxed_process0:org.chromium.content.app.SandboxedProcessService0:96
07-06 23:02:35.257   637   737 D ActivityManager: freezing 31366 com.android.chrome:sandboxed_process0:org.chromium.content.app.SandboxedProcessService0:92
07-06 23:02:35.259   637   737 D ActivityManager: freezing 3203 com.android.vending
07-06 23:02:35.262   637   737 D ActivityManager: freezing 12060 com.android.chrome:privileged_process0
07-06 23:02:35.657   637   988 D InetDiagMessage: Destroyed 0 sockets, proto=IPPROTO_TCP, family=AF_INET, states=14
07-06 23:02:35.657   637   988 D InetDiagMessage: Destroyed 0 sockets, proto=IPPROTO_TCP, family=AF_INET6, states=14
07-06 23:02:35.657   637   988 D InetDiagMessage: Destroyed live tcp sockets for uids={90154} in 0ms
07-06 23:02:35.775   637   988 D InetDiagMessage: Destroyed 0 sockets, proto=IPPROTO_TCP, family=AF_INET, states=14
07-06 23:02:35.775   637   988 D InetDiagMessage: Destroyed 0 sockets, proto=IPPROTO_TCP, family=AF_INET6, states=14
07-06 23:02:35.775   637   988 D InetDiagMessage: Destroyed live tcp sockets for uids={90153} in 1ms
07-06 23:02:35.819   637   988 D InetDiagMessage: Destroyed 0 sockets, proto=IPPROTO_TCP, family=AF_INET, states=14
07-06 23:02:35.819   637   988 D InetDiagMessage: Destroyed 0 sockets, proto=IPPROTO_TCP, family=AF_INET6, states=14
07-06 23:02:35.819   637   988 D InetDiagMessage: Destroyed live tcp sockets for uids={90148} in 1ms
07-06 23:02:35.843   637   988 D InetDiagMessage: Destroyed 0 sockets, proto=IPPROTO_TCP, family=AF_INET, states=14
07-06 23:02:35.843   637   988 D InetDiagMessage: Destroyed 0 sockets, proto=IPPROTO_TCP, family=AF_INET6, states=14
07-06 23:02:35.843   637   988 D InetDiagMessage: Destroyed live tcp sockets for uids={90144} in 0ms
07-06 23:02:35.863   637   988 D InetDiagMessage: Destroyed 0 sockets, proto=IPPROTO_TCP, family=AF_INET, states=14
07-06 23:02:35.863   637   988 D InetDiagMessage: Destroyed 0 sockets, proto=IPPROTO_TCP, family=AF_INET6, states=14
07-06 23:02:35.863   637   988 D InetDiagMessage: Destroyed live tcp sockets for uids={90114} in 0ms
07-06 23:02:35.899   637   988 D InetDiagMessage: Destroyed 0 sockets, proto=IPPROTO_TCP, family=AF_INET, states=14
07-06 23:02:35.899   637   988 D InetDiagMessage: Destroyed 0 sockets, proto=IPPROTO_TCP, family=AF_INET6, states=14
07-06 23:02:35.899   637   988 D InetDiagMessage: Destroyed live tcp sockets for uids={90101} in 1ms
07-06 23:02:35.926   637   988 D InetDiagMessage: Destroyed 0 sockets, proto=IPPROTO_TCP, family=AF_INET, states=14
07-06 23:02:35.926   637   988 D InetDiagMessage: Destroyed 0 sockets, proto=IPPROTO_TCP, family=AF_INET6, states=14
07-06 23:02:35.926   637   988 D InetDiagMessage: Destroyed live tcp sockets for uids={90089} in 1ms
07-06 23:02:35.941  1910  1910 I adbd    : adbd service requested 'sync:'
07-06 23:02:35.957  1910  1910 I adbd    : adbd service requested 'shell,v2,TERM=xterm-256color,raw:input tap 324 2276'
07-06 23:02:35.973   637   988 D InetDiagMessage: Destroyed 0 sockets, proto=IPPROTO_TCP, family=AF_INET, states=14
07-06 23:02:35.973   637   988 D InetDiagMessage: Destroyed 0 sockets, proto=IPPROTO_TCP, family=AF_INET6, states=14
07-06 23:02:35.973   637   988 D InetDiagMessage: Destroyed live tcp sockets for uids={90088} in 0ms
07-06 23:02:36.008  1910  1910 I adbd    : adbd service requested 'shell,v2,TERM=xterm-256color,raw:input tap 540 630'
07-06 23:02:36.012   637   988 D InetDiagMessage: Destroyed 0 sockets, proto=IPPROTO_TCP, family=AF_INET, states=14
07-06 23:02:36.012   637   988 D InetDiagMessage: Destroyed 0 sockets, proto=IPPROTO_TCP, family=AF_INET6, states=14
07-06 23:02:36.012   637   988 D InetDiagMessage: Destroyed live tcp sockets for uids={90009} in 1ms
07-06 23:02:36.020   637  1160 W PresentationStatsEventLogger: Bad view state for: -1, state: ViewState: [id=1073741824:i196609@1441871717, state:1, currentValue:android.view.autofill.AutofillValue@1]
07-06 23:02:36.020   637  1160 W FillResponseEventLogger: Shouldn't be logging AutofillFillRequestReported again for same event
07-06 23:02:36.020   637  1160 W PresentationStatsEventLogger: Empty dataset. Autofill ignoring log
07-06 23:02:36.020   637  1160 W SaveEventLogger: Shouldn't be logging AutofillSaveEventReported again for same event
07-06 23:02:36.020   637  1160 D AutofillSession: clearPendingIntentLocked
07-06 23:02:36.020   637  1160 W AutofillInlineSuggestionsRequestSession: Never received an InlineSuggestionsRequest from the IME for 1073741824:i196608@1441871717
07-06 23:02:36.020   637   637 W AutofillSession: handleLogContextCommitted(): last response is null
07-06 23:02:36.021  4480  4480 V InlineSuggestionRenderService: handleDestroySuggestionViews called for 0:1441871717
07-06 23:02:36.031   637  2011 V AutofillSession: Primary service component name: ComponentInfo{com.google.android.gms/com.google.android.gms.autofill.service.AutofillService}, secondary service component name: ComponentInfo{com.android.credentialmanager/com.android.credentialmanager.autofill.CredentialAutofillService}
07-06 23:02:36.031   637  2011 V SecondaryProviderHandler: Creating a secondary provider handler with component name, ComponentInfo{com.android.credentialmanager/com.android.credentialmanager.autofill.CredentialAutofillService}
07-06 23:02:36.031   637  2011 D PresentationStatsEventLogger: Started new PresentationStatsEvent
07-06 23:02:36.032   637  2011 W FillRequestEventLogger: Couldn't find packageName: com.google.android.inputmethod.latin
07-06 23:02:36.034  1910  1910 I adbd    : adbd service requested 'exec:screencap '-p''
07-06 23:02:36.040   637   988 D InetDiagMessage: Destroyed 0 sockets, proto=IPPROTO_TCP, family=AF_INET, states=14
07-06 23:02:36.041   637   988 D InetDiagMessage: Destroyed 0 sockets, proto=IPPROTO_TCP, family=AF_INET6, states=14
07-06 23:02:36.041   637   988 D InetDiagMessage: Destroyed live tcp sockets for uids={90149} in 0ms
07-06 23:02:36.048   637   756 W InputChannel-JNI: Channel already disposed.
07-06 23:02:36.048 23207 23207 I ImeTracker: tech.pathfinder.unveil:59d376a: onRequestShow at ORIGIN_CLIENT reason SHOW_SOFT_INPUT fromUser false userId 0 displayId 0
07-06 23:02:36.056 23207 23207 D InsetsController: show(ime())
07-06 23:02:36.056 23207 23207 D InsetsController: Setting requestedVisibleTypes to 511 (was 503)
07-06 23:02:36.068 23207 23207 I AssistStructure: Flattened final assist data: 2088 bytes, containing 1 windows, 5 views
07-06 23:02:36.069   637   651 D AutofillSession: createPendingIntent for request 864
07-06 23:02:36.069   637   651 D ContentCapturePerUserService: Notified activity assist data for activity: Token{6fbf091 ActivityRecord{108521493 u0 tech.pathfinder.unveil/.MainActivity t93}} without a session Id
07-06 23:02:36.108  6278  6278 I DeviceIntelligenceExtension: DeviceIntelligenceExtension.getInlineSuggestionsRequest():222 Inline suggestions disabled in stylus mode or vertical PK/Voice toolbar
07-06 23:02:36.125  6278  6278 I GoogleInputMethodService: GoogleInputMethodService.onStartInput():1446 onStartInput(EditorInfo{EditorInfo{packageName=tech.pathfinder.unveil, inputType=2040a1, inputTypeString=WebEditText[CapSentences], enableLearning=false, autoCorrection=false, autoComplete=true, imeOptions=12000003, privateImeOptions=null, actionName=SEARCH, actionLabel=null, initialSelStart=0, initialSelEnd=0, initialCapsMode=0, label=null, fieldId=2131230921, fieldName=null, extras=null, hintText=null, hintLocales=[]}}, true)
07-06 23:02:36.125  6278  6278 W SessionManager: SessionManager.beginSession():72 Try to begin an already begun session [INPUT_SESSION], end it first
07-06 23:02:36.126  6278  6278 I AndroidIME: LatinIMEBase.updateInputViewCoverNavigation():322 Update input view padding, isNavbarOverInputWindow=true, bottom inset=63
07-06 23:02:36.135   637   988 D InetDiagMessage: Destroyed 0 sockets, proto=IPPROTO_TCP, family=AF_INET, states=14
07-06 23:02:36.135   637   988 D InetDiagMessage: Destroyed 0 sockets, proto=IPPROTO_TCP, family=AF_INET6, states=14
07-06 23:02:36.135   637   988 D InetDiagMessage: Destroyed live tcp sockets for uids={90145} in 1ms
07-06 23:02:36.149 23527 23527 W libbinder.BackendUnifiedServiceManager: Thread Pool max thread count is 0. Cannot cache binder as linkToDeath cannot be implemented. serviceName: SurfaceFlingerAIDL
07-06 23:02:36.150 23527 23527 W libbinder.BpBinder: Linking to death on android.gui.ISurfaceComposer but there are no threads (yet?) listening to incoming transactions. See ProcessState::startThreadPool and ProcessState::setThreadPoolMaxThreadCount. Generally you should setup the binder threadpool before other initialization steps.
07-06 23:02:36.150 23527 23527 W libbinder.ProcessState: Extra binder thread started, but 0 threads requested. Do not use *startThreadPool when zero threads are requested.
07-06 23:02:36.166  6278  6278 I Module  : DeviceLockedStatusModuleProvider$Module.updateDeviceLockedStatus():103 repeatCheckTimes = 1, locked = false
07-06 23:02:36.169  6278  6278 W NotificationCenter: NotificationCenter$NotificationQueue.notifyPendingNotificationsOnExecutor():877 Heavy notify work detected on UI thread: [nky->kzx, nky->kzx, nky->kzx, nky->kzx, nky->gva, nky->kzx, nky->kzx, nky->njz, nky->kzx, nky->pdq, nky->kzx, nky->mvc, nky->kzx, nky->psy, nky->kxf, nky->kzx, nky->ils, nky->njq, nky->kzx, nky->kzx, nky->huf, nky->gsc, nky->mju, nky->lcs, nky->kzx, nky->kzx] takes 35ms
07-06 23:02:36.170  6278  6278 I StylusModule: StylusModule.onUpdateToolType():774 Update tool type = 2
07-06 23:02:36.173   491   576 W skia    : AGTM parsing failed flags.readFromStream(s) at 159
07-06 23:02:36.173   491   576 W skia    : AGTM parsing failed flags.readFromStream(s) at 159
07-06 23:02:36.173   491   576 W skia    : AGTM parsing failed flags.readFromStream(s) at 159
07-06 23:02:36.178   637   651 W PackageConfigPersister: App-specific configuration not found for packageName: tech.pathfinder.unveil and userId: 0
07-06 23:02:36.188  6278  6278 I GoogleInputMethodService: GoogleInputMethodService.onStartInputView():1532 onStartInputView(EditorInfo{EditorInfo{packageName=tech.pathfinder.unveil, inputType=2040a1, inputTypeString=WebEditText[CapSentences], enableLearning=false, autoCorrection=false, autoComplete=true, imeOptions=12000003, privateImeOptions=null, actionName=SEARCH, actionLabel=null, initialSelStart=0, initialSelEnd=0, initialCapsMode=0, label=null, fieldId=2131230921, fieldName=null, extras=null, hintText=null, hintLocales=[]}}, false)
07-06 23:02:36.191  6278  6278 I KeyboardHeightUtil: KeyboardHeightUtil.getOemKeyboardHeightRatio():81 systemKeyboardHeightRatio:1.000000.
07-06 23:02:36.204 23527 23529 W libc    : Access denied finding property "vendor.mesa.virtgpu.kumquat"
07-06 23:02:36.220   637  1160 D ActivityManager: sync unfroze 26917 com.google.android.gms for 6
07-06 23:02:36.247   491   576 W skia    : AGTM parsing failed flags.readFromStream(s) at 159
07-06 23:02:36.295  6278  6278 W InputConnectionWrapper: InputConnectionWrapper.recordDuration():1689 IPC IC_GET_SURROUNDING_TEXT took 103 ms
07-06 23:02:36.298  6278  6278 I AndroidIME: InputBundleManager.startInput():357 startInput2 restarting=false
07-06 23:02:36.298  6278  6278 I AndroidIME: InputBundleManager.loadActiveInputBundleId():542 loadActiveInputBundleId: en-US, ime_english_united_states
07-06 23:02:36.299  6278  6278 I InputBundle: InputBundle.activateIme():597 activateIme: INACTIVE, keyboardType=accessory
07-06 23:02:36.300  6278  6278 I AndroidIME: AbstractIme.onActivate():95 LatinIme.onActivate() : EditorInfo = EditorInfo{packageName=tech.pathfinder.unveil, inputType=2040a1, inputTypeString=WebEditText[CapSentences], enableLearning=false, autoCorrection=false, autoComplete=true, imeOptions=12000003, privateImeOptions=null, actionName=SEARCH, actionLabel=null, initialSelStart=0, initialSelEnd=0, initialCapsMode=0, label=null, fieldId=2131230921, fieldName=null, extras=null, hintText=null, hintLocales=[]}, IncognitoMode = false, DeviceLocked = false
07-06 23:02:36.324  6278  6278 I InputBundle: InputBundle.consumeEvent():1051 Skip consuming an event as keyboard status is INACTIVE
07-06 23:02:36.325   637   988 D InetDiagMessage: Destroyed 0 sockets, proto=IPPROTO_TCP, family=AF_INET, states=14
07-06 23:02:36.325   637   988 D InetDiagMessage: Destroyed 0 sockets, proto=IPPROTO_TCP, family=AF_INET6, states=14
07-06 23:02:36.325   637   988 D InetDiagMessage: Destroyed live tcp sockets for uids={90143} in 0ms
07-06 23:02:36.328  6278  6278 I Delight5Facilitator: Delight5Facilitator.initializeForIme():745 initializeForIme() : Locale = [en_US], layout = qwerty
07-06 23:02:36.346   491   576 W skia    : AGTM parsing failed flags.readFromStream(s) at 159
07-06 23:02:36.366  6278  6278 I LatinIme: LatinIme.updateEnableInlineSuggestionsOnDecoderSideFlags():1277 inline flag updated to:false
07-06 23:02:36.376  6278  6278 I LatinIme: LatinIme.updateEnableInlineSuggestionsOnDecoderSideFlags():1277 inline flag updated to:false
07-06 23:02:36.382   637   988 D InetDiagMessage: Destroyed 0 sockets, proto=IPPROTO_TCP, family=AF_INET, states=14
07-06 23:02:36.382   637   988 D InetDiagMessage: Destroyed 0 sockets, proto=IPPROTO_TCP, family=AF_INET6, states=14
07-06 23:02:36.382   637   988 D InetDiagMessage: Destroyed live tcp sockets for uids={90131} in 1ms
07-06 23:02:36.409 23207 23207 I ImeTracker: tech.pathfinder.unveil:4e3a9a0e: onRequestHide at ORIGIN_CLIENT reason HIDE_SOFT_INPUT fromUser false userId 0 displayId 0
07-06 23:02:36.409 23207 23207 D InsetsController: hide(ime())
07-06 23:02:36.409 23207 23207 D InsetsController: Setting requestedVisibleTypes to 503 (was 511)
07-06 23:02:36.410 23207 23207 D CompatChangeReporter: Compat change id reported: 395521150; UID 10235; state: ENABLED
07-06 23:02:36.438   637   709 I ImeTracker: system_server:196c5441: onRequestHide at ORIGIN_SERVER reason IME_REQUESTED_CHANGED_LISTENER fromUser false displayId 0
07-06 23:02:36.452   637   709 W AutofillManagerServiceImpl: logViewEntered(): not logging event because history is null
07-06 23:02:36.452   637   709 W FillRequestEventLogger: Couldn't find packageName: com.google.android.inputmethod.latin
07-06 23:02:36.456   637   637 E RemoteFillService: Error calling on fill request
07-06 23:02:36.456   637   637 E RemoteFillService: java.util.concurrent.CancellationException
07-06 23:02:36.456   637   637 E RemoteFillService: 	at java.util.concurrent.CompletableFuture.cancel(CompletableFuture.java:2498)
07-06 23:02:36.456   637   637 E RemoteFillService: 	at com.android.internal.infra.AndroidFuture.cancel(AndroidFuture.java:153)
07-06 23:02:36.456   637   637 E RemoteFillService: 	at com.android.internal.infra.ServiceConnector$Impl$CompletionAwareJob.cancel(ServiceConnector.java:779)
07-06 23:02:36.456   637   637 E RemoteFillService: 	at com.android.server.autofill.RemoteFillService.cancelCurrentRequest(RemoteFillService.java:165)
07-06 23:02:36.456   637   637 E RemoteFillService: 	at com.android.server.autofill.Session.cancelCurrentRequestLocked(Session.java:1438)
07-06 23:02:36.456   637   637 E RemoteFillService: 	at com.android.server.autofill.Session.requestNewFillResponseLocked(Session.java:1563)
07-06 23:02:36.456   637   637 E RemoteFillService: 	at com.android.server.autofill.Session.requestNewFillResponseOnViewEnteredIfNecessaryLocked(Session.java:5023)
07-06 23:02:36.456   637   637 E RemoteFillService: 	at com.android.server.autofill.Session.updateLocked(Session.java:5381)
07-06 23:02:36.456   637   637 E RemoteFillService: 	at com.android.server.autofill.AutofillManagerServiceImpl.updateSessionLocked(AutofillManagerServiceImpl.java:822)
07-06 23:02:36.456   637   637 E RemoteFillService: 	at com.android.server.autofill.AutofillManagerService$AutoFillManagerServiceStub.updateSession(AutofillManagerService.java:2138)
07-06 23:02:36.456   637   637 E RemoteFillService: 	at android.view.autofill.IAutoFillManager$Stub.onTransact(IAutoFillManager.java:396)
07-06 23:02:36.456   637   637 E RemoteFillService: 	at android.os.Binder.execTransactInternal(Binder.java:1369)
07-06 23:02:36.456   637   637 E RemoteFillService: 	at android.os.Binder.execTransact(Binder.java:1323)
07-06 23:02:36.456 26917 26917 D BoundBrokerSvc: onBind: Intent { act=com.google.android.mdd.service.START dat=chimera-action:/... xflg=0x4 cmp=com.google.android.gms/.chimera.GmsApiService }
07-06 23:02:36.457 26917 26917 D BoundBrokerSvc: Loading bound service for intent: Intent { act=com.google.android.mdd.service.START dat=chimera-action:/... xflg=0x4 cmp=com.google.android.gms/.chimera.GmsApiService }
07-06 23:02:36.458   637   756 W InputChannel-JNI: Channel already disposed.
07-06 23:02:36.460   637   709 W PresentationStatsEventLogger: Empty dataset. Autofill ignoring log
07-06 23:02:36.460   637   709 D PresentationStatsEventLogger: Started new PresentationStatsEvent
07-06 23:02:36.485  6278  6278 I InputBundle: InputBundle.consumeEvent():1051 Skip consuming an event as keyboard status is INACTIVE
07-06 23:02:36.486  6278  6278 I LatinIme: LatinIme.resetInputContext():2283 resetInputContext(): reason=1, externalEditsInfo=ExternalEditsInfo{action=0, offset=-1, text=null, originalText=null, edits=null}
07-06 23:02:36.486  6278  6278 I InputBundle: InputBundle.consumeEvent():1051 Skip consuming an event as keyboard status is INACTIVE
07-06 23:02:36.487  6278  6278 I InputBundle: InputBundle.activateKeyboard():652 activateKeyboard: ACTIVE, type=ocu[keyboardType=accessory, payload=null]
07-06 23:02:36.487  6278  6278 I KeyboardWrapper: KeyboardWrapper.activateKeyboard():592 activateKeyboard(): type=accessory, status=INACTIVE, imeDef=obp{stringId=ime_english_united_states, language=en-US, languageTag=en-US, processedConditions={writing_helper_enable_by_word_revert=false, true=true, enable_number_row=false, device=phone, enable_pk_simulator=false}, className=com.google.android.apps.inputmethod.libs.latin5.LatinIme, label=0, keyEventInterpreter=null, inlineComposing=true, autoCapital=true, announceAutoSelectedCandidate=true, statusIcon=0, indicatorIcon=0, indicatorLabel=US, displayAppCompletions=true, extraValues=obi{#0x7f0b02e5=TypedValue{t=0x3/d=0x0 "com.google.android.apps.inputmethod.libs.latin5.LatinIme"}}, processors=odh@fd040cf, unacceptableMetaKeys=4098, languageSpecificSettings=0, asciiCapable=true, alwaysShowSuggestions=false, useAsciiPasswordKeyboard=false, keyboardGroupDef=ocq@1832e67, phenotypeFlagId=0, localizationLanguageTag=null, supportsInlineSuggestion=true}
07-06 23:02:36.488  6278  6278 I KeyboardManager: KeyboardManager.requestKeyboard():249 Creating keyboard accessory, imeId=ime_english_united_states, cacheKey=theme,!gsf,!pgsans,!pgsf,!use_system_font,BORDER,DYNAMIC_DARK_BRIGHT_KEY,FLAVOR_DPI=XXHDPI,IS_LIGHT,KEYBOARD_WIDTH_CATEGORY=NORMAL,KEY_BORDER_SHAPE=1,LIGHT_THEME=true,PHYSICAL_DIAGONAL=6.0111027,POPUP,SCREEN_SHORTEST_WIDTH=411,SCREEN_SHORTEST_WIDTH_NO_SCALE=411,SW400DP,XXHDPI,bottom4dp,bright_key_on_dynamic_color_dark_theme=true,enable_popup_on_keypress=true,keyboard_redesign_google_sans=true,non_linear_scale,noshadow,overlay_builtin_dynamic_color_light_base.binarypb:gm3-light-fffaf8fe-ff4c5e8b-4fb1adea13304a190d4abf12326cf60c,silkpopup
07-06 23:02:36.490  6278  6278 I KeyboardWrapper: KeyboardWrapper.onKeyboardReady():226 onKeyboardReady(): type=accessory(accessory), kb=com.google.android.libraries.inputmethod.keyboard.impl.Keyboard@e059f8
07-06 23:02:36.490  6278  6278 I KeyboardWrapper: KeyboardWrapper.doActivateKeyboard():624 doActivateKeyboard(): accessory
07-06 23:02:36.490  6278  6278 W Keyboard: Keyboard.getKeyboardViewHelper():607 null helper is returned: keyboardDef=oci{processedConditions={}, globalConditions={}, className=com.google.android.libraries.inputmethod.keyboard.impl.Keyboard, resourceIds=[#0x7f17004e], initialStates=0, keyboardViewDefs=[], persistentStates=0, persistentStatesPrefKey=null, popupBubbleLayoutId=#0x0, recentKeyLayoutId=#0x0, recentKeyPopupLayoutId=#0x0, recentKeyType=null, rememberRecentKey=NONE, sessionStates=0}, type=HEADER, helpersCreated={}, context.getResources().getConfiguration(): {1.0 310mcc260mnc [en_US] ldltr sw411dp w411dp h923dp 420dpi nrml long compactNeeded port finger qwerty/v/v dpad/v winConfig={ mBounds=Rect(0, 0 - 1080, 2424) mAppBounds=Rect(0, 0 - 1080, 2424) mMaxBounds=Rect(0, 0 - 1080, 2424) mDisplayRotation=ROTATION_0 mWindowingMode=fullscreen mActivityType=undefined mAlwaysOnTop=undefined mRotation=ROTATION_0} as.5 s.53 fontWeightAdjustment=0}
07-06 23:02:36.491  6278  6278 W Keyboard: Keyboard.getKeyboardViewHelper():607 null helper is returned: keyboardDef=oci{processedConditions={}, globalConditions={}, className=com.google.android.libraries.inputmethod.keyboard.impl.Keyboard, resourceIds=[#0x7f17004e], initialStates=0, keyboardViewDefs=[], persistentStates=0, persistentStatesPrefKey=null, popupBubbleLayoutId=#0x0, recentKeyLayoutId=#0x0, recentKeyPopupLayoutId=#0x0, recentKeyType=null, rememberRecentKey=NONE, sessionStates=0}, type=BODY, helpersCreated={}, context.getResources().getConfiguration(): {1.0 310mcc260mnc [en_US] ldltr sw411dp w411dp h923dp 420dpi nrml long compactNeeded port finger qwerty/v/v dpad/v winConfig={ mBounds=Rect(0, 0 - 1080, 2424) mAppBounds=Rect(0, 0 - 1080, 2424) mMaxBounds=Rect(0, 0 - 1080, 2424) mDisplayRotation=ROTATION_0 mWindowingMode=fullscreen mActivityType=undefined mAlwaysOnTop=undefined mRotation=ROTATION_0} as.5 s.53 fontWeightAdjustment=0}
07-06 23:02:36.492  6278  6278 I GlobeKeyExtension: GlobeKeyExtension.getKeyboardInitialStates():186 
07-06 23:02:36.497  6278  6278 W Keyboard: Keyboard.getKeyboardViewHelper():607 null helper is returned: keyboardDef=oci{processedConditions={}, globalConditions={}, className=com.google.android.libraries.inputmethod.keyboard.impl.Keyboard, resourceIds=[#0x7f17004e], initialStates=0, keyboardViewDefs=[], persistentStates=0, persistentStatesPrefKey=null, popupBubbleLayoutId=#0x0, recentKeyLayoutId=#0x0, recentKeyPopupLayoutId=#0x0, recentKeyType=null, rememberRecentKey=NONE, sessionStates=0}, type=HEADER, helpersCreated={}, context.getResources().getConfiguration(): {1.0 310mcc260mnc [en_US] ldltr sw411dp w411dp h923dp 420dpi nrml long compactNeeded port finger qwerty/v/v dpad/v winConfig={ mBounds=Rect(0, 0 - 1080, 2424) mAppBounds=Rect(0, 0 - 1080, 2424) mMaxBounds=Rect(0, 0 - 1080, 2424) mDisplayRotation=ROTATION_0 mWindowingMode=fullscreen mActivityType=undefined mAlwaysOnTop=undefined mRotation=ROTATION_0} as.5 s.53 fontWeightAdjustment=0}
07-06 23:02:36.497  6278  6278 W Keyboard: Keyboard.getKeyboardViewHelper():607 null helper is returned: keyboardDef=oci{processedConditions={}, globalConditions={}, className=com.google.android.libraries.inputmethod.keyboard.impl.Keyboard, resourceIds=[#0x7f17004e], initialStates=0, keyboardViewDefs=[], persistentStates=0, persistentStatesPrefKey=null, popupBubbleLayoutId=#0x0, recentKeyLayoutId=#0x0, recentKeyPopupLayoutId=#0x0, recentKeyType=null, rememberRecentKey=NONE, sessionStates=0}, type=BODY, helpersCreated={}, context.getResources().getConfiguration(): {1.0 310mcc260mnc [en_US] ldltr sw411dp w411dp h923dp 420dpi nrml long compactNeeded port finger qwerty/v/v dpad/v winConfig={ mBounds=Rect(0, 0 - 1080, 2424) mAppBounds=Rect(0, 0 - 1080, 2424) mMaxBounds=Rect(0, 0 - 1080, 2424) mDisplayRotation=ROTATION_0 mWindowingMode=fullscreen mActivityType=undefined mAlwaysOnTop=undefined mRotation=ROTATION_0} as.5 s.53 fontWeightAdjustment=0}
07-06 23:02:36.497  6278  6278 W Keyboard: Keyboard.getKeyboardViewHelper():607 null helper is returned: keyboardDef=oci{processedConditions={}, globalConditions={}, className=com.google.android.libraries.inputmethod.keyboard.impl.Keyboard, resourceIds=[#0x7f17004e], initialStates=0, keyboardViewDefs=[], persistentStates=0, persistentStatesPrefKey=null, popupBubbleLayoutId=#0x0, recentKeyLayoutId=#0x0, recentKeyPopupLayoutId=#0x0, recentKeyType=null, rememberRecentKey=NONE, sessionStates=0}, type=FLOATING_CANDIDATES, helpersCreated={}, context.getResources().getConfiguration(): {1.0 310mcc260mnc [en_US] ldltr sw411dp w411dp h923dp 420dpi nrml long compactNeeded port finger qwerty/v/v dpad/v winConfig={ mBounds=Rect(0, 0 - 1080, 2424) mAppBounds=Rect(0, 0 - 1080, 2424) mMaxBounds=Rect(0, 0 - 1080, 2424) mDisplayRotation=ROTATION_0 mWindowingMode=fullscreen mActivityType=undefined mAlwaysOnTop=undefined mRotation=ROTATION_0} as.5 s.53 fontWeightAdjustment=0}
07-06 23:02:36.497  6278  6278 W Keyboard: Keyboard.getKeyboardViewHelper():607 null helper is returned: keyboardDef=oci{processedConditions={}, globalConditions={}, className=com.google.android.libraries.inputmethod.keyboard.impl.Keyboard, resourceIds=[#0x7f17004e], initialStates=0, keyboardViewDefs=[], persistentStates=0, persistentStatesPrefKey=null, popupBubbleLayoutId=#0x0, recentKeyLayoutId=#0x0, recentKeyPopupLayoutId=#0x0, recentKeyType=null, rememberRecentKey=NONE, sessionStates=0}, type=WIDGET, helpersCreated={}, context.getResources().getConfiguration(): {1.0 310mcc260mnc [en_US] ldltr sw411dp w411dp h923dp 420dpi nrml long compactNeeded port finger qwerty/v/v dpad/v winConfig={ mBounds=Rect(0, 0 - 1080, 2424) mAppBounds=Rect(0, 0 - 1080, 2424) mMaxBounds=Rect(0, 0 - 1080, 2424) mDisplayRotation=ROTATION_0 mWindowingMode=fullscreen mActivityType=undefined mAlwaysOnTop=undefined mRotation=ROTATION_0} as.5 s.53 fontWeightAdjustment=0}
07-06 23:02:36.498  6278  6278 I KeyboardManager: KeyboardManager.requestKeyboard():249 Creating keyboard accessory_candidates_consumer, imeId=ime_english_united_states, cacheKey=theme,!gsf,!pgsans,!pgsf,!use_system_font,BORDER,DYNAMIC_DARK_BRIGHT_KEY,FLAVOR_DPI=XXHDPI,IS_LIGHT,KEYBOARD_WIDTH_CATEGORY=NORMAL,KEY_BORDER_SHAPE=1,LIGHT_THEME=true,PHYSICAL_DIAGONAL=6.0111027,POPUP,SCREEN_SHORTEST_WIDTH=411,SCREEN_SHORTEST_WIDTH_NO_SCALE=411,SW400DP,XXHDPI,bottom4dp,bright_key_on_dynamic_color_dark_theme=true,enable_popup_on_keypress=true,keyboard_redesign_google_sans=true,non_linear_scale,noshadow,overlay_builtin_dynamic_color_light_base.binarypb:gm3-light-fffaf8fe-ff4c5e8b-4fb1adea13304a190d4abf12326cf60c,silkpopup
07-06 23:02:36.499  6278  6278 I KeyboardDefManager: KeyboardDefManager.requestKeyboardDef():181 requestKeyboardDef(): type=accessory_candidates_consumer, info=ocn{defIds=[#0x7f17004d], defIdsCacheKey=[2132213837]}
07-06 23:02:36.499  6278  6278 I KeyboardDefManager: KeyboardDefManager.requestKeyboardDef():243 requestKeyboardDef(): getOrCreate from cache, info=ocn{defIds=[#0x7f17004d], defIdsCacheKey=[2132213837]}
07-06 23:02:36.502  6278  6278 I KeyboardDefManager: KeyboardDefManager$1.onSuccess():277 requestKeyboardDef onSuccess(): info=ocn{defIds=[#0x7f17004d], defIdsCacheKey=[2132213837]}
07-06 23:02:36.503  6278  6278 I GlobeKeyExtension: GlobeKeyExtension.getKeyboardInitialStates():186 
07-06 23:02:36.505 23207 23207 I AssistStructure: Flattened final assist data: 5436 bytes, containing 1 windows, 6 views
07-06 23:02:36.510   637  2010 D AutofillSession: createPendingIntent for request 866
07-06 23:02:36.510   637  2010 D ContentCapturePerUserService: Notified activity assist data for activity: Token{6fbf091 ActivityRecord{108521493 u0 tech.pathfinder.unveil/.MainActivity t93}} without a session Id
07-06 23:02:36.517  6278  6278 W Keyboard: Keyboard.getKeyboardViewHelper():607 null helper is returned: keyboardDef=oci{processedConditions={}, globalConditions={global_theme_key=theme,!gsf,!pgsans,!pgsf,!use_system_font,BORDER,DYNAMIC_DARK_BRIGHT_KEY,FLAVOR_DPI=XXHDPI,IS_LIGHT,KEYBOARD_WIDTH_CATEGORY=NORMAL,KEY_BORDER_SHAPE=1,LIGHT_THEME=true,PHYSICAL_DIAGONAL=6.0111027,POPUP,SCREEN_SHORTEST_WIDTH=411,SCREEN_SHORTEST_WIDTH_NO_SCALE=411,SW400DP,XXHDPI,bottom4dp,bright_key_on_dynamic_color_dark_theme=true,enable_popup_on_keypress=true,keyboard_redesign_google_sans=true,non_linear_scale,noshadow,overlay_builtin_dynamic_color_light_base.binarypb:gm3-light-fffaf8fe-ff4c5e8b-4fb1adea13304a190d4abf12326cf60c,silkpopup, global_locale=en_US, global_density_dpi=420, global_orientation=1}, className=.latin.keyboard.AccessoryKeyboard, resourceIds=[#0x7f17004d], initialStates=0, keyboardViewDefs=[ocy{direction=null, id=#0x7f0b0229, isScalable=false, layoutId=#0x7f0e0030, type=FLOATING_CANDIDATES, touchable=true, defaultShow=false}], persistentStates=0, persistentStatesPrefKey=null, popupBubbleLayoutId=#0x7f0e0611, recentKeyLayoutId=#0x0, recentKeyPopupLayoutId=#0x0, recentKeyType=null, rememberRecentKey=NONE, sessionStates=0}, type=HEADER, helpersCreated={FLOATING_CANDIDATES=nnb@529663c}, context.getResources().getConfiguration(): {1.0 310mcc260mnc [en_US] ldltr sw411dp w411dp h923dp 420dpi nrml long compactNeeded port finger qwerty/v/v dpad/v winConfig={ mBounds=Rect(0, 0 - 1080, 2424) mAppBounds=Rect(0, 0 - 1080, 2424) mMaxBounds=Rect(0, 0 - 1080, 2424) mDisplayRotation=ROTATION_0 mWindowingMode=fullscreen mActivityType=undefined mAlwaysOnTop=undefined mRotation=ROTATION_0} as.5 s.53 fontWeightAdjustment=0}
07-06 23:02:36.520  6278  6278 W Keyboard: Keyboard.getKeyboardViewHelper():607 null helper is returned: keyboardDef=oci{processedConditions={}, globalConditions={global_theme_key=theme,!gsf,!pgsans,!pgsf,!use_system_font,BORDER,DYNAMIC_DARK_BRIGHT_KEY,FLAVOR_DPI=XXHDPI,IS_LIGHT,KEYBOARD_WIDTH_CATEGORY=NORMAL,KEY_BORDER_SHAPE=1,LIGHT_THEME=true,PHYSICAL_DIAGONAL=6.0111027,POPUP,SCREEN_SHORTEST_WIDTH=411,SCREEN_SHORTEST_WIDTH_NO_SCALE=411,SW400DP,XXHDPI,bottom4dp,bright_key_on_dynamic_color_dark_theme=true,enable_popup_on_keypress=true,keyboard_redesign_google_sans=true,non_linear_scale,noshadow,overlay_builtin_dynamic_color_light_base.binarypb:gm3-light-fffaf8fe-ff4c5e8b-4fb1adea13304a190d4abf12326cf60c,silkpopup, global_locale=en_US, global_density_dpi=420, global_orientation=1}, className=.latin.keyboard.AccessoryKeyboard, resourceIds=[#0x7f17004d], initialStates=0, keyboardViewDefs=[ocy{direction=null, id=#0x7f0b0229, isScalable=false, layoutId=#0x7f0e0030, type=FLOATING_CANDIDATES, touchable=true, defaultShow=false}], persistentStates=0, persistentStatesPrefKey=null, popupBubbleLayoutId=#0x7f0e0611, recentKeyLayoutId=#0x0, recentKeyPopupLayoutId=#0x0, recentKeyType=null, rememberRecentKey=NONE, sessionStates=0}, type=BODY, helpersCreated={FLOATING_CANDIDATES=nnb@529663c}, context.getResources().getConfiguration(): {1.0 310mcc260mnc [en_US] ldltr sw411dp w411dp h923dp 420dpi nrml long compactNeeded port finger qwerty/v/v dpad/v winConfig={ mBounds=Rect(0, 0 - 1080, 2424) mAppBounds=Rect(0, 0 - 1080, 2424) mMaxBounds=Rect(0, 0 - 1080, 2424) mDisplayRotation=ROTATION_0 mWindowingMode=fullscreen mActivityType=undefined mAlwaysOnTop=undefined mRotation=ROTATION_0} as.5 s.53 fontWeightAdjustment=0}
07-06 23:02:36.531  6278  6278 I AndroidIME: InputBundleManager.startInput():372 startInput() with ocu[keyboardType=accessory, payload=null]
07-06 23:02:36.532   491   576 W skia    : AGTM parsing failed flags.readFromStream(s) at 159
07-06 23:02:36.544  6278  6278 I PkModeUpdater: PkModeUpdater.onActivate():76 onActivate false true
07-06 23:02:36.544  6278  6278 I AccessoryInputModeManager: AccessoryInputModeManager.onModeStarted():346 Accessory input mode started: STYLUS
07-06 23:02:36.547  6278  6278 W ExtensionWrapper: ExtensionWrapper.setAllowUpdateNavigationBarStyle():887 class kwe is not activate
07-06 23:02:36.547  6278  6278 I WidgetViewShowingController: WidgetViewShowingController.showWidgetKeyboardInternal():532 Show companion widget
07-06 23:02:36.552  6278  6278 W StatusViewController: StatusViewController.updateKeyboardView():46 Failed to inflate voice header view [UD]
07-06 23:02:36.561 26917 26917 D BoundBrokerSvc: onUnbind: Intent { act=com.google.android.gms.common.BIND_SHARED_PREFS xflg=0x4 pkg=com.google.android.gms }
07-06 23:02:36.565  6278  6337 W ModuleManager: ModuleManager.loadModule():634 Module pyg is not available
07-06 23:02:36.578   637   988 D InetDiagMessage: Destroyed 0 sockets, proto=IPPROTO_TCP, family=AF_INET, states=14
07-06 23:02:36.578   637   988 D InetDiagMessage: Destroyed 0 sockets, proto=IPPROTO_TCP, family=AF_INET6, states=14
07-06 23:02:36.578   637   988 D InetDiagMessage: Destroyed live tcp sockets for uids={90130} in 1ms
07-06 23:02:36.589 13401 13416 I .gms.persistent: Waiting for a blocking GC ProfileSaver
07-06 23:02:36.604   637   709 I AssistStructure: Flattened final assist data: 2024 bytes, containing 1 windows, 5 views
07-06 23:02:36.612  6278  6278 W ExtensionWrapper: ExtensionWrapper.setAllowUpdateNavigationBarStyle():887 class kwe is not activate
07-06 23:02:36.612  6278  6278 I WidgetViewShowingPositionHandler: WidgetViewShowingPositionHandler.updateAvailableArea():199 update available area Rect(21, 163 - 1059, 2357)
07-06 23:02:36.613  6278  6278 W NotificationCenter: NotificationCenter$NotificationQueue.notifyPendingNotificationsOnExecutor():877 Heavy notify work detected on UI thread: [kxw->kwa] takes 69ms
07-06 23:02:36.613  6278  6278 W SupplementaryKeyboardsWrapper: SupplementaryKeyboardsWrapper.deactivateKeyboard():162 keyboard composing_text_consumer is not activated before!
07-06 23:02:36.615  6278  6278 I GlobeKeyExtension: GlobeKeyExtension.onActivate():130 
07-06 23:02:36.616  6278  6278 I KeyboardModeUtils: KeyboardModeUtils.getKeyboardBottomOffset():432 inch: 0.000000 ydpi: 420.000000 adjustKeyboardBottomByDisplaySize: false currentDensityDpi: 420 defaultDensityDpi: 420 keyboardBottomToScreenPx: 0 keyboardBottomToNavBarPx: -63 navBarHeight: 63
07-06 23:02:36.616  6278  6278 I BaseKeyboardSizeHelper: BaseKeyboardSizeHelper.calculateMaxKeyboardBodyHeight():73 leave 281 height for app when ime window height:2219, header height:116 and isFullscreenMode:false, so the max keyboard body height is:1822
07-06 23:02:36.617  6278  6278 I BaseKeyboardSizeHelper: BaseKeyboardSizeHelper.calculateMaxKeyboardBodyHeight():73 leave 281 height for app when ime window height:2219, header height:116 and isFullscreenMode:false, so the max keyboard body height is:1822
07-06 23:02:36.617  6278  6278 I BaseKeyboardSizeHelper: BaseKeyboardSizeHelper.calculateMaxKeyboardBodyHeight():73 leave 281 height for app when ime window height:2219, header height:116 and isFullscreenMode:false, so the max keyboard body height is:1822
07-06 23:02:36.617  6278  6278 I BaseKeyboardSizeHelper: BaseKeyboardSizeHelper.calculateMaxKeyboardBodyHeight():73 leave 281 height for app when ime window height:2219, header height:116 and isFullscreenMode:false, so the max keyboard body height is:1822
07-06 23:02:36.617  6278  6278 W ExtensionWrapper: ExtensionWrapper.setExtensionViewVisibility():878 interface nqy is not activate
07-06 23:02:36.619  6278  6278 I VoiceInputManagerWrapper: VoiceInputManagerWrapper.cancelShutdown():109 cancelShutdown()
07-06 23:02:36.619  6278  6278 I VoiceInputManagerWrapper: VoiceInputManagerWrapper.syncLanguagePacks():121 syncLanguagePacks()
07-06 23:02:36.621  6278  6278 I VoiceInputManager: VoiceInputManager.onKeyboardActivated():1204 onKeyboardActivated() [UD]
07-06 23:02:36.621  6278  6278 I UniversalDictationUiProvider: UniversalDictationUiProvider.onActivate():63 onActivate() [UD]
07-06 23:02:36.621  6278  6278 I HardKeyTracker: HardKeyTracker.unregisterKeySequence():259 Unregister key sequence pbd{labelResId=2132020490, callback=fdy@f4cea1d, lastModifier=2, keyCodes=[56], actions=[0]}
07-06 23:02:36.621  6278  6278 I HardKeyTracker: HardKeyTracker.unregisterKeySequence():259 Unregister key sequence pbd{labelResId=2132020490, callback=fdy@282b492, lastModifier=0, keyCodes=[317], actions=[0]}
07-06 23:02:36.621  6278  6278 I HardKeyTracker: HardKeyTracker.registerKeySequence():201 Register key sequence pbd{labelResId=2132020490, callback=fdy@9d3e474, lastModifier=2, keyCodes=[56], actions=[0]}
07-06 23:02:36.622  6278  7102 I SpeechFactory: SpeechRecognitionFactory.maybeScheduleAutoPackDownloadForFallback():221 maybeScheduleAutoPackDownloadForFallback()
07-06 23:02:36.622  6278  7102 I FallbackOnDeviceRecognitionProvider: FallbackOnDeviceRecognitionProvider.maybeScheduleAutoPackDownload():213 maybeScheduleAutoPackDownload() for language tag en-US
07-06 23:02:36.622 13401 13401 E AutofillChimeraService: Autofill fill future failed [CONTEXT service_id=177 ]
07-06 23:02:36.622 13401 13401 E AutofillChimeraService: java.util.concurrent.CancellationException: Task was cancelled.
07-06 23:02:36.622 13401 13401 E AutofillChimeraService: 	at hpdd.j(:com.google.android.gms@262334035@26.23.34 (260400-933906539):31)
07-06 23:02:36.622 13401 13401 E AutofillChimeraService: 	at hpdm.t(:com.google.android.gms@262334035@26.23.34 (260400-933906539):24)
07-06 23:02:36.622 13401 13401 E AutofillChimeraService: 	at hpdd.get(:com.google.android.gms@262334035@26.23.34 (260400-933906539):1)
07-06 23:02:36.622 13401 13401 E AutofillChimeraService: 	at hphs.a(:com.google.android.gms@262334035@26.23.34 (260400-933906539):2)
07-06 23:02:36.622 13401 13401 E AutofillChimeraService: 	at hpfw.run(:com.google.android.gms@262334035@26.23.34 (260400-933906539):32)
07-06 23:02:36.622 13401 13401 E AutofillChimeraService: 	at hpfd.execute(:com.google.android.gms@262334035@26.23.34 (260400-933906539):1)
07-06 23:02:36.622 13401 13401 E AutofillChimeraService: 	at hpdd.f(:com.google.android.gms@262334035@26.23.34 (260400-933906539):1)
07-06 23:02:36.622 13401 13401 E AutofillChimeraService: 	at hpdd.hz(:com.google.android.gms@262334035@26.23.34 (260400-933906539):38)
07-06 23:02:36.622 13401 13401 E AutofillChimeraService: 	at hpgi.u(:com.google.android.gms@262334035@26.23.34 (260400-933906539):9)
07-06 23:02:36.622 13401 13401 E AutofillChimeraService: 	at com.google.android.gms.autofill.service.AutofillChimeraService.onFillRequest(:com.google.android.gms@262334035@26.23.34 (260400-933906539):1225)
07-06 23:02:36.622 13401 13401 E AutofillChimeraService: 	at android.service.autofill.AutofillService$1$$ExternalSyntheticLambda3.accept(D8$$SyntheticClass:0)
07-06 23:02:36.622 13401 13401 E AutofillChimeraService: 	at com.android.internal.util.function.pooled.PooledLambdaImpl.doInvoke(PooledLambdaImpl.java:310)
07-06 23:02:36.622 13401 13401 E AutofillChimeraService: 	at com.android.internal.util.function.pooled.PooledLambdaImpl.invoke(PooledLambdaImpl.java:204)
07-06 23:02:36.622 13401 13401 E AutofillChimeraService: 	at com.android.internal.util.function.pooled.OmniFunction.run(OmniFunction.java:87)
07-06 23:02:36.622 13401 13401 E AutofillChimeraService: 	at android.os.Handler.handleCallback(Handler.java:1095)
07-06 23:02:36.622 13401 13401 E AutofillChimeraService: 	at android.os.Handler.dispatchMessageImpl(Handler.java:135)
07-06 23:02:36.622 13401 13401 E AutofillChimeraService: 	at android.os.Handler.dispatchMessage(Handler.java:125)
07-06 23:02:36.622 13401 13401 E AutofillChimeraService: 	at android.os.Looper.loopOnce(Looper.java:296)
07-06 23:02:36.622 13401 13401 E AutofillChimeraService: 	at android.os.Looper.loop(Looper.java:397)
07-06 23:02:36.622 13401 13401 E AutofillChimeraService: 	at android.app.ActivityThread.main(ActivityThread.java:9523)
